01-06 11:16:21.811 8636-8654/? I/UnencryptedDatabaseHelper:74: Instr: com.cisco.wx2.android.test.support.SquaredTestRunner  Execute SQL: CREATE TRIGGER tr_deleteContentFTSEntry  BEFORE DELETE ON ContentSearchDataEntry BEGIN   DELETE FROM ContentSearchEntry WHERE docid=old.rowid; END
01-06 11:16:21.811 8636-8654/? I/UnencryptedDatabaseHelper:74: Instr: com.cisco.wx2.android.test.support.SquaredTestRunner  Execute SQL: CREATE TRIGGER tr_updateContentFTSEntry AFTER UPDATE ON ContentSearchDataEntry BEGIN   INSERT INTO ContentSearchEntry(docid, CONTENT_TITLE, CONTENT_SHARED_BY, CONTENT_TYPE)  VALUES(new.rowid, new.CONTENT_TITLE, new.CONTENT_SHARED_BY, new.CONTENT_TYPE); END
01-06 11:16:21.811 8636-8654/? I/UnencryptedDatabaseHelper:74: Instr: com.cisco.wx2.android.test.support.SquaredTestRunner  Execute SQL: CREATE TRIGGER tr_insertContentFTSEntry AFTER INSERT ON ContentSearchDataEntry BEGIN   INSERT INTO ContentSearchEntry(docid, CONTENT_TITLE, CONTENT_SHARED_BY, CONTENT_TYPE) VALUES(new.rowid, new.CONTENT_TITLE, new.CONTENT_SHARED_BY, new.CONTENT_TYPE); END
01-06 11:16:21.811 8636-8654/? I/UnencryptedDatabaseHelper:74: Instr: com.cisco.wx2.android.test.support.SquaredTestRunner  Execute SQL: CREATE TRIGGER IF NOT EXISTS tr_deleteBeforeUpdateConversationFTSEntry BEFORE UPDATE ON ConversationSearchDataEntry BEGIN   DELETE FROM ConversationSearchEntry WHERE docid=old.rowid; END
01-06 11:16:21.811 8636-8654/? I/UnencryptedDatabaseHelper:74: Instr: com.cisco.wx2.android.test.support.SquaredTestRunner  Execute SQL: CREATE TRIGGER tr_deleteConversationFTSEntry BEFORE DELETE ON ConversationSearchDataEntry BEGIN   DELETE FROM ConversationSearchEntry WHERE docid=old.rowid; END
01-06 11:16:21.811 8636-8654/? I/UnencryptedDatabaseHelper:74: Instr: com.cisco.wx2.android.test.support.SquaredTestRunner  Execute SQL: CREATE TRIGGER tr_updateConversationFTSEntry AFTER UPDATE ON ConversationSearchDataEntry BEGIN   INSERT INTO ConversationSearchEntry(docid, CONVERSATION_NAME, PARTICIPANT_NAMES, PARTICIPANT_EMAILS)  VALUES(new.rowid, new.CONVERSATION_NAME, new.PARTICIPANT_NAMES, new.PARTICIPANT_EMAILS); END
01-06 11:16:21.811 8636-8654/? I/UnencryptedDatabaseHelper:74: Instr: com.cisco.wx2.android.test.support.SquaredTestRunner  Execute SQL: CREATE TRIGGER tr_insertConversationFTSEntry AFTER INSERT ON ConversationSearchDataEntry BEGIN   INSERT INTO ConversationSearchEntry(docid, CONVERSATION_NAME, PARTICIPANT_NAMES, PARTICIPANT_EMAILS) VALUES(new.rowid, new.CONVERSATION_NAME, new.PARTICIPANT_NAMES, new.PARTICIPANT_EMAILS); END
01-06 11:16:21.821 8636-8654/? I/UnencryptedDatabaseHelper:74: Instr: com.cisco.wx2.android.test.support.SquaredTestRunner  Execute SQL: CREATE TRIGGER IF NOT EXISTS tr_pruningActivityBeyondRetentionDate AFTER DELETE ON ActivityEntry BEGIN DELETE FROM FlagEntry WHERE ACTIVITY_ID = OLD.ACTIVITY_ID; DELETE FROM MessageSearchDataEntry WHERE ACTIVITY_ID = OLD.ACTIVITY_ID; DELETE FROM ContentSearchDataEntry WHERE ACTIVITY_ID = OLD.ACTIVITY_ID; END
01-06 11:16:21.821 8636-8654/? I/UnencryptedDatabaseHelper:79: Instr: com.cisco.wx2.android.test.support.SquaredTestRunner  Execute SQL: CREATE INDEX IF NOT EXISTS  IX_ActivityEntry_0 ON ActivityEntry (CONVERSATION_ID,ACTIVITY_PUBLISHED_TIME)
01-06 11:16:21.821 8636-8654/? I/UnencryptedDatabaseHelper:79: Instr: com.cisco.wx2.android.test.support.SquaredTestRunner  Execute SQL: CREATE INDEX IF NOT EXISTS  IX_ActivityEntry_1 ON ActivityEntry (ACTIVITY_TYPE,ACTIVITY_PUBLISHED_TIME)
01-06 11:16:21.821 8636-8654/? I/UnencryptedDatabaseHelper:79: Instr: com.cisco.wx2.android.test.support.SquaredTestRunner  Execute SQL: CREATE INDEX IF NOT EXISTS  IX_ConversationMeetingEntry_2 ON ConversationMeetingEntry (CONVERSATION_ID)
01-06 11:16:21.821 8636-8654/? I/UnencryptedDatabaseHelper:79: Instr: com.cisco.wx2.android.test.support.SquaredTestRunner  Execute SQL: CREATE INDEX IF NOT EXISTS  IX_ConversationMeetingEntry_3 ON ConversationMeetingEntry (MEETING_ID)
01-06 11:16:21.821 8636-8654/? I/UnencryptedDatabaseHelper:79: Instr: com.cisco.wx2.android.test.support.SquaredTestRunner  Execute SQL: CREATE INDEX IF NOT EXISTS  IX_ConversationEntry_4 ON ConversationEntry (TEAM_ID)
01-06 11:16:21.821 8636-8654/? I/UnencryptedDatabaseHelper:86: Instr: com.cisco.wx2.android.test.support.SquaredTestRunner  Execute SQL: ANALYZE main
01-06 11:16:21.821 8636-8654/? I/SQLiteOpenHelper:251: Instr: com.cisco.wx2.android.test.support.SquaredTestRunner  conversationCacheEncrypted.db does not exist
01-06 11:16:21.861 8636-8654/? V/ConversationContentProvider:438: Instr: com.cisco.wx2.android.test.support.SquaredTestRunner  Notifying content://com.cisco.spark.android.sync.conversation/ConversationActivity
01-06 11:16:21.871 8636-8654/? D/LoggingLock:64: Instr: com.cisco.wx2.android.test.support.SquaredTestRunner  $PERF LoggingLock initialized in debug mode
01-06 11:16:21.871 8636-8654/? I/AppTestUser:88: Instr: com.cisco.wx2.android.test.support.SquaredTestRunner  createTestUser
01-06 11:16:21.881 8636-8654/? I/BaseTestUser:205: Instr: com.cisco.wx2.android.test.support.SquaredTestRunner  Retry 0 func message: Create test user
01-06 11:16:21.881 8636-8654/? I/BaseTestUser$2:205: Instr: com.cisco.wx2.android.test.support.SquaredTestRunner  createTestUser request user: Bart Simpson
01-06 11:16:21.901 930-1786/? D/EnterpriseController: netId is 0
01-06 11:16:21.901 930-1786/? D/Netd: getNetworkForDns: using netid 0 for uid 10191
01-06 11:16:21.901 8636-8654/? E/BaseTestUser$2:205: Instr: com.cisco.wx2.android.test.support.SquaredTestRunner  Caught UnknownHostException message = "Unable to resolve host "idbroker.webex.com": No address associated with hostname" cause = "android.system.GaiException: android_getaddrinfo failed: EAI_NODATA (No address associated with hostname)"
01-06 11:16:21.901 8636-8654/? E/BaseTestUser:205: Instr: com.cisco.wx2.android.test.support.SquaredTestRunner  We threw during retry (0/10)
01-06 11:16:21.901 8636-8654/? I/BaseTestUser:205: Instr: com.cisco.wx2.android.test.support.SquaredTestRunner  Retry after 5 seconds
01-06 11:16:22.281 1358-3432/? D/BatteryService: !@BatteryListener : batteryPropertiesChanged!
01-06 11:16:22.281 1358-3432/? D/BatteryService: level:4, scale:100, status:2, health:2, present:true, voltage: 3645, temperature: 284, technology: Li-ion, AC powered:false, USB powered:true, POGO powered:false, Wireless powered:false, icon:17303419, invalid charger:0, maxChargingCurrent:0
01-06 11:16:22.281 1358-3432/? D/BatteryService: online:4, current avg:-303, charge type:1, power sharing:false, high voltage charger:false, capacity:280000, batterySWSelfDischarging:false, current_now:-108
01-06 11:16:22.291 1358-1358/? D/BatteryService: Sending ACTION_BATTERY_CHANGED.
01-06 11:16:22.291 1358-1358/? I/MotionRecognitionService: Plugged
01-06 11:16:22.291 1358-1358/? D/MotionRecognitionService:   cableConnection= 1
01-06 11:16:22.291 1358-1358/? D/MotionRecognitionService: setPowerConnected | current backoffstate  = 1024 , state =1024
01-06 11:16:22.291 1358-2153/? D/WifiController: ApOrStaEnabledState  msg.what= 155652
01-06 11:16:22.291 1358-1358/? D/MotionRecognitionService: skip setTransmitPower. 
01-06 11:16:22.291 2266-2266/? D/KeyguardUpdateMonitor: received broadcast android.intent.action.BATTERY_CHANGED
01-06 11:16:22.291 2266-2266/? D/PowerUI: priorPlugType = 2 mPlugType =  2
01-06 11:16:22.291 2266-2266/? D/KeyguardUpdateMonitor: handleBatteryUpdate
01-06 11:16:22.291 2266-2266/? D/PowerUI.Notification: showChargingNotice oldChargingType : 1 currentChargingType : 1 oldChargingTime : 26482000 mChargingTime : 26482000
01-06 11:16:22.291 2751-2751/? D/CommonServiceConfiguration: getStringValueSetting
01-06 11:16:22.291 2266-2266/? D/PowerUI.Notification: There is no change about charging status, so return!
01-06 11:16:22.291 2266-2266/? D/BatteryMeterView: ACTION_BATTERY_CHANGED : level:4 status:2 health:2
01-06 11:16:22.291 2266-2266/? D/BatteryMeterView: ACTION_BATTERY_CHANGED : level:4 status:2 health:2
01-06 11:16:22.301 2751-2751/? D/BatteryMonitor: new battery level: 4
01-06 11:16:23.131 1358-2121/? D/InputReader: Input event(6): value=1 when=930148532000
01-06 11:16:23.131 1358-2121/? D/InputReader: Input event(6): value=1 when=930148532000
01-06 11:16:23.131 1358-2121/? I/InputReader: Touch event's action is 0x0 (deviceType=0) [pCnt=1, s=0.88 ] when=930148532000
01-06 11:16:23.131 1358-2121/? D/InputReader: lastThreadEndTime = 926895316416, currentThreadStartTime = 926895319854, diff = 0
01-06 11:16:23.131 1358-2120/? I/InputDispatcher: Delivering touch to (2266): action: 0x4, toolType: 1
01-06 11:16:23.131 1358-2120/? I/InputDispatcher: Delivering touch to (4668): action: 0x4, toolType: 1
01-06 11:16:23.131 1358-2120/? I/InputDispatcher: Delivering touch to (8356): action: 0x0, toolType: 1
01-06 11:16:23.141 4668-4668/? D/AutoHideHelper: ###check Single invalid
01-06 11:16:23.141 8356-8356/? D/ViewRootImpl: ViewPostImeInputStage processPointer 0
01-06 11:16:23.241 1358-2121/? D/InputReader: Input event(6): value=0 when=930255443000
01-06 11:16:23.241 1358-2121/? D/InputReader: Input event(6): value=0 when=930255443000
01-06 11:16:23.241 1358-2121/? I/InputReader: Touch event's action is 0x1 (deviceType=0) [pCnt=1, s=] when=930255443000
01-06 11:16:23.241 1358-2120/? I/InputDispatcher: Delivering touch to (8356): action: 0x1, toolType: 1
01-06 11:16:23.241 8356-8356/? D/ViewRootImpl: ViewPostImeInputStage processPointer 1
01-06 11:16:23.261 648-648/? D/libEGL: eglInitialize EGLDisplay = 0x7fe9458118
01-06 11:16:23.291 8356-8356/? I/InjectionManager: dispatchOptionsItemSelected :com.android.packageinstaller.permission.ui.ManagePermissionsActivity
01-06 11:16:23.291 8356-8356/? I/InjectionManager: dispatchOptionsItemSelected :com.android.packageinstaller.permission.ui.handheld.AppPermissionsFragment
01-06 11:16:23.311 8356-8356/? I/Switch: Immediately mode attached=false laidOut=false
01-06 11:16:23.311 8356-8356/? I/Switch: Immediately mode attached=false laidOut=false
01-06 11:16:23.311 8356-8356/? I/InjectionManager: dispatchOnViewCreated > Target : com.android.packageinstaller.permission.ui.handheld.AllAppPermissionsFragment isFragment :true
01-06 11:16:23.331 8356-8356/? I/ApplicationPackageManager: load=com.cisco.wx2.android.test, bg=192-192, dr=192-192
01-06 11:16:23.341 8356-8356/? I/ApplicationPackageManager: scaled rate=1.0429629, size=192, alpha=15, hold=26, target=192
01-06 11:16:23.341 8356-8356/? W/ResourcesManager: getTopLevelResources: /system/framework/framework-res.apk / 1.0 running in com.samsung.android.packageinstaller rsrc of package android
01-06 11:16:23.341 8356-8356/? W/ResourcesManager: getTopLevelResources: /system/framework/framework-res.apk / 1.0 running in com.samsung.android.packageinstaller rsrc of package android
01-06 11:16:23.341 8356-8356/? W/ResourcesManager: getTopLevelResources: /system/framework/framework-res.apk / 1.0 running in com.samsung.android.packageinstaller rsrc of package android
01-06 11:16:23.351 8356-8356/? W/ResourcesManager: getTopLevelResources: /system/framework/framework-res.apk / 1.0 running in com.samsung.android.packageinstaller rsrc of package android
01-06 11:16:23.351 8356-8356/? W/ResourcesManager: getTopLevelResources: /system/framework/framework-res.apk / 1.0 running in com.samsung.android.packageinstaller rsrc of package android
01-06 11:16:23.351 8356-8356/? W/ResourcesManager: getTopLevelResources: /system/framework/framework-res.apk / 1.0 running in com.samsung.android.packageinstaller rsrc of package android
01-06 11:16:23.351 8356-8356/? I/InjectionManager: dispatchCreateOptionsMenu :com.android.packageinstaller.permission.ui.ManagePermissionsActivity
01-06 11:16:23.351 8356-8356/? I/InjectionManager: dispatchCreateOptionsMenu :com.android.packageinstaller.permission.ui.handheld.AllAppPermissionsFragment
01-06 11:16:23.361 8356-8356/? I/InjectionManager: dispatchPrepareOptionsMenu :com.android.packageinstaller.permission.ui.ManagePermissionsActivity
01-06 11:16:23.361 8356-8356/? I/InjectionManager: dispatchPrepareOptionsMenu :com.android.packageinstaller.permission.ui.handheld.AllAppPermissionsFragment
01-06 11:16:23.501 1358-1529/? I/ActivityManager: Waited long enough for: ServiceRecord{57c31cf u0 com.sec.android.daemonapp/.appservice.WeatherService}
01-06 11:16:23.761 2266-2522/? D/NetworkController.MobileSignalController(0/1): onSignalStrengthsChanged signalStrength=SignalStrength: 99 99 -120 -160 -120 -1 -1 21 -99 -9 116 -1 2147483647 0x3000 gsm|lte level=3
01-06 11:16:23.761 2266-2522/? D/NetworkController.MobileSignalController(0/1): getMobileIconGroup(): 13
01-06 11:16:23.761 2266-2522/? D/NetworkController.MobileSignalController(0/1): updateCMCCMobileIconGroup(): 13
01-06 11:16:25.051 2266-2522/? D/NetworkController.MobileSignalController(0/1): onSignalStrengthsChanged signalStrength=SignalStrength: 99 99 -120 -160 -120 -1 -1 22 -99 -12 18 -1 2147483647 0x3000 gsm|lte level=3
01-06 11:16:25.051 2266-2522/? D/NetworkController.MobileSignalController(0/1): getMobileIconGroup(): 13
01-06 11:16:25.051 2266-2522/? D/NetworkController.MobileSignalController(0/1): updateCMCCMobileIconGroup(): 13
01-06 11:16:26.901 8636-8654/? I/BaseTestUser:205: Instr: com.cisco.wx2.android.test.support.SquaredTestRunner  Retry 1 func message: Create test user
01-06 11:16:26.901 8636-8654/? I/BaseTestUser$2:205: Instr: com.cisco.wx2.android.test.support.SquaredTestRunner  createTestUser request user: Bart Simpson
01-06 11:16:26.911 930-1786/? D/EnterpriseController: netId is 0
01-06 11:16:26.911 930-1786/? D/Netd: getNetworkForDns: using netid 0 for uid 10191
01-06 11:16:26.911 8636-8654/? E/BaseTestUser$2:205: Instr: com.cisco.wx2.android.test.support.SquaredTestRunner  Caught UnknownHostException message = "Unable to resolve host "idbroker.webex.com": No address associated with hostname" cause = "android.system.GaiException: android_getaddrinfo failed: EAI_NODATA (No address associated with hostname)"
01-06 11:16:26.911 8636-8654/? E/BaseTestUser:205: Instr: com.cisco.wx2.android.test.support.SquaredTestRunner  We threw during retry (1/10)
01-06 11:16:26.911 8636-8654/? I/BaseTestUser:205: Instr: com.cisco.wx2.android.test.support.SquaredTestRunner  Retry after 5 seconds
01-06 11:16:28.511 1358-4301/? D/SSRM:u: SIOP:: AP = 440, PST = 423 (W:14), CP = 41, CUR = -303, LCD = 113
01-06 11:16:28.541 2266-2522/? D/NetworkController.MobileSignalController(0/1): onSignalStrengthsChanged signalStrength=SignalStrength: 99 99 -120 -160 -120 -1 -1 21 -99 -9 108 -1 2147483647 0x3000 gsm|lte level=3
01-06 11:16:28.541 2266-2522/? D/NetworkController.MobileSignalController(0/1): getMobileIconGroup(): 13
01-06 11:16:28.541 2266-2522/? D/NetworkController.MobileSignalController(0/1): updateCMCCMobileIconGroup(): 13
01-06 11:16:28.541 1358-4301/? D/ConnectivityService: returning getNetworkInfo for network type 1 : [type: WIFI[] - WIFI, state: DISCONNECTED/DISCONNECTED, reason: (unspecified), extra: (none), roaming: false, failover: false, isAvailable: true]
01-06 11:16:28.881 2266-2522/? D/NetworkController.MobileSignalController(0/1): onSignalStrengthsChanged signalStrength=SignalStrength: 99 99 -120 -160 -120 -1 -1 21 -99 -9 128 -1 2147483647 0x3000 gsm|lte level=3
01-06 11:16:28.881 2266-2522/? D/NetworkController.MobileSignalController(0/1): getMobileIconGroup(): 13
01-06 11:16:28.881 2266-2522/? D/NetworkController.MobileSignalController(0/1): updateCMCCMobileIconGroup(): 13
01-06 11:16:28.921 1358-8601/? I/HarmonyEASService: Updating for all 1
01-06 11:16:30.511 1358-2121/? D/InputReader: Input event(6): value=1 when=937521035000
01-06 11:16:30.511 1358-2121/? D/InputReader: Input event(6): value=1 when=937521035000
01-06 11:16:30.511 1358-2121/? I/InputReader: Touch event's action is 0x0 (deviceType=0) [pCnt=1, s=0.89 ] when=937521035000
01-06 11:16:30.511 1358-2121/? D/InputReader: lastThreadEndTime = 930255789800, currentThreadStartTime = 930255792144, diff = 0
01-06 11:16:30.511 1358-2120/? I/InputDispatcher: Delivering touch to (2266): action: 0x4, toolType: 1
01-06 11:16:30.511 1358-2120/? I/InputDispatcher: Delivering touch to (4668): action: 0x4, toolType: 1
01-06 11:16:30.511 1358-2120/? I/InputDispatcher: Delivering touch to (8356): action: 0x0, toolType: 1
01-06 11:16:30.511 8356-8356/? D/ViewRootImpl: ViewPostImeInputStage processPointer 0
01-06 11:16:30.511 4668-4668/? D/AutoHideHelper: ###check Single invalid
01-06 11:16:30.611 1358-2121/? D/InputReader: Input event(6): value=0 when=937627107000
01-06 11:16:30.611 1358-2121/? D/InputReader: Input event(6): value=0 when=937627107000
01-06 11:16:30.611 1358-2121/? I/InputReader: Touch event's action is 0x1 (deviceType=0) [pCnt=1, s=] when=937627107000
01-06 11:16:30.611 1358-2120/? I/InputDispatcher: Delivering touch to (8356): action: 0x1, toolType: 1
01-06 11:16:30.611 8356-8356/? D/ViewRootImpl: ViewPostImeInputStage processPointer 1
01-06 11:16:30.661 8356-8356/? D/ViewRootImpl: #1 mView = com.android.internal.policy.PhoneWindow$DecorView{12d81d1 V.E...... R.....I. 0,0-0,0}
01-06 11:16:30.661 1358-3431/? D/ISSUE_DEBUG: InputChannelName : bbcf9cc com.samsung.android.packageinstaller/com.android.packageinstaller.permission.ui.ManagePermissionsActivity
01-06 11:16:30.661 1358-1531/? D/StatusBarManagerService: manageDisableList userId=0 what=0x0 pkg=Window{bbcf9cc u0 d0 com.samsung.android.packageinstaller/com.android.packageinstaller.permission.ui.ManagePermissionsActivity}
01-06 11:16:30.661 1358-3431/? D/InputDispatcher: Focus left window: 8356
01-06 11:16:30.661 1358-3431/? D/InputDispatcher: Focus entered window: 8356
01-06 11:16:30.671 2266-2266/? D/PhoneStatusBar: setSystemUiVisibility vis=8000 mask=ffffffff oldVal=8600 newVal=8000 diff=600
01-06 11:16:30.671 1358-1626/? D/PointerIcon: setMouseIconStyle1 pointerType: 1001 iconType:101 flag:0 pid:1358 uid:1000
01-06 11:16:30.671 1358-1626/? D/PointerIcon: setMouseCustomIcon IconType is same.101
01-06 11:16:30.681 648-648/? I/SurfaceFlinger: id=81 createSurf (193x193),1 flag=4, NanagePermi
01-06 11:16:30.721 8356-8356/? W/DisplayListCanvas: DisplayListCanvas is started on unbinded RenderNode (without mOwningView)
01-06 11:16:30.731 1358-1693/? D/PackageManager: [MSG] WRITE_PACKAGE_RESTRICTIONS
01-06 11:16:30.741 1358-1693/? W/System.err: remove failed: ENOENT (No such file or directory) : /data/system/users/0/package-restrictions.xml.bak
01-06 11:16:30.741 1358-1458/? V/WindowStateAnimator: Finishing drawing window Window{bbcf9cc u0 d0 com.samsung.android.packageinstaller/com.android.packageinstaller.permission.ui.ManagePermissionsActivity}: mDrawState=DRAW_PENDING
01-06 11:16:30.741 8356-8356/? D/ViewRootImpl: MSG_RESIZED_REPORT: ci=Rect(0, 0 - 0, 0) vi=Rect(0, 0 - 0, 0) or=1
01-06 11:16:30.751 648-648/? D/libEGL: eglInitialize EGLDisplay = 0x7fe9458118
01-06 11:16:30.751 1358-1626/? D/KnoxTimeoutHandler: notifyActivityDrawn [MsgParam] userId: 0 fullscreen is true showWhenlocked is false
01-06 11:16:30.751 1358-1358/? D/KnoxTimeoutHandler: activityDrawn [MsgParam] userId: 0 fullscreen is true showWhenlocked is false
01-06 11:16:30.751 1358-1358/? I/KnoxTimeoutHandler: SD activityfalse
01-06 11:16:30.761 1358-2144/? V/WindowStateAnimator: Finishing drawing window Window{bbcf9cc u0 d0 com.samsung.android.packageinstaller/com.android.packageinstaller.permission.ui.ManagePermissionsActivity}: mDrawState=HAS_DRAWN
01-06 11:16:30.761 648-648/? D/libEGL: eglInitialize EGLDisplay = 0x7fe9458118
01-06 11:16:31.451 2266-2522/? D/NetworkController.MobileSignalController(0/1): onSignalStrengthsChanged signalStrength=SignalStrength: 99 99 -120 -160 -120 -1 -1 21 -99 -9 94 -1 2147483647 0x3000 gsm|lte level=3
01-06 11:16:31.451 2266-2522/? D/NetworkController.MobileSignalController(0/1): getMobileIconGroup(): 13
01-06 11:16:31.451 2266-2522/? D/NetworkController.MobileSignalController(0/1): updateCMCCMobileIconGroup(): 13
01-06 11:16:31.921 8636-8654/? I/BaseTestUser:205: Instr: com.cisco.wx2.android.test.support.SquaredTestRunner  Retry 2 func message: Create test user
01-06 11:16:31.921 8636-8654/? I/BaseTestUser$2:205: Instr: com.cisco.wx2.android.test.support.SquaredTestRunner  createTestUser request user: Bart Simpson
01-06 11:16:31.921 930-1786/? D/EnterpriseController: netId is 0
01-06 11:16:31.921 930-1786/? D/Netd: getNetworkForDns: using netid 0 for uid 10191
01-06 11:16:31.931 8636-8654/? E/BaseTestUser$2:205: Instr: com.cisco.wx2.android.test.support.SquaredTestRunner  Caught UnknownHostException message = "Unable to resolve host "idbroker.webex.com": No address associated with hostname" cause = "android.system.GaiException: android_getaddrinfo failed: EAI_NODATA (No address associated with hostname)"
01-06 11:16:31.931 8636-8654/? E/BaseTestUser:205: Instr: com.cisco.wx2.android.test.support.SquaredTestRunner  We threw during retry (2/10)
01-06 11:16:31.931 8636-8654/? I/BaseTestUser:205: Instr: com.cisco.wx2.android.test.support.SquaredTestRunner  Retry after 5 seconds
01-06 11:16:31.941 1358-2121/? D/InputReader: Input event(6): value=1 when=938955576000
01-06 11:16:31.941 1358-2121/? D/InputReader: Input event(6): value=1 when=938955576000
01-06 11:16:31.941 1358-2121/? I/InputReader: Touch event's action is 0x0 (deviceType=0) [pCnt=1, s=0.90 ] when=938955576000
01-06 11:16:31.941 1358-2121/? D/InputReader: lastThreadEndTime = 937627580527, currentThreadStartTime = 937627585683, diff = 0
01-06 11:16:31.941 1358-2120/? I/InputDispatcher: Delivering touch to (2266): action: 0x4, toolType: 1
01-06 11:16:31.941 1358-2120/? I/InputDispatcher: Delivering touch to (4668): action: 0x4, toolType: 1
01-06 11:16:31.941 1358-2120/? I/InputDispatcher: Delivering touch to (8356): action: 0x0, toolType: 1
01-06 11:16:31.941 8356-8356/? D/ViewRootImpl: ViewPostImeInputStage processPointer 0
01-06 11:16:31.941 4668-4668/? D/AutoHideHelper: ###check Single invalid
01-06 11:16:31.991 648-648/? D/libEGL: eglInitialize EGLDisplay = 0x7fe9458118
01-06 11:16:32.011 1358-2121/? D/InputReader: Input event(6): value=0 when=939021407000
01-06 11:16:32.011 1358-2121/? D/InputReader: Input event(6): value=0 when=939021407000
01-06 11:16:32.011 1358-2121/? I/InputReader: Touch event's action is 0x1 (deviceType=0) [pCnt=1, s=] when=939021407000
01-06 11:16:32.011 1358-2120/? I/InputDispatcher: Delivering touch to (8356): action: 0x1, toolType: 1
01-06 11:16:32.011 8356-8356/? D/ViewRootImpl: ViewPostImeInputStage processPointer 1
01-06 11:16:32.011 648-7460/? D/libEGL: eglTerminate EGLDisplay = 0x7f84175ea8
01-06 11:16:32.011 648-7460/? D/libEGL: eglTerminate EGLDisplay = 0x7f84175ea8
01-06 11:16:32.011 8356-8356/? D/ViewRootImpl: #3 mView = null
01-06 11:16:32.021 1358-1531/? D/StatusBarManagerService: manageDisableList userId=0 what=0x0 pkg=Window{a0ad834 u0 d0 com.samsung.android.packageinstaller/com.android.packageinstaller.permission.ui.ManagePermissionsActivity}
01-06 11:16:32.021 2266-2266/? D/PhoneStatusBar: setSystemUiVisibility vis=8600 mask=ffffffff oldVal=8000 newVal=8600 diff=600
01-06 11:16:32.021 1358-3432/? D/InputDispatcher: Focus left window: 8356
01-06 11:16:32.021 1358-3432/? D/InputDispatcher: Focus entered window: 8356
01-06 11:16:32.021 1358-1626/? D/PointerIcon: setMouseIconStyle1 pointerType: 1001 iconType:101 flag:0 pid:1358 uid:1000
01-06 11:16:32.021 1358-1626/? D/PointerIcon: setMouseCustomIcon IconType is same.101
01-06 11:16:32.021 1358-1459/? D/InputMethodManagerService: windowGainedFocus mCurrentFocusedUserId - 0 and mSecureKeypadEnabled-false
01-06 11:16:32.021 1358-1459/? W/InputMethodManagerService: Window already focused, ignoring focus gain of: com.android.internal.view.IInputMethodClient$Stub$Proxy@a5e6b8 attribute=android.view.inputmethod.EditorInfo@d3f7c91, token = android.os.BinderProxy@ccaaf07
01-06 11:16:32.021 4958-4958/? D/SamsungIME: IMPL finishInput
01-06 11:16:32.021 8356-8356/? E/ViewRootImpl: sendUserActionEvent() mView == null
01-06 11:16:32.021 4958-4958/? D/RMHelper: SamsungIME : RMisReady() : client is null
01-06 11:16:32.021 4958-4958/? D/RMHelper: SamsungIME : RMisReady() : client is null
01-06 11:16:32.021 4958-4958/? D/RMHelper: RMHelper : initHelper()
01-06 11:16:32.031 4958-4958/? D/RMHelper: SamsungIME : initHelper() : client is null
01-06 11:16:32.031 4958-4958/? E/ActivityThread: Failed to find provider info for com.sec.android.inputmethod.resourcemanager
01-06 11:16:32.031 4958-4958/? D/RMHelper: SamsungIME : RMisReady() : client is null
01-06 11:16:32.031 4958-4958/? D/RMHelper: SamsungIME : RMisReady() : client is null
01-06 11:16:32.031 4958-4958/? D/RMHelper: RMHelper : initHelper()
01-06 11:16:32.031 4958-4958/? E/ActivityThread: Failed to find provider info for com.sec.android.inputmethod.resourcemanager
01-06 11:16:32.031 4958-4958/? D/RMHelper: SamsungIME : initHelper() : client is null
01-06 11:16:32.031 4958-4958/? D/RMHelper: SamsungIME : RMisReady() : client is null
01-06 11:16:32.031 4958-4958/? D/RMHelper: SamsungIME : RMisReady() : client is null
01-06 11:16:32.031 4958-4958/? D/RMHelper: RMHelper : initHelper()
01-06 11:16:32.031 4958-4958/? D/RMHelper: SamsungIME : initHelper() : client is null
01-06 11:16:32.031 4958-4958/? E/ActivityThread: Failed to find provider info for com.sec.android.inputmethod.resourcemanager
01-06 11:16:32.031 4958-4958/? D/SamsungIME: onStartInput: No inputType, No imeOption, isInputViewShown = false, isExtractViewShown = false, isShowInputRequested = false, isConfigChanged = false
01-06 11:16:32.211 648-671/? I/SurfaceFlinger: id=81 Removed NanagePermi (6/12)
01-06 11:16:32.211 648-3322/? I/SurfaceFlinger: id=81 Removed NanagePermi (-2/12)
01-06 11:16:32.231 648-648/? D/libEGL: eglTerminate EGLDisplay = 0x7fe9458218
01-06 11:16:32.231 648-648/? W/SurfaceFlinger: couldn't log to binary event log: overflow.
01-06 11:16:32.511 1358-2782/? D/BatteryService: !@BatteryListener : batteryPropertiesChanged!
01-06 11:16:32.511 1358-2782/? D/BatteryService: level:4, scale:100, status:2, health:2, present:true, voltage: 3687, temperature: 286, technology: Li-ion, AC powered:false, USB powered:true, POGO powered:false, Wireless powered:false, icon:17303419, invalid charger:0, maxChargingCurrent:0
01-06 11:16:32.511 1358-2782/? D/BatteryService: online:4, current avg:-21, charge type:1, power sharing:false, high voltage charger:false, capacity:280000, batterySWSelfDischarging:false, current_now:241
01-06 11:16:32.511 1358-1358/? D/BatteryService: Sending ACTION_BATTERY_CHANGED.
01-06 11:16:32.521 1358-1358/? I/MotionRecognitionService: Plugged
01-06 11:16:32.521 1358-1358/? D/MotionRecognitionService:   cableConnection= 1
01-06 11:16:32.521 1358-1358/? D/MotionRecognitionService: setPowerConnected | current backoffstate  = 1024 , state =1024
01-06 11:16:32.521 1358-1358/? D/MotionRecognitionService: skip setTransmitPower. 
01-06 11:16:32.521 1358-2153/? D/WifiController: ApOrStaEnabledState  msg.what= 155652
01-06 11:16:32.521 2266-2266/? D/KeyguardUpdateMonitor: received broadcast android.intent.action.BATTERY_CHANGED
01-06 11:16:32.521 2266-2266/? D/KeyguardUpdateMonitor: handleBatteryUpdate
01-06 11:16:32.531 2266-2266/? D/PowerUI: priorPlugType = 2 mPlugType =  2
01-06 11:16:32.531 2266-2266/? D/PowerUI.Notification: showChargingNotice oldChargingType : 1 currentChargingType : 1 oldChargingTime : 26482000 mChargingTime : 26482000
01-06 11:16:32.531 2266-2266/? D/PowerUI.Notification: There is no change about charging status, so return!
01-06 11:16:32.541 2751-2751/? D/CommonServiceConfiguration: getStringValueSetting
01-06 11:16:32.541 2751-2751/? D/BatteryMonitor: new battery level: 4
01-06 11:16:32.551 2266-2266/? D/BatteryMeterView: ACTION_BATTERY_CHANGED : level:4 status:2 health:2
01-06 11:16:32.551 2266-2266/? D/BatteryMeterView: ACTION_BATTERY_CHANGED : level:4 status:2 health:2
01-06 11:16:32.581 1358-2121/? D/InputReader: Input event(6): value=1 when=939593054000
01-06 11:16:32.581 1358-2121/? D/InputReader: Input event(6): value=1 when=939593054000
01-06 11:16:32.581 1358-2121/? I/InputReader: Touch event's action is 0x0 (deviceType=0) [pCnt=1, s=0.91 ] when=939593054000
01-06 11:16:32.581 1358-2121/? D/InputReader: lastThreadEndTime = 939021776620, currentThreadStartTime = 939021780005, diff = 0
01-06 11:16:32.581 1358-2120/? I/InputDispatcher: Delivering touch to (2266): action: 0x4, toolType: 1
01-06 11:16:32.581 1358-2120/? I/InputDispatcher: Delivering touch to (4668): action: 0x4, toolType: 1
01-06 11:16:32.581 1358-2120/? I/InputDispatcher: Delivering touch to (8356): action: 0x0, toolType: 1
01-06 11:16:32.581 8356-8356/? D/ViewRootImpl: ViewPostImeInputStage processPointer 0
01-06 11:16:32.581 4668-4668/? D/AutoHideHelper: ###check Single invalid
01-06 11:16:32.651 1358-2121/? D/InputReader: Input event(6): value=0 when=939667305000
01-06 11:16:32.651 1358-2121/? D/InputReader: Input event(6): value=0 when=939667305000
01-06 11:16:32.651 1358-2121/? I/InputReader: Touch event's action is 0x1 (deviceType=0) [pCnt=1, s=] when=939667305000
01-06 11:16:32.651 1358-2120/? I/InputDispatcher: Delivering touch to (8356): action: 0x1, toolType: 1
01-06 11:16:32.651 8356-8356/? D/ViewRootImpl: ViewPostImeInputStage processPointer 1
01-06 11:16:32.651 1358-3441/? W/VirtualScreenManagerService: failed to move task TaskRecord{52267f6 #23 A=com.samsung.android.packageinstaller U=0 sz=1}
01-06 11:16:32.661 1358-3441/? W/VirtualScreenManagerService: moveTaskBackToDisplayIfNeeded(): top activity or app is null
01-06 11:16:32.661 1358-3441/? D/FocusedStackFrame: Set to : 0
01-06 11:16:32.661 1358-3441/? D/InputDispatcher: Focused application set to: xxxx
01-06 11:16:32.661 1358-3441/? D/InputDispatcher: Focus left window: 8356
01-06 11:16:32.671 1358-1626/? D/PointerIcon: setMouseIconStyle1 pointerType: 1001 iconType:101 flag:0 pid:1358 uid:1000
01-06 11:16:32.671 1358-1626/? D/PointerIcon: setMouseCustomIcon IconType is same.101
01-06 11:16:32.691 1358-2144/? D/CustomFrequencyManagerService: acquireDVFSLockLocked : type : DVFS_MIN_LIMIT  frequency : 1555200  uid : 1000  pid : 1358  pkgName : ACTIVITY_RESUME_BOOSTER@20
01-06 11:16:32.691 1358-2144/? D/ActivityManager: mDVFSHelper.acquire()
01-06 11:16:32.701 1358-2144/? V/WindowOrientationListener: setCurrentAppOrientation :1
01-06 11:16:32.701 1358-2144/? V/WindowOrientationListener: OrientationSensorJudge.getProposedRotation, Rotation: -1
01-06 11:16:32.701 1358-2144/? V/WindowManager: rotationForOrientationLw(orient=1, last=0); user=0  sensorRotation=-1 mLidState=-1 mDockMode=0 mHdmiPlugged=false mMobileKeyboardEnabled=false displayId=0
01-06 11:16:32.701 1358-2144/? V/WindowOrientationListener: OrientationSensorJudge.getProposedRotation, Rotation: -1
01-06 11:16:32.701 1358-1358/? D/GameManagerService: NotifyRunnable. pkg: com.sec.android.app.launcher, type: 4, isMinimized: false, isTunableApp: false
01-06 11:16:32.701 1358-1358/? D/GameManagerService: unexpected mPrevNotiType: -1
01-06 11:16:32.701 1358-2144/? V/MARsPolicyManager: Current Home Package com.sec.android.app.launcher Resumed
01-06 11:16:32.711 648-3322/? I/SurfaceFlinger: Modify Choreographer's phase offset to 6666666
01-06 11:16:32.721 2662-2662/? D/Launcher: onRestart, Launcher: 34430241
01-06 11:16:32.721 2662-2662/? W/ResourcesManager: getTopLevelResources: /system/app/SPlanner_M/SPlanner_M.apk / 1.0 running in com.sec.android.app.launcher rsrc of package com.android.calendar
01-06 11:16:32.721 648-2225/? I/SurfaceFlinger: Modify SurfaceFlinger's phase offset to 6666666
01-06 11:16:32.721 1358-4301/? D/GameManagerService: identifyGamePackage. com.sec.android.app.launcher
01-06 11:16:32.721 1358-4301/? D/GameManagerService: identifyGamePackage. com.sec.android.app.launcher
01-06 11:16:32.721 2266-2522/? D/NetworkController.MobileSignalController(0/1): onSignalStrengthsChanged signalStrength=SignalStrength: 99 99 -120 -160 -120 -1 -1 21 -100 -9 150 -1 2147483647 0x3000 gsm|lte level=3
01-06 11:16:32.721 1358-4301/? D/GameManagerService: identifyGamePackage. com.sec.android.app.launcher
01-06 11:16:32.721 2266-2522/? D/NetworkController.MobileSignalController(0/1): getMobileIconGroup(): 13
01-06 11:16:32.721 2266-2522/? D/NetworkController.MobileSignalController(0/1): updateCMCCMobileIconGroup(): 13
01-06 11:16:32.721 2662-2662/? D/ResourcesManager: For user 0 new overlays fetched Null
01-06 11:16:32.721 2662-2662/? D/ApplicationPackageManager: we has com.android.calendar class. reuse it 
01-06 11:16:32.721 2662-2662/? W/ResourcesManager: getTopLevelResources: /system/app/SPlanner_M/SPlanner_M.apk / 1.0 running in com.sec.android.app.launcher rsrc of package com.android.calendar
01-06 11:16:32.731 2662-2662/? D/Minikin: FontFamily mFonts.size() is NULL(this=0x0x7f95d35620)
01-06 11:16:32.731 2662-2662/? D/Minikin: FontFamily bestFont == NULL, so return vacant FakedFont(this=0x0x7f95d35620)
01-06 11:16:32.731 2662-2662/? D/Minikin: FontFamily mFonts.size() is NULL(this=0x0x7f95d355c0)
01-06 11:16:32.731 2662-2662/? D/Minikin: FontFamily bestFont == NULL, so return vacant FakedFont(this=0x0x7f95d355c0)
01-06 11:16:32.731 2662-2662/? D/Minikin: FontFamily mFonts.size() is NULL(this=0x0x7f95d35680)
01-06 11:16:32.731 2662-2662/? D/Minikin: FontFamily bestFont == NULL, so return vacant FakedFont(this=0x0x7f95d35680)
01-06 11:16:32.731 2662-2662/? D/Launcher: onStart, Launcher: 34430241
01-06 11:16:32.731 2662-2662/? D/Launcher.HomeView: onStart
01-06 11:16:32.741 2662-2662/? D/Launcher: onResume, Launcher: 34430241
01-06 11:16:32.741 1358-2144/? D/SecContentProvider: query(), uri = 17 selection = isSettingsChangesAllowed
01-06 11:16:32.741 1358-2144/? D/SettingsProvider: isChangeAllowed() : name = kids_home_mode
01-06 11:16:32.741 1358-2144/? D/SettingsProvider: edmUri: content://com.sec.knox.provider/RestrictionPolicy3
01-06 11:16:32.741 1358-2144/? D/SettingsProvider: projectionArgs: isSettingsChangesAllowed
01-06 11:16:32.741 1358-2144/? D/SettingsProvider: selectionArgs: false
01-06 11:16:32.741 1358-2144/? D/SettingsProvider: selectionArgs: 10069
01-06 11:16:32.741 1358-2144/? D/SettingsProvider: ret = -1
01-06 11:16:32.741 2662-2662/? D/Launcher.HomeView: onResume
01-06 11:16:32.741 2662-2662/? D/capture: ---------checkFileExist land
01-06 11:16:32.741 2662-2662/? D/MenuAppsGridFragment: onResume
01-06 11:16:32.741 2662-2662/? D/MenuAppsGridFragment: changeState: (new)NORMAL(old)NORMAL(force)false
01-06 11:16:32.741 2662-2662/? D/Launcher.MenuAppsGrid: updateGridSize:GRID_4x4 cellWidth:348  cellHeight:432
01-06 11:16:32.741 2662-2662/? W/ResourcesManager: getTopLevelResources: /system/app/ClockPackage_M/ClockPackage_M.apk / 1.0 running in com.sec.android.app.launcher rsrc of package com.sec.android.app.clockpackage
01-06 11:16:32.741 2662-2662/? D/ResourcesManager: For user 0 new overlays fetched Null
01-06 11:16:32.751 2662-2662/? D/ApplicationPackageManager: we has com.sec.android.app.clockpackage class. reuse it 
01-06 11:16:32.751 2662-2662/? W/ResourcesManager: getTopLevelResources: /system/app/ClockPackage_M/ClockPackage_M.apk / 1.0 running in com.sec.android.app.launcher rsrc of package com.sec.android.app.clockpackage
01-06 11:16:32.771 1358-2144/? D/ActivityManager: post active user change for 0 fullscreen true isFloatingActivity() false isHomeActivity() true
01-06 11:16:32.771 1358-2144/? I/WallpaperManagerService: switchPersonaWallpaper is called for personaId-0
01-06 11:16:32.771 1358-2144/? D/KnoxTimeoutHandler: post home show event for user 0
01-06 11:16:32.771 1358-2144/? D/KnoxTimeoutHandler: postActiveUserChange [MsgParam] userId: 0 fullscreen is true showWhenlocked is false
01-06 11:16:32.771 1358-1358/? D/WallpaperManagerService:  force update = false; persona id = 0; current user =0; current persona = 0
01-06 11:16:32.771 1358-1358/? D/KnoxTimeoutHandler: handleHomeShow for 0 and current 0
01-06 11:16:32.771 1358-1358/? D/KnoxTimeoutHandler: handleActiveUserChange [MsgParam] userId: 0 fullscreen is true showWhenlocked is false
01-06 11:16:32.771 2662-2662/? V/LauncherAppWidgetHostView: calculateWidgetSize: (target widgetsize)  using w/h 684 440 span 2 1 (widgetid 5) [current Gridsize : GRID_4x4]
01-06 11:16:32.771 2662-2662/? D/LauncherAppWidgetHostView: calculateWidgetSize() widget = 天气(widget id = 5) result hostview size = 684 x 440
01-06 11:16:32.771 2662-2662/? D/LauncherAppWidgetHostView: setResizeScaleResult() 684/ 440 scaleToResize = 1.0(widget id = 5)
01-06 11:16:32.771 1358-1358/? I/KnoxTimeoutHandler: Shared devices show user statefalse
01-06 11:16:32.771 648-648/? I/SurfaceFlinger: id=82 createSurf (1440x2560),1 flag=4, MauncherAct
01-06 11:16:32.771 1358-1531/? D/StatusBarManagerService: manageDisableList userId=0 what=0x0 pkg=Window{88de527 u0 d0 com.sec.android.app.launcher/com.sec.android.app.launcher.activities.LauncherActivity}
01-06 11:16:32.781 1358-3408/? D/InputDispatcher: Focus entered window: 2662
01-06 11:16:32.781 1358-1626/? D/PointerIcon: setMouseIconStyle1 pointerType: 1001 iconType:101 flag:0 pid:1358 uid:1000
01-06 11:16:32.781 1358-1626/? D/PointerIcon: setMouseCustomIcon IconType is same.101
01-06 11:16:32.791 2662-2662/? W/ActivityThread: AppLock checkAppLockState isAppLocked = false pkgName = com.sec.android.app.launcher showWhenLocked = false
01-06 11:16:32.791 1358-2699/? D/InputMethodManagerService: windowGainedFocus mCurrentFocusedUserId - 0 and mSecureKeypadEnabled-false
01-06 11:16:32.791 4958-4958/? D/SamsungIME: IMPL finishInput
01-06 11:16:32.791 4958-4958/? D/RMHelper: SamsungIME : RMisReady() : client is null
01-06 11:16:32.791 4958-4958/? D/RMHelper: SamsungIME : RMisReady() : client is null
01-06 11:16:32.791 4958-4958/? D/RMHelper: RMHelper : initHelper()
01-06 11:16:32.801 1358-3432/? V/WindowStateAnimator: Finishing drawing window Window{88de527 u0 d0 com.sec.android.app.launcher/com.sec.android.app.launcher.activities.LauncherActivity}: mDrawState=DRAW_PENDING
01-06 11:16:32.811 2662-2662/? I/Timeline: Timeline: Activity_idle id: android.os.BinderProxy@9712f78 time:939820
01-06 11:16:32.811 2266-2266/? D/WallpaperService: updateSurface:[forceRelayout]false[redrawNeeded]false
01-06 11:16:32.811 2266-2266/? D/ImageWallpaper: onVisibilityChanged:true
01-06 11:16:32.811 2266-2266/? D/ImageWallpaper: drawFrame:false rotation:0 mLastRotation:0
01-06 11:16:32.811 2266-2266/? D/ImageWallpaper: drawFrame:[frame.width()]2240[frame.height()]2560
01-06 11:16:32.811 2266-2266/? D/ImageWallpaper: Suppressed drawFrame since redraw is not needed and offsets have not changed.
01-06 11:16:32.811 648-648/? D/libEGL: eglInitialize EGLDisplay = 0x7fe9458118
01-06 11:16:32.811 648-3322/? D/libEGL: eglTerminate EGLDisplay = 0x7f84dbeea8
01-06 11:16:32.811 8356-8380/? D/OpenGLRenderer: endAllActiveAnimators on 0x7f81eb0400 (StateListDrawable) with handle 0x7f7ebfe3e0
01-06 11:16:32.811 4958-4958/? E/ActivityThread: Failed to find provider info for com.sec.android.inputmethod.resourcemanager
01-06 11:16:32.811 4958-4958/? D/RMHelper: SamsungIME : initHelper() : client is null
01-06 11:16:32.821 4958-4958/? E/ActivityThread: Failed to find provider info for com.sec.android.inputmethod.resourcemanager
01-06 11:16:32.811 4958-4958/? D/RMHelper: SamsungIME : RMisReady() : client is null
01-06 11:16:32.811 4958-4958/? D/RMHelper: SamsungIME : RMisReady() : client is null
01-06 11:16:32.811 4958-4958/? D/RMHelper: RMHelper : initHelper()
01-06 11:16:32.821 4958-4958/? D/RMHelper: SamsungIME : initHelper() : client is null
01-06 11:16:32.821 4958-4958/? D/RMHelper: SamsungIME : RMisReady() : client is null
01-06 11:16:32.821 4958-4958/? D/RMHelper: SamsungIME : RMisReady() : client is null
01-06 11:16:32.821 4958-4958/? D/RMHelper: RMHelper : initHelper()
01-06 11:16:32.821 4958-4958/? D/RMHelper: SamsungIME : initHelper() : client is null
01-06 11:16:32.821 4958-4958/? E/ActivityThread: Failed to find provider info for com.sec.android.inputmethod.resourcemanager
01-06 11:16:32.821 4958-4958/? D/SamsungIME: onStartInput: No inputType, No imeOption, isInputViewShown = false, isExtractViewShown = false, isShowInputRequested = false, isConfigChanged = false
01-06 11:16:32.821 1358-1626/? D/KnoxTimeoutHandler: notifyActivityDrawn [MsgParam] userId: 0 fullscreen is true showWhenlocked is false
01-06 11:16:32.821 1358-1358/? D/KnoxTimeoutHandler: activityDrawn [MsgParam] userId: 0 fullscreen is true showWhenlocked is false
01-06 11:16:32.821 1358-1626/? I/ActivityManager: Displayed com.sec.android.app.launcher/.activities.LauncherActivity: +125ms
01-06 11:16:32.821 1358-1358/? I/KnoxTimeoutHandler: SD activityfalse
01-06 11:16:32.831 648-648/? D/libEGL: eglTerminate EGLDisplay = 0x7fe94581a8
01-06 11:16:32.961 1358-2192/? D/MdnieScenarioControlService:  packageName : com.sec.android.app.launcher    className : com.sec.android.app.launcher.activities.LauncherActivity
01-06 11:16:32.961 1358-2192/? I/MdnieScenarioControlService: mGameModeLauncher : false
01-06 11:16:32.961 1358-2192/? I/MdnieScenarioControlService: setUIMode
01-06 11:16:33.161 648-2225/? I/SurfaceFlinger: id=80 Removed NanagePermi (7/12)
01-06 11:16:33.161 648-3322/? I/SurfaceFlinger: id=80 Removed NanagePermi (-2/12)
01-06 11:16:33.181 648-648/? D/libEGL: eglTerminate EGLDisplay = 0x7fe94581e8
01-06 11:16:33.181 648-648/? W/SurfaceFlinger: couldn't log to binary event log: overflow.
01-06 11:16:33.191 1358-1529/? D/CustomFrequencyManagerService: releaseDVFSLockLocked : Getting Lock type frm List : DVFS_MIN_LIMIT  frequency : 1555200  uid : 1000  pid : 1358  tag : ACTIVITY_RESUME_BOOSTER@20
01-06 11:16:33.201 1358-1529/? D/ActivityManager: mDVFSHelper.release()
01-06 11:16:33.201 1358-1529/? D/CustomFrequencyManagerService: acquireDVFSLockLocked : type : DVFS_MIN_LIMIT  frequency : 1555200  uid : 1000  pid : 1358  pkgName : ACTIVITY_RESUME_BOOSTER@26
01-06 11:16:33.231 1358-1626/? I/Timeline: Timeline: Activity_windows_visible id: ActivityRecord{6ef77cc u0 com.sec.android.app.launcher/.activities.LauncherActivity t13} time:940240
01-06 11:16:33.231 8356-8356/? D/ViewRootImpl: #3 mView = null
01-06 11:16:33.241 1358-1626/? D/KnoxTimeoutHandler: notifyActivityDrawn [MsgParam] userId: 0 fullscreen is true showWhenlocked is false
01-06 11:16:33.241 1358-1358/? D/KnoxTimeoutHandler: activityDrawn [MsgParam] userId: 0 fullscreen is true showWhenlocked is false
01-06 11:16:33.241 1358-1358/? I/KnoxTimeoutHandler: SD activityfalse
01-06 11:16:33.291 1358-2108/? V/AlarmManager: Expired Alarm result :4
01-06 11:16:33.291 1358-1459/? V/AlarmManager:  remove PendingIntent] PendingIntent{87a7fce: PendingIntentRecord{7fc2cc9 com.android.bluetooth broadcastIntent}}
01-06 11:16:33.301 1358-2618/? V/AlarmManager:  remove PendingIntent] PendingIntent{66d5eef: PendingIntentRecord{7fc2cc9 com.android.bluetooth broadcastIntent}}
01-06 11:16:33.301 1358-1458/? V/AlarmManager:  remove PendingIntent] PendingIntent{b586dfc: PendingIntentRecord{7fc2cc9 com.android.bluetooth broadcastIntent}}
01-06 11:16:33.301 1358-2144/? V/AlarmManager:  remove PendingIntent] PendingIntent{311cc85: PendingIntentRecord{7fc2cc9 com.android.bluetooth broadcastIntent}}
01-06 11:16:33.301 1358-2699/? V/AlarmManager:  remove PendingIntent] PendingIntent{ec2cada: PendingIntentRecord{7fc2cc9 com.android.bluetooth broadcastIntent}}
01-06 11:16:33.311 1358-3432/? V/AlarmManager:  remove PendingIntent] PendingIntent{15afb0b: PendingIntentRecord{7fc2cc9 com.android.bluetooth broadcastIntent}}
01-06 11:16:33.311 1358-2617/? V/AlarmManager:  remove PendingIntent] PendingIntent{1bc6de8: PendingIntentRecord{7fc2cc9 com.android.bluetooth broadcastIntent}}
01-06 11:16:33.311 1358-2616/? V/AlarmManager:  remove PendingIntent] PendingIntent{27ac01: PendingIntentRecord{7fc2cc9 com.android.bluetooth broadcastIntent}}
01-06 11:16:33.311 1358-2782/? V/AlarmManager:  remove PendingIntent] PendingIntent{112baa6: PendingIntentRecord{7fc2cc9 com.android.bluetooth broadcastIntent}}
01-06 11:16:33.311 1358-3431/? V/AlarmManager:  remove PendingIntent] PendingIntent{c3c3ce7: PendingIntentRecord{7fc2cc9 com.android.bluetooth broadcastIntent}}
01-06 11:16:33.321 1358-3407/? V/AlarmManager:  remove PendingIntent] PendingIntent{1de8094: PendingIntentRecord{7fc2cc9 com.android.bluetooth broadcastIntent}}
01-06 11:16:33.321 1358-2315/? V/AlarmManager:  remove PendingIntent] PendingIntent{d62073d: PendingIntentRecord{7fc2cc9 com.android.bluetooth broadcastIntent}}
01-06 11:16:33.321 1358-2301/? V/AlarmManager:  remove PendingIntent] PendingIntent{71fdb32: PendingIntentRecord{7fc2cc9 com.android.bluetooth broadcastIntent}}
01-06 11:16:33.321 1358-3441/? V/AlarmManager:  remove PendingIntent] PendingIntent{805c083: PendingIntentRecord{7fc2cc9 com.android.bluetooth broadcastIntent}}
01-06 11:16:33.331 1358-2144/? V/AlarmManager:  remove PendingIntent] PendingIntent{36d1200: PendingIntentRecord{7fc2cc9 com.android.bluetooth broadcastIntent}}
01-06 11:16:33.331 1358-2699/? V/AlarmManager:  remove PendingIntent] PendingIntent{cecda39: PendingIntentRecord{7fc2cc9 com.android.bluetooth broadcastIntent}}
01-06 11:16:33.331 1358-1459/? V/AlarmManager:  remove PendingIntent] PendingIntent{c6c787e: PendingIntentRecord{7fc2cc9 com.android.bluetooth broadcastIntent}}
01-06 11:16:33.331 1358-2617/? V/AlarmManager:  remove PendingIntent] PendingIntent{659e1df: PendingIntentRecord{7fc2cc9 com.android.bluetooth broadcastIntent}}
01-06 11:16:33.331 1358-1458/? V/AlarmManager:  remove PendingIntent] PendingIntent{8914e2c: PendingIntentRecord{7fc2cc9 com.android.bluetooth broadcastIntent}}
01-06 11:16:33.341 1358-2300/? V/AlarmManager:  remove PendingIntent] PendingIntent{db7e0f5: PendingIntentRecord{7fc2cc9 com.android.bluetooth broadcastIntent}}
01-06 11:16:33.341 1358-3408/? V/AlarmManager:  remove PendingIntent] PendingIntent{539e8a: PendingIntentRecord{7fc2cc9 com.android.bluetooth broadcastIntent}}
01-06 11:16:33.341 1358-3432/? V/AlarmManager:  remove PendingIntent] PendingIntent{6a4bcfb: PendingIntentRecord{7fc2cc9 com.android.bluetooth broadcastIntent}}
01-06 11:16:33.341 1358-2618/? V/AlarmManager:  remove PendingIntent] PendingIntent{adb2118: PendingIntentRecord{7fc2cc9 com.android.bluetooth broadcastIntent}}
01-06 11:16:33.341 1358-2616/? V/AlarmManager:  remove PendingIntent] PendingIntent{3f29771: PendingIntentRecord{7fc2cc9 com.android.bluetooth broadcastIntent}}
01-06 11:16:33.351 1358-2782/? V/AlarmManager:  remove PendingIntent] PendingIntent{ad51956: PendingIntentRecord{7fc2cc9 com.android.bluetooth broadcastIntent}}
01-06 11:16:33.351 1358-3431/? V/AlarmManager:  remove PendingIntent] PendingIntent{8f82dd7: PendingIntentRecord{7fc2cc9 com.android.bluetooth broadcastIntent}}
01-06 11:16:33.351 1358-3407/? V/AlarmManager:  remove PendingIntent] PendingIntent{aed36c4: PendingIntentRecord{7fc2cc9 com.android.bluetooth broadcastIntent}}
01-06 11:16:33.351 1358-2315/? V/AlarmManager:  remove PendingIntent] PendingIntent{d4839ad: PendingIntentRecord{7fc2cc9 com.android.bluetooth broadcastIntent}}
01-06 11:16:33.351 1358-2616/? V/AlarmManager:  remove PendingIntent] PendingIntent{22174e2: PendingIntentRecord{7fc2cc9 com.android.bluetooth broadcastIntent}}
01-06 11:16:33.351 1358-2782/? V/AlarmManager:  remove PendingIntent] PendingIntent{2a7d073: PendingIntentRecord{7fc2cc9 com.android.bluetooth broadcastIntent}}
01-06 11:16:33.361 1358-3431/? V/AlarmManager:  remove PendingIntent] PendingIntent{ee8fb30: PendingIntentRecord{7fc2cc9 com.android.bluetooth broadcastIntent}}
01-06 11:16:33.361 1358-3407/? V/AlarmManager:  remove PendingIntent] PendingIntent{cdbc3a9: PendingIntentRecord{7fc2cc9 com.android.bluetooth broadcastIntent}}
01-06 11:16:33.361 1358-2315/? V/AlarmManager:  remove PendingIntent] PendingIntent{ce5fd2e: PendingIntentRecord{7fc2cc9 com.android.bluetooth broadcastIntent}}
01-06 11:16:33.361 1358-2301/? V/AlarmManager:  remove PendingIntent] PendingIntent{a500cf: PendingIntentRecord{7fc2cc9 com.android.bluetooth broadcastIntent}}
01-06 11:16:33.361 1358-3441/? V/AlarmManager:  remove PendingIntent] PendingIntent{b9a9a5c: PendingIntentRecord{7fc2cc9 com.android.bluetooth broadcastIntent}}
01-06 11:16:33.361 1358-2144/? V/AlarmManager:  remove PendingIntent] PendingIntent{b03f165: PendingIntentRecord{7fc2cc9 com.android.bluetooth broadcastIntent}}
01-06 11:16:33.371 1358-2699/? V/AlarmManager:  remove PendingIntent] PendingIntent{d58be3a: PendingIntentRecord{7fc2cc9 com.android.bluetooth broadcastIntent}}
01-06 11:16:33.371 1358-1459/? V/AlarmManager:  remove PendingIntent] PendingIntent{39adaeb: PendingIntentRecord{7fc2cc9 com.android.bluetooth broadcastIntent}}
01-06 11:16:33.371 1358-2617/? V/AlarmManager:  remove PendingIntent] PendingIntent{4650048: PendingIntentRecord{7fc2cc9 com.android.bluetooth broadcastIntent}}
01-06 11:16:33.371 1358-1458/? V/AlarmManager:  remove PendingIntent] PendingIntent{4c73ee1: PendingIntentRecord{7fc2cc9 com.android.bluetooth broadcastIntent}}
01-06 11:16:33.371 1358-2300/? V/AlarmManager:  remove PendingIntent] PendingIntent{1048406: PendingIntentRecord{7fc2cc9 com.android.bluetooth broadcastIntent}}
01-06 11:16:33.371 1358-3408/? V/AlarmManager:  remove PendingIntent] PendingIntent{1ca3ac7: PendingIntentRecord{7fc2cc9 com.android.bluetooth broadcastIntent}}
01-06 11:16:33.381 1358-3432/? V/AlarmManager:  remove PendingIntent] PendingIntent{dedd8f4: PendingIntentRecord{7fc2cc9 com.android.bluetooth broadcastIntent}}
01-06 11:16:33.381 1358-2618/? V/AlarmManager:  remove PendingIntent] PendingIntent{717e81d: PendingIntentRecord{7fc2cc9 com.android.bluetooth broadcastIntent}}
01-06 11:16:33.381 1358-2616/? V/AlarmManager:  remove PendingIntent] PendingIntent{154da92: PendingIntentRecord{7fc2cc9 com.android.bluetooth broadcastIntent}}
01-06 11:16:33.381 1358-2782/? V/AlarmManager:  remove PendingIntent] PendingIntent{aa5bc63: PendingIntentRecord{7fc2cc9 com.android.bluetooth broadcastIntent}}
01-06 11:16:33.381 1358-3431/? V/AlarmManager:  remove PendingIntent] PendingIntent{f899060: PendingIntentRecord{7fc2cc9 com.android.bluetooth broadcastIntent}}
