
01-06 11:16:10.341 936-1430/? D/ACDB-LOADER: ACDB -> send_afe_topology
01-06 11:16:10.341 936-1430/? D/ACDB-LOADER: ACDB -> ACDB_CMD_GET_AFE_TOPOLOGY_ID
01-06 11:16:10.341 936-1430/? D/ACDB-LOADER: ACDB -> GET_AFE_TOPOLOGY_ID for adcd_id 15, Topology Id 10001061
01-06 11:16:10.341 936-1430/? D/ACDB-LOADER: ACDB -> send_afe_cal
01-06 11:16:10.341 936-1430/? D/ACDB-LOADER: ACDB -> ACDB_CMD_GET_AFE_COMMON_TABLE
                                             
                                             
                                             [ 01-06 11:16:10.341   936: 1430 D/         ]
                                             ACDBFILE_MGR:Read the devices count as zero, please check the acdb file
                                             
                                             
                                             [ 01-06 11:16:10.341   936: 1430 D/         ]
                                             ACDBFILE_MGR:Read the devices count as zero, please check the acdb file
01-06 11:16:10.341 936-1430/? D/ACDB-LOADER: ACDB -> AUDIO_SET_AFE_CAL
01-06 11:16:10.341 936-1430/? D/ACDB-LOADER: ACDB -> send_hw_delay : acdb_id = 15 path = 0
01-06 11:16:10.341 936-1430/? D/ACDB-LOADER: ACDB -> ACDB_AVSYNC_INFO: ACDB_CMD_GET_DEVICE_PROPERTY
01-06 11:16:10.341 936-1430/? D/audio_hw_primary: enable_audio_route: apply mixer and update path: low-latency-playback speaker
01-06 11:16:10.341 936-1430/? D/audio_route: Setting mixer control: PRI_MI2S_RX Audio Mixer MultiMedia5, value: 1
01-06 11:16:10.341 936-1430/? V/audio_hw_primary: enable_audio_route: exit
01-06 11:16:10.341 936-1430/? V/audio_hw_primary: [MAXIM] dsm_spkr_prot_control_tx_topology() enable:1, dsm_is_enabled:0
01-06 11:16:10.341 936-1430/? D/hardware_info: hw_info_append_hw_type : device_name = vi-feedback
01-06 11:16:10.341 936-1430/? D/audio_hw_primary: enable_snd_device: snd_device(403: vi-feedback)
01-06 11:16:10.341 936-1430/? V/audio_hw_primary: enable_audio_route: enter: usecase(42)
01-06 11:16:10.341 936-1430/? I/audio_hw_utils: audio_extn_utils_send_app_type_cfg CAPTURE app_type 69936, acdb_dev_id 102, sample_rate 48000
01-06 11:16:10.341 936-1430/? V/msm8974_platform: platform_send_audio_calibration: sending audio calibration for snd_device(403) acdb_id(102)
01-06 11:16:10.341 936-1430/? D/ACDB-LOADER: ACDB -> send_audio_cal, acdb_id = 102, path = 1, app id = 0x11130, sample rate = 48000
01-06 11:16:10.341 936-1430/? D/ACDB-LOADER: ACDB -> send_asm_topology
01-06 11:16:10.341 936-1430/? D/ACDB-LOADER: ACDB -> ACDB_CMD_GET_AUDPROC_STREAM_TOPOLOGY_ID
01-06 11:16:10.341 936-1430/? D/ACDB-LOADER: ACDB -> send_adm_topology
01-06 11:16:10.341 936-1430/? D/ACDB-LOADER: ACDB -> ACDB_CMD_GET_AUDPROC_COMMON_TOPOLOGY_ID
01-06 11:16:10.341 936-1430/? D/ACDB-LOADER: ACDB -> send_audtable
01-06 11:16:10.341 936-1430/? D/ACDB-LOADER: ACDB -> ACDB_CMD_GET_AUDPROC_COMMON_TABLE_SIZE
                                             
                                             
                                             [ 01-06 11:16:10.341   936: 1430 D/         ]
                                             ACDBFILE_MGR:Read the devices count as zero, please check the acdb file
                                             
                                             
                                             [ 01-06 11:16:10.341   936: 1430 D/         ]
                                             ACDBFILE_MGR:Read the devices count as zero, please check the acdb file
01-06 11:16:10.351 936-1430/? D/ACDB-LOADER: ACDB -> ACDB_CMD_GET_AUDPROC_COMMON_TABLE
                                             
                                             
                                             [ 01-06 11:16:10.351   936: 1430 D/         ]
                                             ACDBFILE_MGR:Read the devices count as zero, please check the acdb file
                                             
                                             
                                             [ 01-06 11:16:10.351   936: 1430 D/         ]
                                             ACDBFILE_MGR:Read the devices count as zero, please check the acdb file
01-06 11:16:10.351 936-1430/? D/ACDB-LOADER: ACDB -> AUDIO_SET_AUDPROC_CAL
01-06 11:16:10.351 936-1430/? D/ACDB-LOADER: ACDB -> send_audvoltable
01-06 11:16:10.351 936-1430/? D/ACDB-LOADER: ACDB -> ACDB_CMD_GET_AUDPROC_GAIN_DEP_STEP_TABLE, vol index 0
                                             
                                             
                                             [ 01-06 11:16:10.351   936: 1430 D/         ]
                                             ACDBFILE_MGR:Read the devices count as zero, please check the acdb file
                                             
                                             
                                             [ 01-06 11:16:10.351   936: 1430 D/         ]
                                             ACDBFILE_MGR:Read the devices count as zero, please check the acdb file
                                             
                                             
                                             [ 01-06 11:16:10.351   936: 1430 D/         ]
                                             Failed to fetch the lookup information of the device 00000066 
01-06 11:16:10.351 936-1430/? E/ACDB-LOADER: Error: ACDB AudProc vol returned = -19
01-06 11:16:10.351 936-1430/? D/ACDB-LOADER: ACDB -> AUDIO_SET_VOL_CAL cal type = 12
01-06 11:16:10.351 936-1430/? D/ACDB-LOADER: ACDB -> send_audstrmtable
01-06 11:16:10.351 936-1430/? D/ACDB-LOADER: ACDB -> ACDB_CMD_GET_AUDPROC_STREAM_TABLE_V2
01-06 11:16:10.351 936-1430/? D/ACDB-LOADER: ACDB -> audstrm_cal->cal_type.cal_data.cal_size = 4160
01-06 11:16:10.351 936-1430/? D/ACDB-LOADER: ACDB -> send_afe_topology
01-06 11:16:10.351 936-1430/? D/ACDB-LOADER: ACDB -> ACDB_CMD_GET_AFE_TOPOLOGY_ID
01-06 11:16:10.351 936-1430/? D/ACDB-LOADER: ACDB -> GET_AFE_TOPOLOGY_ID for adcd_id 102, Topology Id 10001060
01-06 11:16:10.351 936-1430/? D/ACDB-LOADER: ACDB -> send_afe_cal
01-06 11:16:10.351 936-1430/? D/ACDB-LOADER: ACDB -> ACDB_CMD_GET_AFE_COMMON_TABLE
                                             
                                             
                                             [ 01-06 11:16:10.351   936: 1430 D/         ]
                                             ACDBFILE_MGR:Read the devices count as zero, please check the acdb file
                                             
                                             
                                             [ 01-06 11:16:10.351   936: 1430 D/         ]
                                             ACDBFILE_MGR:Read the devices count as zero, please check the acdb file
01-06 11:16:10.351 936-1430/? D/ACDB-LOADER: ACDB -> AUDIO_SET_AFE_CAL
01-06 11:16:10.351 936-1430/? D/ACDB-LOADER: ACDB -> send_hw_delay : acdb_id = 102 path = 1
01-06 11:16:10.351 936-1430/? D/ACDB-LOADER: ACDB -> ACDB_AVSYNC_INFO: ACDB_CMD_GET_DEVICE_PROPERTY
01-06 11:16:10.351 936-1430/? D/audio_hw_primary: enable_audio_route: apply mixer and update path: spkr-vi-feedback
01-06 11:16:10.351 936-1430/? D/audio_route: Setting mixer control: MultiMedia2 Mixer PRI_MI2S_TX, value: 1
01-06 11:16:10.351 936-1430/? V/audio_hw_primary: enable_audio_route: exit
01-06 11:16:10.361 2266-2266/? V/KeyguardFingerPrint: updateFingerprintListeningState(false)
01-06 11:16:10.361 2266-2266/? D/KeyguardFingerPrint: shouldListenForFingerprint ( isFingerPrintLockscreen = false , mobileKeyboardConnected = false , coverClosed = false , getLockoutAttemptDeadline = false , mIsUnlockingWithFingerprintForced = false
01-06 11:16:10.361 2266-2266/? V/KeyguardUpdateMonitor: stopListeningForFingerprint()
01-06 11:16:10.371 2266-2266/? D/KeyguardViewMediator: adjustStatusBarLocked: mShowing=false mOccluded=false isSecure=false --> flags=0x0
01-06 11:16:10.371 1358-2618/? D/StatusBarManagerService: manageDisableList userId=0 what=0x0 pkg=com.android.systemui
01-06 11:16:10.371 2266-2266/? D/KeyguardFingerPrint: setDisableFingerPrintBySecurityDialog( false )
01-06 11:16:10.371 2266-2266/? D/PhoneStatusBar: makeExpandedInvisible: mExpandedVisible=false, state = 1
01-06 11:16:10.371 4013-4013/? I/ActionReportService: receive msg triggerType:3
01-06 11:16:10.371 4013-4013/? I/QqsecureActive: checkStartTMSecure triggerType3
01-06 11:16:10.371 1358-1358/? E/MotionRecognitionService:   mReceiver.onReceive : ACTION_USER_PRESENT  :: UNLOCK SCREEN
01-06 11:16:10.371 1358-1358/? W/ResourcesManager: getTopLevelResources: /system/priv-app/SamsungCamera5/SamsungCamera5.apk / 1.0 running in null rsrc of package com.sec.android.app.camera
01-06 11:16:10.381 1358-1358/? D/UniversalCredentialManagerService: inside mBReciever onReceive : android.intent.action.USER_PRESENT
01-06 11:16:10.381 936-1430/? V/audio_hw_primary: [MAXIM] dsm_spkr_prot_control_tx_topology() dsm enabled (c:0 d:1 m:0)
01-06 11:16:10.381 1358-1358/? D/ResourcesManager: For user 0 new overlays fetched Null
01-06 11:16:10.381 936-1430/? D/audio_hw_primary: select_devices: done
01-06 11:16:10.381 1358-2782/? V/WindowOrientationListener: setCurrentAppOrientation :-1
01-06 11:16:10.381 936-1430/? V/audio_hw_primary: start_output_stream: Opening PCM device card_id(0) device_id(15) format(0)
01-06 11:16:10.381 1358-2782/? V/WindowOrientationListener: OrientationSensorJudge.getProposedRotation, Rotation: -1
01-06 11:16:10.381 936-1430/? V/msm8974_platform: platform_set_channel_map channel_count:2
01-06 11:16:10.381 1358-2782/? V/WindowManager: rotationForOrientationLw(orient=-1, last=0); user=0  sensorRotation=-1 mLidState=-1 mDockMode=0 mHdmiPlugged=false mMobileKeyboardEnabled=false displayId=0
01-06 11:16:10.381 936-1430/? D/msm8974_platform: platform_set_channel_map mixer_ctl_name:Playback Channel Map15
01-06 11:16:10.381 1358-2782/? V/WindowOrientationListener: OrientationSensorJudge.getProposedRotation, Rotation: -1
01-06 11:16:10.381 936-1430/? D/msm8974_platform: platform_set_channel_map: set mapping(1 2 0 0 0 0 0 0) for channel:2
01-06 11:16:10.381 1358-1531/? D/StatusBarManagerService: manageDisableList userId=0 what=0x0 pkg=Window{3c8cde3 u0 d0 com.samsung.android.packageinstaller/com.android.packageinstaller.permission.ui.ManagePermissionsActivity}
01-06 11:16:10.381 936-1430/? V/audio_hw_primary: start_output_stream: pcm_prepare
01-06 11:16:10.381 1358-1358/? W/ResourcesManager: getTopLevelResources: /system/priv-app/SamsungCamera5/SamsungCamera5.apk / 1.0 running in null rsrc of package com.sec.android.app.camera
01-06 11:16:10.381 1358-1358/? D/SecContentProvider: query(), uri = 18 selection = isUsbMediaPlayerAvailable
01-06 11:16:10.381 1358-1358/? W/ResourcesManager: getTopLevelResources: /system/app/STalkback/STalkback.apk / 1.0 running in null rsrc of package com.samsung.android.app.talkback
01-06 11:16:10.381 1358-1358/? D/ResourcesManager: For user 0 new overlays fetched Null
01-06 11:16:10.381 1358-1358/? W/ResourcesManager: getTopLevelResources: /system/app/STalkback/STalkback.apk / 1.0 running in null rsrc of package com.samsung.android.app.talkback
01-06 11:16:10.381 1358-1358/? W/ResourcesManager: getTopLevelResources: /system/app/UniversalSwitch/UniversalSwitch.apk / 1.0 running in null rsrc of package com.samsung.android.universalswitch
01-06 11:16:10.381 1358-1358/? D/ResourcesManager: For user 0 new overlays fetched Null
01-06 11:16:10.381 1358-1358/? W/ResourcesManager: getTopLevelResources: /system/app/UniversalSwitch/UniversalSwitch.apk / 1.0 running in null rsrc of package com.samsung.android.universalswitch
01-06 11:16:10.381 1358-1358/? D/LightsService: [api] [SvcLED] turnOff:: id = 6 (uid: 1000 pid: 1358) 
01-06 11:16:10.381 1358-1358/? D/LightsService: [SvcLED] setSvcLedStateLocked:: SvcLEDState : 0x0 -> 0x0 | SvcLED(id=6) set Off
01-06 11:16:10.391 1358-2782/? D/InputDispatcher: Focus left window: 2266
01-06 11:16:10.381 1358-1358/? D/UsbDeviceManager: Keyguard Lock/Unlock
01-06 11:16:10.391 1358-2782/? D/InputDispatcher: Focus entered window: 8356
01-06 11:16:10.381 1358-1358/? D/UsbDeviceManager: updateUsbNotification : mConnected = true, mConfigured = true, mCurrentFunctions = mtp,adb
01-06 11:16:10.391 2502-2502/? I/PeopleStripeVisibilityController: UserPresentBroadcastReceiver : action = android.intent.action.USER_PRESENT
01-06 11:16:10.381 1358-1651/? D/LightsService: [SvcLED] handleForcedSvcLEDTask()
01-06 11:16:10.381 1358-1651/? D/LightsService: [SvcLED]  setSvcLedLightLocked :: Current SvcLED(id=5) maintains its priority right
01-06 11:16:10.391 3975-3975/? I/TrayVisibilityController: UserPresentBroadcastReceiver : action = android.intent.action.USER_PRESENT
01-06 11:16:10.381 1358-1358/? D/UsbDeviceManager: mps exists
01-06 11:16:10.381 1358-1358/? D/UsbDeviceManager: updateUsbNotification : cancel id = 17040367, title = 正在通过 USB 传输媒体文件
01-06 11:16:10.391 1358-1358/? D/UsbDeviceManager: updateUsbNotification : isKeyguardShowingAndNotOccluded = false, isKeyguardSecure = false, mBootCompleted = true
01-06 11:16:10.391 1358-2782/? D/PowerManagerService: [api] setUserActivityTimeoutOverrideFromWindowManagerInternal: timeoutMillis: -1
01-06 11:16:10.391 1358-2782/? D/PowerManagerService: [s] getScreenOffTimeoutLocked: 10000 -> 30000
01-06 11:16:10.391 1358-2300/? D/CoverManagerWhiteLists: isAllowedToUse : SIGNATURE_MATCH
01-06 11:16:10.391 1358-2782/? D/PowerManagerService: [api] setScreenDimDurationOverrideFromWindowManagerInternal: timeoutMillis: -1
01-06 11:16:10.391 4958-4958/? E/SamsungIME: invoke(): method is null
01-06 11:16:10.391 7498-7498/? E/MtpService: In MTPAPP onReceive:android.intent.action.USER_PRESENT
01-06 11:16:10.391 7498-7498/? E/MtpService: Inside ACTION_USER_PRESENT:android.intent.action.USER_PRESENT
01-06 11:16:10.401 1358-1529/? V/BroadcastQueue: [background] Process cur broadcast BroadcastRecord{41d5dbb u0 android.intent.action.USER_PRESENT qIdx=4}, state= (APP_RECEIVE) DELIVERED for app ProcessRecord{fa1d515 6644:com.samsung.android.sm/1000}
01-06 11:16:10.401 1358-1626/? D/PointerIcon: setMouseIconStyle1 pointerType: 1001 iconType:101 flag:0 pid:1358 uid:1000
01-06 11:16:10.401 1358-1626/? D/PointerIcon: setMouseCustomIcon IconType is same.101
01-06 11:16:10.401 2636-5056/? D/NfcService: call the applyRouting
01-06 11:16:10.401 936-1430/? D/audio_hw_primary: start_output_stream: exit
01-06 11:16:10.411 1358-1358/? D/ApplicationPolicy: isStatusBarNotificationAllowedAsUser: packageName = android,userId = -1
01-06 11:16:10.411 2266-2266/? D/PhoneStatusBar: disable: < expand icons* alerts system_info* back home* recent* clock search* quick_settings >
01-06 11:16:10.411 1358-1358/? D/UsbDeviceManager: updateUsbNotification : notify id = 17040367, title = 正在通过 USB 传输媒体文件
01-06 11:16:10.411 1358-1358/? D/UniversalCredentialManagerService: ****MSG_LOCK_STATUS_UPDATE block started****
01-06 11:16:10.411 1358-1358/? D/UniversalCredentialManagerService: notifyChangeToPlugin is called for Lock status update...
01-06 11:16:10.411 1358-1358/? D/UcmService: notifyChangeToPlugin event 16
01-06 11:16:10.411 1358-1358/? D/UcmService: checkCallerPermissionFor is called for method-notifyChangeToPlugin
01-06 11:16:10.411 1358-1358/? I/UcmService: checkIfNotify for cs Name = com.sec.smartcard.manager:com.samsung.ucs.agent.baiMobile Package name = com.sec.smartcard.manager
01-06 11:16:10.411 1358-1358/? D/UcmService: notifying to unmanaged plugin
01-06 11:16:10.411 2703-2719/? E/ucsBai_agentService: notifyChange NOT SUPPORTED
01-06 11:16:10.411 1358-1358/? D/UcmService: agentService com.sec.smartcard.manager:com.samsung.ucs.agent.baiMobile notify status - 0
01-06 11:16:10.411 1358-1358/? D/UcmService: agentService status-0
01-06 11:16:10.411 1358-1358/? I/UcmService: checkIfNotify for cs Name = com.samsung.ucs.agent.ese:eSE Credential Storage Package name = com.samsung.ucs.agent.ese
01-06 11:16:10.411 1358-1358/? D/UcmService: notifying to managed plugin
01-06 11:16:10.411 1358-1358/? D/UcmService: checkIfNotify: Valid userid - 0
01-06 11:16:10.411 1358-1358/? D/PolicyManager: PolicyManager.isStorageEnabled() for userId = 0
01-06 11:16:10.411 1358-1358/? D/UniversalCredentialManagerService: checkCallerPermissionFor is called for method-isCredentialStorageManagedAsUser
01-06 11:16:10.411 1358-1358/? D/UniversalCredentialManagerService: isCredentialStorageManagedAsUser is called....
01-06 11:16:10.411 1358-1358/? D/PolicyManager: PolicyManager.isStorageEnabled() result = false
01-06 11:16:10.411 1358-1358/? D/UcmService: agentService com.samsung.ucs.agent.ese:eSE Credential Storage not notified
01-06 11:16:10.411 1358-1358/? D/UcmService: agentService status-0
01-06 11:16:10.411 1358-1358/? I/UcmService: checkIfNotify for cs Name = com.samsung.ucs.agent.boot:com.samsung.ucs.agent.boot Package name = com.samsung.ucs.agent.boot
01-06 11:16:10.411 1358-1358/? D/UcmService: notifying to unmanaged plugin
01-06 11:16:10.411 2720-2739/? D/BootAgentService: notifyChange eventId-16
01-06 11:16:10.411 1358-1358/? D/UcmService: agentService com.samsung.ucs.agent.boot:com.samsung.ucs.agent.boot notify status - -1
01-06 11:16:10.411 1358-1358/? D/UcmService: agentService status--1
01-06 11:16:10.411 1358-1358/? I/MdnieScenarioControlService: action  :  android.intent.action.USER_PRESENT
01-06 11:16:10.411 1358-1358/? D/UniversalCredentialManagerService: ****MSG_LOCK_STATUS_UPDATE block ended****
01-06 11:16:10.421 8552-8552/? E/Zygote: v2
01-06 11:16:10.421 8552-8552/? I/libpersona: KNOX_SDCARD checking this for 10116
01-06 11:16:10.421 8552-8552/? I/libpersona: KNOX_SDCARD not a persona
01-06 11:16:10.431 8552-8552/? W/SELinux: Function: selinux_compare_spd_ram, index[1], priority [2], priority version is VE=SEPF_SECMOBILE_6.0.1_0025
01-06 11:16:10.431 1358-2616/? I/ActivityManager: Start proc 8552:com.samsung.android.opencalendar:bdservice_v1/u0a116 for broadcast-3 com.samsung.android.opencalendar/com.baidu.android.pushservice.PushServiceReceiver
01-06 11:16:10.431 8552-8552/? E/Zygote: accessInfo : 0
01-06 11:16:10.431 8552-8552/? W/SELinux: SELinux: seapp_context_lookup: seinfo=release, level=s0:c512,c768, pkgname=com.samsung.android.opencalendar:bdservice_v1 
01-06 11:16:10.431 1358-1358/? D/MdnieScenarioControlService:  packageName : com.samsung.android.packageinstaller    className : com.android.packageinstaller.permission.ui.ManagePermissionsActivity
01-06 11:16:10.431 1358-1358/? D/EdgeLight: Turning off
01-06 11:16:10.431 1358-1358/? D/LightsService: [api] [SvcLED] turnOff:: id = 6 (uid: 1000 pid: 1358) 
01-06 11:16:10.431 1358-1358/? I/PalmMotion: [PALM] SURFACE_MOTION_ENGINE: 1 SURFACE_PALM_TOUCH: 1
01-06 11:16:10.431 1358-1358/? D/LightsService: [SvcLED] setSvcLedStateLocked:: SvcLEDState : 0x0 -> 0x0 | SvcLED(id=6) set Off
01-06 11:16:10.431 1358-1358/? I/PalmMotion: [PALM] SURFACE_PALM_SWIPE: 1
01-06 11:16:10.431 1358-1358/? D/PalmMotion: [PALM] SETTINGS : [TOUCH: true] [SWEEP: true]
01-06 11:16:10.431 1358-1358/? D/PalmMotion: [PALM] ACCEPTED : [hero2qlte] PALM_CNT : 2, M_TOUCH : 50.0, M_SWEEP : 100.0, E_SWEEP : 2.0, IGNORE_M_SWEEP : false
01-06 11:16:10.431 1358-1651/? D/LightsService: [SvcLED] handleForcedSvcLEDTask()
01-06 11:16:10.431 1358-1651/? D/LightsService: [SvcLED]  setSvcLedLightLocked :: Current SvcLED(id=5) maintains its priority right
01-06 11:16:10.441 2497-2512/? D/CatchNotificationsService: onNotificationRemoved
01-06 11:16:10.441 1358-1358/? D/MARsPolicyManager: NotificationListenerService OngoingNotificationRemoved : android
01-06 11:16:10.441 2497-2512/? D/CatchNotificationsService: Notification removed
01-06 11:16:10.441 1358-1358/? W/ResourcesManager: getTopLevelResources: /system/framework/framework-res.apk / 1.0 running in null rsrc of package android
01-06 11:16:10.441 2636-3805/? E/NxpNfcJni: getReconnectState = 0x0
01-06 11:16:10.441 1358-1358/? D/MARsPolicyManager: NotificationListenerService OngoingNotificationPosted : android
01-06 11:16:10.441 2502-6342/? D/PeopleNotiListenerService: onEdgeNotificationRemoved() : pkg android,id=0,extra=Bundle[mParcelledData.dataSize=112]
01-06 11:16:10.441 2502-6342/? D/PeopleNotiListenerService: onEdgeNotificationRemoved() : pkg android,id=17040367,extra=Bundle[mParcelledData.dataSize=84]
01-06 11:16:10.441 2502-2502/? D/PeopleNotiListenerService: removeEdgeNotification:Bundle[{samsung.notification.id=0, samsung.people.package_name=android, samsung.people.notification_type=led_indicator}]
01-06 11:16:10.441 2502-2502/? D/PeopleNotiListenerService: removeEdgeNotification:Bundle[{samsung.notification.id=17040367, samsung.notification.type=normal, samsung.people.package_name=android}]
01-06 11:16:10.441 2502-2502/? I/PeopleStripeService: PeopleNotificationReceiver:3
01-06 11:16:10.441 2502-2502/? I/PeopleStripeService: sendEdgeNotification  peopleEnabled true lightingEnabled true edgeEnabled true
01-06 11:16:10.441 2502-2502/? I/PeopleDataManager: removeNotification
01-06 11:16:10.441 2502-2502/? I/NotificationParser: getNotiType:android,led_indicator
01-06 11:16:10.441 2502-2502/? D/PeopleDataManager: removeNotiInfo: id =0,packageName=android,isEdgeNotification=true,key=null,removeAll=false
01-06 11:16:10.441 2502-2502/? D/PeopleDataManager: removeNotiInfo =null
01-06 11:16:10.441 2502-2502/? I/PeopleStripeService: PeopleNotificationReceiver:3
01-06 11:16:10.441 2502-2502/? I/PeopleStripeService: sendEdgeNotification  peopleEnabled true lightingEnabled true edgeEnabled true
01-06 11:16:10.441 2502-2502/? I/PeopleDataManager: removeNotification
01-06 11:16:10.441 2502-2502/? I/NotificationParser: getNotiType:android,null
01-06 11:16:10.441 2502-2502/? D/PeopleDataManager: removeNotiInfo: id =17040367,packageName=android,isEdgeNotification=false,key=null,removeAll=false
01-06 11:16:10.441 2502-2502/? D/PeopleDataManager: removeNotiInfo =null
01-06 11:16:10.441 3975-3975/? I/CocktailBarUiController: onUpdateCocktail: 2
01-06 11:16:10.441 3975-3975/? I/CocktailBarPanelManager: updatePanelItem: updateContainedPanel - 2
01-06 11:16:10.441 3975-3975/? D/CatchNotificationsView: setData
01-06 11:16:10.441 3975-3975/? D/CatchNotificationsView: Notification removed
01-06 11:16:10.441 3975-3975/? D/CatchNotificationsView: No notifications left to remove
01-06 11:16:10.441 3975-3975/? D/CatchNotificationsView: makeNoNotificationsPanel
01-06 11:16:10.441 3975-3975/? W/ResourcesManager: getTopLevelResources: /system/priv-app/AppsEdgePanel/AppsEdgePanel.apk / 1.0 running in com.samsung.android.app.cocktailbarservice rsrc of package com.samsung.android.app.appsedge
01-06 11:16:10.441 3975-3975/? D/PanelDescriptionView: updateHelpView: 应用程序侧屏2130903041 --> 2130903041 helpview reapplied:0
01-06 11:16:10.441 3975-3975/? W/ResourcesManager: getTopLevelResources: /system/priv-app/AppsEdgePanel/AppsEdgePanel.apk / 1.0 running in com.samsung.android.app.cocktailbarservice rsrc of package com.samsung.android.app.appsedge
01-06 11:16:10.441 3975-3975/? D/CocktailBarUiController: postUpdatePanel: 257
01-06 11:16:10.441 3975-3975/? W/ResourcesManager: getTopLevelResources: /system/priv-app/AppsEdgePanel/AppsEdgePanel.apk / 1.0 running in com.samsung.android.app.cocktailbarservice rsrc of package com.samsung.android.app.appsedge
01-06 11:16:10.451 2266-2266/? D/PhoneStatusBar: removeNotification key=-1|android|17040367|null|1000 old=StatusBarNotification(pkg=android user=UserHandle{-1} id=17040367 tag=null score=-20 key=-1|android|17040367|null|1000: Notification(pri=-2 contentView=android/0x10900a3 vibrate=null sound=null tick defaults=0x0 flags=0x2 color=0xff7792a9 vis=PUBLIC secFlags=0x0 secPriority=0))
01-06 11:16:10.451 2266-2266/? D/PhoneStatusBar: setAreThereNotifications: N=2 any=true clearable=true
01-06 11:16:10.451 2497-2512/? D/CatchNotificationsService: onNotificationPosted
01-06 11:16:10.461 1358-3431/? D/ActivityManager: post active user change for 0 fullscreen true isFloatingActivity() false isHomeActivity() false
01-06 11:16:10.461 1358-3431/? D/KnoxTimeoutHandler: postActiveUserChange [MsgParam] userId: 0 fullscreen is true showWhenlocked is false
01-06 11:16:10.461 2636-3805/? E/NxpNfcJni: getReconnectState = 0x0
01-06 11:16:10.461 1358-1358/? D/KnoxTimeoutHandler: handleActiveUserChange [MsgParam] userId: 0 fullscreen is true showWhenlocked is false
01-06 11:16:10.471 1358-1358/? I/KnoxTimeoutHandler: Shared devices show user statefalse
01-06 11:16:10.471 2636-3805/? E/NfcNfa: UICC/ESE[0x402] is not activated
01-06 11:16:10.471 1358-2301/? D/InputMethodManagerService: windowGainedFocus mCurrentFocusedUserId - 0 and mSecureKeypadEnabled-false
01-06 11:16:10.471 8356-8356/? W/ActivityThread: AppLock checkAppLockState isAppLocked = false pkgName = com.samsung.android.packageinstaller showWhenLocked = false
01-06 11:16:10.471 8552-8552/? D/TimaKeyStoreProvider: TimaSignature is unavailable
01-06 11:16:10.471 8552-8552/? D/ActivityThread: Added TimaKeyStore provider
01-06 11:16:10.481 7344-7355/? D/BadgeProvider: query, [selection] : null
01-06 11:16:10.481 4958-4958/? D/SamsungIME: IMPL finishInput
01-06 11:16:10.481 4958-4958/? D/RMHelper: SamsungIME : RMisReady() : client is null
01-06 11:16:10.481 4958-4958/? D/RMHelper: SamsungIME : RMisReady() : client is null
01-06 11:16:10.481 4958-4958/? D/RMHelper: RMHelper : initHelper()
01-06 11:16:10.481 1358-3407/? V/BroadcastQueue: [background] Process cur broadcast BroadcastRecord{41d5dbb u0 android.intent.action.USER_PRESENT qIdx=4}, state= (APP_RECEIVE) DELIVERED for app ProcessRecord{cb212d8 8552:com.samsung.android.opencalendar:bdservice_v1/u0a116}
01-06 11:16:10.491 4958-4958/? D/RMHelper: SamsungIME : initHelper() : client is null
01-06 11:16:10.491 4958-4958/? E/ActivityThread: Failed to find provider info for com.sec.android.inputmethod.resourcemanager
01-06 11:16:10.491 4958-4958/? D/RMHelper: SamsungIME : RMisReady() : client is null
01-06 11:16:10.491 4958-4958/? D/RMHelper: SamsungIME : RMisReady() : client is null
01-06 11:16:10.491 4958-4958/? D/RMHelper: RMHelper : initHelper()
01-06 11:16:10.491 2266-2266/? D/KnoxNotification: ----- inflateViews : modified publicViewLocal -----
01-06 11:16:10.491 2497-2512/? D/CatchNotificationsSupportedAppsDBHelper: isDisabled value : false
01-06 11:16:10.491 2497-2512/? D/CatchNotificationsSupportedAppsDBHelper: isPackageSupported value : false
01-06 11:16:10.491 2497-2512/? D/CatchNotificationsService: Notification from package is not supported
01-06 11:16:10.491 2636-5056/? D/NfcService: index : 0
01-06 11:16:10.491 2636-5056/? D/NfcService: index : 1
01-06 11:16:10.491 2636-5056/? D/NfcService: index : 2
01-06 11:16:10.491 4958-4958/? D/RMHelper: SamsungIME : initHelper() : client is null
01-06 11:16:10.491 4958-4958/? E/ActivityThread: Failed to find provider info for com.sec.android.inputmethod.resourcemanager
01-06 11:16:10.491 4958-4958/? D/RMHelper: SamsungIME : RMisReady() : client is null
01-06 11:16:10.491 4958-4958/? D/RMHelper: SamsungIME : RMisReady() : client is null
01-06 11:16:10.491 4958-4958/? D/RMHelper: RMHelper : initHelper()
01-06 11:16:10.491 4958-4958/? D/RMHelper: SamsungIME : initHelper() : client is null
01-06 11:16:10.491 4958-4958/? E/ActivityThread: Failed to find provider info for com.sec.android.inputmethod.resourcemanager
01-06 11:16:10.491 4958-4958/? D/SamsungIME: onStartInput: No inputType, No imeOption, isInputViewShown = false, isExtractViewShown = false, isShowInputRequested = false, isConfigChanged = false
01-06 11:16:10.501 8356-8356/? I/Timeline: Timeline: Activity_idle id: android.os.BinderProxy@c92113b time:917510
01-06 11:16:10.501 2266-2266/? D/KnoxNotification: ----- inflateViews : modified KnoxViewLocal -----
01-06 11:16:10.501 2266-2266/? D/PhoneStatusBar: setAreThereNotifications: N=3 any=true clearable=true
01-06 11:16:10.501 2266-2266/? D/PhoneStatusBar: hideKeyguard: state - 1, leaveOpen: false
01-06 11:16:10.501 2266-2266/? D/PhoneStatusBar: setBarState: state - 0
01-06 11:16:10.501 2266-2266/? D/StatusBar-Window: fnf=true sanc=false, kni=false, sbf=false
01-06 11:16:10.501 2266-2266/? D/CoverUI: applyFocusableFlag() : Remove SAMSUNG_FLAG_SVIEW_COVER
01-06 11:16:10.501 2266-2266/? D/StatusBarWindowManager: forceCollapsed : false isKeyguardShowingAndNotOccluded() : false panelVisible : false keyguardFadingAway : true bouncerShowing : false headsUpShowing : false
01-06 11:16:10.501 2266-2266/? D/CoverUI: applyHeight h = -1, oc = false, fa = true, ac = false, sc = false
01-06 11:16:10.511 2266-2266/? I/PhoneStatusBar: updateKeyguardState 1 to 0
01-06 11:16:10.511 8552-8552/? D/ContextRelationManager: ContextRelationManager() : FEATURE_ENABLED=true
01-06 11:16:10.511 8552-8552/? D/RelationGraph: garbageCollect()
01-06 11:16:10.511 2266-2266/? D/PanelView: setKeyguardBottomAreaVisibility() prevState=1, newState - 0 goingToShade - false
01-06 11:16:10.511 2266-2266/? D/PanelView: updateQsState
01-06 11:16:10.511 8552-8552/? W/ResourcesManager: getTopLevelResources: /system/app/OpenCalendar_M/OpenCalendar_M.apk / 1.0 running in com.samsung.android.opencalendar rsrc of package com.samsung.android.opencalendar
01-06 11:16:10.511 1358-2616/? I/InjectionManagerService -AppFeature: getCoreFeaturePkgList :[]
01-06 11:16:10.511 8552-8552/? I/InjectionManager: Inside getClassLibPath + mLibMap{0=, 1=}
01-06 11:16:10.511 8552-8552/? D/ResourcesManager: For user 0 new overlays fetched Null
01-06 11:16:10.521 8552-8552/? I/InjectionManager: Inside getClassLibPath caller 
01-06 11:16:10.521 2266-2266/? D/KeyguardSecurityModel: getSecurityMode( getActivePasswordQuality = 0 , currentuser = 0
01-06 11:16:10.521 2266-2266/? D/StatusBar-Window: fnf=true sanc=false, kni=false, sbf=false
01-06 11:16:10.521 2266-2266/? D/CoverUI: applyFocusableFlag() : Remove SAMSUNG_FLAG_SVIEW_COVER
01-06 11:16:10.521 2266-2266/? D/StatusBarWindowManager: forceCollapsed : false isKeyguardShowingAndNotOccluded() : false panelVisible : false keyguardFadingAway : false bouncerShowing : false headsUpShowing : false
01-06 11:16:10.521 2266-2266/? D/CoverUI: applyHeight h = 96, oc = false, fa = false, ac = false, sc = false
01-06 11:16:10.521 2266-2266/? D/KeyguardEffectViewController: setKeyguardFadingAway = false
01-06 11:16:10.521 2266-2266/? D/KeyguardEffectViewController: mShowing=false, mOccluded=false, mKeyguardFadingAway=false, match_parent=true
01-06 11:16:10.521 2266-2266/? D/KeyguardEffectViewController: ## mBackgroundView.onPause()
01-06 11:16:10.521 2266-2266/? D/KeyguardEffectViewLayered: onPause()
01-06 11:16:10.531 8552-8552/? W/System: ClassLoader referenced unknown path: /system/app/OpenCalendar_M/lib/arm64
01-06 11:16:10.531 2266-2604/? D/BluetoothTile: handleUpdateState :  supported = true, enabled = false, enabling = false, connected = false, connecting = false, mController.getLastDeviceName() = null
01-06 11:16:10.531 8552-8552/? D/InjectionManager: InjectionManager
01-06 11:16:10.531 8552-8552/? D/InjectionManager: fillFeatureStoreMap com.samsung.android.opencalendar
01-06 11:16:10.531 8552-8552/? I/InjectionManager: Constructor com.samsung.android.opencalendar, Feature store :{}
01-06 11:16:10.531 8552-8552/? I/InjectionManager: featureStore :{}
01-06 11:16:10.531 1358-2192/? I/MdnieScenarioControlService: mGameModeLauncher : false
01-06 11:16:10.531 1358-2192/? I/MdnieScenarioControlService: setUIMode
01-06 11:16:10.551 2266-2604/? D/FlashlightTile: handleUpdateState :  MultiState[visible=true,icon=ResourceIcon[resId=0x7f020374],label=手电筒,contentDescription=手电筒 按钮 关闭。,dualLabelContentDescription=null,autoMirrorDrawable=false,secondaryLabel=null,textTruncate=true,value=2,bgValue=0] arg : null
01-06 11:16:10.551 2266-2604/? D/AirplaneModeTile: getQSTileMultiState 2
01-06 11:16:10.551 2266-2604/? D/HotspotTile: handleUpdateState :mState.value =  2, 2
01-06 11:16:10.551 2266-2604/? D/PersonalModeTile: getMState state = 2
01-06 11:16:10.561 648-2225/? D/libEGL: eglTerminate EGLDisplay = 0x7f83f5eea8
01-06 11:16:10.561 2266-2604/? D/NfcTile: getNfcTileState : nfcState 3
01-06 11:16:10.561 2266-2604/? D/AodTile:  ExclusiveFeature getCount = 0
01-06 11:16:10.561 648-2225/? D/libEGL: eglTerminate EGLDisplay = 0x7f83f5eea8
01-06 11:16:10.571 8552-8566/? W/ResourcesManager: getTopLevelResources: /system/app/OpenCalendar_M/OpenCalendar_M.apk / 1.0 running in com.samsung.android.opencalendar rsrc of package com.samsung.android.opencalendar
01-06 11:16:10.571 2266-2604/? D/AodTile: handleUpdateState :  MultiState[visible=true,icon=ResourceIcon[resId=0x7f020378],label=息屏提醒,contentDescription=息屏提醒 按钮 开启。,dualLabelContentDescription=null,autoMirrorDrawable=false,secondaryLabel=null,textTruncate=false,value=1,bgValue=0] arg : null
01-06 11:16:10.571 8552-8566/? W/ResourcesManager: getTopLevelResources: /system/app/SearchBoxBaidu_OPEN/SearchBoxBaidu_OPEN.apk / 1.0 running in com.samsung.android.opencalendar rsrc of package com.baidu.searchbox_samsung
01-06 11:16:10.571 2266-2266/? D/KeyguardEffectViewController: onLayoutChange() v: com.android.keyguard.effect.EffectBehindView{531c5f4 I.E...... ......ID 0,0-1440,96 #7f0e0329 app:id/keyguard_effect_behind}, bottom : 96, oldBottom : 2560
01-06 11:16:10.571 2266-2266/? D/KeyguardEffectViewController: mShowing=false, mOccluded=false, mKeyguardFadingAway=false, match_parent=false
01-06 11:16:10.571 2266-2266/? W/View: requestLayout() improperly called by com.android.systemui.qs.QSContainer{fd0f77a V.E...... ......ID 0,464-1440,1300 #7f0e01bb app:id/quick_settings_container} during layout: running second layout pass
01-06 11:16:10.571 2266-2266/? I/ViewRootImpl: requestLayout is already in process
01-06 11:16:10.571 8552-8566/? D/ResourcesManager: For user 0 new overlays fetched Null
01-06 11:16:10.581 2266-2604/? D/RedPacketTile: handleUpdateState value = 2
01-06 11:16:10.581 2266-2266/? D/ScreenCaptureTile: action:com.samsung.systemui.statusbar.NOTIFICATION_EXPAND
01-06 11:16:10.581 8552-8566/? W/ResourcesManager: getTopLevelResources: /data/app/com.baidu.BaiduMap-1/base.apk / 1.0 running in com.samsung.android.opencalendar rsrc of package com.baidu.BaiduMap
01-06 11:16:10.591 8552-8566/? D/ResourcesManager: For user 0 new overlays fetched Null
01-06 11:16:10.591 648-648/? D/libEGL: eglInitialize EGLDisplay = 0x7fe9458118
01-06 11:16:10.591 648-648/? D/libEGL: eglTerminate EGLDisplay = 0x7fe94581a8
01-06 11:16:10.601 1358-1529/? V/BroadcastQueue: [background] Process cur broadcast BroadcastRecord{4a00631 u0 com.baidu.android.pushservice.action.METHOD qIdx=4}, state= (APP_RECEIVE) DELIVERED for app ProcessRecord{cb212d8 8552:com.samsung.android.opencalendar:bdservice_v1/u0a116}
01-06 11:16:10.601 936-1430/? V/audio_hw_primary: out_get_latency: Latency 8
01-06 11:16:10.611 648-648/? D/libEGL: eglInitialize EGLDisplay = 0x7fe9458118
01-06 11:16:10.611 936-1430/? V/audio_hw_primary: out_get_latency: Latency 8
01-06 11:16:10.621 1358-2144/? V/AlarmManager:  remove PendingIntent] PendingIntent{95ad8a2: PendingIntentRecord{8fbc933 com.samsung.android.opencalendar startService}}
01-06 11:16:10.621 1358-1529/? V/BroadcastQueue: [background] Process cur broadcast BroadcastRecord{af464f0 u0 com.baidu.android.pushservice.action.METHOD qIdx=4}, state= (APP_RECEIVE) DELIVERED for app ProcessRecord{cb212d8 8552:com.samsung.android.opencalendar:bdservice_v1/u0a116}
01-06 11:16:10.621 936-1430/? V/audio_hw_primary: out_get_latency: Latency 8
01-06 11:16:10.631 648-648/? D/libEGL: eglInitialize EGLDisplay = 0x7fe9458118
01-06 11:16:10.631 1358-3408/? V/AlarmManager:  remove PendingIntent] PendingIntent{2704a69: PendingIntentRecord{8fbc933 com.samsung.android.opencalendar startService}}
01-06 11:16:10.641 936-1430/? V/audio_hw_primary: out_get_latency: Latency 8
01-06 11:16:10.641 8552-8552/? I/Process: Sending signal. PID: 8552 SIG: 9
01-06 11:16:10.651 936-1430/? V/audio_hw_primary: out_get_latency: Latency 8
01-06 11:16:10.661 1358-3431/? I/ActivityManager: Process com.samsung.android.opencalendar:bdservice_v1 (pid 8552)(adj 0) has died(167,1603)
01-06 11:16:10.661 1358-3431/? D/ActivityManager: cleanUpApplicationRecord -- 8552
01-06 11:16:10.661 936-1430/? V/audio_hw_primary: out_get_latency: Latency 8
01-06 11:16:10.661 1358-3431/? D/ActivityManager: isAutoRunBlockedApp:: com.samsung.android.opencalendar, Auto Run ON
01-06 11:16:10.671 936-1430/? V/audio_hw_primary: out_get_latency: Latency 8
01-06 11:16:10.691 936-1351/? I/APM::AudioPolicyManager: stopOutput() output 4, stream 1, session 28
01-06 11:16:10.691 2502-2502/? I/PeopleStripeVisibilityController: handleMessage : msg.what = 1
01-06 11:16:10.691 2502-2502/? I/PeopleStripeVisibilityController: getComputedTrayVisible : keyguardState = 1
01-06 11:16:10.691 2502-2502/? I/PeopleStripeVisibilityController: isVisibleByAlwaysOn : mState = 1
01-06 11:16:10.691 3975-3975/? I/TrayVisibilityController: handleMessage : msg.what = 1
01-06 11:16:10.691 3975-3975/? I/Utils: isCurrentUser current = 0, ownerId = 0
01-06 11:16:10.691 3975-3975/? I/TrayVisibilityController: getComputedTrayVisible : keyguardState = 1
01-06 11:16:10.691 3975-3975/? I/TrayVisibilityController: updateTrayVisible : State : 1 visible = 1 mCurrentVisible = 1
01-06 11:16:10.691 3975-3975/? D/TrayStateController: onNotifyUpdateTray: 0 to need to visible? true
01-06 11:16:10.691 2502-2502/? I/PeopleStripeProcessMonitor: isPeopleStripeTask packageName = com.samsung.android.packageinstaller 0
01-06 11:16:10.691 2502-2502/? I/PeopleStripeVisibilityController: updateStripeVisible : State 1 visible = 1
01-06 11:16:10.691 2502-2502/? I/PeopleStripeManager: isExistVisibleHandler false
01-06 11:16:10.691 2502-2502/? I/PeopleStripeManager: showStripe Not exist noti handler.
01-06 11:16:10.961 2266-2522/? D/NetworkController.MobileSignalController(0/1): onSignalStrengthsChanged signalStrength=SignalStrength: 99 99 -120 -160 -120 -1 -1 22 -99 -10 142 -1 2147483647 0x3000 gsm|lte level=3
01-06 11:16:10.961 2266-2522/? D/NetworkController.MobileSignalController(0/1): getMobileIconGroup(): 13
01-06 11:16:10.961 2266-2522/? D/NetworkController.MobileSignalController(0/1): updateCMCCMobileIconGroup(): 13
01-06 11:16:11.021 2266-2266/? V/KeyguardDisplayManager: hide (true)
01-06 11:16:11.241 2266-2266/? V/PanelView: touch re-enable
01-06 11:16:11.481 1358-2496/? E/Watchdog: !@Sync 30 [01-06 11:16:11.490]
01-06 11:16:12.071 1358-2782/? D/BatteryService: !@BatteryListener : batteryPropertiesChanged!
01-06 11:16:12.071 1358-2782/? D/BatteryService: level:4, scale:100, status:2, health:2, present:true, voltage: 3690, temperature: 283, technology: Li-ion, AC powered:false, USB powered:true, POGO powered:false, Wireless powered:false, icon:17303419, invalid charger:0, maxChargingCurrent:0
01-06 11:16:12.071 1358-2782/? D/BatteryService: online:4, current avg:105, charge type:1, power sharing:false, high voltage charger:false, capacity:280000, batterySWSelfDischarging:false, current_now:120
01-06 11:16:12.071 1358-1358/? D/BatteryService: Sending ACTION_BATTERY_CHANGED.
01-06 11:16:12.071 1358-1358/? I/MotionRecognitionService: Plugged
01-06 11:16:12.071 1358-1358/? D/MotionRecognitionService:   cableConnection= 1
01-06 11:16:12.071 1358-1358/? D/MotionRecognitionService: setPowerConnected | current backoffstate  = 1024 , state =1024
01-06 11:16:12.071 1358-1358/? D/MotionRecognitionService: skip setTransmitPower. 
01-06 11:16:12.071 1358-2153/? D/WifiController: ApOrStaEnabledState  msg.what= 155652
01-06 11:16:12.071 2266-2266/? D/KeyguardUpdateMonitor: received broadcast android.intent.action.BATTERY_CHANGED
01-06 11:16:12.081 2266-2266/? D/PowerUI: priorPlugType = 2 mPlugType =  2
01-06 11:16:12.081 2266-2266/? D/PowerUI.Notification: showChargingNotice oldChargingType : 1 currentChargingType : 1 oldChargingTime : 26511000 mChargingTime : 26482000
01-06 11:16:12.081 2266-2266/? D/PowerUI.Notification: showChargingNotification()
01-06 11:16:12.091 1358-3432/? D/ApplicationPolicy: isStatusBarNotificationAllowedAsUser: packageName = com.android.systemui,userId = -1
01-06 11:16:12.091 2266-2266/? D/KeyguardUpdateMonitor: handleBatteryUpdate
01-06 11:16:12.091 2751-2751/? D/CommonServiceConfiguration: getStringValueSetting
01-06 11:16:12.091 2266-2266/? D/BatteryMeterView: ACTION_BATTERY_CHANGED : level:4 status:2 health:2
01-06 11:16:12.091 2751-2751/? D/BatteryMonitor: new battery level: 4
01-06 11:16:12.091 2266-2266/? D/BatteryMeterView: ACTION_BATTERY_CHANGED : level:4 status:2 health:2
01-06 11:16:12.101 1358-1358/? D/MARsPolicyManager: NotificationListenerService OngoingNotificationPosted : com.android.systemui
01-06 11:16:12.101 2497-6732/? D/CatchNotificationsService: onNotificationPosted
01-06 11:16:12.111 7344-7354/? D/BadgeProvider: query, [selection] : null
01-06 11:16:12.121 2266-2266/? W/ResourcesManager: getTopLevelResources: /system/priv-app/SystemUI/SystemUI.apk / 1.0 running in com.android.systemui rsrc of package com.android.systemui
01-06 11:16:12.121 2497-6732/? E/CatchNotificationsService: Invalid notification data
01-06 11:16:12.131 2266-2266/? D/PhoneStatusBar: setAreThereNotifications: N=3 any=true clearable=true
01-06 11:16:12.141 1358-2097/? I/TLC_TIMA_PKM_measure_kernel: TIMA: response_id = 3
01-06 11:16:12.141 1358-2097/? I/TLC_TIMA_PKM_measure_kernel: TIMA: response ret = 0, result_ondemand = MSG=Kernel Verification Success;
01-06 11:16:12.151 1358-2097/? D/TimaService: TIMA MEASUREMENT Result: TIMA_STATUS=0;MSG=Kernel Verification Success;
01-06 11:16:12.151 1358-2097/? D/TimaService: TIMA MEASUREMENT success status: TIMA_STATUS=0;MSG=Kernel Verification Success;
01-06 11:16:12.151 1358-1458/? D/TimaService: TIMA3: FipsKeyStore3_init
01-06 11:16:12.151 1358-1458/? I/TLC_TZ_KEYSTORE:: TZ_KEYSTORE_fips_initialize
01-06 11:16:12.151 1358-1458/? D/TimaService: TIMA: in getTimaVersion
01-06 11:16:12.151 1358-1458/? I/TLC_TZ_KEYSTORE:: creating new keystore context...
01-06 11:16:12.151 1358-1458/? I/TLC_TZ_KEYSTORE:: initializing ccm context...
01-06 11:16:12.151 1358-1458/? I/TLC_TZ_KEYSTORE:: root = /firmware/image, root_strlen = 15
01-06 11:16:12.151 1358-1458/? I/TLC_TZ_KEYSTORE:: process = tima_key, process_strlen = 8
01-06 11:16:12.151 1358-1458/? I/TZ: qc_tlc_communication: root = /firmware/image, root_len = 15
01-06 11:16:12.151 1358-1458/? I/TZ: qc_tlc_communication: process = tima_key, process_strlen = 8
01-06 11:16:12.151 1358-1458/? I/TZ: qc_tlc_communication: aligned max_sendmsg_size = 1088 = 0x440
01-06 11:16:12.151 1358-1458/? I/TZ: qc_tlc_communication: aligned max_recvmsg_size = 1088 = 0x440
01-06 11:16:12.151 1358-1458/? I/TZ: qc_tlc_communication: max_message_size = 2176 = 0x880
01-06 11:16:12.151 1358-1458/? D/QSEECOMAPI:: QSEECom_get_handle sb_length = 0x880
01-06 11:16:12.151 1358-1458/? D/QSEECOMAPI:: App is not loaded in QSEE
01-06 11:16:12.151 1358-1458/? D/QSEECOMAPI:: app_arch = 1, total_files = 8
01-06 11:16:12.201 1358-1458/? D/QSEECOMAPI:: Loaded image: APP id = 108
01-06 11:16:12.201 1358-1458/? I/TZ: qc_tlc_communication: TLC_COMM: path = /firmware/image, fname = tima_key, tzapp is loaded
01-06 11:16:12.201 1358-1458/? I/TLC_TZ_KEYSTORE:: ctx = 0x7f6b9b3de0, comm = 0x7f6bb82ea0, sendmsg = 0x7f78500000, recvmsg = 0x7f78500440
01-06 11:16:12.201 1358-1458/? I/TZ_init:: TZ_init: fips_init_TLC sending initialization request...
01-06 11:16:12.201 1358-1458/? I/TZ_init:: TZ_init: sending initialization request...
01-06 11:16:12.201 1358-1458/? I/TZ_init:: TZ_init: successful initialization
01-06 11:16:12.201 1358-1458/? I/TLC_TZ_KEYSTORE: fips_self_test:: TZ_KEYSTORE_fips_self_test_START...
01-06 11:16:12.201 1358-1458/? I/TLC_TZ_KEYSTORE: fips_self_test:: TZ_KEYSTORE_fips_self_test_END...
01-06 11:16:12.201 1358-1458/? E/TLC_TZ_KEYSTORE:: Self Test Succeded
01-06 11:16:12.201 1358-1458/? D/QSEECOMAPI:: QSEECom_dealloc_memory 
01-06 11:16:12.201 1358-1458/? D/QSEECOMAPI:: QSEECom_shutdown_app, app_id = 108
01-06 11:16:12.201 1358-1458/? E/TLC_TZ_KEYSTORE:: Count : 1, Ret : 0
01-06 11:16:12.201 1358-1458/? D/TimaHelper: getTimaStatus() - Tima Status : 0
01-06 11:16:12.201 1358-1458/? D/TimaHelper: checkTimaStatus() - Version FIPS3.0, Status0, Validation : true
01-06 11:16:12.201 1358-1458/? I/TLC_TZ_KEYSTORE:: TZ_KEYSTORE_fips_initialize
01-06 11:16:12.201 1358-1458/? D/TimaService: TIMA3: FipsKeyStore3_init
01-06 11:16:12.201 1358-1458/? I/TLC_TZ_KEYSTORE:: creating new keystore context...
01-06 11:16:12.201 1358-1458/? D/TimaService: TIMA: in getTimaVersion
01-06 11:16:12.201 1358-1458/? I/TLC_TZ_KEYSTORE:: initializing ccm context...
01-06 11:16:12.201 1358-1458/? I/TLC_TZ_KEYSTORE:: root = /firmware/image, root_strlen = 15
01-06 11:16:12.201 1358-1458/? I/TLC_TZ_KEYSTORE:: process = tima_key, process_strlen = 8
01-06 11:16:12.201 1358-1458/? I/TZ: qc_tlc_communication: root = /firmware/image, root_len = 15
01-06 11:16:12.201 1358-1458/? I/TZ: qc_tlc_communication: process = tima_key, process_strlen = 8
01-06 11:16:12.201 1358-1458/? I/TZ: qc_tlc_communication: aligned max_sendmsg_size = 1088 = 0x440
01-06 11:16:12.201 1358-1458/? I/TZ: qc_tlc_communication: aligned max_recvmsg_size = 1088 = 0x440
01-06 11:16:12.201 1358-1458/? I/TZ: qc_tlc_communication: max_message_size = 2176 = 0x880
01-06 11:16:12.201 1358-1458/? D/QSEECOMAPI:: QSEECom_get_handle sb_length = 0x880
01-06 11:16:12.201 1358-1458/? D/QSEECOMAPI:: App is not loaded in QSEE
01-06 11:16:12.201 1358-1458/? D/QSEECOMAPI:: app_arch = 1, total_files = 8
01-06 11:16:12.251 1358-1458/? D/QSEECOMAPI:: Loaded image: APP id = 109
01-06 11:16:12.251 1358-1458/? I/TZ: qc_tlc_communication: TLC_COMM: path = /firmware/image, fname = tima_key, tzapp is loaded
01-06 11:16:12.251 1358-1458/? I/TLC_TZ_KEYSTORE:: ctx = 0x7f6b9b3de0, comm = 0x7f6bb82ea0, sendmsg = 0x7f78500000, recvmsg = 0x7f78500440
01-06 11:16:12.251 1358-1458/? I/TZ_init:: TZ_init: fips_init_TLC sending initialization request...
01-06 11:16:12.251 1358-1458/? I/TZ_init:: TZ_init: sending initialization request...
01-06 11:16:12.251 1358-1458/? I/TZ_init:: TZ_init: successful initialization
01-06 11:16:12.251 1358-1458/? I/TLC_TZ_KEYSTORE: fips_self_test:: TZ_KEYSTORE_fips_self_test_START...
01-06 11:16:12.261 1358-1458/? I/TLC_TZ_KEYSTORE: fips_self_test:: TZ_KEYSTORE_fips_self_test_END...
01-06 11:16:12.261 1358-1458/? E/TLC_TZ_KEYSTORE:: Self Test Succeded
01-06 11:16:12.261 1358-1458/? D/QSEECOMAPI:: QSEECom_dealloc_memory 
01-06 11:16:12.261 1358-1458/? D/QSEECOMAPI:: QSEECom_shutdown_app, app_id = 109
01-06 11:16:12.261 1358-1458/? E/TLC_TZ_KEYSTORE:: Count : 1, Ret : 0
                                                   
                                                   [ 01-06 11:16:12.261  1358: 1458 I/         ]
                                                   CCM JNI: In get_ccm_version
01-06 11:16:12.261 1358-1458/? I/TZ_CCM_C_Initialize:: DEBUG_CONTAINER_PROBLEM Enter TZ_CCM_C_Initialize_TLC!
01-06 11:16:12.261 1358-1458/? I/TZ_CCM_C_Initialize:: pInitArgs 0x7f9528c538 has not called C_Init before.
01-06 11:16:12.261 1358-1458/? I/TZ_CCM_C_Initialize:: &ctx = 0x7f7df9f2a0
01-06 11:16:12.261 1358-1458/? I/TLC_TZ_CCM:: creating new ccm context...
01-06 11:16:12.261 1358-1458/? I/TLC_TZ_CCM:: initializing ccm context...
01-06 11:16:12.261 1358-1458/? I/TLC_TZ_CCM:: root = /firmware/image, root_strlen = 15
01-06 11:16:12.261 1358-1458/? I/TLC_TZ_CCM:: process = tz_ccm, process_strlen = 6
01-06 11:16:12.261 1358-1458/? I/TZ: client_server_communication: input max_sendmsg_size = 19420
01-06 11:16:12.261 1358-1458/? I/TZ: client_server_communication: input max_recvmsg_size = 19420
01-06 11:16:12.261 1358-1458/? I/TZ: client_server_communication: root = /firmware/image, root_len = 15
01-06 11:16:12.261 1358-1458/? I/TZ: client_server_communication: process = tz_ccm, process_strlen = 6
01-06 11:16:12.261 1358-1458/? I/TZ: client_server_communication: aligned max_sendmsg_size = 19456
01-06 11:16:12.261 1358-1458/? I/TZ: client_server_communication: aligned max_recvmsg_size = 19456
01-06 11:16:12.261 1358-1458/? I/TZ: client_server_communication: Client_Server_Open was called
01-06 11:16:12.261 2098-2106/? I/TLC_SERVER: BnTLCServer::onTransact(1598968902) 16
01-06 11:16:12.261 2098-2106/? I/TLC_SERVER: Unknown
01-06 11:16:12.261 1358-1458/? I/TZ: client_server_communication: IClientServer::IClientServer()
01-06 11:16:12.261 1358-1458/? I/TZ: client_server_communication: BpClientServer::BpClientServer()
01-06 11:16:12.261 2098-2098/? I/TLC_SERVER: BnTLCServer::onTransact(0) 16
01-06 11:16:12.261 2098-2098/? I/TLC_SERVER: OPENSWCONN
01-06 11:16:12.261 2098-2098/? I/TZ: qc_tlc_communication: root = /firmware/image, root_len = 15
01-06 11:16:12.261 2098-2098/? I/TZ: qc_tlc_communication: process = tz_ccm, process_strlen = 6
01-06 11:16:12.261 2098-2098/? I/TZ: qc_tlc_communication: aligned max_sendmsg_size = 19456 = 0x4c00
01-06 11:16:12.261 2098-2098/? I/TZ: qc_tlc_communication: aligned max_recvmsg_size = 19456 = 0x4c00
01-06 11:16:12.261 2098-2098/? I/TZ: qc_tlc_communication: max_message_size = 38912 = 0x9800
01-06 11:16:12.261 2098-2098/? D/QSEECOMAPI:: QSEECom_get_handle sb_length = 0x9800
01-06 11:16:12.261 2098-2098/? D/QSEECOMAPI:: App is not loaded in QSEE
01-06 11:16:12.261 2098-2098/? D/QSEECOMAPI:: app_arch = 1, total_files = 8
01-06 11:16:12.421 8579-8579/? I/FIPS_bssl: FIPS approved mode (1) | 8579 | app_process
01-06 11:16:12.421 8579-8579/? D/AndroidRuntime: >>>>>> START com.android.internal.os.RuntimeInit uid 2000 <<<<<<
01-06 11:16:12.431 8579-8579/? D/AndroidRuntime: CheckJNI is OFF
01-06 11:16:12.431 8579-8579/? D/AndroidRuntime: readGMSProperty: start
01-06 11:16:12.431 8579-8579/? D/AndroidRuntime: readGMSProperty: already setted!!
01-06 11:16:12.431 8579-8579/? D/AndroidRuntime: propertySet: couldn't set property (it is from app)
01-06 11:16:12.431 8579-8579/? D/AndroidRuntime: readGMSProperty: could not set the property(default)!!
01-06 11:16:12.431 8579-8579/? D/AndroidRuntime: readGMSProperty: end
01-06 11:16:12.431 8579-8579/? D/AndroidRuntime: addProductProperty: start
