01-06 11:06:16.771  2098  2106 D QSEECOMAPI: : App is not loaded in QSEE
01-06 11:06:16.771  2098  2106 D QSEECOMAPI: : app_arch = 1, total_files = 8
01-06 11:06:16.781  2266  2266 D PhoneStatusBar: removeNotification key=-1|android|17040367|null|1000 old=StatusBarNotification(pkg=android user=UserHandle{-1} id=17040367 tag=null score=-20 key=-1|android|17040367|null|1000: Notification(pri=-2 contentView=android/0x10900a3 vibrate=null sound=null tick defaults=0x0 flags=0x2 color=0xff7792a9 vis=PUBLIC secFlags=0x0 secPriority=0))
01-06 11:06:16.781  2266  2266 D PhoneStatusBar: setAreThereNotifications: N=2 any=true clearable=true
01-06 11:06:16.781  2497  6732 D CatchNotificationsService: onNotificationPosted
01-06 11:06:16.791  2636  5795 D NfcService: index : 0
01-06 11:06:16.791  2636  5795 D NfcService: index : 1
01-06 11:06:16.791  2636  5795 D NfcService: index : 2
01-06 11:06:16.801  4958  4958 D RMHelper: SamsungIME : initHelper() : client is null
01-06 11:06:16.801  4958  4958 D RMHelper: SamsungIME : RMisReady() : client is null
01-06 11:06:16.801  4958  4958 D RMHelper: SamsungIME : RMisReady() : client is null
01-06 11:06:16.801  4958  4958 D RMHelper: RMHelper : initHelper()
01-06 11:06:16.801  7344  7355 D BadgeProvider: query, [selection] : null
01-06 11:06:16.801  7817  7817 E Zygote  : v2
01-06 11:06:16.801  4958  4958 D RMHelper: SamsungIME : initHelper() : client is null
01-06 11:06:16.801  4958  4958 D RMHelper: SamsungIME : RMisReady() : client is null
01-06 11:06:16.801  4958  4958 D RMHelper: SamsungIME : RMisReady() : client is null
01-06 11:06:16.801  4958  4958 D RMHelper: RMHelper : initHelper()
01-06 11:06:16.801  7817  7817 W SELinux : Function: selinux_compare_spd_ram, index[1], priority [2], priority version is VE=SEPF_SECMOBILE_6.0.1_0025
01-06 11:06:16.801  2497  6732 D CatchNotificationsSupportedAppsDBHelper: isDisabled value : false
01-06 11:06:16.801  2497  6732 D CatchNotificationsSupportedAppsDBHelper: isPackageSupported value : false
01-06 11:06:16.801  2497  6732 D CatchNotificationsService: Notification from package is not supported
01-06 11:06:16.801  7817  7817 E Zygote  : accessInfo : 0
01-06 11:06:16.801  7817  7817 W SELinux : SELinux: seapp_context_lookup: seinfo=release, level=s0:c512,c768, pkgname=com.samsung.android.opencalendar:bdservice_v1 
01-06 11:06:16.801  4958  4958 D RMHelper: SamsungIME : initHelper() : client is null
01-06 11:06:16.811  4958  4958 D SamsungIME: onStartInput: No inputType, No imeOption, isInputViewShown = false, isExtractViewShown = false, isShowInputRequested = false, isConfigChanged = false
01-06 11:06:16.811  2266  2266 D KnoxNotification: ----- inflateViews : modified publicViewLocal -----
01-06 11:06:16.821  2266  2266 D KnoxNotification: ----- inflateViews : modified KnoxViewLocal -----
01-06 11:06:16.821  2266  2266 D PhoneStatusBar: setAreThereNotifications: N=3 any=true clearable=true
01-06 11:06:16.831  2266  2266 D PhoneStatusBar: hideKeyguard: state - 1, leaveOpen: false
01-06 11:06:16.831  2266  2266 D PhoneStatusBar: setBarState: state - 0
01-06 11:06:16.831  2266  2266 D StatusBar-Window: fnf=true sanc=false, kni=false, sbf=false
01-06 11:06:16.831  2266  2266 D CoverUI : applyFocusableFlag() : Remove SAMSUNG_FLAG_SVIEW_COVER
01-06 11:06:16.831  2266  2266 D StatusBarWindowManager: forceCollapsed : false isKeyguardShowingAndNotOccluded() : false panelVisible : false keyguardFadingAway : true bouncerShowing : false headsUpShowing : false
01-06 11:06:16.831  2266  2266 D CoverUI : applyHeight h = -1, oc = false, fa = true, ac = false, sc = false
01-06 11:06:16.831  2266  2266 I PhoneStatusBar: updateKeyguardState 1 to 0
01-06 11:06:16.841  7817  7817 D TimaKeyStoreProvider: TimaSignature is unavailable
01-06 11:06:16.841  7817  7817 D ActivityThread: Added TimaKeyStore provider
01-06 11:06:16.841  2266  2266 D PanelView: setKeyguardBottomAreaVisibility() prevState=1, newState - 0 goingToShade - false
01-06 11:06:16.841  2266  2266 D PanelView: updateQsState
01-06 11:06:16.851  2266  2266 D KeyguardSecurityModel: getSecurityMode( getActivePasswordQuality = 0 , currentuser = 0
01-06 11:06:16.851  2266  2266 D StatusBar-Window: fnf=true sanc=false, kni=false, sbf=false
01-06 11:06:16.851  2266  2266 D CoverUI : applyFocusableFlag() : Remove SAMSUNG_FLAG_SVIEW_COVER
01-06 11:06:16.851  2266  2266 D StatusBarWindowManager: forceCollapsed : false isKeyguardShowingAndNotOccluded() : false panelVisible : false keyguardFadingAway : false bouncerShowing : false headsUpShowing : false
01-06 11:06:16.851  2266  2266 D CoverUI : applyHeight h = 96, oc = false, fa = false, ac = false, sc = false
01-06 11:06:16.851  2266  2266 D KeyguardEffectViewController: setKeyguardFadingAway = false
01-06 11:06:16.851  2266  2266 D KeyguardEffectViewController: mShowing=false, mOccluded=false, mKeyguardFadingAway=false, match_parent=true
01-06 11:06:16.851  2266  2266 D KeyguardEffectViewController: ## mBackgroundView.onPause()
01-06 11:06:16.851  2266  2266 D KeyguardEffectViewLayered: onPause()
01-06 11:06:16.851  7817  7817 D RelationGraph: garbageCollect()
01-06 11:06:16.861  7817  7817 I InjectionManager: Inside getClassLibPath + mLibMap{0=, 1=}
01-06 11:06:16.861  7817  7817 I InjectionManager: Inside getClassLibPath caller 
01-06 11:06:16.871  7817  7817 W System  : ClassLoader referenced unknown path: /system/app/OpenCalendar_M/lib/arm64
01-06 11:06:16.871  7817  7817 D InjectionManager: InjectionManager
01-06 11:06:16.871  7817  7817 D InjectionManager: fillFeatureStoreMap com.samsung.android.opencalendar
01-06 11:06:16.871  7817  7817 I InjectionManager: Constructor com.samsung.android.opencalendar, Feature store :{}
01-06 11:06:16.871  7817  7817 I InjectionManager: featureStore :{}
01-06 11:06:16.891   648   671 D libEGL  : eglTerminate EGLDisplay = 0x7f8a880ea8
01-06 11:06:16.891   648   671 D libEGL  : eglTerminate EGLDisplay = 0x7f8a880ea8
01-06 11:06:16.901  2266  2266 D KeyguardEffectViewController: onLayoutChange() v: com.android.keyguard.effect.EffectBehindView{531c5f4 I.E...... ......ID 0,0-1440,96 #7f0e0329 app:id/keyguard_effect_behind}, bottom : 96, oldBottom : 2560
01-06 11:06:16.901  2266  2266 D KeyguardEffectViewController: mShowing=false, mOccluded=false, mKeyguardFadingAway=false, match_parent=false
01-06 11:06:16.901  2266  2604 D BluetoothTile: handleUpdateState :  supported = true, enabled = false, enabling = false, connected = false, connecting = false, mController.getLastDeviceName() = null
01-06 11:06:16.901  2266  2266 W View    : requestLayout() improperly called by com.android.systemui.qs.QSContainer{fd0f77a V.E...... ......ID 0,464-1440,1300 #7f0e01bb app:id/quick_settings_container} during layout: running second layout pass
01-06 11:06:16.901  2266  2266 I ViewRootImpl: requestLayout is already in process
01-06 11:06:16.901  2266  2266 D ScreenCaptureTile: action:com.samsung.systemui.statusbar.NOTIFICATION_EXPAND
01-06 11:06:16.911  2266  2604 D FlashlightTile: handleUpdateState :  MultiState[visible=true,icon=ResourceIcon[resId=0x7f020374],label=,contentDescription=  ,dualLabelContentDescription=null,autoMirrorDrawable=false,secondaryLabel=null,textTruncate=true,value=2,bgValue=0] arg : null
01-06 11:06:16.911  2266  2604 D AirplaneModeTile: getQSTileMultiState 2
01-06 11:06:16.911  2266  2604 D HotspotTile: handleUpdateState :mState.value =  2, 2
01-06 11:06:16.911  2266  2604 D PersonalModeTile: getMState state = 2
01-06 11:06:16.911  2266  2604 D NfcTile : getNfcTileState : nfcState 3
01-06 11:06:16.911  2266  2604 D AodTile :  ExclusiveFeature getCount = 0
01-06 11:06:16.911   936  1430 V audio_hw_primary: out_get_latency: Latency 8
01-06 11:06:16.921  2266  2604 D AodTile : handleUpdateState :  MultiState[visible=true,icon=ResourceIcon[resId=0x7f020378],label=,contentDescription=  ,dualLabelContentDescription=null,autoMirrorDrawable=false,secondaryLabel=null,textTruncate=false,value=1,bgValue=0] arg : null
01-06 11:06:16.921   648   648 D libEGL  : eglInitialize EGLDisplay = 0x7fe9458118
01-06 11:06:16.921   648   648 D libEGL  : eglTerminate EGLDisplay = 0x7fe94581a8
01-06 11:06:16.921  2266  2604 D RedPacketTile: handleUpdateState value = 2
01-06 11:06:16.931   936  1430 V audio_hw_primary: out_get_latency: Latency 8
01-06 11:06:16.931   648   648 D libEGL  : eglInitialize EGLDisplay = 0x7fe9458118
01-06 11:06:16.941   936  1430 V audio_hw_primary: out_get_latency: Latency 8
01-06 11:06:16.951   648   648 D libEGL  : eglInitialize EGLDisplay = 0x7fe9458118
01-06 11:06:16.951   936  1430 V audio_hw_primary: out_get_latency: Latency 8
01-06 11:06:16.961   936  1430 V audio_hw_primary: out_get_latency: Latency 8
01-06 11:06:16.971  7817  7817 I Process : Sending signal. PID: 7817 SIG: 9
01-06 11:06:16.981   936  1430 V audio_hw_primary: out_get_latency: Latency 8
01-06 11:06:16.991   936  1430 V audio_hw_primary: out_get_latency: Latency 8
01-06 11:06:17.001   936  1351 I APM::AudioPolicyManager: stopOutput() output 4, stream 1, session 24
01-06 11:06:17.021  3975  3975 I TrayVisibilityController: handleMessage : msg.what = 1
01-06 11:06:17.021  3975  3975 I Utils   : isCurrentUser current = 0, ownerId = 0
01-06 11:06:17.021  3975  3975 I TrayVisibilityController: getComputedTrayVisible : keyguardState = 1
01-06 11:06:17.021  3975  3975 I TrayVisibilityController: updateTrayVisible : State : 1 visible = 1 mCurrentVisible = 1
01-06 11:06:17.021  3975  3975 D TrayStateController: onNotifyUpdateTray: 0 to need to visible? true
01-06 11:06:17.031  2502  2502 I PeopleStripeVisibilityController: handleMessage : msg.what = 1
01-06 11:06:17.031  2502  2502 I PeopleStripeVisibilityController: getComputedTrayVisible : keyguardState = 1
01-06 11:06:17.031  2502  2502 I PeopleStripeVisibilityController: isVisibleByAlwaysOn : mState = 1
01-06 11:06:17.031  2502  2502 I PeopleStripeProcessMonitor: isPeopleStripeTask packageName = com.sec.android.app.launcher 0
01-06 11:06:17.031  2502  2502 I PeopleStripeVisibilityController: updateStripeVisible : State 1 visible = 1
01-06 11:06:17.031  2502  2502 I PeopleStripeManager: isExistVisibleHandler false
01-06 11:06:17.031  2502  2502 I PeopleStripeManager: showStripe Not exist noti handler.
01-06 11:06:17.041  2266  2522 D NetworkController.MobileSignalController(0/1): onSignalStrengthsChanged signalStrength=SignalStrength: 99 99 -120 -160 -120 -1 -1 25 -99 -15 28 -1 2147483647 0x3000 gsm|lte level=3
01-06 11:06:17.041  2266  2522 D NetworkController.MobileSignalController(0/1): getMobileIconGroup(): 13
01-06 11:06:17.041  2266  2522 D NetworkController.MobileSignalController(0/1): updateCMCCMobileIconGroup(): 13
01-06 11:06:17.041   958  1170 D qti_sensorhub_hal: SNS_OEM_2_REPORT_IND index[1] number[1] total[10]
01-06 11:06:17.041   958  1170 D qti_sensorhub_hal: Activities: 1 ts: 10688707
01-06 11:06:17.041  1358  2111 D SensorHubManager: onGetSensorHubDataLocked: library(10) = 1, 1, 26, 1, 0, -86, -116, 80, 1, 0
01-06 11:06:17.041  1358  2110 D CAE     : onGetSensorHubData(SensorHubParserProvider.java:92) - onGetSensorHubData Event [event buffer len :10], AP_WAKEUP
01-06 11:06:17.041  1358  2110 I CAE     : parse(SensorHubParserProvider.java:188) - buffer size = 10
01-06 11:06:17.041  1358  2110 I CAE     : parse(SensorHubParserProvider.java:199) - 1, 1, 26, 1, 0, -86, -116, 80, 1, 0,
01-06 11:06:17.041  1358  2110 D CAE     : display(ContextProvider.java:375) - ================= ACTIVITY_TRACKER =================
01-06 11:06:17.041  1358  2110 I CAE     : display(ContextProvider.java:391) - Accuracy=[0], OperationMode=[0], ActivityType=[1], TimeStamp=[1452049577040]
01-06 11:06:17.051  1358  2113 D SContextService: updateSContext() : event = Activity Tracker
01-06 11:06:17.091  2098  2106 D QSEECOMAPI: : Loaded image: APP id = 66
01-06 11:06:17.091  2098  2106 I TZ: qc_tlc_communication: TLC_COMM: path = /firmware/image, fname = tz_ccm, tzapp is loaded
01-06 11:06:17.091  1358  1458 I TZ: client_server_communication: OpenSWConn(CCM) is successful
01-06 11:06:17.091  1358  1458 I TZ: client_server_communication: Client_Server_Open succeeded, serverName = CCM
01-06 11:06:17.091  1358  1458 I TZ_CCM_C_Initialize: : ctx = 0x7f6ee0ee80, comm = 0x7f6ee0ee60, sendmsg = 0x7f7d4ce000, recvmsg = 0x7f7d4d2c00
01-06 11:06:17.091  1358  1458 I TZ_init: : TZ_init: sending initialization request...
01-06 11:06:17.091  1358  1458 E TZ: client_server_communication: comm_request(0x7f6ee0ee60) pImpl->serverName : CCM 
01-06 11:06:17.091  1358  1458 E TZ: client_server_communication: comm_request(0x7f6ee0ee60) <IClientServer>pImpl->sconn : 0x7f6d2eea00 
01-06 11:06:17.091  1358  1458 E TZ: client_server_communication: comm_request(0x7f6ee0ee60) <IClientServer>pImpl->sconn->getInterfaceDescriptor() : CCM 
01-06 11:06:17.091  1358  1458 I TZ: client_server_communication: Cmd id = 2, len = 19456
01-06 11:06:17.091  1358  1458 I TZ: client_server_communication: Calling Communicate()
01-06 11:06:17.091  2098  2098 I TLC_SERVER: BnTLCServer::onTransact(2) 16
01-06 11:06:17.091  2098  2098 I TLC_SERVER: COMM
01-06 11:06:17.101  1358  1458 I TZ_init: : TZ_init: successful initialization
01-06 11:06:17.101  1358  1458 I TLC_TZ_COMMON: key_db_init: : Exercising TZ_DB_INIT in TLC
01-06 11:06:17.101  1358  1458 E TZ: client_server_communication: comm_request(0x7f6ee0ee60) pImpl->serverName : CCM 
01-06 11:06:17.101  1358  1458 E TZ: client_server_communication: comm_request(0x7f6ee0ee60) <IClientServer>pImpl->sconn : 0x7f6d2eea00 
01-06 11:06:17.101  1358  1458 E TZ: client_server_communication: comm_request(0x7f6ee0ee60) <IClientServer>pImpl->sconn->getInterfaceDescriptor() : CCM 
01-06 11:06:17.101  1358  1458 I TZ: client_server_communication: Cmd id = 17, len = 19456
01-06 11:06:17.101  1358  1458 I TZ: client_server_communication: Calling Communicate()
01-06 11:06:17.101  2098  2106 I TLC_SERVER: BnTLCServer::onTransact(2) 16
01-06 11:06:17.101  2098  2106 I TLC_SERVER: COMM
01-06 11:06:17.131  1358  1458 I TZ_COMMON: tlc_key_db_util: : DB Operation suceeded
01-06 11:06:17.131  1358  1458 D QSEECOMAPI: : QSEECom_get_handle sb_length = 0x840
01-06 11:06:17.131  1358  1458 D QSEECOMAPI: : App is already loaded QSEE and app id = 66
01-06 11:06:17.131  1358  1458 I CSTORAGE: Lock TA...
01-06 11:06:17.131  1358  1458 D QSEECOMAPI: : QSEECom_get_handle sb_length = 0x4040
01-06 11:06:17.141  1358  1458 D QSEECOMAPI: : App is not loaded in QSEE
01-06 11:06:17.141  1358  1458 D QSEECOMAPI: : app_arch = 1, total_files = 8
01-06 11:06:17.161  1358  1458 D QSEECOMAPI: : Loaded image: APP id = 67
01-06 11:06:17.171  1358  1458 I CSTORAGE: TA is loaded.
01-06 11:06:17.171  1358  1458 I CSTORAGE: QSEE FS type : 0
01-06 11:06:17.171  1358  1458 I CSTORAGE: QSEE FS type : 0
01-06 11:06:17.191  1358  1458 I CSTORAGE: shareServiceKey end(0)
01-06 11:06:17.191  1358  1458 E TZ: client_server_communication: comm_request(0x7f6ee0ee60) pImpl->serverName : CCM 
01-06 11:06:17.191  1358  1458 E TZ: client_server_communication: comm_request(0x7f6ee0ee60) <IClientServer>pImpl->sconn : 0x7f6d2eea00 
01-06 11:06:17.191  1358  1458 E TZ: client_server_communication: comm_request(0x7f6ee0ee60) <IClientServer>pImpl->sconn->getInterfaceDescriptor() : CCM 
01-06 11:06:17.191  1358  1458 I TZ: client_server_communication: Cmd id = 46, len = 19456
01-06 11:06:17.191  1358  1458 I TZ: client_server_communication: Calling Communicate()
01-06 11:06:17.191  2098  2098 I TLC_SERVER: BnTLCServer::onTransact(2) 16
01-06 11:06:17.191  2098  2098 I TLC_SERVER: COMM
01-06 11:06:17.191  1358  1458 D QSEECOMAPI: : QSEECom_dealloc_memory 
01-06 11:06:17.191  1358  1458 D QSEECOMAPI: : QSEECom_shutdown_app, app_id = 67
01-06 11:06:17.191  1358  1458 D QSEECOMAPI: : QSEECom_dealloc_memory 
01-06 11:06:17.191  1358  1458 D QSEECOMAPI: : QSEECom_shutdown_app, app_id = 66
01-06 11:06:17.201  1358  1458 I TZ_CCM_C_Finalize: : DEBUG_CONTAINER_PROBLEM Exercising TZ_CCM_C_Finalize_TLC
01-06 11:06:17.201  1358  1458 E TZ: client_server_communication: comm_request(0x7f6ee0ee60) pImpl->serverName : CCM 
01-06 11:06:17.201  1358  1458 E TZ: client_server_communication: comm_request(0x7f6ee0ee60) <IClientServer>pImpl->sconn : 0x7f6d2eea00 
01-06 11:06:17.201  1358  1458 E TZ: client_server_communication: comm_request(0x7f6ee0ee60) <IClientServer>pImpl->sconn->getInterfaceDescriptor() : CCM 
01-06 11:06:17.201  1358  1458 I TZ: client_server_communication: Cmd id = 41, len = 19456
01-06 11:06:17.201  1358  1458 I TZ: client_server_communication: Calling Communicate()
01-06 11:06:17.201  2098  2106 I TLC_SERVER: BnTLCServer::onTransact(2) 16
01-06 11:06:17.201  2098  2106 I TLC_SERVER: COMM
01-06 11:06:17.201  1358  1458 I TZ: client_server_communication: Client_Server_Close was called
01-06 11:06:17.201  2098  2098 I TLC_SERVER: BnTLCServer::onTransact(1) 16
01-06 11:06:17.201  2098  2098 I TLC_SERVER: CLOSESWCONN
01-06 11:06:17.201  2098  2098 D QSEECOMAPI: : QSEECom_dealloc_memory 
01-06 11:06:17.201  2098  2098 D QSEECOMAPI: : QSEECom_shutdown_app, app_id = 66
01-06 11:06:17.201  1358  1458 I TZ: client_server_communication: Client_Server_Close succeeded
01-06 11:06:17.201  1358  1458 I TZ: client_server_communication: IClientServer::~IClientServer()
01-06 11:06:17.201  1358  1458 I FipsTimaKeyStore: CCM is available on this device
01-06 11:06:17.201  1358  1458 I FipsTimaKeyStore: CCM is NOT enabled for this user
01-06 11:06:17.201  1358  1458 I         : TimaKeyStore: tima_KeyStore3_exist_JNI
01-06 11:06:17.201  1358  1458 I         : TimaKeyStore: callingUid is 1000
01-06 11:06:17.201  1358  1458 E TLC_TZ_KEYSTORE: : Inside TZ_KEYSTORE_encrypt_filename()
01-06 11:06:17.201  1358  1458 I TLC_TZ_KEYSTORE: : creating new keystore context...
01-06 11:06:17.201  1358  1458 I TLC_TZ_KEYSTORE: : initializing ccm context...
01-06 11:06:17.201  1358  1458 I TLC_TZ_KEYSTORE: : root = /firmware/image, root_strlen = 15
01-06 11:06:17.201  1358  1458 I TLC_TZ_KEYSTORE: : process = tima_key, process_strlen = 8
01-06 11:06:17.201  1358  1458 I TZ: qc_tlc_communication: root = /firmware/image, root_len = 15
01-06 11:06:17.201  1358  1458 I TZ: qc_tlc_communication: process = tima_key, process_strlen = 8
01-06 11:06:17.201  1358  1458 I TZ: qc_tlc_communication: aligned max_sendmsg_size = 1088 = 0x440
01-06 11:06:17.201  1358  1458 I TZ: qc_tlc_communication: aligned max_recvmsg_size = 1088 = 0x440
01-06 11:06:17.201  1358  1458 I TZ: qc_tlc_communication: max_message_size = 2176 = 0x880
01-06 11:06:17.201  1358  1458 D QSEECOMAPI: : QSEECom_get_handle sb_length = 0x880
01-06 11:06:17.201  1358  1458 D QSEECOMAPI: : App is not loaded in QSEE
01-06 11:06:17.201  1358  1458 D QSEECOMAPI: : app_arch = 1, total_files = 8
01-06 11:06:17.251  1358  1458 D QSEECOMAPI: : Loaded image: APP id = 68
01-06 11:06:17.251  1358  1458 I TZ: qc_tlc_communication: TLC_COMM: path = /firmware/image, fname = tima_key, tzapp is loaded
01-06 11:06:17.251  1358  1458 I TLC_TZ_KEYSTORE: : ctx = 0x7f6ee0ee80, comm = 0x7f6ee0eee0, sendmsg = 0x7f7b580000, recvmsg = 0x7f7b580440
01-06 11:06:17.251  1358  1458 I TLC_TZ_COMMON: get_filename: : TZ_COMMON: Get_filename - allow_hashing: 0
01-06 11:06:17.251  1358  1458 I TLC_TZ_COMMON: get_filename: : TZ GetFN : priv_data.in_filename: 1000_KS_SKEY_PersonaPwdResetToken0, len: 34
01-06 11:06:17.251  1358  1458 I TLC_TZ_COMMON: get_filename: : TZ CCM : priv_data.in_fn_len: 34
01-06 11:06:17.251  1358  1458 I TLC_TZ_COMMON: get_filename: : TZ GetFN : Starting
01-06 11:06:17.251  1358  1458 I TLC_TZ_COMMON: get_filename: : TZ GetFN : enc filename: 335389ABE58238C638A54552A1B1AF5FA5E59DB1D1F63972EE2A29281309D778227C7771AEA5C8928CBB979D1B1E7869BC072A1ED202FE150A0FE8C7245F0EAB
01-06 11:06:17.251  1358  1458 D QSEECOMAPI: : QSEECom_dealloc_memory 
01-06 11:06:17.251  1358  1458 D QSEECOMAPI: : QSEECom_shutdown_app, app_id = 68
01-06 11:06:17.251  1358  1458 E TLC_TZ_KEYSTORE: : Count : 1, Ret : 0
01-06 11:06:17.261  1358  1458 I         : TimaKeyStore: encryptFilename : filename is: 335389ABE58238C638A54552A1B1AF5FA5E59DB1D1F63972EE2A29281309D778227C7771AEA5C8928CBB979D1B1E7869BC072A1ED202FE150A0FE8C7245F0EAB
01-06 11:06:17.261  1358  1458 I         : TimaKeyStore: /data/misc/fips_tima_keystore/user_0/335389ABE58238C638A54552A1B1AF5FA5E59DB1D1F63972EE2A29281309D778227C7771AEA5C8928CBB979D1B1E7869BC072A1ED202FE150A0FE8C7245F0EAB exists
01-06 11:06:17.261  1358  1458 I         : TimaKeyStore: tima_KeyStore3_exist_JNI
01-06 11:06:17.261  1358  1458 I         : TimaKeyStore: callingUid is 1000
01-06 11:06:17.261  1358  1458 E TLC_TZ_KEYSTORE: : Inside TZ_KEYSTORE_encrypt_filename()
01-06 11:06:17.261  1358  1458 I TLC_TZ_KEYSTORE: : creating new keystore context...
01-06 11:06:17.261  1358  1458 I TLC_TZ_KEYSTORE: : initializing ccm context...
01-06 11:06:17.261  1358  1458 I TLC_TZ_KEYSTORE: : root = /firmware/image, root_strlen = 15
01-06 11:06:17.261  1358  1458 I TLC_TZ_KEYSTORE: : process = tima_key, process_strlen = 8
01-06 11:06:17.261  1358  1458 I TZ: qc_tlc_communication: root = /firmware/image, root_len = 15
01-06 11:06:17.261  1358  1458 I TZ: qc_tlc_communication: process = tima_key, process_strlen = 8
01-06 11:06:17.261  1358  1458 I TZ: qc_tlc_communication: aligned max_sendmsg_size = 1088 = 0x440
01-06 11:06:17.261  1358  1458 I TZ: qc_tlc_communication: aligned max_recvmsg_size = 1088 = 0x440
01-06 11:06:17.261  1358  1458 I TZ: qc_tlc_communication: max_message_size = 2176 = 0x880
01-06 11:06:17.261  1358  1458 D QSEECOMAPI: : QSEECom_get_handle sb_length = 0x880
01-06 11:06:17.261  1358  1458 D QSEECOMAPI: : App is not loaded in QSEE
01-06 11:06:17.261  1358  1458 D QSEECOMAPI: : app_arch = 1, total_files = 8
01-06 11:06:17.281  6260  6281 I ReschedulableTimer: [#CMH#] ReschedulableTimer started 
01-06 11:06:17.301  1358  1458 D QSEECOMAPI: : Loaded image: APP id = 69
01-06 11:06:17.301  1358  1458 I TZ: qc_tlc_communication: TLC_COMM: path = /firmware/image, fname = tima_key, tzapp is loaded
01-06 11:06:17.301  1358  1458 I TLC_TZ_KEYSTORE: : ctx = 0x7f6ee0ee80, comm = 0x7f6ee0eee0, sendmsg = 0x7f7b580000, recvmsg = 0x7f7b580440
01-06 11:06:17.301  1358  1458 I TLC_TZ_COMMON: get_filename: : TZ_COMMON: Get_filename - allow_hashing: 0
01-06 11:06:17.301  1358  1458 I TLC_TZ_COMMON: get_filename: : TZ GetFN : priv_data.in_filename: 1000_KS_SKEY_PersonaPwdResetToken0, len: 34
01-06 11:06:17.301  1358  1458 I TLC_TZ_COMMON: get_filename: : TZ CCM : priv_data.in_fn_len: 34
01-06 11:06:17.301  1358  1458 I TLC_TZ_COMMON: get_filename: : TZ GetFN : Starting
01-06 11:06:17.311  1358  1458 I TLC_TZ_COMMON: get_filename: : TZ GetFN : enc filename: 335389ABE58238C638A54552A1B1AF5FA5E59DB1D1F63972EE2A29281309D778227C7771AEA5C8928CBB979D1B1E7869BC072A1ED202FE150A0FE8C7245F0EAB
01-06 11:06:17.311  1358  1458 D QSEECOMAPI: : QSEECom_dealloc_memory 
01-06 11:06:17.311  1358  1458 D QSEECOMAPI: : QSEECom_shutdown_app, app_id = 69
01-06 11:06:17.311  1358  1458 E TLC_TZ_KEYSTORE: : Count : 1, Ret : 0
01-06 11:06:17.311  1358  1458 I         : TimaKeyStore: encryptFilename : filename is: 335389ABE58238C638A54552A1B1AF5FA5E59DB1D1F63972EE2A29281309D778227C7771AEA5C8928CBB979D1B1E7869BC072A1ED202FE150A0FE8C7245F0EAB
01-06 11:06:17.311  1358  1458 I         : TimaKeyStore: /data/misc/fips_tima_keystore/user_0/335389ABE58238C638A54552A1B1AF5FA5E59DB1D1F63972EE2A29281309D778227C7771AEA5C8928CBB979D1B1E7869BC072A1ED202FE150A0FE8C7245F0EAB exists
01-06 11:06:17.311  1358  1458 I         : TimaKeyStore: tima_KeyStore3_exist_JNI
01-06 11:06:17.311  1358  1458 I         : TimaKeyStore: callingUid is 1000
01-06 11:06:17.311  1358  1458 E TLC_TZ_KEYSTORE: : Inside TZ_KEYSTORE_encrypt_filename()
01-06 11:06:17.311  1358  1458 I TLC_TZ_KEYSTORE: : creating new keystore context...
01-06 11:06:17.311  1358  1458 I TLC_TZ_KEYSTORE: : initializing ccm context...
01-06 11:06:17.311  1358  1458 I TLC_TZ_KEYSTORE: : root = /firmware/image, root_strlen = 15
01-06 11:06:17.311  1358  1458 I TLC_TZ_KEYSTORE: : process = tima_key, process_strlen = 8
01-06 11:06:17.311  1358  1458 I TZ: qc_tlc_communication: root = /firmware/image, root_len = 15
01-06 11:06:17.311  1358  1458 I TZ: qc_tlc_communication: process = tima_key, process_strlen = 8
01-06 11:06:17.311  1358  1458 I TZ: qc_tlc_communication: aligned max_sendmsg_size = 1088 = 0x440
01-06 11:06:17.311  1358  1458 I TZ: qc_tlc_communication: aligned max_recvmsg_size = 1088 = 0x440
01-06 11:06:17.311  1358  1458 I TZ: qc_tlc_communication: max_message_size = 2176 = 0x880
01-06 11:06:17.311  1358  1458 D QSEECOMAPI: : QSEECom_get_handle sb_length = 0x880
01-06 11:06:17.311  1358  1458 D QSEECOMAPI: : App is not loaded in QSEE
01-06 11:06:17.311  1358  1458 D QSEECOMAPI: : app_arch = 1, total_files = 8
01-06 11:06:17.361  1358  1458 D QSEECOMAPI: : Loaded image: APP id = 70
01-06 11:06:17.361  1358  1458 I TZ: qc_tlc_communication: TLC_COMM: path = /firmware/image, fname = tima_key, tzapp is loaded
01-06 11:06:17.361  1358  1458 I TLC_TZ_KEYSTORE: : ctx = 0x7f6ee0ee80, comm = 0x7f6ee0eee0, sendmsg = 0x7f7b580000, recvmsg = 0x7f7b580440
01-06 11:06:17.361  1358  1458 I TLC_TZ_COMMON: get_filename: : TZ_COMMON: Get_filename - allow_hashing: 0
01-06 11:06:17.361  1358  1458 I TLC_TZ_COMMON: get_filename: : TZ GetFN : priv_data.in_filename: 1000_KS_SKEY_PersonaPwdResetToken0, len: 34
01-06 11:06:17.361  1358  1458 I TLC_TZ_COMMON: get_filename: : TZ CCM : priv_data.in_fn_len: 34
01-06 11:06:17.361  1358  1458 I TLC_TZ_COMMON: get_filename: : TZ GetFN : Starting
01-06 11:06:17.371  1358  1458 I TLC_TZ_COMMON: get_filename: : TZ GetFN : enc filename: 335389ABE58238C638A54552A1B1AF5FA5E59DB1D1F63972EE2A29281309D778227C7771AEA5C8928CBB979D1B1E7869BC072A1ED202FE150A0FE8C7245F0EAB
01-06 11:06:17.371  1358  1458 D QSEECOMAPI: : QSEECom_dealloc_memory 
01-06 11:06:17.371  1358  1458 D QSEECOMAPI: : QSEECom_shutdown_app, app_id = 70
01-06 11:06:17.371  1358  1458 E TLC_TZ_KEYSTORE: : Count : 1, Ret : 0
01-06 11:06:17.371  1358  1458 I         : TimaKeyStore: encryptFilename : filename is: 335389ABE58238C638A54552A1B1AF5FA5E59DB1D1F63972EE2A29281309D778227C7771AEA5C8928CBB979D1B1E7869BC072A1ED202FE150A0FE8C7245F0EAB
01-06 11:06:17.371  1358  1458 I         : TimaKeyStore: /data/misc/fips_tima_keystore/user_0/335389ABE58238C638A54552A1B1AF5FA5E59DB1D1F63972EE2A29281309D778227C7771AEA5C8928CBB979D1B1E7869BC072A1ED202FE150A0FE8C7245F0EAB exists
01-06 11:06:17.371  1358  1458 I         : TimaKeyStore: tima_KeyStore3_exist_JNI
01-06 11:06:17.371  1358  1458 I         : TimaKeyStore: callingUid is 1000
01-06 11:06:17.371  1358  1458 E TLC_TZ_KEYSTORE: : Inside TZ_KEYSTORE_encrypt_filename()
01-06 11:06:17.371  1358  1458 I TLC_TZ_KEYSTORE: : creating new keystore context...
01-06 11:06:17.371  1358  1458 I TLC_TZ_KEYSTORE: : initializing ccm context...
01-06 11:06:17.371  1358  1458 I TLC_TZ_KEYSTORE: : root = /firmware/image, root_strlen = 15
01-06 11:06:17.371  1358  1458 I TLC_TZ_KEYSTORE: : process = tima_key, process_strlen = 8
01-06 11:06:17.371  1358  1458 I TZ: qc_tlc_communication: root = /firmware/image, root_len = 15
01-06 11:06:17.371  1358  1458 I TZ: qc_tlc_communication: process = tima_key, process_strlen = 8
01-06 11:06:17.371  1358  1458 I TZ: qc_tlc_communication: aligned max_sendmsg_size = 1088 = 0x440
01-06 11:06:17.371  1358  1458 I TZ: qc_tlc_communication: aligned max_recvmsg_size = 1088 = 0x440
01-06 11:06:17.371  1358  1458 I TZ: qc_tlc_communication: max_message_size = 2176 = 0x880
01-06 11:06:17.371  1358  1458 D QSEECOMAPI: : QSEECom_get_handle sb_length = 0x880
01-06 11:06:17.371  1358  1458 D QSEECOMAPI: : App is not loaded in QSEE
01-06 11:06:17.371  1358  1458 D QSEECOMAPI: : app_arch = 1, total_files = 8
01-06 11:06:17.391  1358  2218 D lights  : button : 0 +
01-06 11:06:17.411  1358  1458 D QSEECOMAPI: : Loaded image: APP id = 71
01-06 11:06:17.411  1358  1458 I TZ: qc_tlc_communication: TLC_COMM: path = /firmware/image, fname = tima_key, tzapp is loaded
01-06 11:06:17.411  1358  1458 I TLC_TZ_KEYSTORE: : ctx = 0x7f6ee0ee80, comm = 0x7f6ee0eee0, sendmsg = 0x7f7b580000, recvmsg = 0x7f7b580440
01-06 11:06:17.411  1358  1458 I TLC_TZ_COMMON: get_filename: : TZ_COMMON: Get_filename - allow_hashing: 0
01-06 11:06:17.411  1358  1458 I TLC_TZ_COMMON: get_filename: : TZ GetFN : priv_data.in_filename: 1000_KS_SKEY_PersonaPwdResetToken0, len: 34
01-06 11:06:17.411  1358  1458 I TLC_TZ_COMMON: get_filename: : TZ CCM : priv_data.in_fn_len: 34
01-06 11:06:17.411  1358  1458 I TLC_TZ_COMMON: get_filename: : TZ GetFN : Starting
01-06 11:06:17.421  1358  2218 D lights  : button : 0 -
01-06 11:06:17.421  1358  1458 I TLC_TZ_COMMON: get_filename: : TZ GetFN : enc filename: 335389ABE58238C638A54552A1B1AF5FA5E59DB1D1F63972EE2A29281309D778227C7771AEA5C8928CBB979D1B1E7869BC072A1ED202FE150A0FE8C7245F0EAB
01-06 11:06:17.421  1358  1458 D QSEECOMAPI: : QSEECom_dealloc_memory 
01-06 11:06:17.421  1358  1458 D QSEECOMAPI: : QSEECom_shutdown_app, app_id = 71
01-06 11:06:17.421  1358  1458 E TLC_TZ_KEYSTORE: : Count : 1, Ret : 0
01-06 11:06:17.421  1358  1458 I         : TimaKeyStore: encryptFilename : filename is: 335389ABE58238C638A54552A1B1AF5FA5E59DB1D1F63972EE2A29281309D778227C7771AEA5C8928CBB979D1B1E7869BC072A1ED202FE150A0FE8C7245F0EAB
01-06 11:06:17.421  1358  1458 I         : TimaKeyStore: /data/misc/fips_tima_keystore/user_0/335389ABE58238C638A54552A1B1AF5FA5E59DB1D1F63972EE2A29281309D778227C7771AEA5C8928CBB979D1B1E7869BC072A1ED202FE150A0FE8C7245F0EAB exists
01-06 11:06:17.421  1358  1458 I         : TimaKeyStore: tima_KeyStore3_get_JNI
01-06 11:06:17.421  1358  1458 I         : TimaKeyStore: callingUid is 1000
01-06 11:06:17.421  1358  1458 E TLC_TZ_KEYSTORE: : Inside TZ_KEYSTORE_encrypt_filename()
01-06 11:06:17.421  1358  1458 I TLC_TZ_KEYSTORE: : creating new keystore context...
01-06 11:06:17.421  1358  1458 I TLC_TZ_KEYSTORE: : initializing ccm context...
01-06 11:06:17.421  1358  1458 I TLC_TZ_KEYSTORE: : root = /firmware/image, root_strlen = 15
01-06 11:06:17.421  1358  1458 I TLC_TZ_KEYSTORE: : process = tima_key, process_strlen = 8
01-06 11:06:17.421  1358  1458 I TZ: qc_tlc_communication: root = /firmware/image, root_len = 15
01-06 11:06:17.421  1358  1458 I TZ: qc_tlc_communication: process = tima_key, process_strlen = 8
01-06 11:06:17.421  1358  1458 I TZ: qc_tlc_communication: aligned max_sendmsg_size = 1088 = 0x440
01-06 11:06:17.421  1358  1458 I TZ: qc_tlc_communication: aligned max_recvmsg_size = 1088 = 0x440
01-06 11:06:17.421  1358  1458 I TZ: qc_tlc_communication: max_message_size = 2176 = 0x880
01-06 11:06:17.421  1358  1458 D QSEECOMAPI: : QSEECom_get_handle sb_length = 0x880
01-06 11:06:17.421  1358  1458 D QSEECOMAPI: : App is not loaded in QSEE
01-06 11:06:17.421  1358  1458 D QSEECOMAPI: : app_arch = 1, total_files = 8
01-06 11:06:17.471  1358  1458 D QSEECOMAPI: : Loaded image: APP id = 72
01-06 11:06:17.561  2459  2459 I wpa_supplicant: nl80211: Received scan results (64 BSSes)
01-06 11:06:17.561  1141  1908 I QC-NETMGR-LIB: Received nl msg, recvmsg returned 64
01-06 11:06:17.561  1141  1908 I QC-NETMGR-LIB: Received command: ID=NETMGR_KIF_MSG_CMD, link=0
01-06 11:06:17.561  1141  1894 I QC-NETMGR-LIB: Process command: ID=NETMGR_KIF_MSG_CMD, link=0, state=1
01-06 11:06:17.561  1141  1894 I QC-NETMGR-LIB: Processing RTM_NEWLINK
01-06 11:06:17.561  1141  1894 I QC-NETMGR-LIB: Metainfo:  Index=6 Family=0 Type=0x1 Change=[0x0] Flags=[0x11003]UP BROADCAST MULTICAST LOWER_UP 
01-06 11:06:17.561  1141  1894 I QC-NETMGR-LIB: Rcvd Netlink msg type [16]
01-06 11:06:17.561  1141  1894 I QC-NETMGR-LIB: Received RTM_NEWLINK
01-06 11:06:17.561  1141  1894 E QC-NETMGR-LIB: unrecognized ifindex 6, disable link
01-06 11:06:17.561  2459  2459 I wpa_supplicant: autoscan_samsung_exponential_notify_scan : scan_interval = 8
01-06 11:06:17.561  2459  2459 I wpa_supplicant: autoscan: autoscan_notify_scan, scan_interval = 8
01-06 11:06:17.561   930  1783 D Netd    : Iface wlan0 link up
01-06 11:06:17.571  2751  3079 D PdnController: Interface Changed wlan0 link up
01-06 11:06:17.571  1358  1557 D Tethering: interfaceLinkStateChanged wlan0, true
01-06 11:06:17.571  1358  1557 D Tethering: interfaceStatusChanged wlan0, true
01-06 11:06:17.581   958  1170 D qti_sensorhub_hal: SNS_OEM_2_REPORT_IND index[1] number[1] total[10]
01-06 11:06:17.581   958  1170 D qti_sensorhub_hal: Activities: 1 ts: 10706553
01-06 11:06:17.591  1358  2111 D SensorHubManager: onGetSensorHubDataLocked: library(10) = 1, 1, 26, 1, 0, -86, -114, -128, 1, 1
01-06 11:06:17.591  1358  2110 D CAE     : onGetSensorHubData(SensorHubParserProvider.java:92) - onGetSensorHubData Event [event buffer len :10], AP_WAKEUP
01-06 11:06:17.591  1358  2110 I CAE     : parse(SensorHubParserProvider.java:188) - buffer size = 10
01-06 11:06:17.591  1358  2110 I CAE     : parse(SensorHubParserProvider.java:199) - 1, 1, 26, 1, 0, -86, -114, -128, 1, 1,
01-06 11:06:17.591  1358  2110 D CAE     : display(ContextProvider.java:375) - ================= ACTIVITY_TRACKER =================
01-06 11:06:17.591  1358  2110 I CAE     : display(ContextProvider.java:391) - Accuracy=[1], OperationMode=[0], ActivityType=[1], TimeStamp=[1452049577600]
01-06 11:06:17.591  1358  2113 D SContextService: updateSContext() : event = Activity Tracker
01-06 11:06:17.611  2266  2266 V PanelView: touch re-enable
01-06 11:06:17.611  1358  2149 D SecContentProvider2: query(), uri = 20 selection = getPromptCredentialsEnabled
01-06 11:06:17.611  4865  4865 D WeChatWifiService: onReceive, action: android.net.wifi.SCAN_RESULTS
01-06 11:06:17.631  4865  4865 D WeChatWifiService: getScanResults, size: 64
01-06 11:06:17.631  4865  4865 D WeChatWifiService: getScanResults, stringBuilder: [{'ssid':'blizzard-legacy','bssid':'74:a2:e6:be:f6:64','rssi':'-84'},{'ssid':'','bssid':'74:a2:e6:bf:0b:de','rssi':'-84'},{'ssid':'internet','bssid':'74:a2:e6:bf:0b:dd','rssi':'-84'},{'ssid':'internet','bssid':'74:a2:e6:be:f6:63','rssi':'-83'},{'ssid':'blizzard','bssid':'74:a2:e6:bf:0b:df','rssi':'-83'},{'ssid':'VaShare-BeiJing','bssid':'90:6c:ac:9f:d9:b9','rssi':'-82'},{'ssid':'blizzard-legacy','bssid':'74:a2:e6:c4:fb:c4','rssi':'-82'},{'ssid':'internet','bssid':'74:a2:e6:c4:fb:c3','rssi':'-82'},{'ssid':'blizzard-legacy','bssid':'74:a2:e6:c4:74:24','rssi':'-79'},{'ssid':'internet','bssid':'74:a2:e6:c4:74:23','rssi':'-79'},{'ssid':'blizzard','bssid':'74:a2:e6:cd:ed:ef','rssi':'-79'},{'ssid':'','bssid':'74:a2:e6:cd:ed:ed','rssi':'-78'},{'ssid':'internet','bssid':'74:a2:e6:cd:ed:ec','rssi':'-78'},{'ssid':'','bssid':'74:a2:e6:c4:74:22','rssi':'-78'},{'ssid':'','bssid':'74:a2:e6:c4:74:2d','rssi':'-77'},{'ssid':'blizzard','bssid':'74:a2:e6:c4:74:2f','rssi':'-77'},{'ssid':'blizzard','bssid':'00:2a:10:8c:b8:0f','rssi':'-76'},{'ssid':'','bssid':'74:a2:e6:c4:fb:cd','rssi':'-76'},{'ssid':'blizzard','bssid':'74:a2:e6:c4:fb:cf','rssi':'-76'},{'ssid':'internet','bssid':'74:a2:e6:c4:fb:cc','rssi':'-76'},{'ssid':'ChinaUnicom','bssid':'80:f6:2e:d5:99:b0','rssi':'-75'},{'ssid':'internet','bssid':'74:a2:e6:c4:74:2c','rssi':'-75'},{'ssid':'internet','bssid':'00:2a:10:8c:b8:0d','rssi':'-75'},{'ssid':'','bssid':'74:a2:e6:be:f6:6d','rssi':'-74'},{'ssid':'internet','bssid':'74:a2:e6:be:f6:6c','rssi':'-74'},{'ssid':'internet','bssid':'a8:9d:21:18:44:52','rssi':'-73'},{'ssid':'blizzard','bssid':'74:a2:e6:c5:15:bf','rssi':'-73'},{'ssid':'blizzard','bssid':'74:a2:e6:be:f6:6f','rssi':'-73'},{'ssid':'internet','bssid':'74:a2:e6:c5:15:bc','rssi':'-73'},{'ssid':'','bssid':'74:a2:e6:c5:15:bd','rssi':'-73'},{'ssid':'blizzard-legacy','bssid':'a8:9d:21:18:44:53','rssi':'-72'},{'ssid':'internet','bssid':'64:f6:9d:89:93:cc','rssi':'-72'},{'ssid':'tropo-test','bssid':'00:21:a0:0f:6c:50','rssi':'-72'},{'ssid':'','bssid':'64:f6:9d:89:93:cd','rssi':'-71'},{'ssid':'blizzard','bssid':'64:f6:9d:89:93:cf','rssi':'-71'},{'ssid':'blizzard','bssid':'74:a2:e6:94:61:5f','rssi':'-71'},{'ssid':'internet','bssid':'74:a2:e6:94:61:5c','rssi':'-71'},{'ssid':'','bssid':'74:a2:e6:94:61:5d','rssi':'-71'},{'ssid':'blizzard-legacy','bssid':'74:a2:e6:bf:0b:d3','rssi':'-70'},{'ssid':'internet','bssid':'74:a2:e6:bf:0b:d2','rssi':'-70'},{'ssid':'tropo-test','bssid':'00:21:a0:00:dd:60','rssi':'-66'},{'ssid':'blizzard-legacy','bssid':'74:a2:e6:94:61:54','rssi':'-64'},{'ssid':'blizzard-legacy','bssid':'74:a2:e6:c5:15:b4','rssi':'-64'},{'ssid':'internet','bssid':'74:a2:e6:c5:15:b3','rssi':'-64'},{'ssid':'internet','bssid':'64:f6:9d:89:93:c3','rssi':'-64'},{'ssid':'internet','bssid':'00:2a:10:8c:b8:02','rssi':'-63'},{'ssid':'blizzard-legacy','bssid':'64:f6:9d:89:93:c4','rssi':'-63'},{'ssid':'','bssid':'74:a2:e6:94:61:52','rssi':'-63'},{'ssid':'blizzard-legacy','bssid':'00:2a:10:8c:b8:03','rssi':'-62'},{'ssid':'','bssid':'00:2a:10:8c:b8:01','rssi':'-62'},{'ssid':'blizzard-legacy','bssid':'74:a2:e6:cd:ed:c4','rssi':'-56'},{'ssid':'internet','bssid':'74:a2:e6:cd:ed:c3','rssi':'-56'},{'ssid':'DIRECT-QpMAGONG-EK49UmsLN','bssid':'e6:b3:18:e6:35:c0','rssi':'-52'},{'ssid':'blizzard','bssid':'74:a2:e6:cd:ed:cf','rssi':'-49'},{'ssid':'internet','bssid':'74:a2:e6:cd:ed:cc','rssi':'-49'},{'ssid':'','bssid':'74:a2:e6:cd:ed:cd','rssi':'-49'},{'ssid':'ChinaUnicom','bssid':'80:f6:2e:19:40:90','rssi':'-38'},{'ssid':'and-Business','bssid':'00:26:7a:23:a8:02','rssi':'-36'},{'ssid':'CMCC-WEB','bssid':'00:26:7a:21:a8:02','rssi':'-36'},{'ssid':'CMCC','bssid':'00:26:7a:22:a8:02','rssi':'-35'}]
01-06 11:06:17.651  1358  1458 I TZ: qc_tlc_communication: TLC_COMM: path = /firmware/image, fname = tima_key, tzapp is loaded
01-06 11:06:17.651  1358  1458 I TLC_TZ_KEYSTORE: : ctx = 0x7f6ee0ee80, comm = 0x7f6ee0eee0, sendmsg = 0x7f7b580000, recvmsg = 0x7f7b580440
01-06 11:06:17.651  1358  1458 I TLC_TZ_COMMON: get_filename: : TZ_COMMON: Get_filename - allow_hashing: 0
01-06 11:06:17.651  1358  1458 I TLC_TZ_COMMON: get_filename: : TZ GetFN : priv_data.in_filename: 1000_KS_SKEY_PersonaPwdResetToken0, len: 34
01-06 11:06:17.651  1358  1458 I TLC_TZ_COMMON: get_filename: : TZ CCM : priv_data.in_fn_len: 34
01-06 11:06:17.651  1358  1458 I TLC_TZ_COMMON: get_filename: : TZ GetFN : Starting
01-06 11:06:17.661  1358  1458 I TLC_TZ_COMMON: get_filename: : TZ GetFN : enc filename: 335389ABE58238C638A54552A1B1AF5FA5E59DB1D1F63972EE2A29281309D778227C7771AEA5C8928CBB979D1B1E7869BC072A1ED202FE150A0FE8C7245F0EAB
01-06 11:06:17.661  1358  1458 D QSEECOMAPI: : QSEECom_dealloc_memory 
01-06 11:06:17.661  1358  1458 D QSEECOMAPI: : QSEECom_shutdown_app, app_id = 72
01-06 11:06:17.661  1358  1458 E TLC_TZ_KEYSTORE: : Count : 1, Ret : 0
01-06 11:06:17.661  1358  1458 I         : TimaKeyStore: encryptFilename : filename is: 335389ABE58238C638A54552A1B1AF5FA5E59DB1D1F63972EE2A29281309D778227C7771AEA5C8928CBB979D1B1E7869BC072A1ED202FE150A0FE8C7245F0EAB
01-06 11:06:17.661  1358  1458 I TLC_TZ_KEYSTORE: : TZ_KEYSTORE_fips_unwrap_key
01-06 11:06:17.661  1358  1458 I TLC_TZ_KEYSTORE: : creating new keystore context...
01-06 11:06:17.661  1358  1458 I TLC_TZ_KEYSTORE: : initializing ccm context...
01-06 11:06:17.661  1358  1458 I TLC_TZ_KEYSTORE: : root = /firmware/image, root_strlen = 15
01-06 11:06:17.661  1358  1458 I TLC_TZ_KEYSTORE: : process = tima_key, process_strlen = 8
01-06 11:06:17.661  1358  1458 I TZ: qc_tlc_communication: root = /firmware/image, root_len = 15
01-06 11:06:17.661  1358  1458 I TZ: qc_tlc_communication: process = tima_key, process_strlen = 8
01-06 11:06:17.661  1358  1458 I TZ: qc_tlc_communication: aligned max_sendmsg_size = 1088 = 0x440
01-06 11:06:17.661  1358  1458 I TZ: qc_tlc_communication: aligned max_recvmsg_size = 1088 = 0x440
01-06 11:06:17.661  1358  1458 I TZ: qc_tlc_communication: max_message_size = 2176 = 0x880
01-06 11:06:17.661  1358  1458 D QSEECOMAPI: : QSEECom_get_handle sb_length = 0x880
01-06 11:06:17.661  1358  1458 D QSEECOMAPI: : App is not loaded in QSEE
01-06 11:06:17.661  1358  1458 D QSEECOMAPI: : app_arch = 1, total_files = 8
01-06 11:06:17.711  1358  1458 D QSEECOMAPI: : Loaded image: APP id = 73
01-06 11:06:17.711  1358  1458 I TZ: qc_tlc_communication: TLC_COMM: path = /firmware/image, fname = tima_key, tzapp is loaded
01-06 11:06:17.711  1358  1458 I TLC_TZ_KEYSTORE: : ctx = 0x7f6ee0ee80, comm = 0x7f6ee0eee0, sendmsg = 0x7f7b580000, recvmsg = 0x7f7b580440
01-06 11:06:17.711  1358  1458 I TLC_TZ_KEYSTORE: unwrap_key: : TZ_KEYSTORE_fips_unwrap_key_TLC...
01-06 11:06:17.711  1358  1458 I TLC_TZ_KEYSTORE: unwrap_key: : TZ_KEYSTORE_unwrap_key_START...
01-06 11:06:17.721  1358  1458 I TLC_TZ_KEYSTORE: unwrap_key: : TZ_KEYSTORE_unwrap_key_END...
01-06 11:06:17.721  1358  1458 D QSEECOMAPI: : QSEECom_dealloc_memory 
01-06 11:06:17.721  1358  1458 D QSEECOMAPI: : QSEECom_shutdown_app, app_id = 73
01-06 11:06:17.721  1358  2153 D WifiController: ApOrStaEnabledState  msg.what= 155652
01-06 11:06:17.721  1358  1458 E TLC_TZ_KEYSTORE: : Count : 1, Ret : 0
01-06 11:06:17.721  1358  1458 I         : TimaKeyStore: returning bytearray
01-06 11:06:17.721  1358  1458 D TimaHelper: Found key : PersonaPwdResetToken0 from TIMA keystore
01-06 11:06:17.721  1358  1458 I KeyManagementUtil: retrieveCMK :: Inside
01-06 11:06:17.721  1358  1458 D KeyManagementUtil: verifyKEK :: Inside
01-06 11:06:17.721  1358  1458 D KeyManagementUtil: SND -> {keymanagement_cmd verify_kek}
01-06 11:06:17.721   993  1213 D SDP_JNI_SKMM2:  [sdp] CALL - VerifyKEK..... 
01-06 11:06:17.721   993  1213 D SDP_JNI_SKMM2: verifyKEK ..... 
01-06 11:06:17.721   993  1213 D SDP_JNI_SKMM2: verifyKEK :: id=0, type=MDM
01-06 11:06:17.731   993  1213 D QSEECOMAPI: : QSEECom_get_handle sb_length = 0x400
01-06 11:06:17.731  2266  2266 D KeyguardUpdateMonitor: received broadcast android.intent.action.BATTERY_CHANGED
01-06 11:06:17.731  2266  2266 D KeyguardUpdateMonitor: handleBatteryUpdate
01-06 11:06:17.731   993  1213 D QSEECOMAPI: : App is not loaded in QSEE
01-06 11:06:17.731   993  1213 D QSEECOMAPI: : app_arch = 1, total_files = 8
01-06 11:06:17.741  1358  2300 D ApplicationPolicy: isStatusBarNotificationAllowedAsUser: packageName = com.android.systemui,userId = -1
01-06 11:06:17.741  2751  2751 D CommonServiceConfiguration: getStringValueSetting
01-06 11:06:17.751  2751  2751 D BatteryMonitor: new battery level: 2
01-06 11:06:17.751  2497  2514 D CatchNotificationsService: onNotificationPosted
01-06 11:06:17.761  7344  7355 D BadgeProvider: query, [selection] : null
01-06 11:06:17.771  2497  2514 E CatchNotificationsService: Invalid notification data
01-06 11:06:17.781  2266  2266 D PhoneStatusBar: setAreThereNotifications: N=3 any=true clearable=true
01-06 11:06:17.781   993  1213 D QSEECOMAPI: : Loaded image: APP id = 74
01-06 11:06:17.811   993  1213 D QSEECOMAPI: : QSEECom_dealloc_memory 
01-06 11:06:17.811   993  1213 D QSEECOMAPI: : QSEECom_shutdown_app, app_id = 74
01-06 11:06:17.811   993  1213 D SDP_JNI_SKMM2: verifyKEK ..... End
01-06 11:06:17.811  1358  2130 D KeyManagementUtil: RCV <-
01-06 11:06:17.811  1358  1458 D KeyManagementUtil: RMV <-
01-06 11:06:17.811  1358  1458 D KeyManagementUtil: event called.
01-06 11:06:17.811  1358  1458 D SdpManagerService: cacheMasterKey :: 0
01-06 11:06:17.811  1358  1458 E SDP.CRYPTO: 
01-06 11:06:17.811  1358  1458 E SDP.CRYPTO: int sdp_drv_on_unlocked(int, const char*, int)(0)
01-06 11:06:17.811  1358  1458 E SDP.CRYPTO: Rpri loaded
01-06 11:06:17.811  1358  1458 E SDP.CRYPTO: Dpri loaded
01-06 11:06:17.811  1358  1458 E SDP.CRYPTO: No hash for ECDH verification.. need to migrate?? 
01-06 11:06:17.811  1358  1458 E SDP.CRYPTO: EDpri loaded
01-06 11:06:17.811  1358  1458 E SDP.CRYPTO: sym loaded
01-06 11:06:17.811  1358  1458 E SDP.CRYPTO:     On User Unlock OK, id 0
01-06 11:06:17.811  1358  1458 E SdpManagerService: sendBroadcastAsUser(INTENT_SDP_STATE_CHANGED, state:2)
01-06 11:06:17.821  2266  7812 D KeyguardViewMediator: unlockSdp :: Unlock SDP Successful..!
01-06 11:06:17.821  1358  2315 E SdpServiceKeeper: isLicensed {pid:7747 uid:10128 userid:0 doPkg:null}
01-06 11:06:17.821  1358  2315 E SdpServiceKeeper: White listed. Skip license activation
01-06 11:06:17.821  7747  7747 E SdpStateChangedReceiver: com.sec.enterprise.knox.sdp.exception.SdpEngineNotExistsException
01-06 11:06:19.611  2266  2522 D NetworkController.MobileSignalController(0/1): onSignalStrengthsChanged signalStrength=SignalStrength: 99 99 -120 -160 -120 -1 -1 23 -99 -11 28 -1 2147483647 0x3000 gsm|lte level=3
01-06 11:06:19.611  2266  2522 D NetworkController.MobileSignalController(0/1): getMobileIconGroup(): 13
01-06 11:06:19.611  2266  2522 D NetworkController.MobileSignalController(0/1): updateCMCCMobileIconGroup(): 13
01-06 11:06:19.921   936  1430 D audio_hw_primary: out_standby: enter: stream (0xef16a700) usecase(1: low-latency-playback)
01-06 11:06:19.951   936  1430 V audio_hw_primary: stop_output_stream: enter: usecase(1: low-latency-playback)
01-06 11:06:19.961   936  1430 V audio_hw_primary: disable_audio_route: enter: usecase(1)
01-06 11:06:19.961   936  1430 D audio_hw_primary: disable_audio_route: reset and update mixer path: low-latency-playback speaker
01-06 11:06:19.961   936  1430 D audio_route: Setting mixer control: PRI_MI2S_RX Audio Mixer MultiMedia5, value: 0
01-06 11:06:19.961   936  1430 V audio_hw_primary: disable_audio_route: exit
01-06 11:06:19.961   936  1430 D hardware_info: hw_info_append_hw_type : device_name = speaker
01-06 11:06:19.961   936  1430 D audio_hw_primary: disable_snd_device: snd_device(2: speaker)
01-06 11:06:19.961   936  1430 V audio_hw_primary: [MAXIM] dsm_spkr_prot_control_tx_topology() enable:0, dsm_is_enabled:1
01-06 11:06:19.991   936  1430 D hardware_info: hw_info_append_hw_type : device_name = vi-feedback
01-06 11:06:19.991   936  1430 D audio_hw_primary: disable_snd_device: snd_device(403: vi-feedback)
01-06 11:06:19.991   936  1430 V audio_hw_primary: disable_audio_route: enter: usecase(42)
01-06 11:06:19.991   936  1430 D audio_hw_primary: disable_audio_route: reset and update mixer path: spkr-vi-feedback
01-06 11:06:19.991   936  1430 D audio_route: Setting mixer control: MultiMedia2 Mixer PRI_MI2S_TX, value: 0
01-06 11:06:19.991   936  1430 V audio_hw_primary: disable_audio_route: exit
01-06 11:06:19.991   936  1430 V audio_hw_primary: [MAXIM] dsm_spkr_prot_control_tx_topology() dsm disabled
01-06 11:06:19.991   936  1430 V audio_hw_primary: stop_output_stream: exit: status(0)
01-06 11:06:19.991   936  1430 V audio_hw_primary: out_standby: exit
01-06 11:06:19.991   936  1430 V audio_hw_primary: out_get_parameters: enter: keys - isDeepStandby
01-06 11:06:19.991   936  1430 V audio_hw_primary: out_get_parameters: exit: returns - TRUE
01-06 11:06:19.991   936  1430 V audio_hw_primary: out_get_parameters: enter: keys - isActiveInput
01-06 11:06:19.991   936  1430 V audio_hw_primary: out_get_parameters: exit: returns - FALSE
01-06 11:06:21.651  4865  7840 D WeChatWifiService: getWecChatAccessPoint, returnCode: 3
01-06 11:06:21.651  4865  7840 D WeChatWifiService: sendLogoutNotification, not send Notification
01-06 11:06:22.171  2266  2522 D NetworkController.MobileSignalController(0/1): onSignalStrengthsChanged signalStrength=SignalStrength: 99 99 -120 -160 -120 -1 -1 23 -99 -11 40 -1 2147483647 0x3000 gsm|lte level=3
01-06 11:06:22.171  2266  2522 D NetworkController.MobileSignalController(0/1): getMobileIconGroup(): 13
01-06 11:06:22.171  2266  2522 D NetworkController.MobileSignalController(0/1): updateCMCCMobileIconGroup(): 13
01-06 11:06:22.381  5275  5275 E AutoLoginService: network is not available
01-06 11:06:22.381  5275  5275 D ConnectivityManager: getMobileDataEnabled()+ subId=1
01-06 11:06:22.381  2644  3016 D PhoneInterfaceManager: [PhoneIntfMgr] getDataEnabled: subId=1 phoneId=0
01-06 11:06:22.381  2644  3016 D PhoneInterfaceManager: [PhoneIntfMgr] getDataEnabled: subId=1 retVal=false
01-06 11:06:22.391  5275  5275 D ConnectivityManager: getMobileDataEnabled()- subId=1 retVal=false
01-06 11:06:24.731  2266  2522 D NetworkController.MobileSignalController(0/1): onSignalStrengthsChanged signalStrength=SignalStrength: 99 99 -120 -160 -120 -1 -1 24 -99 -13 -26 -1 2147483647 0x3000 gsm|lte level=3
01-06 11:06:24.741  2266  2522 D NetworkController.MobileSignalController(0/1): getMobileIconGroup(): 13
01-06 11:06:24.741  2266  2522 D NetworkController.MobileSignalController(0/1): updateCMCCMobileIconGroup(): 13
01-06 11:06:26.011  2266  2522 D NetworkController.MobileSignalController(0/1): onSignalStrengthsChanged signalStrength=SignalStrength: 99 99 -120 -160 -120 -1 -1 24 -99 -13 54 -1 2147483647 0x3000 gsm|lte level=3
01-06 11:06:26.011  2266  2522 D NetworkController.MobileSignalController(0/1): getMobileIconGroup(): 13
01-06 11:06:26.011  2266  2522 D NetworkController.MobileSignalController(0/1): updateCMCCMobileIconGroup(): 13
01-06 11:06:27.291  2266  2522 D NetworkController.MobileSignalController(0/1): onSignalStrengthsChanged signalStrength=SignalStrength: 99 99 -120 -160 -120 -1 -1 24 -99 -12 100 -1 2147483647 0x3000 gsm|lte level=3
01-06 11:06:27.291  2266  2522 D NetworkController.MobileSignalController(0/1): getMobileIconGroup(): 13
01-06 11:06:27.291  2266  2522 D NetworkController.MobileSignalController(0/1): updateCMCCMobileIconGroup(): 13
01-06 11:06:27.981  1358  2153 D WifiController: ApOrStaEnabledState  msg.what= 155652
01-06 11:06:27.981  2266  2266 D KeyguardUpdateMonitor: received broadcast android.intent.action.BATTERY_CHANGED
01-06 11:06:27.981  2266  2266 D KeyguardUpdateMonitor: handleBatteryUpdate
01-06 11:06:28.001  2751  2751 D CommonServiceConfiguration: getStringValueSetting
01-06 11:06:28.011  2751  2751 D BatteryMonitor: new battery level: 2
01-06 11:06:28.021  2459  2459 I wpa_supplicant: wlan0: Setting scan request: 0 sec 0 usec
01-06 11:06:28.021  2459  2459 I wpa_supplicant: P2P: Current p2p state = IDLE
01-06 11:06:28.041  7845  7845 E Zygote  : v2
01-06 11:06:28.051  7845  7845 W SELinux : Function: selinux_compare_spd_ram, index[1], priority [2], priority version is VE=SEPF_SECMOBILE_6.0.1_0025
01-06 11:06:28.051  7845  7845 E Zygote  : accessInfo : 0
