01-06 11:04:25.531  2751  2751 D PdnController: CONNECTIVITY_ACTION: networkType 0 isConnected false
01-06 11:04:25.531  2751  2751 D PdnController: isSuspended [false] networktype [0]
01-06 11:04:25.531  2644  2644 D PhoneApp: PhoneAppBroadcastReceiver onReceive android.intent.action.ANY_DATA_STATE
01-06 11:04:25.531  2751  2751 D PdnController: isIfaceDisconnected result [true] networkType [0] interfaceName [null] 
01-06 11:04:25.531  2751  2751 D PdnController: isPdnUp  [false] networktype [0]
01-06 11:04:25.531  2751  2751 D PdnController: isSuspended : []
01-06 11:04:25.531  2751  2751 D PdnController: Ignore Notifying Same Result to LocalIP Registrants!
01-06 11:04:25.541  2644  2644 D PhoneInterfaceManager: [PhoneIntfMgr] getDataEnabled: subId=1 phoneId=0
01-06 11:04:25.541  2644  2644 D PhoneInterfaceManager: [PhoneIntfMgr] getDataEnabled: subId=1 retVal=false
01-06 11:04:25.541  2644  2644 D TelephonyManager: getDataEnabled: retVal=false
01-06 11:04:25.541  2644  2644 D FileWriteThread_Telephony: FileWriteThread : threadType = 3
01-06 11:04:25.541  2636  3805 E NxpNfcJni: getReconnectState = 0x0
01-06 11:04:25.541  2636  3805 E NfcNfa  : UICC/ESE[0x402] is not activated
01-06 11:04:25.551  2266  2522 D NetworkController.MobileSignalController(0/1): onDataActivity: direction=0
01-06 11:04:25.551  2502  2520 D PeopleNotiListenerService: onEdgeNotificationRemoved() : pkg com.android.phone,id=5,extra=Bundle[mParcelledData.dataSize=84]
01-06 11:04:25.551  2502  2502 D PeopleNotiListenerService: removeEdgeNotification:Bundle[{samsung.notification.id=5, samsung.notification.type=normal, samsung.people.package_name=com.android.phone}]
01-06 11:04:25.551  2502  2502 I PeopleStripeService: PeopleNotificationReceiver:3
01-06 11:04:25.551  2502  2502 I PeopleStripeService: sendEdgeNotification  peopleEnabled true lightingEnabled true edgeEnabled true
01-06 11:04:25.551  2502  2502 I PeopleDataManager: removeNotification
01-06 11:04:25.551  2502  2502 I NotificationParser: getNotiType:com.android.phone,null
01-06 11:04:25.551  2502  2502 D PeopleDataManager: removeNotiInfo: id =5,packageName=com.android.phone,isEdgeNotification=false,key=null,removeAll=false
01-06 11:04:25.551  2502  2502 D PeopleDataManager: removeNotiInfo =null
01-06 11:04:25.561  2636  5200 D NfcService: index : 0
01-06 11:04:25.561  2636  5200 D NfcService: index : 1
01-06 11:04:25.561  2636  5200 D NfcService: index : 2
01-06 11:04:25.561  2266  2522 D NetworkController.MobileSignalController(0/1): onDataActivity: direction=0
01-06 11:04:25.571  3360  3360 D BtGatt.GattService: LCD turned off
01-06 11:04:25.571  3360  3608 D BtGatt.ScanManager: handleLcdOffIntent
01-06 11:04:25.571  3360  3608 D BtGatt.ScanManager: handleLcdOffIntent : thresholdScanValue is = 10 mLastConfiguredScanValue =5
01-06 11:04:25.571  3975  3975 D CocktailBarUiController: ACTION_SCREEN_OFF
01-06 11:04:25.571  3975  3975 D AbstractCocktailPanelView: setPanelVisible: CocktailPortraitRemotePanelViewfalse will be hiden: 5
01-06 11:04:25.571  3975  3975 D CocktailBarPanelVisibilityManager: updateActivePanelView:  vis=false screenOn=false onTransit=false -hide: 5 current Active: 5
01-06 11:04:25.571  3975  3975 E AbstractCocktailPanelView: notifyPanelVisibilityChanged: visibility not changed 2 id: 5
01-06 11:04:25.571  3975  3975 I TrayVisibilityController: handleMessage : msg.what = 1
01-06 11:04:25.581  3975  3975 I Utils   : isCurrentUser current = 0, ownerId = 0
01-06 11:04:25.581  3975  3975 I TrayVisibilityController: getComputedTrayVisible : keyguardState = 3
01-06 11:04:25.581  3975  3975 I TrayVisibilityController: updateTrayVisible : State : 3 visible = 2 mCurrentVisible = 1
01-06 11:04:25.581  3975  3975 D TrayStateController: putInputRect mDynamicInputRegion=104801031@LastEvent=t=1452049406468Rect(8, 0 - 64, 588),Rect=Rect(0, 0 - 0, 0)
01-06 11:04:25.581  2502  2502 D PeopleStripeService: ACTION_SCREEN_OFF
01-06 11:04:25.581  2502  2502 D PeopleStripeManager: requestCloseCircleViews()
01-06 11:04:25.581  2502  2502 I CircleImageSaveLayout: hideImageSaveLayout()
01-06 11:04:25.581  2502  2502 D CircleImageSaveLayout: releaseWakeLock()
01-06 11:04:25.581  2502  2502 D SweepImageListView: hide
01-06 11:04:25.581  2502  2502 D SweepImageListView: setAdapter mAdapter =null:107986665
01-06 11:04:25.581  2502  2502 I PeopleEdgeCommContainer: hideEffectView() 
01-06 11:04:25.581  2502  2502 I CirclePokingManager: stopParticleEffectView  mParticleEffectView-null
01-06 11:04:25.581  2502  2502 I PeopleDataManager: deleteMarkedCircleEvent : people = null
01-06 11:04:25.581  2502  2502 I PeopleEdgeCommContainer: setPeopleChannelShowStatus false
01-06 11:04:25.581  2502  2502 I PeopleStripeWindow: updateWindowParam : minimize=true,mLastMinimized=true,color0 blur true
01-06 11:04:25.581  3975  3975 D TrayStateController: setUiState: 0 --> 2
01-06 11:04:25.591  2502  2502 D PeopleStripeVisibilityController: setEmoHistory enable=false
01-06 11:04:25.591  2502  2502 I PeopleStripeVisibilityController: getComputedTrayVisible : keyguardState = 1
01-06 11:04:25.591  2502  2502 I PeopleStripeVisibilityController: isVisibleByAlwaysOn : mState = 1
01-06 11:04:25.591  2502  2502 E PeopleStripeProcessMonitor: getTopActivity : MultiWindowFacade.taskList = []
01-06 11:04:25.591  2502  2502 I PeopleStripeProcessMonitor: isPeopleStripeTask packageName = com.sec.android.app.launcher 0
01-06 11:04:25.601  2502  2502 E PeopleStripeProcessMonitor: getTopActivity : MultiWindowFacade.taskList = []
01-06 11:04:25.601  2502  2502 I PeopleStripeVisibilityController: updateStripeVisible : State 1 visible = 1
01-06 11:04:25.601  2502  2502 I PeopleStripeManager: isExistVisibleHandler false
01-06 11:04:25.601  2502  2502 I PeopleStripeManager: showStripe Not exist noti handler.
01-06 11:04:25.601  2502  2502 I PeopleStripeManager: hideStripe
01-06 11:04:25.601  2502  2502 D PeopleStripeManager: onVisibilityChanged : 2
01-06 11:04:25.601  2502  2502 D PeopleStripeVisibilityController: setHiddenEdgePanel enable=true
01-06 11:04:25.601  2502  2502 I PeopleStripeVisibilityController: updateStripeVisible : State 1028 visible = 2
01-06 11:04:25.601  2502  2502 I PeopleStripeManager: hideStripe
01-06 11:04:25.621   648  3322 D libEGL  : eglTerminate EGLDisplay = 0x7f84dbeea8
01-06 11:04:25.631   648  7460 I SurfaceFlinger: id=56 Removed DocktailBar (9/13)
01-06 11:04:25.631   648   675 I SurfaceFlinger: id=56 Removed DocktailBar (-2/13)
01-06 11:04:25.631   648   648 D libEGL  : eglTerminate EGLDisplay = 0x7fe9458218
01-06 11:04:25.651  3975  3975 D CocktailBarUiController: onCocktailBarStateChanged: flag=0x1 vis=2 bgType=0 showTimeout=-1 activate=true
01-06 11:04:25.661  1358  1358 I SurveyLogManager: mDeviceInfo.mScreen = false
01-06 11:04:25.661  3040  3040 I AlpmModeManager: startAlpmMode : state  = IDLE
01-06 11:04:25.661  3040  3040 I AlpmModeManager: handleUnblankDisplay: state  = IDLE
01-06 11:04:25.661  3040  3040 V AlpmModeManager: handleUnblankDisplay: setDoze [DISPLAY_STATE_DOZE]
01-06 11:04:25.661  3040  3040 D AlpmModeManager: getLastAlpmHlpmBright : HighNit[true], AlpmHlpm[1], NitMode[[ALPM]_60NIT_ON]
01-06 11:04:25.671  3040  3040 I AlpmModeManager: handleUnblankDisplay: AlpmModeManager wakeLock [ACQUIRE]
01-06 11:04:25.671  1358  2618 I libsuspend: !@autosuspend_wakeup_count_disable
01-06 11:04:25.671  1358  2618 I libsuspend: !@autosuspend_wakeup_count_disable done
01-06 11:04:25.681   648   671 D libEGL  : eglTerminate EGLDisplay = 0x7f8a880ea8
01-06 11:04:25.691   648   671 D libEGL  : eglTerminate EGLDisplay = 0x7f8a880ea8
01-06 11:04:25.691   648  2225 I SurfaceFlinger: id=61 Removed DolorFade (10/12)
01-06 11:04:25.691   648  3322 I SurfaceFlinger: id=61 Removed DolorFade (-2/12)
01-06 11:04:25.691   648   648 D SurfaceFlinger: Set power mode=1, type=0 flinger=0x7f8ab03c00
01-06 11:04:25.691   648   648 I SDM     : HWCDisplay::SetPowerMode: display = 0, mode = 1
01-06 11:04:25.691   648   648 I SDM     : DisplayBase::SetDisplayState: Set state = 2, display 0
01-06 11:04:25.701  3975  3975 E CocktailBarPositionManager: Window direction: 0
01-06 11:04:25.701  3975  3975 I CocktailBarPositionManager: updateAlphaScreenPosition position is dirty 0
01-06 11:04:25.741  3040  3040 D DefaultClockView: Start AOD Enter Animation
01-06 11:04:25.741  1358  2220 D lights  : lcd : 1 +
01-06 11:04:25.741  1358  2220 D lights  : lcd : 1 -
01-06 11:04:25.751  4958  4958 E SamsungIME: invoke(): method is null
01-06 11:04:25.751  1358  7741 I BatteryStatsDumper: In refreshStats isReason Screen ON/OFF: true
01-06 11:04:25.751  4865  4865 D WeChatWifiService: onReceive, action: android.intent.action.SCREEN_OFF
01-06 11:04:25.751  1358  7741 D BluetoothAdapter: STATE_BLE_ON
01-06 11:04:25.751  5347  5347 I BeaconManager: BeaconManager.onReceive - receive Action : android.intent.action.SCREEN_OFF
01-06 11:04:25.751  5347  5347 D BeaconManager: BeaconManager.onReceive - end
01-06 11:04:25.761  5347  5431 I BeaconManager: BeaconManager.BeaconManagerWorkHandler - BroadcastReceiver onReceive start
01-06 11:04:25.761  5347  5431 D BeaconManager: BeaconManager.mScreenObserver - action:android.intent.action.SCREEN_OFF
01-06 11:04:25.761  5347  5431 D BeaconManager: AppControlManager.screenOnIntentReceived - start
01-06 11:04:25.761  5347  5431 D BeaconManager: AppControlManager.screenOnIntentReceived - end
01-06 11:04:25.761  5347  5431 D BeaconManager: EasySetupManager.screenOnIntentReceived - start
01-06 11:04:25.761  5347  5431 D BeaconManager: EasySetupManager.screenOnIntentReceived - end
01-06 11:04:25.761  5347  5431 D BeaconManager: BleScanHelper.screenOnIntentReceived - start
01-06 11:04:25.761  5347  5431 D BeaconManager: BleScanHelper.mBroadcastReceiver - Action: android.intent.action.SCREEN_OFF, user: 0
01-06 11:04:25.761  5347  5431 V BeaconManager: BleScanHelper.startBleScan - startBleScan
01-06 11:04:25.761  5347  5431 D BluetoothAdapter: STATE_BLE_ON
01-06 11:04:25.761  5347  5431 D BeaconManager: BleScanHelper.screenOnIntentReceived - end
01-06 11:04:25.761  5347  5431 I BeaconManager: BeaconManager.BeaconManagerWorkHandler - BroadcastReceiver onReceive end
01-06 11:04:25.761  3444  3444 E LibSecureUISvc: svc_sock_send_message(suisvc): Error sending data, -1 vs 4: Connection refused
01-06 11:04:25.761  5347  5446 D BeaconManager: BleScanHelper.MSG_CALL_START_LESCAN - ($)
01-06 11:04:25.761  5347  5446 D BluetoothAdapter: STATE_BLE_ON
01-06 11:04:25.771  5347  5446 D BluetoothAdapter: STATE_BLE_ON
01-06 11:04:25.771  5347  5446 D BluetoothAdapter: appoCount is = 0
01-06 11:04:25.771  5347  5446 I BeaconManager: BleScanHelper.directStopLeScan - call BleScanner.stopScan()
01-06 11:04:25.771  1358  2618 V WindowStateAnimator: Finishing drawing window Window{88de527 u0 d0 com.sec.android.app.launcher/com.sec.android.app.launcher.activities.LauncherActivity}: mDrawState=HAS_DRAWN
01-06 11:04:25.781  5347  5446 D BluetoothAdapter: STATE_BLE_ON
01-06 11:04:25.781  5347  5446 D BluetoothAdapter: appoCount is = 0
01-06 11:04:25.781  5347  5446 D BluetoothAdapter: STATE_BLE_ON
01-06 11:04:25.781  5347  5446 D BluetoothLeScanner: Stop Scan
01-06 11:04:25.791  6260  6277 I SystemBroadcastReceiver: [#CMH#] Received broadcast 
01-06 11:04:25.791  6260  6277 I PolicyManager: [#CMH#] onReceive action = EVENT_SCREEN_OFF
01-06 11:04:25.791  6260  6277 I SystemBroadcastReceiver: [#CMH#] onReceive completed 
01-06 11:04:25.791  3360  3392 D BtGatt.GattService: [GSIM LOG]: getCallingProcessName: com.samsung.android.beaconmanager
01-06 11:04:25.791  3360  3392 D BtGatt.GattService: [GSIM LOG]: getCallingProcessName: com.samsung.android.beaconmanager
01-06 11:04:25.791  3360  3392 D BtGatt.GattService: stopScan() - queue size =1
01-06 11:04:25.791  3360  3619 E BtGatt.GattService: [GSIM LOG]: gsimLogHandler: com.samsung.android.beaconmanager, msg: MESSAGE_STOP_SCAN
01-06 11:04:25.791  3360  3619 D BtGatt.GattService: [GSIM LOG]: gsimLogHandler: prevDate: 6, currDate: 6
01-06 11:04:25.791  3360  3619 D BtGatt.GattService: [GSIM LOG]: updateScanTime: 1
01-06 11:04:25.791  3360  7622 D BtGatt.GattService: unregisterClient() - clientIf=5
01-06 11:04:25.791  3360  3608 D BtGatt.ScanManager: stop scan
01-06 11:04:25.791  3360  3608 D BtGatt.ScanManager: delete FilterIndex - 11
01-06 11:04:25.801  5651  5651 D [WeatherWidget(1173)]  WeatherService: {[EC3334F14841398C8B464A72D0E61AB7948E844A51B2F10E7C31A850CCA08F880ABEEF87F6E6A4C1C58A024DF4C59CCBAB058FE760D19BABE2141DC34E7050B2]}
01-06 11:04:25.801  5651  5651 D [WeatherWidget(1173)]  WeatherService: {[EC3334F14841398C8B464A72D0E61AB73EA894562B46724F5CBB481CE1644E72]}
01-06 11:04:25.801  3040  3040 I AlpmModeManager: handleAlpmModeOn: state  = UNBLANK
01-06 11:04:25.801  1358  7741 I BatteryStatsDumper: Previous Battery Level: 2 Current Level: 2 Delta: 0
01-06 11:04:25.811  5651  5651 D [WeatherWidget(1173)]  WeatherService: {[CC14338CDEB270B60D640F786827F117157AA4FCA31999F201B607282E8FB824]}
01-06 11:04:25.811  3360  3546 D BtGatt.GattService: onScanFilterParamsConfigured() - clientIf=5, status=0, action=1, availableSpace=29
01-06 11:04:25.811  3360  3546 D BtGatt.ScanManager: callback done for clientIf - 5 status - 0
01-06 11:04:25.811  3360  3608 D BtGatt.ScanManager: delete FilterIndex - 12
01-06 11:04:25.811  3360  3619 D BtGatt.GattService: [GSIM LOG]: com.samsung.android.beaconmanager@Custom, R time : 2 => 3
01-06 11:04:25.811  3360  3546 D BtGatt.GattService: onScanFilterParamsConfigured() - clientIf=5, status=0, action=1, availableSpace=30
01-06 11:04:25.811  3360  3546 D BtGatt.ScanManager: callback done for clientIf - 5 status - 0
01-06 11:04:25.811  3360  3608 D BtGatt.ScanManager: delete FilterIndex - 13
01-06 11:04:25.821  3360  3546 D BtGatt.GattService: onScanFilterParamsConfigured() - clientIf=5, status=0, action=1, availableSpace=31
01-06 11:04:25.821  3360  3546 D BtGatt.ScanManager: callback done for clientIf - 5 status - 0
01-06 11:04:25.821  3360  3608 D BtGatt.ScanManager: delete FilterIndex - 14
01-06 11:04:25.821  3360  3619 D BtGatt.GattService: [GSIM LOG]: com.samsung.android.beaconmanager@Custom, A time : 2 => 3
01-06 11:04:25.821  3360  3619 D BtGatt.GattService: [GSIM LOG]: remove : com.samsung.android.beaconmanager at  BLE_SCAN_ACTUAL_DB
01-06 11:04:25.821  3360  3619 D BtGatt.GattService: [GSIM LOG]: remove : com.samsung.android.beaconmanager at  BLE_SCAN_REQUESTED_DB
01-06 11:04:25.821  3360  3546 D BtGatt.GattService: onScanFilterParamsConfigured() - clientIf=5, status=0, action=1, availableSpace=32
01-06 11:04:25.821  3360  3546 D BtGatt.ScanManager: callback done for clientIf - 5 status - 0
01-06 11:04:25.821  3360  3608 D BtGatt.ScanManager: configureRegularScanParams() - queue=0
01-06 11:04:25.821  3360  3608 D BtGatt.ScanManager: configureRegularScanParams() - ScanSetting Scan mode=-2147483648 mLastConfiguredScanSetting=100
01-06 11:04:25.821  3360  3608 D BtGatt.ScanManager: configureRegularScanParams() - queue emtpy, scan stopped
01-06 11:04:25.891  5347  5446 I BeaconManager: BleScanHelper.startBleScan - Start filter Scan(SCREEN_OFF)
01-06 11:04:25.891  1358  7741 I BatteryStatsDumper: Writing to database completed
01-06 11:04:25.901  5347  5446 D BluetoothLeScanner: Start Scan
01-06 11:04:25.901  3040  3040 D DefaultClockView: End AOD Enter Animation : ForceStopAnimation : false
01-06 11:04:25.901  3040  3040 D AODService: : state = Start AOD mode!!
01-06 11:04:25.901  2502  2502 I PeopleStripeManager: isExistVisibleHandler false
01-06 11:04:25.901  2502  2502 I PeopleStripeManager: hideStripe
01-06 11:04:25.901  5347  5446 D BluetoothAdapter: STATE_BLE_ON
01-06 11:04:25.901  5347  5446 D BluetoothAdapter: appoCount is = 0
01-06 11:04:25.911  5347  5446 D BluetoothAdapter: STATE_BLE_ON
01-06 11:04:25.911  5347  5446 D BluetoothAdapter: STATE_BLE_ON
01-06 11:04:25.911  5347  5446 D BluetoothAdapter: STATE_BLE_ON
01-06 11:04:25.911  5347  5446 D BluetoothAdapter: appoCount is = 0
01-06 11:04:25.911  1358  1654 D SurfaceControl: Excessive delay in setPowerMode(): 219ms
01-06 11:04:25.911   648   648 D libEGL  : eglTerminate EGLDisplay = 0x7fe9458218
01-06 11:04:25.911   648   648 D libEGL  : eglInitialize EGLDisplay = 0x7fe9458118
01-06 11:04:25.921   648   648 D libEGL  : eglInitialize EGLDisplay = 0x7fe9458118
01-06 11:04:25.921  1358  1638 I libsuspend: !@autosuspend_wakeup_count_enable
01-06 11:04:25.921  1358  1638 I libsuspend: !@autosuspend_wakeup_count_enable done
01-06 11:04:25.921  3360  7637 D BtGatt.GattService: registerClient() - UUID=cd9660d1-440c-42bb-ad77-bdee98ffee37
01-06 11:04:25.931   648   648 D libEGL  : eglInitialize EGLDisplay = 0x7fe9458118
01-06 11:04:25.931  3040  3040 D BatteryMeterView: onDraw batteryColor : -986896
01-06 11:04:25.961  3360  3546 D BtGatt.GattService: onClientRegistered() - UUID=cd9660d1-440c-42bb-ad77-bdee98ffee37, clientIf=5
01-06 11:04:25.971  5347  5357 D BluetoothLeScanner: onClientRegistered() - status=0 clientIf=5
01-06 11:04:25.971  3360  3392 D BtGatt.GattService: start scan with filters
01-06 11:04:25.971  3360  3392 D BluetoothAdapter: STATE_BLE_ON
01-06 11:04:25.971  3360  3392 D BluetoothAdapter: appoCount is = 0
01-06 11:04:25.981  3360  3392 D BluetoothAdapter: STATE_BLE_ON
01-06 11:04:25.981  3360  3392 D BtGatt.GattService: getScanSettings
01-06 11:04:25.981  3360  3392 D BtGatt.GattService: Is it foreground application = false
01-06 11:04:25.981  3360  3392 D BtGatt.GattService: Its a background application running with Low Power scan mode
01-06 11:04:25.981  3360  3392 D BtGatt.GattService: [GSIM LOG]: getActualScanMode (100/1 vs -2147483648/0)
01-06 11:04:25.991  3360  3392 D BtGatt.GattService: [GSIM LOG]: getCallingProcessName: com.samsung.android.beaconmanager
01-06 11:04:25.991  3360  3392 D BtGatt.GattService: [GSIM LOG]: getCallingProcessName: com.samsung.android.beaconmanager
01-06 11:04:25.991  3360  3619 E BtGatt.GattService: [GSIM LOG]: gsimLogHandler: com.samsung.android.beaconmanager, msg: MESSAGE_START_SCAN
01-06 11:04:25.991  3360  3619 D BtGatt.GattService: [GSIM LOG]: gsimLogHandler: prevDate: 6, currDate: 6
01-06 11:04:25.991  3360  3608 D BtGatt.ScanManager: handling starting scan
01-06 11:04:25.991  3360  3608 D BluetoothAdapter: STATE_BLE_ON
01-06 11:04:25.991  3360  3608 D BluetoothAdapter: STATE_BLE_ON
01-06 11:04:26.001  3360  3608 D BluetoothAdapter: appoCount is = 0
01-06 11:04:26.001  3360  3608 D BluetoothAdapter: STATE_BLE_ON
01-06 11:04:26.001  3360  3608 D BluetoothAdapter: STATE_BLE_ON
01-06 11:04:26.001  3360  3619 D BtGatt.GattService: [GSIM LOG]: increaseScanCount : com.samsung.android.beaconmanager : 5
01-06 11:04:26.001  3360  3619 D BtGatt.GattService: [GSIM LOG]: increaseScanCount : com.samsung.android.beaconmanager, com.samsung.android.beaconmanager
01-06 11:04:26.001  3360  3608 D BluetoothAdapter: appoCount is = 0
01-06 11:04:26.011  3360  3608 D BluetoothAdapter: STATE_BLE_ON
01-06 11:04:26.011  3360  3608 D BluetoothAdapter: STATE_BLE_ON
01-06 11:04:26.011  3360  3608 D BluetoothAdapter: appoCount is = 0
01-06 11:04:26.011  3360  3619 D BtGatt.GattService: [GSIM LOG]: increaseScanCount 4 Battery : com.samsung.android.beaconmanager : 6
01-06 11:04:26.011  3360  3619 D BtGatt.GattService: [GSIM LOG]: setScanTime : com.samsung.android.beaconmanager : 24200824
01-06 11:04:26.011  3360  3619 D BtGatt.GattService: [GSIM LOG]: setRequestedScanType : com.samsung.android.beaconmanager : 100
01-06 11:04:26.011  3360  3619 D BtGatt.GattService: [GSIM LOG]: setActualScanType : com.samsung.android.beaconmanager : 100
01-06 11:04:26.011  3360  3619 D BtGatt.GattService: [GSIM LOG]: updateScanTime: 0
01-06 11:04:26.011  3360  3619 D BtGatt.GattService: [GSIM LOG]: com.samsung.android.beaconmanager@Custom, R time : 3 => 3
01-06 11:04:26.011  3360  3619 D BtGatt.GattService: [GSIM LOG]: com.samsung.android.beaconmanager@Custom, A time : 3 => 3
01-06 11:04:26.011  3360  3619 D BtGatt.GattService: [GSIM LOG]: updateScanTime: 0
01-06 11:04:26.011  3360  3619 D BtGatt.GattService: [GSIM LOG]: com.samsung.android.beaconmanager@Custom, R time : 3 => 3
01-06 11:04:26.011  3360  3619 D BtGatt.GattService: [GSIM LOG]: com.samsung.android.beaconmanager@Custom, A time : 3 => 3
01-06 11:04:26.011  3360  3619 D BtGatt.GattService: [GSIM LOG]: setActualScanType : com.samsung.android.beaconmanager : 100
01-06 11:04:26.011  3360  3619 D BtGatt.GattService: [GSIM LOG]: updateScanTime: 0
01-06 11:04:26.011  3360  3619 D BtGatt.GattService: [GSIM LOG]: com.samsung.android.beaconmanager@Custom, R time : 3 => 3
01-06 11:04:26.011  3360  3619 D BtGatt.GattService: [GSIM LOG]: com.samsung.android.beaconmanager@Custom, A time : 3 => 3
01-06 11:04:26.011  3360  3619 D BtGatt.GattService: [GSIM LOG]: setScanTime : com.samsung.android.beaconmanager : 24200824
01-06 11:04:26.011  3360  3546 D BtGatt.GattService: onScanFilterEnableDisabled() - clientIf=5, status=0, action=1
01-06 11:04:26.011  3360  3546 D BtGatt.ScanManager: callback done for clientIf - 5 status - 0
01-06 11:04:26.011  3360  3608 D BtGatt.ScanManager: set filter index= 15 for clientIf= 5
01-06 11:04:26.011  3360  3608 D BtGatt.ScanManager: addFilterToController: 5
01-06 11:04:26.011  3360  3546 D BtGatt.GattService: onScanFilterConfig() - clientIf=5, action = 0 status = 0, filterType=5, availableSpace=47
01-06 11:04:26.021  3360  3546 D BtGatt.ScanManager: callback done for clientIf - 5 status - 0
01-06 11:04:26.021  3360  3608 D BtGatt.ScanManager: High Rssi Filter value is = -128
01-06 11:04:26.021  3360  3608 D BtGatt.ScanManager: Low Rssi Filter value is = -128
01-06 11:04:26.021  3360  3608 D BtGatt.ScanManager: configureFilterParamter 500 10000 1 0highRssiThreshold = -128lowRssiThreshold = -128matchmode is =1
01-06 11:04:26.021  3360  3546 D BtGatt.GattService: onScanFilterParamsConfigured() - clientIf=5, status=0, action=0, availableSpace=31
01-06 11:04:26.021  3360  3546 D BtGatt.ScanManager: callback done for clientIf - 5 status - 0
01-06 11:04:26.021  3360  3608 D BtGatt.ScanManager: set filter index= 16 for clientIf= 5
01-06 11:04:26.021  3360  3608 D BtGatt.ScanManager: addFilterToController: 5
01-06 11:04:26.031  3360  3546 D BtGatt.GattService: onScanFilterConfig() - clientIf=5, action = 0 status = 0, filterType=5, availableSpace=46
01-06 11:04:26.031  3360  3546 D BtGatt.ScanManager: callback done for clientIf - 5 status - 0
01-06 11:04:26.031  3360  3608 D BtGatt.ScanManager: High Rssi Filter value is = -128
01-06 11:04:26.031  3360  3608 D BtGatt.ScanManager: Low Rssi Filter value is = -128
01-06 11:04:26.031  3360  3608 D BtGatt.ScanManager: configureFilterParamter 500 10000 1 0highRssiThreshold = -128lowRssiThreshold = -128matchmode is =1
01-06 11:04:26.031  3360  3546 D BtGatt.GattService: onScanFilterParamsConfigured() - clientIf=5, status=0, action=0, availableSpace=30
01-06 11:04:26.031  3360  3546 D BtGatt.ScanManager: callback done for clientIf - 5 status - 0
01-06 11:04:26.031  3360  3608 D BtGatt.ScanManager: configureRegularScanParams() - queue=1
01-06 11:04:26.031  3360  3608 I BtGatt.ScanManager: custom scan scanMode = 100
01-06 11:04:26.031  3360  3608 I BtGatt.ScanManager: New scan mode custom scan scanInterval = 3120scanWindow = 55
01-06 11:04:26.031  3360  3608 E BtGatt.ScanManager: default value of curScanSetting 0 is choosen
01-06 11:04:26.031  3360  3608 I BtGatt.ScanManager: newScanMode = 1newcurScanSetting = 0
01-06 11:04:26.031  3360  3608 I BtGatt.ScanManager: comparing = 1 with = 0
01-06 11:04:26.031  3360  3608 D BtGatt.ScanManager: configureRegularScanParams() - ScanSetting Scan mode=100 mLastConfiguredScanSetting=-2147483648
01-06 11:04:26.031  3360  3608 D BtGatt.ScanManager: configureRegularScanParams - scanInterval = 4992configureRegularScanParams - scanWindow = 88
01-06 11:04:26.031  3360  3546 D BtGatt.GattService: onScanParamSetupCompleted() status=0, clientIf=5
01-06 11:04:26.031  3360  3546 D BtGatt.GattService: onScanParamSetupCompleted : 0
01-06 11:04:26.201  3040  3040 I AlpmModeManager: handleBlankDisplay: current state [ALPM_ON] to [ALPM_STATE_BLANK]
01-06 11:04:26.201  3040  3040 V AlpmModeManager: handleBlankDisplay: setDoze [DISPLAY_STATE_DOZE_SUSPEND] Keep bright
01-06 11:04:26.201  1358  2617 I libsuspend: !@autosuspend_wakeup_count_disable
01-06 11:04:26.201  1358  2617 I libsuspend: !@autosuspend_wakeup_count_disable done
01-06 11:04:26.211   648   648 D SurfaceFlinger: Set power mode=3, type=0 flinger=0x7f8ab03c00
01-06 11:04:26.221   648   648 I SDM     : HWCDisplay::SetPowerMode: display = 0, mode = 3
01-06 11:04:26.221   648   648 I SDM     : DisplayBase::SetDisplayState: Set state = 3, display 0
01-06 11:04:26.221  3975  3975 E CocktailBarPositionManager: Window direction: 0
01-06 11:04:26.221  3975  3975 I CocktailBarPositionManager: updateAlphaScreenPosition position is dirty 0
01-06 11:04:26.231  1358  1638 I libsuspend: !@autosuspend_wakeup_count_enable
01-06 11:04:26.231  1358  1638 I libsuspend: !@autosuspend_wakeup_count_enable done
01-06 11:04:26.971  2266  2522 D NetworkController.MobileSignalController(0/1): onSignalStrengthsChanged signalStrength=SignalStrength: 99 99 -120 -160 -120 -1 -1 25 -98 -14 38 -1 2147483647 0x3000 gsm|lte level=3
01-06 11:04:26.971  2266  2522 D NetworkController.MobileSignalController(0/1): getMobileIconGroup(): 13
01-06 11:04:26.971  2266  2522 D NetworkController.MobileSignalController(0/1): updateCMCCMobileIconGroup(): 13
01-06 11:04:29.531  2266  2522 D NetworkController.MobileSignalController(0/1): onSignalStrengthsChanged signalStrength=SignalStrength: 99 99 -120 -160 -120 -1 -1 22 -98 -9 98 -1 2147483647 0x3000 gsm|lte level=3
01-06 11:04:29.531  2266  2522 D NetworkController.MobileSignalController(0/1): getMobileIconGroup(): 13
01-06 11:04:29.531  2266  2522 D NetworkController.MobileSignalController(0/1): updateCMCCMobileIconGroup(): 13
01-06 11:04:29.541  2266  2266 D KeyguardViewMediator: received DELAYED_KEYGUARD_ACTION with seq = 3, mDelayedShowingSequence = 3
01-06 11:04:29.571  2266  2266 D FactoryTest: checkAutomationTestOption() : option=0
01-06 11:04:29.581  2266  2266 D FactoryTest: checkAutomationTestOption() : mode_screenlock=0
01-06 11:04:29.581  2266  2266 D KeyguardViewMediator: doKeyguard: showing the lock screen
01-06 11:04:29.581  2266  2266 D KeyguardViewMediator: showLocked
01-06 11:04:29.591  2266  2266 D KeyguardViewMediator: handleShow
01-06 11:04:29.601  2266  2266 E KeyguardViewMediator: setShowingLocked mShowing = true
01-06 11:04:29.601  2266  2266 D StatusBar-Window: fnf=false sanc=true, kni=false, sbf=false
01-06 11:04:29.601  2266  2266 D CoverUI : applyFocusableFlag() : Remove SAMSUNG_FLAG_SVIEW_COVER
01-06 11:04:29.601  2266  2266 D StatusBarWindowManager: forceCollapsed : false isKeyguardShowingAndNotOccluded() : true panelVisible : false keyguardFadingAway : false bouncerShowing : false headsUpShowing : false
01-06 11:04:29.601  2266  2266 D CoverUI : applyHeight h = -1, oc = true, fa = false, ac = false, sc = false
01-06 11:04:29.611  2266  2266 D KeyguardEffectViewController: setKeyguardShowing = true
01-06 11:04:29.611  2266  2266 D KeyguardEffectViewController: mShowing=true, mOccluded=false, mKeyguardFadingAway=false, match_parent=false
01-06 11:04:29.611  2266  2266 D StatusBarKeyguardViewManager: showBouncerOrKeyguard
01-06 11:04:29.611  2266  2266 V KeyguardUpdateMonitor: *** register callback for com.android.keyguard.KeyguardHostView$1@2fd6964
01-06 11:04:29.611  2266  2266 V KeyguardUpdateMonitor: *** unregister callback for null
01-06 11:04:29.631  2266  2266 D KeyguardSecurityPolicyUtils: MDM is not enabled...
01-06 11:04:29.631  2266  2266 V KeyguardUpdateMonitor: *** register callback for com.android.keyguard.KeyguardSecurityContainer$1@35a87cd
01-06 11:04:29.631  2266  2266 V KeyguardUpdateMonitor: *** unregister callback for null
01-06 11:04:29.661  2266  2266 D KeyguardSecurityModel: getSecurityMode( getActivePasswordQuality = 0 , currentuser = 0
01-06 11:04:29.661  2266  2266 V KeyguardSecurityView: showPrimarySecurityScreen(turningOff=false)
01-06 11:04:29.661  2266  2266 D KeyguardSecurityView: showSecurityScreen(None)
01-06 11:04:29.661  2266  2266 D StatusBar-Window: fnf=false sanc=true, kni=false, sbf=false
01-06 11:04:29.661  2266  2266 D CoverUI : applyFocusableFlag() : Remove SAMSUNG_FLAG_SVIEW_COVER
01-06 11:04:29.661  2266  2266 D StatusBarWindowManager: forceCollapsed : false isKeyguardShowingAndNotOccluded() : true panelVisible : false keyguardFadingAway : false bouncerShowing : false headsUpShowing : false
01-06 11:04:29.661  2266  2266 D CoverUI : applyHeight h = -1, oc = true, fa = false, ac = false, sc = false
01-06 11:04:29.691  2266  2266 D KeyguardSecurityModel: getSecurityMode( getActivePasswordQuality = 0 , currentuser = 0
01-06 11:04:29.691  2266  2266 D PhoneStatusBar: showKeyguard
01-06 11:04:29.691  2266  2266 D PhoneStatusBar: setBarState: state - 1
01-06 11:04:29.691  2266  2266 D StatusBar-Window: fnf=false sanc=true, kni=false, sbf=false
01-06 11:04:29.691  2266  2266 D CoverUI : applyFocusableFlag() : Remove SAMSUNG_FLAG_SVIEW_COVER
01-06 11:04:29.691  2266  2266 D StatusBarWindowManager: forceCollapsed : false isKeyguardShowingAndNotOccluded() : true panelVisible : false keyguardFadingAway : false bouncerShowing : false headsUpShowing : false
01-06 11:04:29.691  2266  2266 D CoverUI : applyHeight h = -1, oc = true, fa = false, ac = false, sc = false
01-06 11:04:29.691  2266  2266 I PhoneStatusBar: updateKeyguardState 0 to 1
01-06 11:04:29.711  2266  2266 D PanelView: updateQsState
01-06 11:04:29.711  2266  2266 D KeyguardSwipeHelper: reset()
01-06 11:04:29.711  2266  2266 D KeyguardUnlockEventHandler: reset()
01-06 11:04:29.711  2266  2266 D KeyguardSwipeHelper: resetChildViewVI()
01-06 11:04:29.711  2266  2266 D StatusBar: LSSN:1
01-06 11:04:29.711  2266  2266 E LSO     : LSO Service is not yet ready!!!
01-06 11:04:29.721  2266  2266 D PanelView: setKeyguardBottomAreaVisibility() prevState=0, newState - 1 goingToShade - false
01-06 11:04:29.741  2266  2266 D PhoneStatusBar/KeyguardBottomAreaView: updateCameraVisibility isCameraDisabledByDpm=false
01-06 11:04:29.751  2266  2266 V KeyguardBottomAreaShortcutView: updateLeftPreview
01-06 11:04:29.751  2266  2266 V KeyguardBottomAreaShortcutView: updateRightPreview
01-06 11:04:29.751  2266  2266 D KeyguardCircleAffordanceView: setPreviewView: mRight=false,preview=android.widget.RelativeLayout{8b84d63 I.E...... ......ID 0,0-1440,2560}
01-06 11:04:29.751  2266  2455 V KeyguardBottomAreaShortcutView: updateLeftPreview - mLeftAffordanceView
01-06 11:04:29.761  2266  2455 V PreviewInflater: switching default dialer action
01-06 11:04:29.791  2266  2266 D KeyguardCircleAffordanceView: setPreviewView: mRight=true,preview=android.widget.AbsoluteLayout{b9f4d60 I.E...... ......ID 0,0-1440,2560}
01-06 11:04:29.801  2266  2455 V KeyguardBottomAreaShortcutView: updateRightPreview - mRightAffordanceView
01-06 11:04:29.801  2266  2455 D ShortcutManager: th = 1 is camera package
01-06 11:04:29.801  2266  2266 D PanelView: updateQsState
01-06 11:04:29.811  2266  2455 V PreviewInflater: switching default camera action
01-06 11:04:29.821  2266  2266 D KeyguardSecurityModel: getSecurityMode( getActivePasswordQuality = 0 , currentuser = 0
01-06 11:04:29.821  2266  2266 D LauncherApps: getActivityList callingUid: 0 user: 0
01-06 11:04:29.821  2266  2266 I SwipeAction: canSwipeAction-R1
01-06 11:04:29.821  2266  2266 D PhoneStatusBar: Make expanded visible: expanded visible=false
01-06 11:04:29.821  2266  2266 D StatusBar-Window: fnf=false sanc=true, kni=false, sbf=true
01-06 11:04:29.821  2266  2266 D CoverUI : applyFocusableFlag() : Remove SAMSUNG_FLAG_SVIEW_COVER
01-06 11:04:29.821  2266  2266 D StatusBarWindowManager: forceCollapsed : false isKeyguardShowingAndNotOccluded() : true panelVisible : true keyguardFadingAway : false bouncerShowing : false headsUpShowing : false
01-06 11:04:29.821  2266  2266 D CoverUI : applyHeight h = -1, oc = true, fa = false, ac = false, sc = false
01-06 11:04:29.821  2266  2266 D PhoneStatusBar: disable: < expand ICONS* alerts SYSTEM_INFO* back home recent clock search quick_settings >
01-06 11:04:29.831  2266  2266 D PhoneStatusBar: Make expanded visible: expanded visible=true
01-06 11:04:29.831  3975  3975 I TrayVisibilityController: TrayStateVisibilityReceiver action :com.samsung.systemui.statusbar.ANIMATING
01-06 11:04:29.831  2266  2266 D StatusBar.BrightnessController: setListening  = true
01-06 11:04:29.831  1358  2617 D NtpTrustedTime: forceRefresh: no connectivity
01-06 11:04:29.831  2266  2266 D KeyguardEffectViewLayered: reset()
01-06 11:04:29.831  2266  2266 D KeyguardEffectViewLayered: init()
01-06 11:04:29.831  2266  2266 D KeyguardEffectViewLayered: mViewWidth = 1440, mViewHeight = 96
01-06 11:04:29.831  2266  2266 D KeyguardEffectViewLayered: mBitmapImageList size = 3
01-06 11:04:29.831  2266  2266 D KeyguardEffectViewLayered: DENSITY = 1.0
01-06 11:04:29.831  1358  2147 D NtpTrustedTime: forceRefresh: no connectivity
01-06 11:04:29.831  2266  2266 D PhoneStatusBar/KeyguardBottomAreaView: updateCameraVisibility isCameraDisabledByDpm=false
01-06 11:04:29.831  2266  2266 D KeyguardViewBase: show()
01-06 11:04:29.841  2266  2266 D KeyguardSecurityModel: getSecurityMode( getActivePasswordQuality = 0 , currentuser = 0
01-06 11:04:29.841  2266  2266 V KeyguardSecurityView: showPrimarySecurityScreen(turningOff=false)
01-06 11:04:29.841  2266  2266 D KeyguardSecurityView: showSecurityScreen(None)
01-06 11:04:29.841  2266  2266 D KeyguardUpdateMonitor: onKeyguardVisibilityChanged(true)
01-06 11:04:29.851  1358  3431 D NetworkStatsCollection: getHistory:mUID -1 isVideoCallUID: false
01-06 11:04:29.851  1358  3431 D NetworkStatsCollection: getHistory:template mached
01-06 11:04:29.851  2266  7744 D DataUsageView: Current Data SubId:1
01-06 11:04:29.851  2266  7744 E DataUsageView: Exception : android.provider.Settings$SettingNotFoundException: set_package_start_date_value1
01-06 11:04:29.851  2266  2266 V KeyguardFingerPrint: updateFingerprintListeningState(false)
01-06 11:04:29.851  2266  7744 E DataUsageView: Exception : android.provider.Settings$SettingNotFoundException: check_time1
01-06 11:04:29.851  2266  7744 D DataUsageView: totalTraffic:797 totalUsedBytes:797 realTraffic:0 startTraffic:0
01-06 11:04:29.851  2266  2266 D KeyguardFingerPrint: shouldListenForFingerprint ( isFingerPrintLockscreen = false , mobileKeyboardConnected = false , coverClosed = false , getLockoutAttemptDeadline = false , mIsUnlockingWithFingerprintForced = false
01-06 11:04:29.851  2266  2266 V KeyguardUpdateMonitor: stopListeningForFingerprint()
01-06 11:04:29.851  2266  7744 D DataUsageView: getLimitBytes : null
01-06 11:04:29.851  2266  7744 D DataUsageView: updateUsageInfo usageLevel:797,limitLevel:0
01-06 11:04:29.861  2266  2266 D KeyguardViewMediator: adjustStatusBarLocked: mShowing=true mOccluded=false isSecure=false --> flags=0x3200000
01-06 11:04:29.861  2266  2266 D KeyguardViewMediator: onSdpLocked :: Inside...
01-06 11:04:29.861  2266  2266 D KeyguardViewMediator: isPwdChangeRequested :: false
01-06 11:04:29.861  2266  2266 D KeyguardViewMediator: onSdpLocked :: Lock SDP for User 0
01-06 11:04:29.861  1358  2618 E SdpServiceKeeper: isLicensed {pid:2266 uid:10065 userid:0 doPkg:null}
01-06 11:04:29.861  1358  2618 E SdpServiceKeeper: System app. Skip license activation
01-06 11:04:29.871  1358  3431 E SdpServiceKeeper: isLicensed {pid:2266 uid:10065 userid:0 doPkg:null}
01-06 11:04:29.871  1358  3431 E SdpServiceKeeper: System app. Skip license activation
01-06 11:04:29.871  1358  3408 D SdpManagerService: lockInternal 0
01-06 11:04:29.871  1358  3408 E SDP.CRYPTO:     On Locked OK, id 0
01-06 11:04:29.871  1358  3408 D SdpManagerService: clearCachedMasterKey (CMK) 0
01-06 11:04:29.871  1358  3408 E SdpManagerService: sendBroadcastAsUser(INTENT_SDP_STATE_CHANGED, state:1)
01-06 11:04:29.871  2266  7745 D KeyguardViewMediator: lockSdp :: Lock SDP Successful...!
01-06 11:04:29.881  7747  7747 E Zygote  : v2
01-06 11:04:29.891  7747  7747 E Zygote  : isSdpEnabledProcess - SDP enabled
01-06 11:04:29.891  7747  7747 W SELinux : Function: selinux_compare_spd_ram, index[1], priority [2], priority version is VE=SEPF_SECMOBILE_6.0.1_0025
01-06 11:04:29.891   648  2225 D libEGL  : eglTerminate EGLDisplay = 0x7f83f5eea8
01-06 11:04:29.891  7747  7747 E Zygote  : accessInfo : 64
01-06 11:04:29.891   648  2225 D libEGL  : eglTerminate EGLDisplay = 0x7f83f5eea8
01-06 11:04:29.891  7747  7747 E Zygote  : isSdpEnabledProcess - SDP enabled
01-06 11:04:29.891  7747  7747 E Zygote  : setSDPgroupsIntarray[pid]: 0 / [gid]: 10128 / [uid]: 10128
01-06 11:04:29.891  7747  7747 W SELinux : SELinux: seapp_context_lookup: seinfo=platform, level=s0:c512,c768, pkgname=com.sec.android.app.sbrowser 
01-06 11:04:29.891  2266  2266 D KeyguardEffectViewController: onLayoutChange() v: com.android.keyguard.effect.EffectBehindView{531c5f4 I.E...... ......ID 0,0-1440,2560 #7f0e0329 app:id/keyguard_effect_behind}, bottom : 2560, oldBottom : 96
01-06 11:04:29.891  2266  2266 D KeyguardEffectViewController: mShowing=true, mOccluded=false, mKeyguardFadingAway=false, match_parent=true
01-06 11:04:29.891  2266  2266 D StatusBar-Window: fnf=false sanc=true, kni=false, sbf=true
01-06 11:04:29.891  2266  2266 D CoverUI : applyFocusableFlag() : Remove SAMSUNG_FLAG_SVIEW_COVER
01-06 11:04:29.891  2266  2266 D StatusBarWindowManager: forceCollapsed : false isKeyguardShowingAndNotOccluded() : true panelVisible : true keyguardFadingAway : false bouncerShowing : false headsUpShowing : false
01-06 11:04:29.891  2266  2266 D CoverUI : applyHeight h = -1, oc = true, fa = false, ac = false, sc = false
01-06 11:04:29.941  7747  7747 D TimaKeyStoreProvider: TimaSignature is unavailable
01-06 11:04:29.941  7747  7747 D ActivityThread: Added TimaKeyStore provider
01-06 11:04:29.961  7747  7747 D RelationGraph: garbageCollect()
01-06 11:04:29.961  7747  7747 I InjectionManager: Inside getClassLibPath + mLibMap{0=, 1=}
01-06 11:04:29.971  7747  7747 I InjectionManager: Inside getClassLibPath caller 
01-06 11:04:29.981  7747  7747 W System  : ClassLoader referenced unknown path: /system/app/SBrowser_4_LATEST/lib/arm
01-06 11:04:29.991  7747  7747 D ManifestProvider: onCreate()
01-06 11:04:30.001  7747  7747 I SBrowserUtils: getSystemProperty of sales_code : CHC
01-06 11:04:30.001  7747  7747 I SBrowserUtils: getSystemProperty of country_code : China
01-06 11:04:30.001  7747  7747 I SBrowserUtils: getSystemProperty of country_code : China
01-06 11:04:30.001  7747  7747 I SBrowserUtils: getSystemProperty of countryiso_code : CN
01-06 11:04:30.001  7747  7747 V SBrowserContentProviderUtility: enableSyncClientProivder is called!
01-06 11:04:30.001  7747  7747 D [MM]MHDataBaseProvider: onCreate()
01-06 11:04:30.011  1358  2617 V WindowStateAnimator: Finishing drawing window Window{b97ca8f u0 d0 StatusBar}: mDrawState=DRAW_PENDING
01-06 11:04:30.011  2266  2266 D ScreenCaptureTile: action:com.samsung.systemui.statusbar.NOTIFICATION_EXPAND
01-06 11:04:30.011  2266  2266 D KeyguardCircleAffordanceView: setPreviewView: mRight=false,preview=android.widget.RelativeLayout{a1a95da I.E...... ......ID 0,0-0,0}
01-06 11:04:30.011  2266  2266 V KeyguardBottomAreaShortcutView: mLeftAffordanceView preview = android.widget.RelativeLayout{a1a95da I.E...... ......ID 0,0-0,0}
01-06 11:04:30.011  2266  2266 D KeyguardCircleAffordanceView: setPreviewView: mRight=true,preview=android.widget.AbsoluteLayout{7966a0b I.E...... ......ID 0,0-0,0}
01-06 11:04:30.011  2266  2266 V KeyguardBottomAreaShortcutView: mRightAffordanceView preview = android.widget.AbsoluteLayout{7966a0b I.E...... ......ID 0,0-0,0}
01-06 11:04:30.011  2266  2266 D KeyguardUpdateMonitor: handleKeyguardReset
01-06 11:04:30.011  2266  2266 V KeyguardFingerPrint: updateFingerprintListeningState(false)
01-06 11:04:30.011  2266  2266 D KeyguardFingerPrint: shouldListenForFingerprint ( isFingerPrintLockscreen = false , mobileKeyboardConnected = false , coverClosed = false , getLockoutAttemptDeadline = false , mIsUnlockingWithFingerprintForced = false
01-06 11:04:30.011  2266  2266 V KeyguardUpdateMonitor: stopListeningForFingerprint()
01-06 11:04:30.011   648   648 D libEGL  : eglInitialize EGLDisplay = 0x7fe9458118
01-06 11:04:30.011   648   648 D libEGL  : eglTerminate EGLDisplay = 0x7fe94581a8
01-06 11:04:30.011  2266  2266 D DataUsageView: Data Usage:: 797 B
01-06 11:04:30.011  2266  2266 D PhoneStatusBar: disable: < expand ICONS alerts SYSTEM_INFO back HOME* RECENT* clock SEARCH* quick_settings >
01-06 11:04:30.011  2266  2266 D ViewRootImpl: MSG_RESIZED_REPORT: ci=Rect(0, 0 - 0, 0) vi=Rect(0, 0 - 0, 0) or=1
01-06 11:04:30.021  7747  7747 D ApplicationStatus: initialize application (com.sec.android.app.sbrowser.common.SBrowserMobileApplication@354da22)
01-06 11:04:30.021  7747  7747 D InjectionManager: InjectionManager
01-06 11:04:30.021  7747  7747 D InjectionManager: fillFeatureStoreMap com.sec.android.app.sbrowser
01-06 11:04:30.021  7747  7747 I InjectionManager: Constructor com.sec.android.app.sbrowser, Feature store :{}
01-06 11:04:30.021  7747  7747 I InjectionManager: featureStore :{}
01-06 11:04:30.031  2266  2266 D KeyguardEffectViewController: onLayoutChange() v: com.android.keyguard.effect.EffectBehindView{531c5f4 V.E...... ......I. 0,0-1440,2560 #7f0e0329 app:id/keyguard_effect_behind}, bottom : 2560, oldBottom : 2560
01-06 11:04:30.031  1358  3431 E SdpServiceKeeper: isLicensed {pid:7747 uid:10128 userid:0 doPkg:null}
01-06 11:04:30.031  1358  3431 E SdpServiceKeeper: White listed. Skip license activation
01-06 11:04:30.031  7747  7747 E SdpStateChangedReceiver: com.sec.enterprise.knox.sdp.exception.SdpEngineNotExistsException
01-06 11:04:30.041  1358  3407 V WindowStateAnimator: Finishing drawing window Window{b97ca8f u0 d0 StatusBar}: mDrawState=READY_TO_SHOW
01-06 11:04:30.041   648   648 D libEGL  : eglInitialize EGLDisplay = 0x7fe9458118
01-06 11:04:30.821  2266  2522 D NetworkController.MobileSignalController(0/1): onSignalStrengthsChanged signalStrength=SignalStrength: 99 99 -120 -160 -120 -1 -1 25 -98 -14 116 -1 2147483647 0x3000 gsm|lte level=3
01-06 11:04:30.821  2266  2522 D NetworkController.MobileSignalController(0/1): getMobileIconGroup(): 13
01-06 11:04:30.821  2266  2522 D NetworkController.MobileSignalController(0/1): updateCMCCMobileIconGroup(): 13
01-06 11:04:32.091  2266  2522 D NetworkController.MobileSignalController(0/1): onSignalStrengthsChanged signalStrength=SignalStrength: 99 99 -120 -160 -120 -1 -1 22 -98 -9 152 -1 2147483647 0x3000 gsm|lte level=3
01-06 11:04:32.101  2266  2522 D NetworkController.MobileSignalController(0/1): getMobileIconGroup(): 13
01-06 11:04:32.101  2266  2522 D NetworkController.MobileSignalController(0/1): updateCMCCMobileIconGroup(): 13
01-06 11:04:32.101  5275  5275 E AutoLoginService: network is not available
01-06 11:04:32.101  5275  5275 D ConnectivityManager: getMobileDataEnabled()+ subId=1
01-06 11:04:32.111  2644  3016 D PhoneInterfaceManager: [PhoneIntfMgr] getDataEnabled: subId=1 phoneId=0
01-06 11:04:32.111  2644  3016 D PhoneInterfaceManager: [PhoneIntfMgr] getDataEnabled: subId=1 retVal=false
01-06 11:04:32.111  5275  5275 D ConnectivityManager: getMobileDataEnabled()- subId=1 retVal=false
01-06 11:04:34.651  2266  2522 D NetworkController.MobileSignalController(0/1): onSignalStrengthsChanged signalStrength=SignalStrength: 99 99 -120 -160 -120 -1 -1 23 -98 -11 54 -1 2147483647 0x3000 gsm|lte level=3
01-06 11:04:34.651  2266  2522 D NetworkController.MobileSignalController(0/1): getMobileIconGroup(): 13
01-06 11:04:34.661  2266  2522 D NetworkController.MobileSignalController(0/1): updateCMCCMobileIconGroup(): 13
01-06 11:04:35.281  1358  2153 D WifiController: ApOrStaEnabledState  msg.what= 155652
01-06 11:04:35.281  2266  2266 D KeyguardUpdateMonitor: received broadcast android.intent.action.BATTERY_CHANGED
01-06 11:04:35.281  2266  2266 D KeyguardUpdateMonitor: handleBatteryUpdate
01-06 11:04:35.291  2751  2751 D CommonServiceConfiguration: getStringValueSetting
01-06 11:04:35.301  3040  3040 D BatteryController: saveBatteryData : level[2], status[2]
01-06 11:04:35.301  1358  2618 D ApplicationPolicy: isStatusBarNotificationAllowedAsUser: packageName = com.android.systemui,userId = -1
01-06 11:04:35.301  2751  2751 D BatteryMonitor: new battery level: 2
01-06 11:04:35.321  2497  2514 D CatchNotificationsService: onNotificationPosted
01-06 11:04:35.331  7344  7355 D BadgeProvider: query, [selection] : null
01-06 11:04:35.341  2497  2514 E CatchNotificationsService: Invalid notification data
01-06 11:04:35.361  2266  2266 D PhoneStatusBar: setAreThereNotifications: N=3 any=true clearable=true
01-06 11:04:37.211  2266  2522 D NetworkController.MobileSignalController(0/1): onSignalStrengthsChanged signalStrength=SignalStrength: 99 99 -120 -160 -120 -1 -1 22 -98 -9 134 -1 2147483647 0x3000 gsm|lte level=3
01-06 11:04:37.211  2266  2522 D NetworkController.MobileSignalController(0/1): getMobileIconGroup(): 13
01-06 11:04:37.211  2266  2522 D NetworkController.MobileSignalController(0/1): updateCMCCMobileIconGroup(): 13
01-06 11:04:38.491  2266  2522 D NetworkController.MobileSignalController(0/1): onSignalStrengthsChanged signalStrength=SignalStrength: 99 99 -120 -160 -120 -1 -1 23 -98 -12 20 -1 2147483647 0x3000 gsm|lte level=3
01-06 11:04:38.491  2266  2522 D NetworkController.MobileSignalController(0/1): getMobileIconGroup(): 13
01-06 11:04:38.491  2266  2522 D NetworkController.MobileSignalController(0/1): updateCMCCMobileIconGroup(): 13
01-06 11:04:39.771  2266  2522 D NetworkController.MobileSignalController(0/1): onSignalStrengthsChanged signalStrength=SignalStrength: 99 99 -120 -160 -120 -1 -1 22 -98 -9 94 -1 2147483647 0x3000 gsm|lte level=3
01-06 11:04:39.771  2266  2522 D NetworkController.MobileSignalController(0/1): getMobileIconGroup(): 13
01-06 11:04:39.781  2266  2522 D NetworkController.MobileSignalController(0/1): updateCMCCMobileIconGroup(): 13
01-06 11:04:42.131  5275  5275 E AutoLoginService: network is not available
01-06 11:04:42.131  5275  5275 D ConnectivityManager: getMobileDataEnabled()+ subId=1
01-06 11:04:42.141  2644  3030 D PhoneInterfaceManager: [PhoneIntfMgr] getDataEnabled: subId=1 phoneId=0
01-06 11:04:42.141  2644  3030 D PhoneInterfaceManager: [PhoneIntfMgr] getDataEnabled: subId=1 retVal=false
01-06 11:04:42.141  5275  5275 D ConnectivityManager: getMobileDataEnabled()- subId=1 retVal=false
01-06 11:04:42.331  2266  2522 D NetworkController.MobileSignalController(0/1): onSignalStrengthsChanged signalStrength=SignalStrength: 99 99 -120 -160 -120 -1 -1 23 -98 -10 46 -1 2147483647 0x3000 gsm|lte level=3
01-06 11:04:42.341  2266  2522 D NetworkController.MobileSignalController(0/1): getMobileIconGroup(): 13
01-06 11:04:42.341  2266  2522 D NetworkController.MobileSignalController(0/1): updateCMCCMobileIconGroup(): 13
01-06 11:04:45.521  1358  2153 D WifiController: ApOrStaEnabledState  msg.what= 155652
01-06 11:04:45.521  2266  2266 D KeyguardUpdateMonitor: received broadcast android.intent.action.BATTERY_CHANGED
01-06 11:04:45.531  2266  2266 D KeyguardUpdateMonitor: handleBatteryUpdate
01-06 11:04:45.541  2751  2751 D CommonServiceConfiguration: getStringValueSetting
01-06 11:04:45.541  2751  2751 D BatteryMonitor: new battery level: 2
01-06 11:04:45.551  3040  3040 D BatteryController: saveBatteryData : level[2], status[2]
01-06 11:04:50.011  2266  2522 D NetworkController.MobileSignalController(0/1): onSignalStrengthsChanged signalStrength=SignalStrength: 99 99 -120 -160 -120 -1 -1 25 -98 -14 42 -1 2147483647 0x3000 gsm|lte level=3
01-06 11:04:50.021  2266  2522 D NetworkController.MobileSignalController(0/1): getMobileIconGroup(): 13
01-06 11:04:50.021  2266  2522 D NetworkController.MobileSignalController(0/1): updateCMCCMobileIconGroup(): 13
01-06 11:04:52.161  5275  5275 E AutoLoginService: network is not available
01-06 11:04:52.161  5275  5275 D ConnectivityManager: getMobileDataEnabled()+ subId=1
01-06 11:04:52.171  2644  3016 D PhoneInterfaceManager: [PhoneIntfMgr] getDataEnabled: subId=1 phoneId=0
01-06 11:04:52.171  2644  3016 D PhoneInterfaceManager: [PhoneIntfMgr] getDataEnabled: subId=1 retVal=false
01-06 11:04:52.171  5275  5275 D ConnectivityManager: getMobileDataEnabled()- subId=1 retVal=false
01-06 11:04:55.131  2266  2522 D NetworkController.MobileSignalController(0/1): onSignalStrengthsChanged signalStrength=SignalStrength: 99 99 -120 -160 -120 -1 -1 23 -98 -11 52 -1 2147483647 0x3000 gsm|lte level=3
01-06 11:04:55.141  2266  2522 D NetworkController.MobileSignalController(0/1): getMobileIconGroup(): 13
01-06 11:04:55.141  2266  2522 D NetworkController.MobileSignalController(0/1): updateCMCCMobileIconGroup(): 13
01-06 11:04:55.771  1358  2153 D WifiController: ApOrStaEnabledState  msg.what= 155652
01-06 11:04:55.771  2266  2266 D KeyguardUpdateMonitor: received broadcast android.intent.action.BATTERY_CHANGED
01-06 11:04:55.771  2266  2266 D KeyguardUpdateMonitor: handleBatteryUpdate
01-06 11:04:55.781  2751  2751 D CommonServiceConfiguration: getStringValueSetting
01-06 11:04:55.791  2751  2751 D BatteryMonitor: new battery level: 2
01-06 11:04:55.791  3040  3040 D BatteryController: saveBatteryData : level[2], status[2]
01-06 11:04:55.791  1358  2300 D ApplicationPolicy: isStatusBarNotificationAllowedAsUser: packageName = com.android.systemui,userId = -1
01-06 11:04:55.801  2497  2512 D CatchNotificationsService: onNotificationPosted
01-06 11:04:55.821  7344  7355 D BadgeProvider: query, [selection] : null
01-06 11:04:55.831  2497  2512 E CatchNotificationsService: Invalid notification data
01-06 11:04:55.831  2266  2266 D PhoneStatusBar: setAreThereNotifications: N=3 any=true clearable=true
01-06 11:04:55.891   648   648 D libEGL  : eglInitialize EGLDisplay = 0x7fe9458118
