01-06 11:17:03.771 1358-1654/? D/DisplayManagerService: !@display_state: OFF -> DOZE brightness: 0 -> 0
01-06 11:17:03.771 648-648/? I/SDM: DisplayBase::SetDisplayState: Set state = 2, display 0
01-06 11:17:03.771 1358-1626/? I/DisplayManagerService: Display device changed state: "内置屏幕", DOZE
01-06 11:17:03.771 1358-1626/? I/DisplayManagerService: Display device changed state: "ActivityViewVirtualDisplay", DOZE
01-06 11:17:03.781 3975-3975/? E/CocktailBarPositionManager: Window direction: 0
01-06 11:17:03.781 3975-3975/? I/CocktailBarPositionManager: updateAlphaScreenPosition position is dirty 0
01-06 11:17:03.781 1358-1638/? D/DisplayPowerController: animateScreenStateChange[0]: target=3
01-06 11:17:03.781 1358-1638/? D/DisplayPowerController: [Dual Screen Compatible] state[0] :3
01-06 11:17:03.781 1358-1638/? D/DisplayPowerController: getFinalBrightness : Summary is 1 -> 1
01-06 11:17:03.781 1358-1638/? D/DisplayPowerController: Animating brightness: target=1, rate=2000 (PSM:false, AB limit:(-1 ~ -1) MB Limit:(-1 ~ 255))
01-06 11:17:03.781 1358-2315/? D/PowerManagerService: [api] acquire WakeLock flags=0x80 tag=Window:AOD uid=1000 pid=1358
01-06 11:17:03.791 1358-4301/? D/ConnectivityService: returning getNetworkInfo for network type 1 : [type: WIFI[] - WIFI, state: DISCONNECTED/DISCONNECTED, reason: (unspecified), extra: (none), roaming: false, failover: false, isAvailable: true]
01-06 11:17:03.801 1358-3441/? D/PowerManagerService: [api] acquire WakeLock flags=0x80 tag=Window:AOD uid=1000 pid=1358
01-06 11:17:03.821 3040-3040/? D/DefaultClockView: Start AOD Enter Animation
01-06 11:17:03.841 1358-2301/? D/PowerManagerService: [api] acquire WakeLock flags=0x80 tag=Window:AOD uid=1000 pid=1358
01-06 11:17:03.841 1358-8717/? I/BatteryStatsDumper: In refreshStats isReason Screen ON/OFF: true
01-06 11:17:03.851 1358-1458/? D/PowerManagerService: [api] acquire WakeLock flags=0x80 tag=Window:AOD uid=1000 pid=1358
01-06 11:17:03.851 1358-1458/? V/WindowStateAnimator: Finishing drawing window Window{88de527 u0 d0 com.sec.android.app.launcher/com.sec.android.app.launcher.activities.LauncherActivity}: mDrawState=HAS_DRAWN
01-06 11:17:03.851 1358-8717/? D/BluetoothAdapter: STATE_BLE_ON
01-06 11:17:03.861 1358-8717/? D/BatteryStatsImpl: poolsize= 1, curBatteryRealtime= 0, mUpdateTime= 0, mTimeout= 0, mNesting= 0, mTotalTime= 0
01-06 11:17:03.861 4958-4958/? E/SamsungIME: invoke(): method is null
01-06 11:17:03.871 4865-4865/? D/WeChatWifiService: onReceive, action: android.intent.action.SCREEN_OFF
01-06 11:17:03.871 5347-5347/? I/BeaconManager: BeaconManager.onReceive - receive Action : android.intent.action.SCREEN_OFF
01-06 11:17:03.871 1358-2618/? D/PowerManagerService: [api] acquire WakeLock flags=0x80 tag=Window:AOD uid=1000 pid=1358
01-06 11:17:03.871 5347-5347/? D/BeaconManager: BeaconManager.onReceive - end
01-06 11:17:03.871 5347-5431/? I/BeaconManager: BeaconManager.BeaconManagerWorkHandler - BroadcastReceiver onReceive start
01-06 11:17:03.871 5347-5431/? D/BeaconManager: BeaconManager.mScreenObserver - action:android.intent.action.SCREEN_OFF
01-06 11:17:03.871 5347-5431/? D/BeaconManager: AppControlManager.screenOnIntentReceived - start
01-06 11:17:03.871 5347-5431/? D/BeaconManager: AppControlManager.screenOnIntentReceived - end
01-06 11:17:03.871 5347-5431/? D/BeaconManager: EasySetupManager.screenOnIntentReceived - start
01-06 11:17:03.871 5347-5431/? D/BeaconManager: EasySetupManager.screenOnIntentReceived - end
01-06 11:17:03.871 5347-5431/? D/BeaconManager: BleScanHelper.screenOnIntentReceived - start
01-06 11:17:03.871 5347-5431/? D/BeaconManager: BleScanHelper.mBroadcastReceiver - Action: android.intent.action.SCREEN_OFF, user: 0
01-06 11:17:03.871 5347-5431/? V/BeaconManager: BleScanHelper.startBleScan - startBleScan
01-06 11:17:03.881 5347-5431/? D/BluetoothAdapter: STATE_BLE_ON
01-06 11:17:03.881 5347-5431/? D/BeaconManager: BleScanHelper.screenOnIntentReceived - end
01-06 11:17:03.881 5347-5431/? I/BeaconManager: BeaconManager.BeaconManagerWorkHandler - BroadcastReceiver onReceive end
01-06 11:17:03.881 3040-3040/? I/AlpmModeManager: handleAlpmModeOn: state  = UNBLANK
01-06 11:17:03.881 5347-5446/? D/BeaconManager: BleScanHelper.MSG_CALL_START_LESCAN - ($)
01-06 11:17:03.881 5347-5446/? D/BluetoothAdapter: STATE_BLE_ON
01-06 11:17:03.881 3444-3444/? E/LibSecureUISvc: svc_sock_send_message(suisvc): Error sending data, -1 vs 4: Connection refused
01-06 11:17:03.881 5347-5446/? D/BluetoothAdapter: STATE_BLE_ON
01-06 11:17:03.881 5347-5446/? D/BluetoothAdapter: appoCount is = 0
01-06 11:17:03.881 5347-5446/? I/BeaconManager: BleScanHelper.directStopLeScan - call BleScanner.stopScan()
01-06 11:17:03.881 5347-5446/? D/BluetoothAdapter: STATE_BLE_ON
01-06 11:17:03.881 5347-5446/? D/BluetoothAdapter: appoCount is = 0
01-06 11:17:03.881 5347-5446/? D/BluetoothAdapter: STATE_BLE_ON
01-06 11:17:03.881 5347-5446/? D/BluetoothLeScanner: Stop Scan
01-06 11:17:03.891 1358-2144/? D/PowerManagerService: [api] acquire WakeLock flags=0x80 tag=Window:AOD uid=1000 pid=1358
01-06 11:17:03.891 5651-5651/? D/[WeatherWidget(1173)]  WeatherService: {[EC3334F14841398C8B464A72D0E61AB7948E844A51B2F10E7C31A850CCA08F880ABEEF87F6E6A4C1C58A024DF4C59CCBAB058FE760D19BABE2141DC34E7050B2]}
01-06 11:17:03.891 5651-5651/? D/[WeatherWidget(1173)]  WeatherService: {[EC3334F14841398C8B464A72D0E61AB73EA894562B46724F5CBB481CE1644E72]}
01-06 11:17:03.891 3360-3381/? D/BtGatt.GattService: [GSIM LOG]: getCallingProcessName: com.samsung.android.beaconmanager
01-06 11:17:03.891 1358-8717/? D/BatteryStatsImpl: poolsize= 1, curBatteryRealtime= 0, mUpdateTime= 0, mTimeout= 0, mNesting= 0, mTotalTime= 0
01-06 11:17:03.891 3360-3381/? D/BtGatt.GattService: [GSIM LOG]: getCallingProcessName: com.samsung.android.beaconmanager
01-06 11:17:03.891 1358-2217/? D/PowerManagerService: [PWL] sb release: PowerManagerService.Broadcasts
01-06 11:17:03.891 3360-3381/? D/BtGatt.GattService: stopScan() - queue size =1
01-06 11:17:03.901 1358-3407/? I/ActivityManager: Killing 7506:com.tencent.mm/u0a190 (adj 15): DHA:empty #33
01-06 11:17:03.891 3360-3619/? E/BtGatt.GattService: [GSIM LOG]: gsimLogHandler: com.samsung.android.beaconmanager, msg: MESSAGE_STOP_SCAN
01-06 11:17:03.891 3360-3619/? D/BtGatt.GattService: [GSIM LOG]: gsimLogHandler: prevDate: 6, currDate: 6
01-06 11:17:03.891 3360-3619/? D/BtGatt.GattService: [GSIM LOG]: updateScanTime: 1
01-06 11:17:03.891 3360-3608/? D/BtGatt.ScanManager: stop scan
01-06 11:17:03.891 3360-3608/? D/BtGatt.ScanManager: delete FilterIndex - 12
01-06 11:17:03.891 1358-8717/? I/BatteryStatsDumper: Previous Battery Level: 4 Current Level: 4 Delta: 0
01-06 11:17:03.901 3360-7637/? D/BtGatt.GattService: unregisterClient() - clientIf=5
01-06 11:17:03.901 5651-5651/? D/[WeatherWidget(1173)]  WeatherService: {[CC14338CDEB270B60D640F786827F117157AA4FCA31999F201B607282E8FB824]}
01-06 11:17:03.901 1358-3431/? V/AlarmManager:  remove PendingIntent] PendingIntent{4f69d20: PendingIntentRecord{7fc2cc9 com.android.bluetooth broadcastIntent}}
01-06 11:17:03.911 3360-3546/? D/BtGatt.GattService: onScanFilterParamsConfigured() - clientIf=5, status=0, action=1, availableSpace=29
01-06 11:17:03.911 3360-3546/? D/BtGatt.ScanManager: callback done for clientIf - 5 status - 0
01-06 11:17:03.911 3360-3608/? D/BtGatt.ScanManager: delete FilterIndex - 13
01-06 11:17:03.911 3360-3546/? D/BtGatt.GattService: onScanFilterParamsConfigured() - clientIf=5, status=0, action=1, availableSpace=30
01-06 11:17:03.911 1358-2301/? D/PowerManagerService: [api] acquire WakeLock flags=0x80 tag=Window:AOD uid=1000 pid=1358
01-06 11:17:03.911 3360-3546/? D/BtGatt.ScanManager: callback done for clientIf - 5 status - 0
01-06 11:17:03.911 3360-3608/? D/BtGatt.ScanManager: delete FilterIndex - 14
01-06 11:17:03.911 1358-1458/? V/AlarmManager:  remove PendingIntent] PendingIntent{7a0d6d9: PendingIntentRecord{7fc2cc9 com.android.bluetooth broadcastIntent}}
01-06 11:17:03.911 3360-3546/? D/BtGatt.GattService: onScanFilterParamsConfigured() - clientIf=5, status=0, action=1, availableSpace=31
01-06 11:17:03.911 3360-3546/? D/BtGatt.ScanManager: callback done for clientIf - 5 status - 0
01-06 11:17:03.911 3360-3608/? D/BtGatt.ScanManager: delete FilterIndex - 15
01-06 11:17:03.911 3360-3619/? D/BtGatt.GattService: [GSIM LOG]: com.samsung.android.beaconmanager@Custom, R time : 15 => 16
01-06 11:17:03.911 3360-3546/? D/BtGatt.GattService: onScanFilterParamsConfigured() - clientIf=5, status=0, action=1, availableSpace=32
01-06 11:17:03.911 3360-3546/? D/BtGatt.ScanManager: callback done for clientIf - 5 status - 0
01-06 11:17:03.911 3360-3608/? D/BtGatt.ScanManager: configureRegularScanParams() - queue=0
01-06 11:17:03.911 3360-3608/? D/BtGatt.ScanManager: configureRegularScanParams() - ScanSetting Scan mode=-2147483648 mLastConfiguredScanSetting=100
01-06 11:17:03.911 3360-3608/? D/BtGatt.ScanManager: configureRegularScanParams() - queue emtpy, scan stopped
01-06 11:17:03.911 1358-2144/? V/AlarmManager:  remove PendingIntent] PendingIntent{5c7c89e: PendingIntentRecord{7fc2cc9 com.android.bluetooth broadcastIntent}}
01-06 11:17:03.921 3360-3619/? D/BtGatt.GattService: [GSIM LOG]: com.samsung.android.beaconmanager@Custom, A time : 15 => 16
01-06 11:17:03.921 3360-3619/? D/BtGatt.GattService: [GSIM LOG]: remove : com.samsung.android.beaconmanager at  BLE_SCAN_ACTUAL_DB
01-06 11:17:03.921 3360-3619/? D/BtGatt.GattService: [GSIM LOG]: remove : com.samsung.android.beaconmanager at  BLE_SCAN_REQUESTED_DB
01-06 11:17:03.921 1358-2782/? V/AlarmManager:  remove PendingIntent] PendingIntent{d64bf7f: PendingIntentRecord{7fc2cc9 com.android.bluetooth broadcastIntent}}
01-06 11:17:03.921 1358-2315/? V/AlarmManager:  remove PendingIntent] PendingIntent{1786b4c: PendingIntentRecord{7fc2cc9 com.android.bluetooth broadcastIntent}}
01-06 11:17:03.921 1358-2300/? V/AlarmManager:  remove PendingIntent] PendingIntent{9bf0795: PendingIntentRecord{7fc2cc9 com.android.bluetooth broadcastIntent}}
01-06 11:17:03.931 1358-2618/? V/AlarmManager:  remove PendingIntent] PendingIntent{ce3d0aa: PendingIntentRecord{7fc2cc9 com.android.bluetooth broadcastIntent}}
01-06 11:17:03.931 1358-1459/? D/PowerManagerService: [api] acquire WakeLock flags=0x80 tag=Window:AOD uid=1000 pid=1358
01-06 11:17:03.931 1358-2144/? V/AlarmManager:  remove PendingIntent] PendingIntent{40fd49b: PendingIntentRecord{7fc2cc9 com.android.bluetooth broadcastIntent}}
01-06 11:17:03.931 1358-2782/? V/AlarmManager:  remove PendingIntent] PendingIntent{866f038: PendingIntentRecord{7fc2cc9 com.android.bluetooth broadcastIntent}}
01-06 11:17:03.941 1358-2315/? V/AlarmManager:  remove PendingIntent] PendingIntent{4558811: PendingIntentRecord{7fc2cc9 com.android.bluetooth broadcastIntent}}
01-06 11:17:03.941 1358-2300/? V/AlarmManager:  remove PendingIntent] PendingIntent{6064d76: PendingIntentRecord{7fc2cc9 com.android.bluetooth broadcastIntent}}
01-06 11:17:03.941 1358-2618/? V/AlarmManager:  remove PendingIntent] PendingIntent{b8d1f77: PendingIntentRecord{7fc2cc9 com.android.bluetooth broadcastIntent}}
01-06 11:17:03.941 1358-2617/? V/AlarmManager:  remove PendingIntent] PendingIntent{7b6d7e4: PendingIntentRecord{7fc2cc9 com.android.bluetooth broadcastIntent}}
01-06 11:17:03.951 1358-2699/? V/AlarmManager:  remove PendingIntent] PendingIntent{cf9944d: PendingIntentRecord{7fc2cc9 com.android.bluetooth broadcastIntent}}
01-06 11:17:03.951 1358-1458/? D/PowerManagerService: [api] acquire WakeLock flags=0x80 tag=Window:AOD uid=1000 pid=1358
01-06 11:17:03.951 1358-2315/? D/ActivityManager: cleanUpApplicationRecord -- 7506
01-06 11:17:03.951 1358-2315/? D/ActivityManager: isAutoRunBlockedApp:: com.tencent.mm, Auto Run ON
01-06 11:17:03.961 1358-1459/? V/AlarmManager:  remove PendingIntent] PendingIntent{201cb02: PendingIntentRecord{7fc2cc9 com.android.bluetooth broadcastIntent}}
01-06 11:17:03.971 1358-2616/? D/PowerManagerService: [api] acquire WakeLock flags=0x80 tag=Window:AOD uid=1000 pid=1358
01-06 11:17:03.991 1358-8717/? I/BatteryStatsDumper: Writing to database completed
01-06 11:17:03.991 648-648/? D/libEGL: eglTerminate EGLDisplay = 0x7fe9458218
01-06 11:17:03.991 1358-2699/? D/PowerManagerService: [api] acquire WakeLock flags=0x80 tag=Window:AOD uid=1000 pid=1358
01-06 11:17:03.991 648-648/? D/libEGL: eglInitialize EGLDisplay = 0x7fe9458118
01-06 11:17:03.991 648-648/? D/libEGL: eglInitialize EGLDisplay = 0x7fe9458118
01-06 11:17:03.991 1358-1654/? D/SurfaceControl: Excessive delay in setPowerMode(): 226ms
01-06 11:17:03.991 1358-1654/? D/PowerManagerUtil: Excessive delay in !@display_state: DOZE: 227ms
01-06 11:17:03.991 648-648/? D/libEGL: eglInitialize EGLDisplay = 0x7fe9458118
01-06 11:17:03.991 1358-1654/? D/PowerManagerUtil: Excessive delay in DisplayManagerInternal.requestDesiredDisplayState: 227ms
01-06 11:17:03.991 1358-1638/? D/DisplayPowerController: animateScreenStateChange[0]: target=3
01-06 11:17:03.991 1358-1638/? D/DisplayPowerController: [Dual Screen Compatible] state[0] :3
01-06 11:17:03.991 1358-1638/? D/DisplayPowerController: getFinalBrightness : Summary is 1 -> 1
01-06 11:17:04.001 1358-1638/? I/libsuspend: !@autosuspend_wakeup_count_enable
01-06 11:17:03.991 1358-1638/? D/DisplayPowerController: Animating brightness: target=1, rate=2000 (PSM:false, AB limit:(-1 ~ -1) MB Limit:(-1 ~ 255))
01-06 11:17:04.001 1358-1638/? I/libsuspend: !@autosuspend_wakeup_count_enable done
01-06 11:17:03.991 1358-1638/? D/DisplayPowerController: animateScreenStateChange[0]: target=3
01-06 11:17:04.001 5347-5446/? I/BeaconManager: BleScanHelper.startBleScan - Start filter Scan(SCREEN_OFF)
01-06 11:17:03.991 1358-1638/? D/DisplayPowerController: [Dual Screen Compatible] state[0] :3
01-06 11:17:04.001 5347-5446/? D/BluetoothLeScanner: Start Scan
01-06 11:17:03.991 1358-1638/? D/DisplayPowerController: getFinalBrightness : Summary is 1 -> 1
01-06 11:17:04.001 5347-5446/? D/BluetoothAdapter: STATE_BLE_ON
01-06 11:17:03.991 1358-1638/? D/DisplayPowerController: Animating brightness: target=1, rate=2000 (PSM:false, AB limit:(-1 ~ -1) MB Limit:(-1 ~ 255))
01-06 11:17:04.001 5347-5446/? D/BluetoothAdapter: appoCount is = 0
01-06 11:17:03.991 1358-1638/? D/DisplayPowerController: animateScreenStateChange[0]: target=3
01-06 11:17:04.001 5347-5446/? D/BluetoothAdapter: STATE_BLE_ON
01-06 11:17:03.991 1358-1638/? D/DisplayPowerController: [Dual Screen Compatible] state[0] :3
01-06 11:17:04.001 5347-5446/? D/BluetoothAdapter: STATE_BLE_ON
01-06 11:17:03.991 1358-1638/? D/DisplayPowerController: getFinalBrightness : Summary is 1 -> 1
01-06 11:17:04.001 2502-2502/? I/PeopleStripeManager: isExistVisibleHandler false
01-06 11:17:03.991 1358-1638/? D/DisplayPowerController: Animating brightness: target=1, rate=2000 (PSM:false, AB limit:(-1 ~ -1) MB Limit:(-1 ~ 255))
01-06 11:17:04.001 2502-2502/? I/PeopleStripeManager: hideStripe
01-06 11:17:03.991 1358-1638/? D/PowerManagerService: [s] DisplayPowerCallbacks : onStateChanged()
01-06 11:17:04.011 5347-5446/? D/BluetoothAdapter: STATE_BLE_ON
01-06 11:17:03.991 1358-1638/? D/PowerManagerService: mDisplayReady: true
01-06 11:17:04.011 5347-5446/? D/BluetoothAdapter: appoCount is = 0
01-06 11:17:04.001 1358-1638/? D/PowerManagerService: [PWL] sb release: PowerManagerService.Display
01-06 11:17:04.011 3360-7622/? D/BtGatt.GattService: registerClient() - UUID=1ce8be22-084b-4576-8bfc-144f53583fb1
01-06 11:17:04.011 1358-2782/? D/PowerManagerService: [api] acquire WakeLock flags=0x80 tag=Window:AOD uid=1000 pid=1358
01-06 11:17:04.021 2327-2327/? D/Recents: onTaskStackChanged
01-06 11:17:04.031 3040-3040/? D/DefaultClockView: End AOD Enter Animation : ForceStopAnimation : false
01-06 11:17:04.031 3040-3040/? D/AODService: : state = Start AOD mode!!
01-06 11:17:04.031 1358-1459/? D/PowerManagerService: [api] acquire WakeLock flags=0x80 tag=Window:AOD uid=1000 pid=1358
01-06 11:17:04.041 3040-3040/? D/BatteryMeterView: onDraw batteryColor : -986896
01-06 11:17:04.051 1358-2315/? D/PowerManagerService: [api] acquire WakeLock flags=0x80 tag=Window:AOD uid=1000 pid=1358
01-06 11:17:04.051 3360-3546/? D/BtGatt.GattService: onClientRegistered() - UUID=1ce8be22-084b-4576-8bfc-144f53583fb1, clientIf=5
01-06 11:17:04.051 5347-5357/? D/BluetoothLeScanner: onClientRegistered() - status=0 clientIf=5
01-06 11:17:04.061 3360-3381/? D/BtGatt.GattService: start scan with filters
01-06 11:17:04.061 3360-3381/? D/BluetoothAdapter: STATE_BLE_ON
01-06 11:17:04.061 3360-3381/? D/BluetoothAdapter: appoCount is = 0
01-06 11:17:04.061 3360-3381/? D/BluetoothAdapter: STATE_BLE_ON
01-06 11:17:04.061 3360-3381/? D/BtGatt.GattService: getScanSettings
01-06 11:17:04.061 3360-3381/? D/BtGatt.GattService: Is it foreground application = false
01-06 11:17:04.061 3360-3381/? D/BtGatt.GattService: Its a background application running with Low Power scan mode
01-06 11:17:04.071 3360-3381/? D/BtGatt.GattService: [GSIM LOG]: getActualScanMode (100/1 vs -2147483648/0)
01-06 11:17:04.071 3360-3381/? D/BtGatt.GattService: [GSIM LOG]: getCallingProcessName: com.samsung.android.beaconmanager
01-06 11:17:04.071 3360-3381/? D/BtGatt.GattService: [GSIM LOG]: getCallingProcessName: com.samsung.android.beaconmanager
01-06 11:17:04.071 3360-3619/? E/BtGatt.GattService: [GSIM LOG]: gsimLogHandler: com.samsung.android.beaconmanager, msg: MESSAGE_START_SCAN
01-06 11:17:04.071 3360-3619/? D/BtGatt.GattService: [GSIM LOG]: gsimLogHandler: prevDate: 6, currDate: 6
01-06 11:17:04.071 3360-3608/? D/BtGatt.ScanManager: handling starting scan
01-06 11:17:04.071 3360-3608/? D/BluetoothAdapter: STATE_BLE_ON
01-06 11:17:04.081 3360-3608/? D/BluetoothAdapter: STATE_BLE_ON
01-06 11:17:04.081 3360-3608/? D/BluetoothAdapter: appoCount is = 0
01-06 11:17:04.081 3360-3608/? D/BluetoothAdapter: STATE_BLE_ON
01-06 11:17:04.081 3360-3608/? D/BluetoothAdapter: STATE_BLE_ON
01-06 11:17:04.081 3360-3608/? D/BluetoothAdapter: appoCount is = 0
01-06 11:17:04.081 3360-3608/? D/BluetoothAdapter: STATE_BLE_ON
01-06 11:17:04.081 3360-3608/? D/BluetoothAdapter: STATE_BLE_ON
01-06 11:17:04.091 3360-3619/? D/BtGatt.GattService: [GSIM LOG]: increaseScanCount : com.samsung.android.beaconmanager : 15
01-06 11:17:04.091 3360-3619/? D/BtGatt.GattService: [GSIM LOG]: increaseScanCount : com.samsung.android.beaconmanager, com.samsung.android.beaconmanager
01-06 11:17:04.091 3360-3608/? D/BluetoothAdapter: appoCount is = 0
01-06 11:17:04.091 1358-2617/? V/AlarmManager:  remove PendingIntent] PendingIntent{c2a3c13: PendingIntentRecord{7fc2cc9 com.android.bluetooth broadcastIntent}}
01-06 11:17:04.091 3360-3546/? D/BtGatt.GattService: onScanFilterEnableDisabled() - clientIf=5, status=0, action=1
01-06 11:17:04.091 3360-3546/? D/BtGatt.ScanManager: callback done for clientIf - 5 status - 0
01-06 11:17:04.091 3360-3619/? D/BtGatt.GattService: [GSIM LOG]: increaseScanCount 4 Battery : com.samsung.android.beaconmanager : 16
01-06 11:17:04.091 3360-3619/? D/BtGatt.GattService: [GSIM LOG]: setScanTime : com.samsung.android.beaconmanager : 24200837
01-06 11:17:04.091 3360-3619/? D/BtGatt.GattService: [GSIM LOG]: setRequestedScanType : com.samsung.android.beaconmanager : 100
01-06 11:17:04.091 3360-3619/? D/BtGatt.GattService: [GSIM LOG]: setActualScanType : com.samsung.android.beaconmanager : 100
01-06 11:17:04.091 3360-3619/? D/BtGatt.GattService: [GSIM LOG]: updateScanTime: 0
01-06 11:17:04.091 3360-3619/? D/BtGatt.GattService: [GSIM LOG]: com.samsung.android.beaconmanager@Custom, R time : 16 => 16
01-06 11:17:04.091 3360-3619/? D/BtGatt.GattService: [GSIM LOG]: com.samsung.android.beaconmanager@Custom, A time : 16 => 16
01-06 11:17:04.091 3360-3619/? D/BtGatt.GattService: [GSIM LOG]: updateScanTime: 0
01-06 11:17:04.091 3360-3619/? D/BtGatt.GattService: [GSIM LOG]: com.samsung.android.beaconmanager@Custom, R time : 16 => 16
01-06 11:17:04.091 3360-3619/? D/BtGatt.GattService: [GSIM LOG]: com.samsung.android.beaconmanager@Custom, A time : 16 => 16
01-06 11:17:04.091 3360-3619/? D/BtGatt.GattService: [GSIM LOG]: setActualScanType : com.samsung.android.beaconmanager : 100
01-06 11:17:04.091 3360-3619/? D/BtGatt.GattService: [GSIM LOG]: updateScanTime: 0
01-06 11:17:04.091 3360-3619/? D/BtGatt.GattService: [GSIM LOG]: com.samsung.android.beaconmanager@Custom, R time : 16 => 16
01-06 11:17:04.091 3360-3619/? D/BtGatt.GattService: [GSIM LOG]: com.samsung.android.beaconmanager@Custom, A time : 16 => 16
01-06 11:17:04.091 3360-3619/? D/BtGatt.GattService: [GSIM LOG]: setScanTime : com.samsung.android.beaconmanager : 24200837
01-06 11:17:04.101 3360-3608/? D/BtGatt.ScanManager: set filter index= 16 for clientIf= 5
01-06 11:17:04.101 1358-3407/? V/AlarmManager:  remove PendingIntent] PendingIntent{5fb8e50: PendingIntentRecord{7fc2cc9 com.android.bluetooth broadcastIntent}}
01-06 11:17:04.101 3360-3608/? D/BtGatt.ScanManager: addFilterToController: 5
01-06 11:17:04.101 3360-3546/? D/BtGatt.GattService: onScanFilterConfig() - clientIf=5, action = 0 status = 0, filterType=5, availableSpace=47
01-06 11:17:04.101 3360-3546/? D/BtGatt.ScanManager: callback done for clientIf - 5 status - 0
01-06 11:17:04.101 3360-3608/? D/BtGatt.ScanManager: High Rssi Filter value is = -128
01-06 11:17:04.101 3360-3608/? D/BtGatt.ScanManager: Low Rssi Filter value is = -128
01-06 11:17:04.101 3360-3608/? D/BtGatt.ScanManager: configureFilterParamter 500 10000 1 0highRssiThreshold = -128lowRssiThreshold = -128matchmode is =1
01-06 11:17:04.101 1358-3441/? V/AlarmManager:  remove PendingIntent] PendingIntent{3582849: PendingIntentRecord{7fc2cc9 com.android.bluetooth broadcastIntent}}
01-06 11:17:04.111 3360-3546/? D/BtGatt.GattService: onScanFilterParamsConfigured() - clientIf=5, status=0, action=0, availableSpace=31
01-06 11:17:04.111 3360-3546/? D/BtGatt.ScanManager: callback done for clientIf - 5 status - 0
01-06 11:17:04.111 3360-3608/? D/BtGatt.ScanManager: set filter index= 17 for clientIf= 5
01-06 11:17:04.111 3360-3608/? D/BtGatt.ScanManager: addFilterToController: 5
01-06 11:17:04.111 3360-3546/? D/BtGatt.GattService: onScanFilterConfig() - clientIf=5, action = 0 status = 0, filterType=5, availableSpace=46
01-06 11:17:04.111 1358-2301/? V/AlarmManager:  remove PendingIntent] PendingIntent{a45954e: PendingIntentRecord{7fc2cc9 com.android.bluetooth broadcastIntent}}
01-06 11:17:04.111 3360-3546/? D/BtGatt.ScanManager: callback done for clientIf - 5 status - 0
01-06 11:17:04.111 3360-3608/? D/BtGatt.ScanManager: High Rssi Filter value is = -128
01-06 11:17:04.111 3360-3608/? D/BtGatt.ScanManager: Low Rssi Filter value is = -128
01-06 11:17:04.111 3360-3608/? D/BtGatt.ScanManager: configureFilterParamter 500 10000 1 0highRssiThreshold = -128lowRssiThreshold = -128matchmode is =1
01-06 11:17:04.111 3360-3546/? D/BtGatt.GattService: onScanFilterParamsConfigured() - clientIf=5, status=0, action=0, availableSpace=30
01-06 11:17:04.111 3360-3546/? D/BtGatt.ScanManager: callback done for clientIf - 5 status - 0
01-06 11:17:04.111 3360-3608/? D/BtGatt.ScanManager: configureRegularScanParams() - queue=1
01-06 11:17:04.111 3360-3608/? I/BtGatt.ScanManager: custom scan scanMode = 100
01-06 11:17:04.111 3360-3608/? I/BtGatt.ScanManager: New scan mode custom scan scanInterval = 3120scanWindow = 55
01-06 11:17:04.111 3360-3608/? E/BtGatt.ScanManager: default value of curScanSetting 0 is choosen
01-06 11:17:04.111 1358-3431/? V/AlarmManager:  remove PendingIntent] PendingIntent{b72866f: PendingIntentRecord{7fc2cc9 com.android.bluetooth broadcastIntent}}
01-06 11:17:04.111 3360-3608/? I/BtGatt.ScanManager: newScanMode = 1newcurScanSetting = 0
01-06 11:17:04.111 3360-3608/? I/BtGatt.ScanManager: comparing = 1 with = 0
01-06 11:17:04.111 3360-3608/? D/BtGatt.ScanManager: configureRegularScanParams() - ScanSetting Scan mode=100 mLastConfiguredScanSetting=-2147483648
01-06 11:17:04.111 3360-3608/? D/BtGatt.ScanManager: configureRegularScanParams - scanInterval = 4992configureRegularScanParams - scanWindow = 88
01-06 11:17:04.111 3360-3546/? D/BtGatt.GattService: onScanParamSetupCompleted() status=0, clientIf=5
01-06 11:17:04.111 3360-3546/? D/BtGatt.GattService: onScanParamSetupCompleted : 0
01-06 11:17:04.121 1358-2315/? V/AlarmManager:  remove PendingIntent] PendingIntent{d933f7c: PendingIntentRecord{7fc2cc9 com.android.bluetooth broadcastIntent}}
01-06 11:17:04.131 1358-2699/? V/AlarmManager:  remove PendingIntent] PendingIntent{af20005: PendingIntentRecord{7fc2cc9 com.android.bluetooth broadcastIntent}}
01-06 11:17:04.131 1358-3432/? V/AlarmManager:  remove PendingIntent] PendingIntent{de9b85a: PendingIntentRecord{7fc2cc9 com.android.bluetooth broadcastIntent}}
01-06 11:17:04.141 1358-2618/? V/AlarmManager:  remove PendingIntent] PendingIntent{24b1a8b: PendingIntentRecord{7fc2cc9 com.android.bluetooth broadcastIntent}}
01-06 11:17:04.141 1358-3408/? V/AlarmManager:  remove PendingIntent] PendingIntent{e92d768: PendingIntentRecord{7fc2cc9 com.android.bluetooth broadcastIntent}}
01-06 11:17:04.141 1358-2617/? V/AlarmManager:  remove PendingIntent] PendingIntent{4979781: PendingIntentRecord{7fc2cc9 com.android.bluetooth broadcastIntent}}
01-06 11:17:04.151 1358-3407/? V/AlarmManager:  remove PendingIntent] PendingIntent{37b0026: PendingIntentRecord{7fc2cc9 com.android.bluetooth broadcastIntent}}
01-06 11:17:04.161 1358-2616/? V/AlarmManager:  remove PendingIntent] PendingIntent{8ced467: PendingIntentRecord{7fc2cc9 com.android.bluetooth broadcastIntent}}
01-06 11:17:04.161 1358-2301/? V/AlarmManager:  remove PendingIntent] PendingIntent{3720214: PendingIntentRecord{7fc2cc9 com.android.bluetooth broadcastIntent}}
01-06 11:17:04.171 1358-1358/? D/PowerManagerService: [api] release WakeLock flags=0x80 tag=Window:AOD uid=1000 pid=1358 (0x0)
01-06 11:17:04.171 1358-3431/? V/AlarmManager:  remove PendingIntent] PendingIntent{3a52abd: PendingIntentRecord{7fc2cc9 com.android.bluetooth broadcastIntent}}
01-06 11:17:04.181 1358-2315/? V/AlarmManager:  remove PendingIntent] PendingIntent{b86f8b2: PendingIntentRecord{7fc2cc9 com.android.bluetooth broadcastIntent}}
01-06 11:17:04.181 1358-2699/? V/AlarmManager:  remove PendingIntent] PendingIntent{3ea5003: PendingIntentRecord{7fc2cc9 com.android.bluetooth broadcastIntent}}
01-06 11:17:04.191 1358-3441/? V/AlarmManager:  remove PendingIntent] PendingIntent{4772b80: PendingIntentRecord{7fc2cc9 com.android.bluetooth broadcastIntent}}
01-06 11:17:04.201 1358-2300/? V/AlarmManager:  remove PendingIntent] PendingIntent{afeb5b9: PendingIntentRecord{7fc2cc9 com.android.bluetooth broadcastIntent}}
01-06 11:17:04.211 1358-1458/? V/AlarmManager:  remove PendingIntent] PendingIntent{fe7edfe: PendingIntentRecord{7fc2cc9 com.android.bluetooth broadcastIntent}}
01-06 11:17:04.211 1358-1459/? V/AlarmManager:  remove PendingIntent] PendingIntent{b7e95f: PendingIntentRecord{7fc2cc9 com.android.bluetooth broadcastIntent}}
01-06 11:17:04.221 1358-2144/? V/AlarmManager:  remove PendingIntent] PendingIntent{5e37fac: PendingIntentRecord{7fc2cc9 com.android.bluetooth broadcastIntent}}
01-06 11:17:04.231 1358-2782/? V/AlarmManager:  remove PendingIntent] PendingIntent{dcbf475: PendingIntentRecord{7fc2cc9 com.android.bluetooth broadcastIntent}}
01-06 11:17:04.241 1358-3432/? V/AlarmManager:  remove PendingIntent] PendingIntent{bd0ec0a: PendingIntentRecord{7fc2cc9 com.android.bluetooth broadcastIntent}}
01-06 11:17:04.241 1358-2618/? V/AlarmManager:  remove PendingIntent] PendingIntent{99bbc7b: PendingIntentRecord{7fc2cc9 com.android.bluetooth broadcastIntent}}
01-06 11:17:04.251 1358-3408/? V/AlarmManager:  remove PendingIntent] PendingIntent{cdeea98: PendingIntentRecord{7fc2cc9 com.android.bluetooth broadcastIntent}}
01-06 11:17:04.261 1358-2617/? V/AlarmManager:  remove PendingIntent] PendingIntent{ff462f1: PendingIntentRecord{7fc2cc9 com.android.bluetooth broadcastIntent}}
01-06 11:17:04.261 1358-3407/? V/AlarmManager:  remove PendingIntent] PendingIntent{899bed6: PendingIntentRecord{7fc2cc9 com.android.bluetooth broadcastIntent}}
01-06 11:17:04.271 1358-2616/? V/AlarmManager:  remove PendingIntent] PendingIntent{11fa557: PendingIntentRecord{7fc2cc9 com.android.bluetooth broadcastIntent}}
01-06 11:17:04.341 3040-3040/? I/AlpmModeManager: handleBlankDisplay: current state [ALPM_ON] to [ALPM_STATE_BLANK]
01-06 11:17:04.341 3040-3040/? V/AlpmModeManager: handleBlankDisplay: setDoze [DISPLAY_STATE_DOZE_SUSPEND] Keep bright
01-06 11:17:04.341 1358-2301/? I/PowerManagerService: [api] setDozeOverrideFromAod AlpmHlpmSysfs = -1, screenState = 4, Brightness = 0, wakefulness = false
01-06 11:17:04.341 1358-2301/? I/libsuspend: !@autosuspend_wakeup_count_disable
01-06 11:17:04.341 1358-2301/? D/PowerManagerService: setDozeModeBySysfs:  value is -1 , we ignore it. 
01-06 11:17:04.341 1358-2301/? I/libsuspend: !@autosuspend_wakeup_count_disable done
01-06 11:17:04.341 1358-2301/? D/PowerManagerService: mDisplayReady: false
01-06 11:17:04.341 648-648/? D/SurfaceFlinger: Set power mode=3, type=0 flinger=0x7f8ab03c00
01-06 11:17:04.341 1358-1638/? D/DisplayPowerController: animateScreenStateChange[0]: target=4
01-06 11:17:04.341 648-648/? I/SDM: HWCDisplay::SetPowerMode: display = 0, mode = 3
01-06 11:17:04.341 1358-1638/? D/DisplayPowerController: [Dual Screen Compatible] state[0] :4
01-06 11:17:04.341 648-648/? I/SDM: DisplayBase::SetDisplayState: Set state = 3, display 0
01-06 11:17:04.341 1358-1638/? D/DisplayPowerController: getFinalBrightness : Summary is 1 -> 1
01-06 11:17:04.341 1358-1638/? D/DisplayPowerController: Animating brightness: target=1, rate=0 (PSM:false, AB limit:(-1 ~ -1) MB Limit:(-1 ~ 255))
01-06 11:17:04.351 3975-3975/? E/CocktailBarPositionManager: Window direction: 0
01-06 11:17:04.341 1358-2301/? D/PowerManagerService: [PWL] sb acquire: PowerManagerService.Display
01-06 11:17:04.351 3975-3975/? I/CocktailBarPositionManager: updateAlphaScreenPosition position is dirty 0
01-06 11:17:04.341 1358-1654/? D/DisplayManagerService: !@display_state: DOZE -> DOZE_SUSPEND brightness: 1 -> 1
01-06 11:17:04.341 1358-1626/? I/DisplayManagerService: Display device changed state: "内置屏幕", DOZE_SUSPEND
01-06 11:17:04.341 1358-1626/? I/DisplayManagerService: Display device changed state: "ActivityViewVirtualDisplay", DOZE_SUSPEND
01-06 11:17:04.361 1358-1638/? I/libsuspend: !@autosuspend_wakeup_count_enable
01-06 11:17:04.361 1358-1638/? D/DisplayPowerController: animateScreenStateChange[0]: target=4
01-06 11:17:04.361 1358-1638/? I/libsuspend: !@autosuspend_wakeup_count_enable done
01-06 11:17:04.361 1358-1638/? D/DisplayPowerController: [Dual Screen Compatible] state[0] :4
01-06 11:17:04.361 1358-1638/? D/DisplayPowerController: getFinalBrightness : Summary is 1 -> 1
01-06 11:17:04.361 1358-1638/? D/DisplayPowerController: Animating brightness: target=1, rate=0 (PSM:false, AB limit:(-1 ~ -1) MB Limit:(-1 ~ 255))
01-06 11:17:04.361 1358-1638/? D/DisplayPowerController: animateScreenStateChange[0]: target=4
01-06 11:17:04.361 1358-1638/? D/DisplayPowerController: [Dual Screen Compatible] state[0] :4
01-06 11:17:04.361 1358-1638/? D/DisplayPowerController: getFinalBrightness : Summary is 1 -> 1
01-06 11:17:04.361 1358-1638/? D/DisplayPowerController: Animating brightness: target=1, rate=0 (PSM:false, AB limit:(-1 ~ -1) MB Limit:(-1 ~ 255))
01-06 11:17:04.361 1358-1638/? D/PowerManagerService: [s] DisplayPowerCallbacks : onStateChanged()
01-06 11:17:04.361 1358-1638/? D/PowerManagerService: mDisplayReady: true
01-06 11:17:04.361 1358-1638/? D/PowerManagerService: [PWL] sb release: PowerManagerService.Display
01-06 11:17:04.731 2266-2522/? D/NetworkController.MobileSignalController(0/1): onSignalStrengthsChanged signalStrength=SignalStrength: 99 99 -120 -160 -120 -1 -1 23 -99 -12 30 -1 2147483647 0x3000 gsm|lte level=3
01-06 11:17:04.731 2266-2522/? D/NetworkController.MobileSignalController(0/1): getMobileIconGroup(): 13
01-06 11:17:04.731 2266-2522/? D/NetworkController.MobileSignalController(0/1): updateCMCCMobileIconGroup(): 13
01-06 11:17:07.081 8636-8654/? I/BaseTestUser:205: Instr: com.cisco.wx2.android.test.support.SquaredTestRunner  Retry 9 func message: Create test user
01-06 11:17:07.081 8636-8654/? I/BaseTestUser$2:205: Instr: com.cisco.wx2.android.test.support.SquaredTestRunner  createTestUser request user: Bart Simpson
01-06 11:17:07.091 930-1786/? D/EnterpriseController: netId is 0
01-06 11:17:07.091 930-1786/? D/Netd: getNetworkForDns: using netid 0 for uid 10191
01-06 11:17:07.091 8636-8654/? E/BaseTestUser$2:205: Instr: com.cisco.wx2.android.test.support.SquaredTestRunner  Caught UnknownHostException message = "Unable to resolve host "idbroker.webex.com": No address associated with hostname" cause = "android.system.GaiException: android_getaddrinfo failed: EAI_NODATA (No address associated with hostname)"
01-06 11:17:07.101 8636-8654/? E/BaseTestUser:205: Instr: com.cisco.wx2.android.test.support.SquaredTestRunner  We threw during retry (9/10)
01-06 11:17:07.101 8636-8654/? I/TestRunner: failed: testAddPeople(com.cisco.wx2.android.test.conversation.ConversationTest)
01-06 11:17:07.101 8636-8654/? I/TestRunner: ----- begin exception -----
01-06 11:17:07.111 8636-8654/? I/TestRunner: java.lang.Error: Create test user failed
                                                 at com.cisco.wx2.android.test.support.WaitUtils.retry(WaitUtils.java:77)
                                                 at com.cisco.wx2.android.test.support.BaseTestUser.createTestUser(BaseTestUser.java:205)
                                                 at com.cisco.wx2.android.test.support.AppTestUser.create(AppTestUser.java:88)
                                                 at com.cisco.wx2.android.test.support.IntegrationTest$AppTestUserBuilder.build(IntegrationTest.java:288)
                                                 at com.cisco.wx2.android.test.support.IntegrationTest.setUp(IntegrationTest.java:321)
                                                 at com.cisco.wx2.android.test.conversation.ConversationTest.setUp(ConversationTest.java:177)
                                                 at junit.framework.TestCase.runBare(TestCase.java:132)
                                                 at junit.framework.TestResult$1.protect(TestResult.java:115)
                                                 at android.support.test.internal.runner.junit3.AndroidTestResult.runProtected(AndroidTestResult.java:77)
                                                 at junit.framework.TestResult.run(TestResult.java:118)
                                                 at android.support.test.internal.runner.junit3.AndroidTestResult.run(AndroidTestResult.java:55)
                                                 at junit.framework.TestCase.run(TestCase.java:124)
                                                 at android.support.test.internal.runner.junit3.NonLeakyTestSuite$NonLeakyTest.run(NonLeakyTestSuite.java:63)
                                                 at junit.framework.TestSuite.runTest(TestSuite.java:243)
                                                 at junit.framework.TestSuite.run(TestSuite.java:238)
                                                 at android.support.test.internal.runner.junit3.DelegatingTestSuite.run(DelegatingTestSuite.java:103)
                                                 at android.support.test.internal.runner.junit3.AndroidTestSuite.run(AndroidTestSuite.java:69)
                                                 at android.support.test.internal.runner.junit3.JUnit38ClassRunner.run(JUnit38ClassRunner.java:103)
                                                 at org.junit.runners.Suite.runChild(Suite.java:128)
                                                 at org.junit.runners.Suite.runChild(Suite.java:27)
                                                 at org.junit.runners.ParentRunner$3.run(ParentRunner.java:290)
                                                 at org.junit.runners.ParentRunner$1.schedule(ParentRunner.java:71)
                                                 at org.junit.runners.ParentRunner.runChildren(ParentRunner.java:288)
                                                 at org.junit.runners.ParentRunner.access$000(ParentRunner.java:58)
                                                 at org.junit.runners.ParentRunner$2.evaluate(ParentRunner.java:268)
                                                 at org.junit.runners.ParentRunner.run(ParentRunner.java:363)
                                                 at org.junit.runner.JUnitCore.run(JUnitCore.java:137)
                                                 at org.junit.runner.JUnitCore.run(JUnitCore.java:115)
                                                 at android.support.test.internal.runner.TestExecutor.execute(TestExecutor.java:59)
                                                 at android.support.test.runner.AndroidJUnitRunner.onStart(AndroidJUnitRunner.java:262)
                                                 at android.app.Instrumentation$InstrumentationThread.run(Instrumentation.java:1959)
                                              Caused by: java.lang.RuntimeException: CreateTestUser failed with throwing Unable to resolve host "idbroker.webex.com": No address associated with hostname cause: android.system.GaiException: android_getaddrinfo failed: EAI_NODATA (No address associated with hostname) messages Debugging Errors:
                                             	CreateTestUserRequest = [com.cisco.spark.android.model.CreateTestUserRequest@2ff4fc Bart Simpson 34e4387b45@wx2android.example.com]
                                             	apiClientProvider = com.cisco.wx2.android.test.support.StoppableApiClientProvider@a9b9f30
                                             	OAuthClient = retrofit2.Retrofit$1@293f89c
                                             	Call<OAuthAccessToken> = retrofit2.ExecutorCallAdapterFactory$ExecutorCallbackCall@7f84785
                                             	
                                                 at com.cisco.wx2.android.test.support.BaseTestUser$2.call(BaseTestUser.java:248)
                                                 at com.cisco.wx2.android.test.support.BaseTestUser$2.call(BaseTestUser.java:205)
                                                 at com.cisco.wx2.android.test.support.WaitUtils.retry(WaitUtils.java:73)
                                                 	... 30 more
                                              Caused by: java.net.UnknownHostException: Unable to resolve host "idbroker.webex.com": No address associated with hostname
                                                 at java.net.InetAddress.lookupHostByName(InetAddress.java:470)
                                                 at java.net.InetAddress.getAllByNameImpl(InetAddress.java:252)
                                                 at java.net.InetAddress.getAllByName(InetAddress.java:215)
                                                 at okhttp3.Dns$1.lookup(Dns.java:39)
                                                 at okhttp3.internal.connection.RouteSelector.resetNextInetSocketAddress(RouteSelector.java:170)
                                                 at okhttp3.internal.connection.RouteSelector.nextProxy(RouteSelector.java:136)
                                                 at okhttp3.internal.connection.RouteSelector.next(RouteSelector.java:81)
                                                 at okhttp3.internal.connection.StreamAllocation.findConnection(StreamAllocation.java:181)
                                             	at okhttp3.internal.connection.StreamAllocation.findHealthyConnection(
01-06 11:17:07.111 8636-8654/? I/TestRunner: ----- end exception -----
01-06 11:17:07.121 8636-8654/? I/TestRunner: finished: testAddPeople(com.cisco.wx2.android.test.conversation.ConversationTest)
01-06 11:17:07.131 8636-8636/? I/MonitoringInstrumentation: Activities that are still in CREATED to STOPPED: 0
01-06 11:17:07.131 8636-8654/? I/TestRunner: started: testAddPeopleIntoEncryptedConversation(com.cisco.wx2.android.test.conversation.ConversationTest)
01-06 11:17:07.131 8636-8636/? I/MonitoringInstrumentation: Activities that are still in CREATED to STOPPED: 0
01-06 11:17:07.151 8636-8654/? D/InjectedInstrumentationTest:99: Instr: com.cisco.wx2.android.test.support.SquaredTestRunner  
                                                                 Thread report
                                                                 -------------
                                                                 (NEW) Id: 144, Thread[OperationQueue Wakeup Timer,5,main] WAITING
                                                                 Id: 120, Thread[JDWP,5,system] WAITING
                                                                 Id: 125, Thread[Binder_1,5,main] RUNNABLE
                                                                 Id: 130, Thread[Queue,10,main] WAITING
                                                                 (NEW) Id: 155, Thread[Segment-1,5,main] WAITING
                                                                 Id: 138, Thread[Answers Events Handler1,5,main] WAITING
                                                                 Id: 134, Thread[Queue,10,main] WAITING
                                                                 Id: 121, Thread[ReferenceQueueDaemon,5,system] WAITING
                                                                 Id: 128, Thread[StethoListener-main,5,main] RUNNABLE
                                                                 (NEW) Id: 151, Thread[java.lang.ProcessManager,5,main] RUNNABLE
                                                                 (NEW) Id: 146, Thread[RxCachedWorkerPoolEvictor-1,5,main] TIMED_WAITING
                                                                 (NEW) Id: 145, Thread[Thread-145,5,main] WAITING
                                                                 Id: 122, Thread[FinalizerDaemon,5,system] WAITING
                                                                 Id: 123, Thread[FinalizerWatchdogDaemon,5,system] WAITING
                                                                 Id: 133, Thread[Queue,10,main] WAITING
                                                                 Id: 124, Thread[HeapTaskDaemon,5,system] BLOCKED
                                                                 Id: 1, Thread[main,5,main] RUNNABLE
                                                                 Id: 132, Thread[Queue,10,main] WAITING
                                                                 (NEW) Id: 147, Thread[Timer-0,5,main] WAITING
                                                                 Id: 126, Thread[Binder_2,5,main] RUNNABLE
                                                                 (NEW) Id: 154, Thread[pool-16-thread-1,5,main] WAITING
                                                                 (NEW) Id: 157, Thread[Segment-2,5,main] TIMED_WAITING
                                                                 Id: 119, Thread[Signal Catcher,5,system] WAITING
                                                                 Id: 127, Thread[Instr: com.cisco.wx2.android.test.support.SquaredTestRunner,5,main] RUNNABLE
                                                                 (NEW) Id: 156, Thread[Segment-SegmentDispatcher,5,main] RUNNABLE
                                                                 Id: 131, Thread[Queue,10,main] WAITING
                                                                 (NEW) Id: 149, Thread[AsyncTask #1,5,main] WAITING
                                                                 Id: 139, Thread[pool-5-thread-1,5,main] WAITING
                                                                 (NEW) Id: 148, Thread[Log print,5,main] RUNNABLE
                                                                 (NEW) Id: 150, Thread[Segment-Stats,5,main] RUNNABLE
                                                                 Total threads: 30, new threads: 12
01-06 11:17:07.171 8636-8654/? D/LoggingLock:64: Instr: com.cisco.wx2.android.test.support.SquaredTestRunner  $PERF LoggingLock initialized in debug mode
01-06 11:17:07.171 8636-8654/? D/LoggingLock:64: Instr: com.cisco.wx2.android.test.support.SquaredTestRunner  $PERF LoggingLock initialized in debug mode
01-06 11:17:07.181 8636-8654/? D/LoggingLock:64: Instr: com.cisco.wx2.android.test.support.SquaredTestRunner  $PERF LoggingLock initialized in debug mode
01-06 11:17:07.191 8636-8721/? D/LocusProcessor: Bart Thread-159  event queue worker thread started
01-06 11:17:07.191 8636-8654/? D/RoomCallController:48: Instr: com.cisco.wx2.android.test.support.SquaredTestRunner  clearState
01-06 11:17:07.201 8636-8654/? I/ProximitySensor:46: Instr: com.cisco.wx2.android.test.support.SquaredTestRunner  System reports having a proximity sensor
01-06 11:17:07.201 8636-8654/? I/ActivityProcessorModule:30: Instr: com.cisco.wx2.android.test.support.SquaredTestRunner  Registered for bus events on bus de.greenrobot.event.EventBus@6909d3a
01-06 11:17:07.201 8636-8654/? D/LoggingLock:64: Instr: com.cisco.wx2.android.test.support.SquaredTestRunner  $PERF LoggingLock initialized in debug mode
01-06 11:17:07.211 8636-8654/? D/LoggingLock:64: Instr: com.cisco.wx2.android.test.support.SquaredTestRunner  $PERF LoggingLock initialized in debug mode
01-06 11:17:07.211 8636-8654/? D/LoggingLock:64: Instr: com.cisco.wx2.android.test.support.SquaredTestRunner  $PERF LoggingLock initialized in debug mode
01-06 11:17:07.211 8636-8654/? W/System.err: remove failed: ENOENT (No such file or directory) : /data/user/0/com.cisco.wx2.android/files/content
01-06 11:17:07.211 8636-8654/? D/LoggingLock:64: Instr: com.cisco.wx2.android.test.support.SquaredTestRunner  $PERF LoggingLock initialized in debug mode
01-06 11:17:07.211 8636-8654/? I/$BITMAP: Instr: com.cisco.wx2.android.test.support.SquaredTestRunner  Max Bitmap Cache size 25165824
01-06 11:17:07.211 8636-8654/? I/$BITMAP: Instr: com.cisco.wx2.android.test.support.SquaredTestRunner  Max bitmap size in pixels : 1048576
01-06 11:17:07.211 8636-8654/? W/System.err: mkdir failed: EEXIST (File exists) : /data/user/0/com.cisco.wx2.android/cache/snapshot
01-06 11:17:07.211 8636-8654/? W/System.err: mkdir failed: EEXIST (File exists) : /data/user/0/com.cisco.wx2.android/cache/saveToSpark
01-06 11:17:07.211 8636-8654/? W/System.err: mkdir failed: EEXIST (File exists) : /data/user/0/com.cisco.wx2.android/cache/annotation
01-06 11:17:07.221 8636-8654/? D/VoicemailService:90: Instr: com.cisco.wx2.android.test.support.SquaredTestRunner  resetVmInfo()
01-06 11:17:07.221 8636-8654/? D/LoggingLock:55: Instr: com.cisco.wx2.android.test.support.SquaredTestRunner  $PERF LoggingLock initialized in debug mode
01-06 11:17:07.221 8636-8654/? I/ApplicationController:288: Bart Instr: com.cisco.wx2.android.test.support.SquaredTestRunner  ApplicationController: class com.cisco.wx2.android.test.support.TestMetricsReporter registered
01-06 11:17:07.221 8636-8654/? I/ApplicationController:288: Bart Instr: com.cisco.wx2.android.test.support.SquaredTestRunner  ApplicationController: class com.cisco.spark.android.core.StatusManager registered
01-06 11:17:07.221 8636-8654/? I/ApplicationController:288: Bart Instr: com.cisco.wx2.android.test.support.SquaredTestRunner  ApplicationController: class com.cisco.wx2.android.util.AndroidLocationManager registered
01-06 11:17:07.221 8636-8654/? I/ApplicationController:288: Bart Instr: com.cisco.wx2.android.test.support.SquaredTestRunner  ApplicationController: class com.cisco.spark.android.mercury.MercuryClient registered
01-06 11:17:07.221 8636-8654/? I/ApplicationController:288: Bart Instr: com.cisco.wx2.android.test.support.SquaredTestRunner  ApplicationController: class com.cisco.spark.android.locus.service.LocusService registered
01-06 11:17:07.221 8636-8654/? I/ApplicationController:288: Bart Instr: com.cisco.wx2.android.test.support.SquaredTestRunner  ApplicationController: class com.cisco.spark.android.callcontrol.CallHistoryService registered
01-06 11:17:07.231 8636-8654/? I/ApplicationController:288: Bart Instr: com.cisco.wx2.android.test.support.SquaredTestRunner  ApplicationController: class com.cisco.spark.android.util.CpuLogger registered
01-06 11:17:07.231 8636-8654/? I/ApplicationController:288: Bart Instr: com.cisco.wx2.android.test.support.SquaredTestRunner  ApplicationController: class com.cisco.wx2.android.ui.call.VideoMultitaskComponentImpl registered
01-06 11:17:07.231 8636-8654/? I/ApplicationController:288: Bart Instr: com.cisco.wx2.android.test.support.SquaredTestRunner  ApplicationController: class com.cisco.spark.android.util.LinusReachabilityService registered
01-06 11:17:07.231 8636-8654/? I/ApplicationController:288: Bart Instr: com.cisco.wx2.android.test.support.SquaredTestRunner  ApplicationController: class com.cisco.wx2.android.whiteboard.SquaredWhiteboardService registered
01-06 11:17:07.231 8636-8654/? I/ApplicationController:288: Bart Instr: com.cisco.wx2.android.test.support.SquaredTestRunner  ApplicationController: class com.cisco.spark.android.lyra.LyraService registered
01-06 11:17:07.231 8636-8654/? I/ApplicationController:288: Bart Instr: com.cisco.wx2.android.test.support.SquaredTestRunner  ApplicationController: class com.cisco.spark.android.whiteboard.WhiteboardCache registered
01-06 11:17:07.231 8636-8654/? I/ApplicationController:188: Instr: com.cisco.wx2.android.test.support.SquaredTestRunner  setApplicationController()
01-06 11:17:07.231 8636-8654/? I/ApplicationController:288: Bart Instr: com.cisco.wx2.android.test.support.SquaredTestRunner  ApplicationController: class com.cisco.spark.android.voicemail.VoicemailService registered
01-06 11:17:07.231 8636-8654/? I/ApplicationController:189: Instr: com.cisco.wx2.android.test.support.SquaredTestRunner  setApplicationController()
