01-06 11:04:14.771  2266  2266 D KeyguardUpdateMonitor: handleBatteryUpdate
01-06 11:04:14.781  2751  2751 D CommonServiceConfiguration: getStringValueSetting
01-06 11:04:14.791  2751  2751 D BatteryMonitor: new battery level: 2
01-06 11:04:15.451  2266  2522 D NetworkController.MobileSignalController(0/1): onSignalStrengthsChanged signalStrength=SignalStrength: 99 99 -120 -160 -120 -1 -1 25 -98 -13 138 -1 2147483647 0x3000 gsm|lte level=3
01-06 11:04:15.451  2266  2522 D NetworkController.MobileSignalController(0/1): getMobileIconGroup(): 13
01-06 11:04:15.451  2266  2522 D NetworkController.MobileSignalController(0/1): updateCMCCMobileIconGroup(): 13
01-06 11:04:16.731  2266  2522 D NetworkController.MobileSignalController(0/1): onSignalStrengthsChanged signalStrength=SignalStrength: 99 99 -120 -160 -120 -1 -1 25 -98 -14 108 -1 2147483647 0x3000 gsm|lte level=3
01-06 11:04:16.731  2266  2522 D NetworkController.MobileSignalController(0/1): getMobileIconGroup(): 13
01-06 11:04:16.731  2266  2522 D NetworkController.MobileSignalController(0/1): updateCMCCMobileIconGroup(): 13
01-06 11:04:18.511  1358  2220 D lights  : lcd : 110 +
01-06 11:04:18.521  1358  2220 D lights  : lcd : 110 -
01-06 11:04:18.531  1358  2220 D lights  : lcd : 102 +
01-06 11:04:18.541  1358  2220 D lights  : lcd : 102 -
01-06 11:04:18.541  1358  2220 D lights  : lcd : 93 +
01-06 11:04:18.551  1358  2220 D lights  : lcd : 93 -
01-06 11:04:18.561  1358  2220 D lights  : lcd : 85 +
01-06 11:04:18.571  1358  2220 D lights  : lcd : 85 -
01-06 11:04:18.581  1358  2220 D lights  : lcd : 77 +
01-06 11:04:18.581  1358  2220 D lights  : lcd : 77 -
01-06 11:04:18.591  1358  2220 D lights  : lcd : 68 +
01-06 11:04:18.601  1358  2220 D lights  : lcd : 68 -
01-06 11:04:18.611  1358  2220 D lights  : lcd : 60 +
01-06 11:04:18.621  1358  2220 D lights  : lcd : 60 -
01-06 11:04:18.631  1358  2220 D lights  : lcd : 57 +
01-06 11:04:18.631  1358  2220 D lights  : lcd : 57 -
01-06 11:04:19.291  2266  2522 D NetworkController.MobileSignalController(0/1): onSignalStrengthsChanged signalStrength=SignalStrength: 99 99 -120 -160 -120 -1 -1 22 -98 -9 118 -1 2147483647 0x3000 gsm|lte level=3
01-06 11:04:19.291  2266  2522 D NetworkController.MobileSignalController(0/1): getMobileIconGroup(): 13
01-06 11:04:19.291  2266  2522 D NetworkController.MobileSignalController(0/1): updateCMCCMobileIconGroup(): 13
01-06 11:04:21.851  2266  2522 D NetworkController.MobileSignalController(0/1): onSignalStrengthsChanged signalStrength=SignalStrength: 99 99 -120 -160 -120 -1 -1 22 -98 -10 78 -1 2147483647 0x3000 gsm|lte level=3
01-06 11:04:21.851  2266  2522 D NetworkController.MobileSignalController(0/1): getMobileIconGroup(): 13
01-06 11:04:21.851  2266  2522 D NetworkController.MobileSignalController(0/1): updateCMCCMobileIconGroup(): 13
01-06 11:04:22.081  5275  5275 E AutoLoginService: network is not available
01-06 11:04:22.081  5275  5275 D ConnectivityManager: getMobileDataEnabled()+ subId=1
01-06 11:04:22.091  2644  3030 D PhoneInterfaceManager: [PhoneIntfMgr] getDataEnabled: subId=1 phoneId=0
01-06 11:04:22.091  2644  3030 D PhoneInterfaceManager: [PhoneIntfMgr] getDataEnabled: subId=1 retVal=false
01-06 11:04:22.091  5275  5275 D ConnectivityManager: getMobileDataEnabled()- subId=1 retVal=false
01-06 11:04:23.131  2266  2522 D NetworkController.MobileSignalController(0/1): onSignalStrengthsChanged signalStrength=SignalStrength: 99 99 -120 -160 -120 -1 -1 25 -98 -14 14 -1 2147483647 0x3000 gsm|lte level=3
01-06 11:04:23.131  2266  2522 D NetworkController.MobileSignalController(0/1): getMobileIconGroup(): 13
01-06 11:04:23.131  2266  2522 D NetworkController.MobileSignalController(0/1): updateCMCCMobileIconGroup(): 13
01-06 11:04:24.411  2266  2522 D NetworkController.MobileSignalController(0/1): onSignalStrengthsChanged signalStrength=SignalStrength: 99 99 -120 -160 -120 -1 -1 23 -98 -11 46 -1 2147483647 0x3000 gsm|lte level=3
01-06 11:04:24.411  2266  2522 D NetworkController.MobileSignalController(0/1): getMobileIconGroup(): 13
01-06 11:04:24.421  2266  2522 D NetworkController.MobileSignalController(0/1): updateCMCCMobileIconGroup(): 13
01-06 11:04:24.511  1358  1638 D InputManager-JNI: setInteractive(false)
01-06 11:04:24.511  2266  2284 D KeyguardViewMediator: onStartedGoingToSleep(3)
01-06 11:04:24.511   648   648 I SurfaceFlinger: id=61 createSurf (1440x2560),2 flag=404, DolorFade
01-06 11:04:24.511  4958  4958 D SamsungIME: IMPL finishInput
01-06 11:04:24.521  4958  4958 D RMHelper: SamsungIME : RMisReady() : client is null
01-06 11:04:24.521  4958  4958 D RMHelper: SamsungIME : RMisReady() : client is null
01-06 11:04:24.521  4958  4958 D RMHelper: RMHelper : initHelper()
01-06 11:04:24.521  4958  4958 D RMHelper: SamsungIME : initHelper() : client is null
01-06 11:04:24.521  4958  4958 D RMHelper: SamsungIME : RMisReady() : client is null
01-06 11:04:24.521  4958  4958 D RMHelper: SamsungIME : RMisReady() : client is null
01-06 11:04:24.521  4958  4958 D RMHelper: RMHelper : initHelper()
01-06 11:04:24.521  4958  4958 D RMHelper: SamsungIME : initHelper() : client is null
01-06 11:04:24.521  4958  4958 D RMHelper: SamsungIME : RMisReady() : client is null
01-06 11:04:24.521  4958  4958 D RMHelper: SamsungIME : RMisReady() : client is null
01-06 11:04:24.521  4958  4958 D RMHelper: RMHelper : initHelper()
01-06 11:04:24.521  4958  4958 D RMHelper: SamsungIME : initHelper() : client is null
01-06 11:04:24.521  4958  4958 D SamsungIME: onStartInput: No inputType, No imeOption, isInputViewShown = false, isExtractViewShown = false, isShowInputRequested = false, isConfigChanged = false
01-06 11:04:24.521  2266  2284 E KeyguardViewMediator: lockAfterTimeout = 5000 policyTimeout = 0
01-06 11:04:24.541  2266  2284 D KeyguardViewMediator: timeout : 5000
01-06 11:04:24.541  2266  2284 D KeyguardViewMediator: setting alarm to turn off keyguard, seq = 3
01-06 11:04:24.541  2266  2284 D KeyguardViewMediator: notifyStartedGoingToSleep
01-06 11:04:24.541  2266  2266 V KeyguardFingerPrint: updateFingerprintListeningState(false)
01-06 11:04:24.551  2266  2266 D KeyguardFingerPrint: shouldListenForFingerprint ( isFingerPrintLockscreen = false , mobileKeyboardConnected = false , coverClosed = false , getLockoutAttemptDeadline = false , mIsUnlockingWithFingerprintForced = false
01-06 11:04:24.551  2266  2266 V KeyguardUpdateMonitor: stopListeningForFingerprint()
01-06 11:04:24.551  2266  2266 D KeyguardViewMediator: handleNotifyStartedGoingToSleep
01-06 11:04:24.561  1358  1638 D libEGL  : eglInitialize EGLDisplay = 0x7f7c88f7c8
01-06 11:04:24.561  1358  1638 D libEGL  : eglTerminate EGLDisplay = 0x7f7c88f918
01-06 11:04:24.591   648   648 D libEGL  : eglInitialize EGLDisplay = 0x7fe9458118
01-06 11:04:24.611   648   648 D libEGL  : eglInitialize EGLDisplay = 0x7fe9458118
01-06 11:04:24.621   648   648 D libEGL  : eglInitialize EGLDisplay = 0x7fe9458118
01-06 11:04:24.881  1358  2220 D lights  : lcd : 0 +
01-06 11:04:24.881  1358  2220 D lights  : lcd : 0 -
01-06 11:04:24.881  3975  3986 I TrayUsageStatesWatcher: notePauseComponent : ComponentInfo{com.sec.android.app.launcher/com.android.launcher2.Launcher}
01-06 11:04:24.881  2662  2662 D Launcher: onPause, Launcher: 34430241
01-06 11:04:24.881  2662  2662 D Launcher.HomeView: onPause
01-06 11:04:24.881  2662  2662 D Launcher.Workspace: exitWidgetResizeMode. isClearResizeFrame is false
01-06 11:04:24.941  1358  1638 D SContextService: unregisterCallback() : Listener = android.hardware.scontext.SContextService$Listener@2a5311c, Service = Auto Rotation, used = 0
01-06 11:04:24.941  1358  1638 W CAE     : unregisterCallback(ContextAwareService.java:206) - [unregi 01] Mutex is locked for AUTO_ROTATION
01-06 11:04:24.941  1358  1638 V CAE     : stop(ContextProvider.java:155)
01-06 11:04:24.941  2662  2662 D Launcher.HomeView: onStop
01-06 11:04:24.941  2662  2662 D capture : ----destroy
01-06 11:04:24.941  1358  1638 V CAE     : clear(AutoRotationRunner.java:182)
01-06 11:04:24.941  1358  1638 V CAE     : disable(AutoRotationRunner.java:171)
01-06 11:04:24.941  1358  1638 I CAE     : sendCmdToSensorHub(SensorHubCommManager.java:162) - -78, 7, 0, 0,
01-06 11:04:24.941  1358  1638 D SensorHubManager: SendSensorHubData: send data = -78, 7, 0, 0
01-06 11:04:24.951   958  1178 I qti_sensorhub_hal: AutoRotation en=0
01-06 11:04:24.951  1358  1638 D CAE     : getFaultDetectionResult(AutoRotationRunner.java:195) - true
01-06 11:04:24.951  1358  1638 I CAE     : notifyCmdProcessResultObserver(ContextProvider.java:627) - CheckResult = 0, Cause = Success
01-06 11:04:24.951   958  1154 I qti_sensorhub_hal: OEM_1_CANCEL_RESP
01-06 11:04:24.961  1358  1638 D CAE     : doCommendProcess(ContextAwareService.java:433) - complete notify the operation result.
01-06 11:04:24.961  1358  1638 I CAE     : displayUsedCountForService(ContextAwareService.java:525) - totalCnt = 0, serviceCount = 0, subCollectionCount = 0
01-06 11:04:24.961  1358  1638 D CAE     : showListenerList(ContextAwareService.java:366) - ===== Context Aware Service List =====
01-06 11:04:24.961  1358  1638 I CAE     : showListenerList(ContextAwareService.java:375) - Listener : com.samsung.android.contextaware.manager.ContextAwareService$Listener@7133362, Service : ACTIVITY_TRACKER_CURRENT_INFO(1)
01-06 11:04:24.961  1358  1638 I CAE     : showListenerList(ContextAwareService.java:375) - Listener : com.samsung.android.contextaware.manager.ContextAwareService$Listener@7133362, Service : ACTIVITY_TRACKER(1)
01-06 11:04:24.961  1358  1638 I CAE     : showListenerList(ContextAwareService.java:375) - Listener : com.samsung.android.contextaware.manager.ContextAwareService$Listener@2aac690, Service : ANY_MOTION_DETECTOR_RUNNER(1)
01-06 11:04:24.961  1358  1638 I CAE     : showListenerList(ContextAwareService.java:375) - Listener : com.samsung.android.contextaware.manager.ContextAwareService$Listener@29eb584, Service : AUTO_BRIGHTNESS(1)
01-06 11:04:24.961  1358  1638 W CAE     : unregisterCallback(ContextAwareService.java:241) - [unregi 02] Mutex is unlocked for AUTO_ROTATION
01-06 11:04:24.961  1358  1638 D SContextService: 	.unregisterCallback : 4, client=
01-06 11:04:24.961  1358  1638 D SContextService: ===== SContext Service List =====
01-06 11:04:24.961  1358  1638 D SContextService: Listener : android.hardware.scontext.SContextService$Listener@e7a278e, Service : Any Motion Detector
01-06 11:04:24.961  1358  1638 D SContextService: Listener : android.hardware.scontext.SContextService$Listener@f9b16d, Service : Auto Brightness
01-06 11:04:24.961  1358  1638 D SContextService: Listener : android.hardware.scontext.SContextService$Listener@8cee902, Service : Activity Tracker
01-06 11:04:24.961  1358  1638 D SContextManager:   .unregisterListener : listener = com.android.server.policy.WindowOrientationListener$OrientationSensorJudge@e6421f6, service=Auto Rotation
01-06 11:04:24.961  1358  1638 V KeyguardServiceDelegate: onScreenTurnedOff()
01-06 11:04:24.961  2266  3023 D KeyguardViewMediator: notifyScreenTurnedOff
01-06 11:04:24.971  2266  2266 D KeyguardViewMediator: handleNotifyScreenTurnedOff
01-06 11:04:24.971  2266  2266 D vol.SecVolumeDialog: onScreenTurnedOff()
01-06 11:04:24.971  2266  2266 D vol.SecVolumeDialog: dismissH reason: 4
01-06 11:04:24.971  2266  2266 D vol.SecVolumeDialog: dismissH : false
01-06 11:04:24.971  1358  2219 D SContextService: unregisterCallback() : Listener = android.hardware.scontext.SContextService$Listener@f9b16d, Service = Auto Brightness, used = 0
01-06 11:04:24.971  1358  2219 W CAE     : unregisterCallback(ContextAwareService.java:206) - [unregi 01] Mutex is locked for AUTO_BRIGHTNESS
01-06 11:04:24.971  1358  2219 V CAE     : stop(ContextProvider.java:155)
01-06 11:04:24.971  1358  2219 V CAE     : clear(AutoBrightnessRunner.java:297)
01-06 11:04:24.971  1358  2219 V CAE     : disable(AutoBrightnessRunner.java:286)
01-06 11:04:24.971  1358  2219 I CAE     : sendCmdToSensorHub(SensorHubCommManager.java:162) - -78, 48, 0, 0,
01-06 11:04:24.971  1358  2219 D SensorHubManager: SendSensorHubData: send data = -78, 48, 0, 0
01-06 11:04:24.971   958   958 E qti_sensorhub_hal: TEST SS_AUTO_BRIGHTNESS 4 b2
01-06 11:04:24.971   958   958 I qti_sensorhub_hal: enable: handle=12
01-06 11:04:24.971   958   958 E qti_sensorhub_hal: enable: Disabling sensor handle=12
01-06 11:04:24.971  3040  3040 I AODService: onStartCommand : action : com.samsung.android.app.aodservice.intent.action.AOD_SCREEN_OFF
01-06 11:04:24.971  3040  3040 I AODService: onCreate cause: [01-06 11:01:15.390][AOD:true, NightClock:false]<com.samsung.android.app.aodservice.intent.action.AOD_APP_START> (when Screen on ...)
01-06 11:04:24.971   958  1165 I qti_sensorhub_hal: SS_AUTO_BRIGHTNESS_CANCEL_RESP
01-06 11:04:24.971  1358  2219 D CAE     : getFaultDetectionResult(AutoBrightnessRunner.java:311) - true
01-06 11:04:24.981  1358  2219 I CAE     : notifyCmdProcessResultObserver(ContextProvider.java:627) - CheckResult = 0, Cause = Success
01-06 11:04:24.981  1358  1459 D WifiDisplayAdapter: getWifiDisplayStatusLocked: result=WifiDisplayStatus{featureState=2, scanState=0, activeDisplayState=0, activeDisplay=null, displays=[], sessionInfo=WifiDisplaySessionInfo: Client/Owner: Client GroupId:  Passphrase:  SessionId: 0 IP Address: , connectedState=-1, networkQoS=0}
01-06 11:04:24.981  1358  2782 D CoverManagerWhiteLists: isAllowedToUse : SIGNATURE_MATCH
01-06 11:04:24.981  3040  3040 D ScoverManager: registerListener
01-06 11:04:24.981  1358  2617 D CoverManagerWhiteLists: isAllowedToUse : SIGNATURE_MATCH
01-06 11:04:24.981  1358  2616 D CoverManagerWhiteLists: isAllowedToUse : SIGNATURE_MATCH
01-06 11:04:24.981  1358  2616 D CoverManager.StateNotifier: registerListenerCallback : binder = android.os.BinderProxy@bdd59c9, pid : 3040, uid : 10001, type : 1
01-06 11:04:24.981  1358  7733 D MISC PowerHAL: sysfs_write +: /sys/class/input/event1/device/enabled: 0
01-06 11:04:24.981  1358  7733 D MISC PowerHAL: sysfs_write -: /sys/class/input/event1/device/enabled: 0
01-06 11:04:24.981  3040  3279 D AODService: onCreate register mSContextListener : com.samsung.android.app.aodservice.AODService$7@a766e
01-06 11:04:24.991  1358  7734 D MISC PowerHAL: sysfs_write +: /sys/class/input/event2/device/enabled: 0
01-06 11:04:24.991  1358  2300 D SensorService: SensorEventConnection::SocketBufferSize, SystemSocketBufferSize - 102400, 8388608
01-06 11:04:24.991  1358  7734 D MISC PowerHAL: sysfs_write -: /sys/class/input/event2/device/enabled: 0
01-06 11:04:24.991  1358  2219 D CAE     : doCommendProcess(ContextAwareService.java:433) - complete notify the operation result.
01-06 11:04:24.991  1358  1654 D MISC PowerHAL: sysfs_write +: /sys/class/power_supply/battery/lcd: 0
01-06 11:04:24.991  1358  1654 D MISC PowerHAL: sysfs_write -: /sys/class/power_supply/battery/lcd: 0
01-06 11:04:24.991  1358  2219 I CAE     : displayUsedCountForService(ContextAwareService.java:525) - totalCnt = 0, serviceCount = 0, subCollectionCount = 0
01-06 11:04:24.991  1358  2219 D CAE     : showListenerList(ContextAwareService.java:366) - ===== Context Aware Service List =====
01-06 11:04:24.991  1358  2219 I CAE     : showListenerList(ContextAwareService.java:375) - Listener : com.samsung.android.contextaware.manager.ContextAwareService$Listener@7133362, Service : ACTIVITY_TRACKER_CURRENT_INFO(1)
01-06 11:04:24.991  1358  2219 I CAE     : showListenerList(ContextAwareService.java:375) - Listener : com.samsung.android.contextaware.manager.ContextAwareService$Listener@7133362, Service : ACTIVITY_TRACKER(1)
01-06 11:04:24.991  1358  2219 I CAE     : showListenerList(ContextAwareService.java:375) - Listener : com.samsung.android.contextaware.manager.ContextAwareService$Listener@2aac690, Service : ANY_MOTION_DETECTOR_RUNNER(1)
01-06 11:04:24.991  1358  2219 W CAE     : unregisterCallback(ContextAwareService.java:241) - [unregi 02] Mutex is unlocked for AUTO_BRIGHTNESS
01-06 11:04:24.991  1358  2219 D SContextService: 	.unregisterCallback : 3, client=
01-06 11:04:24.991  1358  2219 D SContextService: ===== SContext Service List =====
01-06 11:04:24.991  1358  2219 D SContextService: Listener : android.hardware.scontext.SContextService$Listener@e7a278e, Service : Any Motion Detector
01-06 11:04:24.991  1358  2219 D SContextService: Listener : android.hardware.scontext.SContextService$Listener@8cee902, Service : Activity Tracker
01-06 11:04:24.991  1358  2219 D SContextManager:   .unregisterListener : listener = com.android.server.display.AutomaticBrightnessController$6@62dd5be, service=Auto Brightness
01-06 11:04:24.991  3975  3975 E CocktailBarPositionManager: Window direction: 0
01-06 11:04:24.991  3975  3975 I CocktailBarPositionManager: updateAlphaScreenPosition position is dirty 0
01-06 11:04:24.991   648   648 D SurfaceFlinger: Set power mode=0, type=0 flinger=0x7f8ab03c00
01-06 11:04:24.991   648   648 I SDM     : HWCDisplay::SetPowerMode: display = 0, mode = 0
01-06 11:04:24.991   648   648 I SDM     : DisplayBase::SetDisplayState: Set state = 0, display 0
01-06 11:04:24.991  1358  3441 W CAE     : setCAProperty(ContextAwareService.java:578) - [setProperty 01] Mutex is locked for DEVICE_PHYSICAL_CONTEXT_MONITOR
01-06 11:04:24.991  1358  3441 I CAE     : sendCmdToSensorHub(SensorHubCommManager.java:162) - -63, 23, 56, 4, 0, 0, 0, 1, 2,
01-06 11:04:24.991  1358  3441 D SensorHubManager: SendSensorHubData: send data = -63, 23, 56, 4, 0, 0, 0, 1, 2
01-06 11:04:25.001  1358  3441 I CAE     : setCAProperty(ContextAwareService.java:583) - result : true
01-06 11:04:25.001  1358  3441 W CAE     : setCAProperty(ContextAwareService.java:584) - [setProperty 02] Mutex is unlocked for DEVICE_PHYSICAL_CONTEXT_MONITOR
01-06 11:04:25.001  1358  3441 W CAE     : registerCallback(ContextAwareService.java:144) - [regi 01] Mutex is locked for DEVICE_PHYSICAL_CONTEXT_MONITOR
01-06 11:04:25.001  1358  3441 V CAE     : start(ContextProvider.java:128)
01-06 11:04:25.001  1358  3441 V CAE     : clear(DevicePhysicalContextMonitorRunner.java:497)
01-06 11:04:25.001  1358  3441 V CAE     : enable(DevicePhysicalContextMonitorRunner.java:471)
01-06 11:04:25.001  1358  3441 I CAE     : sendCmdToSensorHub(SensorHubCommManager.java:162) - -79, 56, 0, 3, 4, 25,
01-06 11:04:25.001  1358  3441 D SensorHubManager: SendSensorHubData: send data = -79, 56, 0, 3, 4, 25
01-06 11:04:25.001   958   958 I qti_sensorhub_hal: Aod: en=1
01-06 11:04:25.001  3040  3040 D SensorManager: registerListener :: 7, TMD490X ALS_PRX, 200000, 0,  
01-06 11:04:25.001  3040  3040 D AODService: registerBatteryReceiver
01-06 11:04:25.001   958  1172 I qti_sensorhub_hal: SNS_SS_AOD_ENABLE_RESP
01-06 11:04:25.001   958   958 I qti_sensorhub_hal: Aod: h: 177, m:56, s: 0 
01-06 11:04:25.001  2266  2266 D ImageWallpaper: onVisibilityChanged:false
01-06 11:04:25.001  3040  3040 D BatteryController: saveBatteryData : level[2], status[2]
01-06 11:04:25.001  3040  3040 D AODService: Cover coverOpen[true], isBlackListCover(type)[false]
01-06 11:04:25.001  3040  3040 D AODService.ClockTimer: ClockTimer:start : true
01-06 11:04:25.001  2266  2266 D ImageWallpaper: drawFrame:false rotation:0 mLastRotation:0
01-06 11:04:25.001  2266  2266 D ImageWallpaper: drawFrame:[frame.width()]2240[frame.height()]2560
01-06 11:04:25.001  2266  2266 D ImageWallpaper: Suppressed drawFrame since redraw is not needed and offsets have not changed.
01-06 11:04:25.001   958  1172 I qti_sensorhub_hal: SNS_SAM_AOD_UPDATE_RESP
01-06 11:04:25.011  1358  3441 D CAE     : getFaultDetectionResult(DevicePhysicalContextMonitorRunner.java:521) - true
01-06 11:04:25.011  1358  3441 I CAE     : notifyCmdProcessResultObserver(ContextProvider.java:627) - CheckResult = 0, Cause = Success
01-06 11:04:25.011  3040  3040 D AODService.ClockTimer: observe start aod
01-06 11:04:25.011  3040  3040 D AODService.ClockTimer: notifyWakeUp
01-06 11:04:25.011  3040  3040 V BatteryController: getBatteryLevel[2.0], batteryStatus[2]
01-06 11:04:25.011  1358  2616 D SecContentProvider: query(), uri = 17 selection = isSettingsChangesAllowed
01-06 11:04:25.011  3040  3040 E SettingsUtils: setAODShowState  config = 1
01-06 11:04:25.011  3040  3040 D AlpmModeManager: setFirstStartALPM() initialize value
01-06 11:04:25.011  3040  3040 D AODService: createWindow
01-06 11:04:25.021  1358  3441 D CAE     : doCommendProcess(ContextAwareService.java:433) - complete notify the operation result.
01-06 11:04:25.021  1358  3441 I CAE     : displayUsedCountForService(ContextAwareService.java:525) - totalCnt = 1, serviceCount = 1, subCollectionCount = 0
01-06 11:04:25.021  1358  3441 D CAE     : showListenerList(ContextAwareService.java:366) - ===== Context Aware Service List =====
01-06 11:04:25.021  1358  3441 I CAE     : showListenerList(ContextAwareService.java:375) - Listener : com.samsung.android.contextaware.manager.ContextAwareService$Listener@7133362, Service : ACTIVITY_TRACKER_CURRENT_INFO(1)
01-06 11:04:25.021  1358  3441 I CAE     : showListenerList(ContextAwareService.java:375) - Listener : com.samsung.android.contextaware.manager.ContextAwareService$Listener@7133362, Service : ACTIVITY_TRACKER(1)
01-06 11:04:25.021  1358  3441 I CAE     : showListenerList(ContextAwareService.java:375) - Listener : com.samsung.android.contextaware.manager.ContextAwareService$Listener@2aac690, Service : ANY_MOTION_DETECTOR_RUNNER(1)
01-06 11:04:25.021  1358  3441 I CAE     : showListenerList(ContextAwareService.java:375) - Listener : com.samsung.android.contextaware.manager.ContextAwareService$Listener@7b94ee8, Service : DEVICE_PHYSICAL_CONTEXT_MONITOR(1)
01-06 11:04:25.021  1358  3441 W CAE     : registerCallback(ContextAwareService.java:180) - [regi 02] Mutex is unlocked for DEVICE_PHYSICAL_CONTEXT_MONITOR
01-06 11:04:25.021  1358  3441 D SContextService: 	.registerCallback : 3, client=
01-06 11:04:25.021  1358  3441 D SContextService: ===== SContext Service List =====
01-06 11:04:25.021  1358  3441 D SContextService: Listener : android.hardware.scontext.SContextService$Listener@e7a278e, Service : Any Motion Detector
01-06 11:04:25.021  1358  3441 D SContextService: Listener : android.hardware.scontext.SContextService$Listener@8cee902, Service : Activity Tracker
01-06 11:04:25.021  1358  3441 D SContextService: Listener : android.hardware.scontext.SContextService$Listener@f617901, Service : Device Physical Context Monitor
01-06 11:04:25.021  3040  3040 I AODUpdatePositionController: initPosition : X[-14], Y[454] Rect(-50, 0 - 50, 920)
01-06 11:04:25.021  3040  3040 D Minikin : FontFamily mFonts.size() is NULL(this=0x0x7f95d35620)
01-06 11:04:25.021  3040  3040 D Minikin : FontFamily bestFont == NULL, so return vacant FakedFont(this=0x0x7f95d35620)
01-06 11:04:25.021  3040  3040 D Minikin : FontFamily mFonts.size() is NULL(this=0x0x7f95d355c0)
01-06 11:04:25.021  3040  3040 D Minikin : FontFamily bestFont == NULL, so return vacant FakedFont(this=0x0x7f95d355c0)
01-06 11:04:25.021  3040  3040 D Minikin : FontFamily mFonts.size() is NULL(this=0x0x7f95d35680)
01-06 11:04:25.021  3040  3040 D Minikin : FontFamily bestFont == NULL, so return vacant FakedFont(this=0x0x7f95d35680)
01-06 11:04:25.021  3040  3040 D Minikin : FontFamily mFonts.size() is NULL(this=0x0x7f95d35620)
01-06 11:04:25.021  3040  3040 D Minikin : FontFamily bestFont == NULL, so return vacant FakedFont(this=0x0x7f95d35620)
01-06 11:04:25.021  3040  3040 D Minikin : FontFamily mFonts.size() is NULL(this=0x0x7f95d355c0)
01-06 11:04:25.021  3040  3040 D Minikin : FontFamily bestFont == NULL, so return vacant FakedFont(this=0x0x7f95d355c0)
01-06 11:04:25.021  3040  3040 D Minikin : FontFamily mFonts.size() is NULL(this=0x0x7f95d35680)
01-06 11:04:25.021  3040  3040 D Minikin : FontFamily bestFont == NULL, so return vacant FakedFont(this=0x0x7f95d35680)
01-06 11:04:25.021  3040  3279 D SContextManager:   .registerListener : listener = com.samsung.android.app.aodservice.AODService$7@a766e, service=Device Physical Context Monitor
01-06 11:04:25.031  3040  3040 D Minikin : FontFamily mFonts.size() is NULL(this=0x0x7f95d35620)
01-06 11:04:25.031  3040  3040 D Minikin : FontFamily bestFont == NULL, so return vacant FakedFont(this=0x0x7f95d35620)
01-06 11:04:25.031  3040  3040 D Minikin : FontFamily mFonts.size() is NULL(this=0x0x7f95d355c0)
01-06 11:04:25.031  3040  3040 D Minikin : FontFamily bestFont == NULL, so return vacant FakedFont(this=0x0x7f95d355c0)
01-06 11:04:25.031  3040  3040 D Minikin : FontFamily mFonts.size() is NULL(this=0x0x7f95d35680)
01-06 11:04:25.031  3040  3040 D Minikin : FontFamily bestFont == NULL, so return vacant FakedFont(this=0x0x7f95d35680)
01-06 11:04:25.031  3040  3040 I DefaultClockView: composeDefaultClockView: Selected clock = 0
01-06 11:04:25.031  1358  2315 W CAE     : setCAProperty(ContextAwareService.java:578) - [setProperty 01] Mutex is locked for DEVICE_PHYSICAL_CONTEXT_MONITOR
01-06 11:04:25.031  1358  2315 I CAE     : sendCmdToSensorHub(SensorHubCommManager.java:162) - -63, 23, 56, 3, 1, 2, 88,
01-06 11:04:25.031  1358  2315 D SensorHubManager: SendSensorHubData: send data = -63, 23, 56, 3, 1, 2, 88
01-06 11:04:25.031   958  1178 I qti_sensorhub_hal: Aod: h: 193, m:23, s: 56 
01-06 11:04:25.031  1358  2153 D WifiController: ApOrStaEnabledState  msg.what= 155652
01-06 11:04:25.031  3040  3040 D BatteryMeterView: BatteryMeterView chc
01-06 11:04:25.031  2266  2266 D KeyguardUpdateMonitor: received broadcast android.intent.action.BATTERY_CHANGED
01-06 11:04:25.031   958  1172 I qti_sensorhub_hal: SNS_SAM_AOD_UPDATE_RESP
01-06 11:04:25.031  1358  2315 I CAE     : setCAProperty(ContextAwareService.java:583) - result : true
01-06 11:04:25.031  1358  2315 W CAE     : setCAProperty(ContextAwareService.java:584) - [setProperty 02] Mutex is unlocked for DEVICE_PHYSICAL_CONTEXT_MONITOR
01-06 11:04:25.041  2266  2266 D KeyguardUpdateMonitor: handleBatteryUpdate
01-06 11:04:25.041  1358  3432 W CAE     : setCAProperty(ContextAwareService.java:578) - [setProperty 01] Mutex is locked for DEVICE_PHYSICAL_CONTEXT_MONITOR
01-06 11:04:25.041  1358  3432 I CAE     : sendCmdToSensorHub(SensorHubCommManager.java:162) - -63, 23, 56, 3, 2, 0, 3,
01-06 11:04:25.041  1358  3432 D SensorHubManager: SendSensorHubData: send data = -63, 23, 56, 3, 2, 0, 3
01-06 11:04:25.041   958   958 I qti_sensorhub_hal: Aod: h: 193, m:23, s: 56 
01-06 11:04:25.041  3040  3040 D Minikin : FontFamily mFonts.size() is NULL(this=0x0x7f95d35620)
01-06 11:04:25.041  3040  3040 D Minikin : FontFamily bestFont == NULL, so return vacant FakedFont(this=0x0x7f95d35620)
01-06 11:04:25.041  3040  3040 D Minikin : FontFamily mFonts.size() is NULL(this=0x0x7f95d355c0)
01-06 11:04:25.041  3040  3040 D Minikin : FontFamily bestFont == NULL, so return vacant FakedFont(this=0x0x7f95d355c0)
01-06 11:04:25.041  3040  3040 D Minikin : FontFamily mFonts.size() is NULL(this=0x0x7f95d35680)
01-06 11:04:25.041  3040  3040 D Minikin : FontFamily bestFont == NULL, so return vacant FakedFont(this=0x0x7f95d35680)
01-06 11:04:25.041  3040  3040 D DefaultClockView: LocalTime Pattern : HH:mm
01-06 11:04:25.041  2751  2751 D CommonServiceConfiguration: getStringValueSetting
01-06 11:04:25.041   958  1172 I qti_sensorhub_hal: SNS_SAM_AOD_UPDATE_RESP
01-06 11:04:25.041  3040  3040 I AODUpdatePositionController: updatePosition: start current clock, Current X[-14] Current Y[454] NewPositionTimer[60]
01-06 11:04:25.041  1358  3432 I CAE     : setCAProperty(ContextAwareService.java:583) - result : true
01-06 11:04:25.041  3040  3040 D TimeViewHolder: onTimeUpdate: timeZone:libcore.util.ZoneInfo[id="Asia/Shanghai",mRawOffset=28800000,mEarliestRawOffset=28800000,mUseDst=false,mDstSavings=3600000,transitions=16] isSplitHour:false isSingleView:false isAMPMonLeft:null time01: 11:04 time02: null ampm: null
01-06 11:04:25.041  1358  3432 W CAE     : setCAProperty(ContextAwareService.java:584) - [setProperty 02] Mutex is unlocked for DEVICE_PHYSICAL_CONTEXT_MONITOR
01-06 11:04:25.041  2751  2751 D BatteryMonitor: new battery level: 2
01-06 11:04:25.051  3040  3040 D RoamingTimeViewHolder: isDualClockSetting :: true isHomeTimeZoneExist :: false isEasyUxON :: false Utils.isRoaming(mContext) :: false
01-06 11:04:25.051  3040  3040 D RoamingTimeViewHolder: getHomeCalendar : No homecity_timezone, set as default :  (libcore.util.ZoneInfo[id="Asia/Shanghai",mRawOffset=28800000,mEarliestRawOffset=28800000,mUseDst=false,mDstSavings=3600000,transitions=16])
01-06 11:04:25.051  1358  2617 W CAE     : setCAProperty(ContextAwareService.java:578) - [setProperty 01] Mutex is locked for DEVICE_PHYSICAL_CONTEXT_MONITOR
01-06 11:04:25.051  3040  3040 D RoamingTimeViewHolder: onTimeUpdate: isVisible:false timeZone:libcore.util.ZoneInfo[id="Asia/Shanghai",mRawOffset=28800000,mEarliestRawOffset=28800000,mUseDst=false,mDstSavings=3600000,transitions=16] text:1 6,  11:04
01-06 11:04:25.051  3040  3040 D DefaultClockView: show
01-06 11:04:25.051  1358  2617 I CAE     : sendCmdToSensorHub(SensorHubCommManager.java:162) - -63, 23, 56, 3, 3, 0, 60,
01-06 11:04:25.051  1358  2617 D SensorHubManager: SendSensorHubData: send data = -63, 23, 56, 3, 3, 0, 60
01-06 11:04:25.051   958  1178 I qti_sensorhub_hal: Aod: h: 193, m:23, s: 56 
01-06 11:04:25.051  3040  3040 D ViewRootImpl: #1 mView = com.samsung.android.app.aodservice.nightclock.DefaultClockView{43ba1d7 V.E...... ......ID 0,0-0,0}
01-06 11:04:25.051   958  1172 I qti_sensorhub_hal: SNS_SAM_AOD_UPDATE_RESP
01-06 11:04:25.051  1358  2617 I CAE     : setCAProperty(ContextAwareService.java:583) - result : true
01-06 11:04:25.051  1358  2617 W CAE     : setCAProperty(ContextAwareService.java:584) - [setProperty 02] Mutex is unlocked for DEVICE_PHYSICAL_CONTEXT_MONITOR
01-06 11:04:25.051  1358  2300 D ISSUE_DEBUG: InputChannelName : a4351e7 AOD
01-06 11:04:25.051  1358  2300 D InputDispatcher: Focus left window: 2662
01-06 11:04:25.051  1358  2300 D InputDispatcher: Focus entered window: 3040
01-06 11:04:25.051  1358  1626 D PointerIcon: setMouseIconStyle1 pointerType: 1001 iconType:101 flag:0 pid:1358 uid:1000
01-06 11:04:25.051  1358  1626 D PointerIcon: setMouseCustomIcon IconType is same.101
01-06 11:04:25.051  2266  2266 D PhoneStatusBar: setSystemUiVisibility vis=8000 mask=ffffffff oldVal=8600 newVal=8000 diff=600
01-06 11:04:25.061  1358  1459 W CAE     : setCAProperty(ContextAwareService.java:578) - [setProperty 01] Mutex is locked for DEVICE_PHYSICAL_CONTEXT_MONITOR
01-06 11:04:25.061  1358  1459 I CAE     : sendCmdToSensorHub(SensorHubCommManager.java:162) - -63, 23, 56, 3, 4, 0, 1,
01-06 11:04:25.061  1358  1459 D SensorHubManager: SendSensorHubData: send data = -63, 23, 56, 3, 4, 0, 1
01-06 11:04:25.061   958   958 I qti_sensorhub_hal: Aod: h: 193, m:23, s: 56 
01-06 11:04:25.061   958  1172 I qti_sensorhub_hal: SNS_SAM_AOD_UPDATE_RESP
01-06 11:04:25.061  1358  1459 I CAE     : setCAProperty(ContextAwareService.java:583) - result : true
01-06 11:04:25.061  1358  1459 W CAE     : setCAProperty(ContextAwareService.java:584) - [setProperty 02] Mutex is unlocked for DEVICE_PHYSICAL_CONTEXT_MONITOR
01-06 11:04:25.061  1358  2315 W CAE     : setCAProperty(ContextAwareService.java:578) - [setProperty 01] Mutex is locked for DEVICE_PHYSICAL_CONTEXT_MONITOR
01-06 11:04:25.061  1358  2315 I CAE     : sendCmdToSensorHub(SensorHubCommManager.java:162) - -63, 23, 56, 4, 0, 0, 0, 110, 1,
01-06 11:04:25.061  1358  2315 D SensorHubManager: SendSensorHubData: send data = -63, 23, 56, 4, 0, 0, 0, 110, 1
01-06 11:04:25.061   958  1178 I qti_sensorhub_hal: Aod: h: 193, m:23, s: 56 
01-06 11:04:25.071   958  1172 I qti_sensorhub_hal: SNS_SAM_AOD_UPDATE_RESP
01-06 11:04:25.071  1358  2315 I CAE     : setCAProperty(ContextAwareService.java:583) - result : true
01-06 11:04:25.071  1358  2315 W CAE     : setCAProperty(ContextAwareService.java:584) - [setProperty 02] Mutex is unlocked for DEVICE_PHYSICAL_CONTEXT_MONITOR
01-06 11:04:25.071  7344  7355 D BadgeProvider: query, [selection] : null
01-06 11:04:25.071  1358  3408 W CAE     : setCAProperty(ContextAwareService.java:578) - [setProperty 01] Mutex is locked for DEVICE_PHYSICAL_CONTEXT_MONITOR
01-06 11:04:25.071  1358  3408 I CAE     : sendCmdToSensorHub(SensorHubCommManager.java:162) - -63, 23, 56, 4, 0, 0, 0, 17, 2,
01-06 11:04:25.071  1358  3408 D SensorHubManager: SendSensorHubData: send data = -63, 23, 56, 4, 0, 0, 0, 17, 2
01-06 11:04:25.071   958   958 I qti_sensorhub_hal: Aod: h: 193, m:23, s: 56 
01-06 11:04:25.071  3040  3040 D AODMissedEventController: [com.android.contacts] badgeCount : 0, [com.android.mms] badgeCount : 0
01-06 11:04:25.081  3040  3040 I AODService.ClockTimer: startAlarm : TICK
01-06 11:04:25.081   958  1172 I qti_sensorhub_hal: SNS_SAM_AOD_UPDATE_RESP
01-06 11:04:25.081  3040  3040 I AODService.ClockTimer: startAlarm : SLEEP
01-06 11:04:25.081  1358  3408 I CAE     : setCAProperty(ContextAwareService.java:583) - result : true
01-06 11:04:25.081  1358  3408 W CAE     : setCAProperty(ContextAwareService.java:584) - [setProperty 02] Mutex is unlocked for DEVICE_PHYSICAL_CONTEXT_MONITOR
01-06 11:04:25.081  3040  3040 V AODService.ClockTimer: AOD Trigger: next AOD WAKEUP time is 9:0
01-06 11:04:25.081  3040  3040 D AODService.ClockTimer: startAlarm is canceled. triggerAtMillis = -1, currentTime = 1452049465096
01-06 11:04:25.081  3040  3040 I AODService.ClockTimer: stopAlarm : WAKEUP
01-06 11:04:25.081  3040  3040 D BatteryController: saveBatteryData : level[2], status[2]
01-06 11:04:25.161  1358  1654 D SurfaceControl: Excessive delay in setPowerMode(): 172ms
01-06 11:04:25.161   648   648 I SurfaceFlinger: id=62 createSurf (1x1),1 flag=404, BOD
01-06 11:04:25.161  1358  1638 I libsuspend: !@autosuspend_wakeup_count_enable
01-06 11:04:25.161  1358  1638 I libsuspend: !@autosuspend_wakeup_count_enable done
01-06 11:04:25.171  1358  2217 D PersonaManagerService: onfinishedGoingToSleep why = 3
01-06 11:04:25.171  2266  2278 D KeyguardViewMediator: onFinishedGoingToSleep(3)
01-06 11:04:25.171  1358  1705 D PersonaManagerServiceHandler: MSG_ACTION_SCREEN_OFF called
01-06 11:04:25.171  2266  2278 D KeyguardViewMediator: notifyFinishedGoingToSleep
01-06 11:04:25.171  2266  2266 D KeyguardViewMediator: handleNotifyFinishedGoingToSleep
01-06 11:04:25.171  2266  2266 D LauncherApps: getActivityList callingUid: 0 user: 0
01-06 11:04:25.181  2266  2266 I SwipeAction: canSwipeAction-R1
01-06 11:04:25.181  2266  2266 D LauncherApps: getActivityList callingUid: 0 user: 0
01-06 11:04:25.181  2266  2266 I SwipeAction: canSwipeAction-R1
01-06 11:04:25.181  2266  2266 D LauncherApps: getActivityList callingUid: 0 user: 0
01-06 11:04:25.191  2266  2266 I SwipeAction: canSwipeAction-R1
01-06 11:04:25.191  2266  2266 D KeyguardEffectViewController: onScreenTurnedOff
01-06 11:04:25.191  2266  2266 D KeyguardEffectViewController: ## mBackgroundView.onPause()
01-06 11:04:25.191  2266  2266 D KeyguardEffectViewLayered: onPause()
01-06 11:04:25.191  2266  2266 D SecKeyguardStatusView: onFinishedGoingToSleep() why=3
01-06 11:04:25.191  2266  2266 V KeyguardFingerPrint: updateFingerprintListeningState(false)
01-06 11:04:25.191  2266  2266 D KeyguardFingerPrint: shouldListenForFingerprint ( isFingerPrintLockscreen = false , mobileKeyboardConnected = false , coverClosed = false , getLockoutAttemptDeadline = false , mIsUnlockingWithFingerprintForced = false
01-06 11:04:25.191  2266  2266 V KeyguardUpdateMonitor: stopListeningForFingerprint()
01-06 11:04:25.221  3040  3040 D BatteryController: saveBatteryData : level[2], status[2]
01-06 11:04:25.221  1358  2782 D InputMethodManagerService: windowGainedFocus mCurrentFocusedUserId - 0 and mSecureKeypadEnabled-false
01-06 11:04:25.221  4958  4958 D SamsungIME: IMPL finishInput
01-06 11:04:25.221  4958  4958 D RMHelper: SamsungIME : RMisReady() : client is null
01-06 11:04:25.221  4958  4958 D RMHelper: SamsungIME : RMisReady() : client is null
01-06 11:04:25.221  4958  4958 D RMHelper: RMHelper : initHelper()
01-06 11:04:25.231  1358  1358 D SensorService: SensorEventConnection::SocketBufferSize, SystemSocketBufferSize - 102400, 8388608
01-06 11:04:25.231  1358  1358 D SensorManager: registerListener :: 7, TMD490X ALS_PRX, 200000, 0,  
01-06 11:04:25.231  1358  1651 D SensorManager: unregisterListener ::   
01-06 11:04:25.231  1358  1651 D lights  : led_pattern : 1 +
01-06 11:04:25.241  2266  2266 D PanelView: updateQsState
01-06 11:04:25.241  2266  2266 D KeyguardSwipeHelper: reset()
01-06 11:04:25.241  2266  2266 D KeyguardUnlockEventHandler: reset()
01-06 11:04:25.241  2266  2266 D KeyguardSwipeHelper: resetChildViewVI()
01-06 11:04:25.251  4668  4668 D ViewRootImpl: MSG_RESIZED_REPORT: ci=Rect(0, 0 - 0, 0) vi=Rect(0, 0 - 0, 0) or=1
01-06 11:04:25.251  1358  1651 D lights  : led_pattern : 1 -
01-06 11:04:25.251  1358  1651 E Sensors : ~SensorEventQueue 0
01-06 11:04:25.251  1358  1651 E         : BitTube(): close sendFd (417)
01-06 11:04:25.251  1358  1651 E         : BitTube(): close receivedFd (416)
01-06 11:04:25.251  3040  3040 D ViewRootImpl: MSG_RESIZED_REPORT: ci=Rect(0, 0 - 0, 0) vi=Rect(0, 0 - 0, 0) or=1
01-06 11:04:25.261  3040  3040 W DisplayListCanvas: DisplayListCanvas is started on unbinded RenderNode (without mOwningView)
01-06 11:04:25.261  4958  4958 D RMHelper: SamsungIME : initHelper() : client is null
01-06 11:04:25.261  4958  4958 D RMHelper: SamsungIME : RMisReady() : client is null
01-06 11:04:25.261  4958  4958 D RMHelper: SamsungIME : RMisReady() : client is null
01-06 11:04:25.261  4958  4958 D RMHelper: RMHelper : initHelper()
01-06 11:04:25.271  4958  4958 D RMHelper: SamsungIME : initHelper() : client is null
01-06 11:04:25.271  4958  4958 D RMHelper: SamsungIME : RMisReady() : client is null
01-06 11:04:25.271  4958  4958 D RMHelper: SamsungIME : RMisReady() : client is null
01-06 11:04:25.271  4958  4958 D RMHelper: RMHelper : initHelper()
01-06 11:04:25.271  1358  2301 V WindowStateAnimator: Finishing drawing window Window{a4351e7 u0 d0 AOD}: mDrawState=DRAW_PENDING
01-06 11:04:25.271   648   648 D libEGL  : eglInitialize EGLDisplay = 0x7fe9458118
01-06 11:04:25.281  4958  4958 D RMHelper: SamsungIME : initHelper() : client is null
01-06 11:04:25.281  4958  4958 D SamsungIME: onStartInput: No inputType, No imeOption, isInputViewShown = false, isExtractViewShown = false, isShowInputRequested = false, isConfigChanged = false
01-06 11:04:25.281  1358  1358 I CAE     : handleMessage(CaPowerManager.java:182) - AP_SLEEP
01-06 11:04:25.281  1358  1358 I CAE     : updateApPowerStatus(SensorHubParserProvider.java:443) - AP_SLEEP
01-06 11:04:25.281  1358  1358 I CAE     : sendCmdToSensorHub(SensorHubCommManager.java:162) - -76, 13, -46, 0,
01-06 11:04:25.281  1358  1358 D SensorHubManager: SendSensorHubData: send data = -76, 13, -46, 0
01-06 11:04:25.281   958  1178 I qti_sensorhub_hal: Activities: h: 180, m:13, s: 210 
01-06 11:04:25.281   958  1170 I qti_sensorhub_hal: SNS_SAM_OEM_UPDATE_RESP
01-06 11:04:25.281  1358  2782 V WindowStateAnimator: Finishing drawing window Window{c25806d u0 d0 com.bst.airmessage.content}: mDrawState=DRAW_PENDING
01-06 11:04:25.281   958  1178 I qti_sensorhub_hal: CommonInfo: h: 180, m:13, s: 210 
01-06 11:04:25.291   958  1174 I qti_sensorhub_hal: SNS_SAM_OEM_UPDATE_RESP
01-06 11:04:25.291  1358  1358 I CAE     : sendCmdToSensorHub(SensorHubCommManager.java:162) - -63, 14, 3, 4, 25,
01-06 11:04:25.291  1358  1358 D SensorHubManager: SendSensorHubData: send data = -63, 14, 3, 4, 25
01-06 11:04:25.291   958   958 I qti_sensorhub_hal: Activities: h: 193, m:14, s: 3 
01-06 11:04:25.291   958  1170 I qti_sensorhub_hal: SNS_SAM_OEM_UPDATE_RESP
01-06 11:04:25.291   958   958 I qti_sensorhub_hal: CommonInfo: h: 193, m:14, s: 3 
01-06 11:04:25.291   958  1174 I qti_sensorhub_hal: SNS_SAM_OEM_UPDATE_RESP
01-06 11:04:25.311  1358  1358 D UniversalCredentialManagerService: inside mBReciever onReceive : android.intent.action.SCREEN_OFF
01-06 11:04:25.321  1358  1358 D UniversalCredentialManagerService: ****MSG_LOCK_STATUS_UPDATE block started****
01-06 11:04:25.321  1358  1358 D UniversalCredentialManagerService: notifyChangeToPlugin is called for Lock status update...
01-06 11:04:25.321  1358  1358 D UcmService: notifyChangeToPlugin event 16
01-06 11:04:25.321  1358  1358 D UcmService: checkCallerPermissionFor is called for method-notifyChangeToPlugin
01-06 11:04:25.321  1358  1358 I UcmService: checkIfNotify for cs Name = com.sec.smartcard.manager:com.samsung.ucs.agent.baiMobile Package name = com.sec.smartcard.manager
01-06 11:04:25.321  1358  1358 D UcmService: notifying to unmanaged plugin
01-06 11:04:25.321  2703  2719 E ucsBai_agentService: notifyChange NOT SUPPORTED
01-06 11:04:25.321  1358  1358 D UcmService: agentService com.sec.smartcard.manager:com.samsung.ucs.agent.baiMobile notify status - 0
01-06 11:04:25.321  1358  1358 D UcmService: agentService status-0
01-06 11:04:25.321  1358  1358 I UcmService: checkIfNotify for cs Name = com.samsung.ucs.agent.ese:eSE Credential Storage Package name = com.samsung.ucs.agent.ese
01-06 11:04:25.321  1358  1358 D UcmService: notifying to managed plugin
01-06 11:04:25.321  1358  1358 D UcmService: checkIfNotify: Valid userid - 0
01-06 11:04:25.321  1358  1358 D PolicyManager: PolicyManager.isStorageEnabled() for userId = 0
01-06 11:04:25.321  1358  1358 D UniversalCredentialManagerService: checkCallerPermissionFor is called for method-isCredentialStorageManagedAsUser
01-06 11:04:25.331  1358  1358 D UniversalCredentialManagerService: isCredentialStorageManagedAsUser is called....
01-06 11:04:25.331  1358  1358 D PolicyManager: PolicyManager.isStorageEnabled() result = false
01-06 11:04:25.331  1358  1358 D UcmService: agentService com.samsung.ucs.agent.ese:eSE Credential Storage not notified
01-06 11:04:25.331  1358  1358 D UcmService: agentService status-0
01-06 11:04:25.331  1358  1358 I UcmService: checkIfNotify for cs Name = com.samsung.ucs.agent.boot:com.samsung.ucs.agent.boot Package name = com.samsung.ucs.agent.boot
01-06 11:04:25.331  1358  1358 D UcmService: notifying to unmanaged plugin
01-06 11:04:25.331  2720  2737 D BootAgentService: notifyChange eventId-16
01-06 11:04:25.331  1358  1358 D UcmService: agentService com.samsung.ucs.agent.boot:com.samsung.ucs.agent.boot notify status - -1
01-06 11:04:25.331  1358  1358 D UcmService: agentService status--1
01-06 11:04:25.331  1358  1358 D UniversalCredentialManagerService: ****MSG_LOCK_STATUS_UPDATE block ended****
01-06 11:04:25.351  1358  2149 D WifiStateMachine: handleScreenStateChanged, screen off, set scan interval as max value  !!!
01-06 11:04:25.351  1358  2149 D WifiNative-wlan0: callSECApiVoid - ID [19]
01-06 11:04:25.351  2459  2459 I wpa_supplicant: autoscan_samsung_exponential_notify_scan : scan_interval = 16
01-06 11:04:25.351  2459  2459 I wpa_supplicant: autoscan: autoscan_notify_scan, scan_interval = 16
01-06 11:04:25.351  2459  2459 I wpa_supplicant: autoscan_samsung_exponential_notify_scan : scan_interval = 32
01-06 11:04:25.351  2459  2459 I wpa_supplicant: autoscan: autoscan_notify_scan, scan_interval = 32
01-06 11:04:25.351  2459  2459 I wpa_supplicant: autoscan_samsung_exponential_notify_scan : scan_interval = 64
01-06 11:04:25.351  2459  2459 I wpa_supplicant: autoscan: autoscan_notify_scan, scan_interval = 64
01-06 11:04:25.351  2459  2459 I wpa_supplicant: autoscan_samsung_exponential_notify_scan : scan_interval = 128
01-06 11:04:25.351  2459  2459 I wpa_supplicant: autoscan: autoscan_notify_scan, scan_interval = 128
01-06 11:04:25.351  2459  2459 I wpa_supplicant: set PERIODIC_SCAN_INTERVAL_MAX to 128sec !!!
01-06 11:04:25.361  1358  1358 D SensorService: SensorEventConnection::SocketBufferSize, SystemSocketBufferSize - 102400, 8388608
01-06 11:04:25.361  1358  1358 D SensorManager: registerListener :: 7, TMD490X ALS_PRX, 200000, 0,  
01-06 11:04:25.361  1358  2149 E WifiNative-wlan0: do suspend true
01-06 11:04:25.361  1358  1358 D EdgeLight: Turning off
01-06 11:04:25.361  1358  1651 D SensorManager: unregisterListener ::   
01-06 11:04:25.361  1358  1651 E Sensors : ~SensorEventQueue 0
01-06 11:04:25.361  2502  2519 D PeopleNotiListenerService: onEdgeNotificationRemoved() : pkg android,id=0,extra=Bundle[mParcelledData.dataSize=112]
01-06 11:04:25.361  1358  1651 E         : BitTube(): close sendFd (414)
01-06 11:04:25.361  1358  1651 E         : BitTube(): close receivedFd (403)
01-06 11:04:25.361  2502  2502 D PeopleNotiListenerService: removeEdgeNotification:Bundle[{samsung.notification.id=0, samsung.people.package_name=android, samsung.people.notification_type=led_indicator}]
01-06 11:04:25.361  2502  2502 I PeopleStripeService: PeopleNotificationReceiver:3
01-06 11:04:25.361   936   936 D audio_hw_primary: adev_set_parameters: enter: screen_state=off
01-06 11:04:25.361   936   936 V audio_hw_primary: factory_set_parameters: enter: screen_state=off
01-06 11:04:25.361   936   936 V voice   : voice_set_parameters: enter: screen_state=off
01-06 11:04:25.361   936   936 V voice   : voice_set_parameters: exit with code(0)
01-06 11:04:25.361   936   936 V msm8974_platform: platform_set_parameters: enter: screen_state=off
01-06 11:04:25.361   936   936 V msm8974_platform: platform_set_parameters: exit with code(0)
01-06 11:04:25.361   936   936 V audio_hw_primary: adev_set_parameters: exit with code(0)
01-06 11:04:25.371  2502  2502 I PeopleStripeService: sendEdgeNotification  peopleEnabled true lightingEnabled true edgeEnabled true
01-06 11:04:25.371  2502  2502 I PeopleDataManager: removeNotification
01-06 11:04:25.371  2502  2502 I NotificationParser: getNotiType:android,led_indicator
01-06 11:04:25.371  2502  2502 D PeopleDataManager: removeNotiInfo: id =0,packageName=android,isEdgeNotification=true,key=null,removeAll=false
01-06 11:04:25.371  2502  2502 D PeopleDataManager: removeNotiInfo =null
01-06 11:04:25.381  1358  1358 I FingerprintService: onReceive: android.intent.action.SCREEN_OFF
01-06 11:04:25.391  1358  1358 I BackgroundCompactionService: Schedule Type1 BGCompaction
01-06 11:04:25.391  1358  1358 D SContextService: unregisterCallback() : Listener = android.hardware.scontext.SContextService$Listener@8cee902, Service = Activity Tracker, used = 0
01-06 11:04:25.391  1358  2153 D WifiController: ApOrStaEnabledState  msg.what= 155651
01-06 11:04:25.391  1358  1358 W CAE     : unregisterCallback(ContextAwareService.java:206) - [unregi 01] Mutex is locked for ACTIVITY_TRACKER
01-06 11:04:25.391  1358  1358 V CAE     : stop(ContextProvider.java:155)
01-06 11:04:25.391  1358  1358 V CAE     : clear(ActivityTrackerRunner.java:108)
01-06 11:04:25.391  1358  1358 V CAE     : disable(ActivityTrackerRunner.java:96)
01-06 11:04:25.401  1358  1358 I CAE     : sendCmdToSensorHub(SensorHubCommManager.java:162) - -78, 26, 0, 0, 0, 0, 0, 0, 0, 0,
01-06 11:04:25.401  1358  1358 D SensorHubManager: SendSensorHubData: send data = -78, 26, 0, 0, 0, 0, 0, 0, 0, 0
01-06 11:04:25.401   958  1178 I qti_sensorhub_hal: Activities: h: 178, m:26, s: 0 
01-06 11:04:25.401   958  1170 I qti_sensorhub_hal: SNS_SAM_OEM_UPDATE_RESP
01-06 11:04:25.411   958  1178 I qti_sensorhub_hal: Activities: en=0
01-06 11:04:25.411  1358  1358 D CAE     : getFaultDetectionResult(ActivityTrackerRunner.java:154) - true
01-06 11:04:25.411  1358  1358 I CAE     : notifyCmdProcessResultObserver(ContextProvider.java:627) - CheckResult = 0, Cause = Success
01-06 11:04:25.411   958  1170 I qti_sensorhub_hal: SNS_OEM_2_CANCEL_RESP
01-06 11:04:25.421  1358  1358 D CAE     : doCommendProcess(ContextAwareService.java:433) - complete notify the operation result.
01-06 11:04:25.421  1358  1358 I CAE     : displayUsedCountForService(ContextAwareService.java:525) - totalCnt = 0, serviceCount = 0, subCollectionCount = 0
01-06 11:04:25.421  1358  1358 D CAE     : showListenerList(ContextAwareService.java:366) - ===== Context Aware Service List =====
01-06 11:04:25.421  1358  1358 I CAE     : showListenerList(ContextAwareService.java:375) - Listener : com.samsung.android.contextaware.manager.ContextAwareService$Listener@7133362, Service : ACTIVITY_TRACKER_CURRENT_INFO(1)
01-06 11:04:25.421  1358  1358 I CAE     : showListenerList(ContextAwareService.java:375) - Listener : com.samsung.android.contextaware.manager.ContextAwareService$Listener@2aac690, Service : ANY_MOTION_DETECTOR_RUNNER(1)
01-06 11:04:25.421  1358  1358 I CAE     : showListenerList(ContextAwareService.java:375) - Listener : com.samsung.android.contextaware.manager.ContextAwareService$Listener@7b94ee8, Service : DEVICE_PHYSICAL_CONTEXT_MONITOR(1)
01-06 11:04:25.421  1358  1358 W CAE     : unregisterCallback(ContextAwareService.java:241) - [unregi 02] Mutex is unlocked for ACTIVITY_TRACKER
01-06 11:04:25.421  1358  1358 D SContextService: 	.unregisterCallback : 3, client=
01-06 11:04:25.421  1358  1358 D SContextService: ===== SContext Service List =====
01-06 11:04:25.421  1358  1358 D SContextService: Listener : android.hardware.scontext.SContextService$Listener@e7a278e, Service : Any Motion Detector
01-06 11:04:25.421  1358  1358 D SContextService: Listener : android.hardware.scontext.SContextService$Listener@f617901, Service : Device Physical Context Monitor
01-06 11:04:25.421  1358  1358 D SContextManager:   .unregisterListener : listener = com.android.server.wifi.WifiServiceImpl$11@4706a4d, service=Activity Tracker
01-06 11:04:25.451  1358  1523 D GpsLocationProvider: receive broadcast intent, action: android.intent.action.SCREEN_OFF
01-06 11:04:25.471  2550  2550 D FusedLocationReceiver: BroadcastReceiver : ACTION_SCREEN_OFF
01-06 11:04:25.481  2662  2662 I Launcher.FolderLock: android.intent.action.SCREEN_OFF size 0
01-06 11:04:25.501  2636  5200 D NfcService: call the applyRouting
01-06 11:04:25.511  2662  2662 D Launcher.Workspace: exitWidgetResizeMode. isClearResizeFrame is false
01-06 11:04:25.521  2636  3805 E NxpNfcJni: getReconnectState = 0x0
01-06 11:04:25.531  2751  2751 D PdnController: handleAnyDataConnectionStateChange: state [DISCONNECTED] reason [SCREEN_OFF] apnType [default] 
