01-06 11:16:12.461 8579-8579/? D/ICU: No timezone override file found: /data/misc/zoneinfo/current/icu/icu_tzdata.dat
01-06 11:16:12.501 8579-8579/? I/Radio-JNI: register_android_hardware_Radio DONE
01-06 11:16:12.501 8579-8579/? E/AffinityControl: AffinityControl: registerfunction enter
01-06 11:16:12.521 8579-8579/? D/AndroidRuntime: Calling main entry com.android.commands.pm.Pm
01-06 11:16:12.521 1358-1459/? I/PackageManager: installPackageAsUser params originPath =/data/local/tmp/com.cisco.wx2.android.test installerPackageName =null
01-06 11:16:12.531 1358-1459/? D/PackageManager: START_PACKAGE_INSTALL: observer{153077135}
                                                           originPath{/data/local/tmp/com.cisco.wx2.android.test}
01-06 11:16:12.531 1358-1693/? D/PackageManager: [MSG] INIT_COPY: observer{153077135}
                                                           idx{0}
                                                           for_user{UserHandle{-1}}
01-06 11:16:12.541 1358-1693/? D/PackageManager: [MSG] MCS_BOUND: observer{153077135}
                                                           for_user{UserHandle{-1}}
01-06 11:16:12.541 6981-6991/? E/NativeLibraryHelper: Failed to load assets verifier: 0
01-06 11:16:12.541 1358-1693/? I/PackageManager: EAS IT Policy AllowList = 
01-06 11:16:12.541 1358-1693/? I/PackageManager: isAppBlockedByDPM?? = false
01-06 11:16:12.551 6981-6992/? E/NativeLibraryHelper: Failed to load assets verifier: 0
01-06 11:16:12.551 1358-1693/? D/PackageManager: [VERIFY] getRequiredVerifiersLPr: 1 verifiers
01-06 11:16:12.551 1358-1693/? D/PackageManager: [VERIFY]     com.samsung.android.sm.devicesecurity(5012)
01-06 11:16:12.551 1358-1693/? D/PersonaManagerService: needVerificationForPackage  
01-06 11:16:12.551 1358-1693/? D/PersonaManagerService: needVerificationForPackage com.cisco.wx2.android.test
01-06 11:16:12.551 1358-1693/? D/PersonaManagerService: needVerificationForPackage return true for  at the end com.cisco.wx2.android.test
01-06 11:16:12.551 1358-1693/? I/PackageManager: installerUid : 2000
01-06 11:16:12.551 1358-1693/? D/PackageManager: [VERIFY] Found 1 verifiers for intent Intent { act=android.intent.action.PACKAGE_NEEDS_VERIFICATION dat=file:///data/local/tmp/com.cisco.wx2.android.test typ=application/vnd.android.package-archive flg=0x10000001 VirtualScreenParam=Params{mDisplayId=-1, null, mFlags=0x00000000)} } with 0 optional verifiers
01-06 11:16:12.551 1358-1693/? D/PackageManager: [VERIFY] sendOrderedBroadcastToPendingVerifier:
                                                 PackageVerificationState{
                                                     verifier packages=com.samsung.android.sm.devicesecurity(5012),
                                                     intent=Intent { act=android.intent.action.PACKAGE_NEEDS_VERIFICATION dat=file:///data/local/tmp/com.cisco.wx2.android.test typ=application/vnd.android.package-archive flg=0x10000001 VirtualScreenParam=Params{mDisplayId=-1, null, mFlags=0x00000000)} (has extras) }
                                                     others=1, false, false, false, false, false
                                                 }
01-06 11:16:12.551 1358-1693/? I/HarmonyEASService: Updating for all 1
01-06 11:16:12.551 1358-1693/? D/PackageManager: remove MCS_UNBIND message and Posting MCS_UNBIND 10 secs later
01-06 11:16:12.551 2098-2098/? D/QSEECOMAPI:: Loaded image: APP id = 110
01-06 11:16:12.551 1358-1529/? V/BroadcastQueue: [foreground] Process cur broadcast BroadcastRecord{7dd2bab u0 android.intent.action.PACKAGE_NEEDS_VERIFICATION qIdx=2}, state= (APP_RECEIVE) DELIVERED for app ProcessRecord{d5ec0ef 8257:com.samsung.android.sm.devicesecurity/5012}
01-06 11:16:12.551 2098-2098/? I/TZ: qc_tlc_communication: TLC_COMM: path = /firmware/image, fname = tz_ccm, tzapp is loaded
01-06 11:16:12.551 1358-1458/? I/TZ: client_server_communication: OpenSWConn(CCM) is successful
01-06 11:16:12.551 1358-1458/? I/TZ: client_server_communication: Client_Server_Open succeeded, serverName = CCM
01-06 11:16:12.551 1358-1458/? I/TZ_CCM_C_Initialize:: ctx = 0x7f6b9b3de0, comm = 0x7f6bb82ea0, sendmsg = 0x7f7092d000, recvmsg = 0x7f70931c00
01-06 11:16:12.551 1358-1458/? I/TZ_init:: TZ_init: sending initialization request...
01-06 11:16:12.551 1358-1458/? E/TZ: client_server_communication: comm_request(0x7f6bb82ea0) pImpl->serverName : CCM 
01-06 11:16:12.551 1358-1458/? E/TZ: client_server_communication: comm_request(0x7f6bb82ea0) <IClientServer>pImpl->sconn : 0x7f68292280 
01-06 11:16:12.551 1358-1458/? E/TZ: client_server_communication: comm_request(0x7f6bb82ea0) <IClientServer>pImpl->sconn->getInterfaceDescriptor() : CCM 
01-06 11:16:12.551 1358-1458/? I/TZ: client_server_communication: Cmd id = 2, len = 19456
01-06 11:16:12.551 1358-1458/? I/TZ: client_server_communication: Calling Communicate()
01-06 11:16:12.561 2098-2106/? I/TLC_SERVER: BnTLCServer::onTransact(2) 16
01-06 11:16:12.561 2098-2106/? I/TLC_SERVER: COMM
01-06 11:16:12.561 1358-1458/? I/TZ_init:: TZ_init: successful initialization
01-06 11:16:12.561 1358-1458/? I/TLC_TZ_COMMON: key_db_init:: Exercising TZ_DB_INIT in TLC
01-06 11:16:12.561 1358-1458/? E/TZ: client_server_communication: comm_request(0x7f6bb82ea0) pImpl->serverName : CCM 
01-06 11:16:12.561 1358-1693/? D/PackageVerificationState: [VERIFY] setVerifierResponse {verificationID=1, uid=5012, code=1
01-06 11:16:12.561 1358-1458/? E/TZ: client_server_communication: comm_request(0x7f6bb82ea0) <IClientServer>pImpl->sconn : 0x7f68292280 
01-06 11:16:12.561 1358-1458/? E/TZ: client_server_communication: comm_request(0x7f6bb82ea0) <IClientServer>pImpl->sconn->getInterfaceDescriptor() : CCM 
01-06 11:16:12.561 1358-1458/? I/TZ: client_server_communication: Cmd id = 17, len = 19456
01-06 11:16:12.561 1358-1458/? I/TZ: client_server_communication: Calling Communicate()
01-06 11:16:12.561 2098-2098/? I/TLC_SERVER: BnTLCServer::onTransact(2) 16
01-06 11:16:12.561 2098-2098/? I/TLC_SERVER: COMM
01-06 11:16:12.561 8257-8257/? I/seatbelt: feature is disabled or not activated
01-06 11:16:12.561 1358-3408/? D/PackageManager: [VERIFY] verifyPendingInstall(1, VERIFICATION_ALLOW), uid=5012
01-06 11:16:12.561 1358-1693/? D/PackageManager: [MSG] PACKAGE_VERIFIED: observer{153077135}
01-06 11:16:12.561 1358-1693/? D/PackageManager: [VERIFY] PACKAGE_VERIFIED: 
                                                 PackageVerificationState{
                                                     verifier packages=com.samsung.android.sm.devicesecurity(5012),
                                                     intent=Intent { act=android.intent.action.PACKAGE_NEEDS_VERIFICATION dat=file:///data/local/tmp/com.cisco.wx2.android.test typ=application/vnd.android.package-archive flg=0x10000001 cmp=com.samsung.android.sm.devicesecurity/.AppVerificationReceiver VirtualScreenParam=Params{mDisplayId=-1, null, mFlags=0x00000000)} (has extras) }
                                                     others=1, false, false, false, false, false
                                                 }
01-06 11:16:12.561 1358-1693/? D/PackageManager: [VERIFY] packageVerificationCompletion: completed id=1
01-06 11:16:12.571 6981-6991/? D/DefContainer: Copying /data/local/tmp/com.cisco.wx2.android.test to base.apk
01-06 11:16:12.561 1358-1693/? D/PackageManager: [VERIFY] broadcastPackageVerified(1, VERIFICATION_ALLOW, file:///data/local/tmp/com.cisco.wx2.android.test)
01-06 11:16:12.561 1358-1358/? D/PackageManager: [VERIFY] onReceive for RequiredVerifier id=1
01-06 11:16:12.581 1358-1358/? D/CustomFrequencyManagerService: releaseDVFSLockLocked : Getting Lock type frm List : DVFS_MIN_LIMIT  frequency : 806400  uid : 1000  pid : 1358  tag : GESTURE_DETECTED@CPU_MIN@49
01-06 11:16:12.601 1358-1458/? I/TZ_COMMON: tlc_key_db_util:: DB Operation suceeded
01-06 11:16:12.601 1358-1458/? D/QSEECOMAPI:: QSEECom_get_handle sb_length = 0x840
01-06 11:16:12.601 1358-1458/? D/QSEECOMAPI:: App is already loaded QSEE and app id = 110
01-06 11:16:12.601 1358-1458/? I/CSTORAGE: Lock TA...
01-06 11:16:12.601 1358-1458/? D/QSEECOMAPI:: QSEECom_get_handle sb_length = 0x4040
01-06 11:16:12.601 1358-1458/? D/QSEECOMAPI:: App is not loaded in QSEE
01-06 11:16:12.601 1358-1458/? D/QSEECOMAPI:: app_arch = 1, total_files = 8
01-06 11:16:12.631 1358-1458/? D/QSEECOMAPI:: Loaded image: APP id = 111
01-06 11:16:12.631 1358-1458/? I/CSTORAGE: TA is loaded.
01-06 11:16:12.631 1358-1458/? I/CSTORAGE: QSEE FS type : 0
01-06 11:16:12.631 1358-1458/? I/CSTORAGE: QSEE FS type : 0
01-06 11:16:12.651 1358-1458/? I/CSTORAGE: shareServiceKey end(0)
01-06 11:16:12.651 1358-1458/? E/TZ: client_server_communication: comm_request(0x7f6bb82ea0) pImpl->serverName : CCM 
01-06 11:16:12.651 1358-1458/? E/TZ: client_server_communication: comm_request(0x7f6bb82ea0) <IClientServer>pImpl->sconn : 0x7f68292280 
01-06 11:16:12.651 1358-1458/? E/TZ: client_server_communication: comm_request(0x7f6bb82ea0) <IClientServer>pImpl->sconn->getInterfaceDescriptor() : CCM 
01-06 11:16:12.651 1358-1458/? I/TZ: client_server_communication: Cmd id = 46, len = 19456
01-06 11:16:12.651 1358-1458/? I/TZ: client_server_communication: Calling Communicate()
01-06 11:16:12.651 2098-2106/? I/TLC_SERVER: BnTLCServer::onTransact(2) 16
01-06 11:16:12.651 2098-2106/? I/TLC_SERVER: COMM
01-06 11:16:12.671 1358-1458/? D/QSEECOMAPI:: QSEECom_dealloc_memory 
01-06 11:16:12.671 1358-1458/? D/QSEECOMAPI:: QSEECom_shutdown_app, app_id = 111
01-06 11:16:12.671 1358-1458/? D/QSEECOMAPI:: QSEECom_dealloc_memory 
01-06 11:16:12.671 1358-1458/? D/QSEECOMAPI:: QSEECom_shutdown_app, app_id = 110
01-06 11:16:12.671 1358-1458/? I/TZ_CCM_C_Finalize:: DEBUG_CONTAINER_PROBLEM Exercising TZ_CCM_C_Finalize_TLC
01-06 11:16:12.671 1358-1458/? E/TZ: client_server_communication: comm_request(0x7f6bb82ea0) pImpl->serverName : CCM 
01-06 11:16:12.681 1358-1458/? D/TimaService: TIMA3: FipsKeyStore3_exist
01-06 11:16:12.671 1358-1458/? E/TZ: client_server_communication: comm_request(0x7f6bb82ea0) <IClientServer>pImpl->sconn : 0x7f68292280 
01-06 11:16:12.681 1358-1458/? D/TimaService: TIMA: in getTimaVersion
01-06 11:16:12.671 1358-1458/? E/TZ: client_server_communication: comm_request(0x7f6bb82ea0) <IClientServer>pImpl->sconn->getInterfaceDescriptor() : CCM 
01-06 11:16:12.671 1358-1458/? I/TZ: client_server_communication: Cmd id = 41, len = 19456
01-06 11:16:12.671 1358-1458/? I/TZ: client_server_communication: Calling Communicate()
01-06 11:16:12.671 2098-2098/? I/TLC_SERVER: BnTLCServer::onTransact(2) 16
01-06 11:16:12.671 2098-2098/? I/TLC_SERVER: COMM
01-06 11:16:12.671 1358-1458/? I/TZ: client_server_communication: Client_Server_Close was called
01-06 11:16:12.671 2098-2106/? I/TLC_SERVER: BnTLCServer::onTransact(1) 16
01-06 11:16:12.671 2098-2106/? I/TLC_SERVER: CLOSESWCONN
01-06 11:16:12.671 2098-2106/? D/QSEECOMAPI:: QSEECom_dealloc_memory 
01-06 11:16:12.671 2098-2106/? D/QSEECOMAPI:: QSEECom_shutdown_app, app_id = 110
01-06 11:16:12.681 1358-1458/? I/TZ: client_server_communication: Client_Server_Close succeeded
01-06 11:16:12.681 1358-1458/? I/TZ: client_server_communication: IClientServer::~IClientServer()
01-06 11:16:12.681 1358-1458/? I/FipsTimaKeyStore: CCM is available on this device
01-06 11:16:12.681 1358-1458/? I/FipsTimaKeyStore: CCM is NOT enabled for this user
                                                   
                                                   [ 01-06 11:16:12.681  1358: 1458 I/         ]
                                                   TimaKeyStore: tima_KeyStore3_exist_JNI
                                                   
                                                   
                                                   [ 01-06 11:16:12.681  1358: 1458 I/         ]
                                                   TimaKeyStore: callingUid is 1000
01-06 11:16:12.681 1358-1458/? E/TLC_TZ_KEYSTORE:: Inside TZ_KEYSTORE_encrypt_filename()
01-06 11:16:12.681 1358-1458/? I/TLC_TZ_KEYSTORE:: creating new keystore context...
01-06 11:16:12.681 1358-1458/? I/TLC_TZ_KEYSTORE:: initializing ccm context...
01-06 11:16:12.681 1358-1458/? I/TLC_TZ_KEYSTORE:: root = /firmware/image, root_strlen = 15
01-06 11:16:12.681 1358-1458/? I/TLC_TZ_KEYSTORE:: process = tima_key, process_strlen = 8
01-06 11:16:12.681 1358-1458/? I/TZ: qc_tlc_communication: root = /firmware/image, root_len = 15
01-06 11:16:12.681 1358-1458/? I/TZ: qc_tlc_communication: process = tima_key, process_strlen = 8
01-06 11:16:12.681 1358-1458/? I/TZ: qc_tlc_communication: aligned max_sendmsg_size = 1088 = 0x440
01-06 11:16:12.681 1358-1458/? I/TZ: qc_tlc_communication: aligned max_recvmsg_size = 1088 = 0x440
01-06 11:16:12.681 1358-1458/? I/TZ: qc_tlc_communication: max_message_size = 2176 = 0x880
01-06 11:16:12.681 1358-1458/? D/QSEECOMAPI:: QSEECom_get_handle sb_length = 0x880
01-06 11:16:12.681 1358-1458/? D/QSEECOMAPI:: App is not loaded in QSEE
01-06 11:16:12.681 1358-1458/? D/QSEECOMAPI:: app_arch = 1, total_files = 8
01-06 11:16:12.731 1358-1458/? D/QSEECOMAPI:: Loaded image: APP id = 112
01-06 11:16:12.731 1358-1458/? I/TZ: qc_tlc_communication: TLC_COMM: path = /firmware/image, fname = tima_key, tzapp is loaded
01-06 11:16:12.731 1358-1458/? I/TLC_TZ_KEYSTORE:: ctx = 0x7f6b9b3de0, comm = 0x7f6bb82f00, sendmsg = 0x7f78500000, recvmsg = 0x7f78500440
01-06 11:16:12.731 1358-1458/? I/TLC_TZ_COMMON: get_filename:: TZ_COMMON: Get_filename - allow_hashing: 0
01-06 11:16:12.731 1358-1458/? I/TLC_TZ_COMMON: get_filename:: TZ GetFN : priv_data.in_filename: 1000_KS_SKEY_PersonaPwdResetToken0, len: 34
01-06 11:16:12.731 1358-1458/? I/TLC_TZ_COMMON: get_filename:: TZ CCM : priv_data.in_fn_len: 34
01-06 11:16:12.731 1358-1458/? I/TLC_TZ_COMMON: get_filename:: TZ GetFN : Starting
01-06 11:16:12.741 1358-1458/? I/TLC_TZ_COMMON: get_filename:: TZ GetFN : enc filename: 335389ABE58238C638A54552A1B1AF5FA5E59DB1D1F63972EE2A29281309D778227C7771AEA5C8928CBB979D1B1E7869BC072A1ED202FE150A0FE8C7245F0EAB
01-06 11:16:12.741 1358-1458/? D/QSEECOMAPI:: QSEECom_dealloc_memory 
01-06 11:16:12.741 1358-1458/? D/QSEECOMAPI:: QSEECom_shutdown_app, app_id = 112
01-06 11:16:12.741 1358-1458/? E/TLC_TZ_KEYSTORE:: Count : 1, Ret : 0
                                                   
                                                   [ 01-06 11:16:12.741  1358: 1458 I/         ]
                                                   TimaKeyStore: encryptFilename : filename is: 335389ABE58238C638A54552A1B1AF5FA5E59DB1D1F63972EE2A29281309D778227C7771AEA5C8928CBB979D1B1E7869BC072A1ED202FE150A0FE8C7245F0EAB
                                                   
                                                   [ 01-06 11:16:12.741  1358: 1458 I/         ]
                                                   TimaKeyStore: /data/misc/fips_tima_keystore/user_0/335389ABE58238C638A54552A1B1AF5FA5E59DB1D1F63972EE2A29281309D778227C7771AEA5C8928CBB979D1B1E7869BC072A1ED202FE150A0FE8C7245F0EAB exists
01-06 11:16:12.741 1358-1458/? D/TimaService: TIMA3: FipsKeyStore3_exist
                                              
                                              [ 01-06 11:16:12.741  1358: 1458 I/         ]
                                              TimaKeyStore: tima_KeyStore3_exist_JNI
01-06 11:16:12.741 1358-1458/? D/TimaService: TIMA: in getTimaVersion
                                              
                                              [ 01-06 11:16:12.741  1358: 1458 I/         ]
                                              TimaKeyStore: callingUid is 1000
01-06 11:16:12.741 1358-1458/? E/TLC_TZ_KEYSTORE:: Inside TZ_KEYSTORE_encrypt_filename()
01-06 11:16:12.741 1358-1458/? I/TLC_TZ_KEYSTORE:: creating new keystore context...
01-06 11:16:12.741 1358-1458/? I/TLC_TZ_KEYSTORE:: initializing ccm context...
01-06 11:16:12.741 1358-1458/? I/TLC_TZ_KEYSTORE:: root = /firmware/image, root_strlen = 15
01-06 11:16:12.741 1358-1458/? I/TLC_TZ_KEYSTORE:: process = tima_key, process_strlen = 8
01-06 11:16:12.741 1358-1458/? I/TZ: qc_tlc_communication: root = /firmware/image, root_len = 15
01-06 11:16:12.741 1358-1458/? I/TZ: qc_tlc_communication: process = tima_key, process_strlen = 8
01-06 11:16:12.741 1358-1458/? I/TZ: qc_tlc_communication: aligned max_sendmsg_size = 1088 = 0x440
01-06 11:16:12.741 1358-1458/? I/TZ: qc_tlc_communication: aligned max_recvmsg_size = 1088 = 0x440
01-06 11:16:12.741 1358-1458/? I/TZ: qc_tlc_communication: max_message_size = 2176 = 0x880
01-06 11:16:12.741 1358-1458/? D/QSEECOMAPI:: QSEECom_get_handle sb_length = 0x880
01-06 11:16:12.741 1358-1458/? D/QSEECOMAPI:: App is not loaded in QSEE
01-06 11:16:12.741 1358-1458/? D/QSEECOMAPI:: app_arch = 1, total_files = 8
01-06 11:16:12.791 1358-1458/? D/QSEECOMAPI:: Loaded image: APP id = 113
01-06 11:16:12.791 1358-1458/? I/TZ: qc_tlc_communication: TLC_COMM: path = /firmware/image, fname = tima_key, tzapp is loaded
01-06 11:16:12.791 1358-1458/? I/TLC_TZ_KEYSTORE:: ctx = 0x7f6b9b3de0, comm = 0x7f6bb82f00, sendmsg = 0x7f78500000, recvmsg = 0x7f78500440
01-06 11:16:12.791 1358-1458/? I/TLC_TZ_COMMON: get_filename:: TZ_COMMON: Get_filename - allow_hashing: 0
01-06 11:16:12.791 1358-1458/? I/TLC_TZ_COMMON: get_filename:: TZ GetFN : priv_data.in_filename: 1000_KS_SKEY_PersonaPwdResetToken0, len: 34
01-06 11:16:12.791 1358-1458/? I/TLC_TZ_COMMON: get_filename:: TZ CCM : priv_data.in_fn_len: 34
01-06 11:16:12.791 1358-1458/? I/TLC_TZ_COMMON: get_filename:: TZ GetFN : Starting
01-06 11:16:12.801 1358-1458/? I/TLC_TZ_COMMON: get_filename:: TZ GetFN : enc filename: 335389ABE58238C638A54552A1B1AF5FA5E59DB1D1F63972EE2A29281309D778227C7771AEA5C8928CBB979D1B1E7869BC072A1ED202FE150A0FE8C7245F0EAB
01-06 11:16:12.801 1358-1458/? D/QSEECOMAPI:: QSEECom_dealloc_memory 
01-06 11:16:12.801 1358-1458/? D/QSEECOMAPI:: QSEECom_shutdown_app, app_id = 113
01-06 11:16:12.801 1358-1458/? E/TLC_TZ_KEYSTORE:: Count : 1, Ret : 0
                                                   
                                                   [ 01-06 11:16:12.801  1358: 1458 I/         ]
                                                   TimaKeyStore: encryptFilename : filename is: 335389ABE58238C638A54552A1B1AF5FA5E59DB1D1F63972EE2A29281309D778227C7771AEA5C8928CBB979D1B1E7869BC072A1ED202FE150A0FE8C7245F0EAB
                                                   
                                                   [ 01-06 11:16:12.801  1358: 1458 I/         ]
                                                   TimaKeyStore: /data/misc/fips_tima_keystore/user_0/335389ABE58238C638A54552A1B1AF5FA5E59DB1D1F63972EE2A29281309D778227C7771AEA5C8928CBB979D1B1E7869BC072A1ED202FE150A0FE8C7245F0EAB exists
                                                   
                                                   [ 01-06 11:16:12.811  1358: 1458 I/         ]
                                                   TimaKeyStore: tima_KeyStore3_exist_JNI
01-06 11:16:12.811 1358-1458/? D/TimaService: TIMA3: FipsKeyStore3_exist
                                              
                                              [ 01-06 11:16:12.811  1358: 1458 I/         ]
                                              TimaKeyStore: callingUid is 1000
01-06 11:16:12.811 1358-1458/? D/TimaService: TIMA: in getTimaVersion
01-06 11:16:12.811 1358-1458/? E/TLC_TZ_KEYSTORE:: Inside TZ_KEYSTORE_encrypt_filename()
01-06 11:16:12.811 1358-1458/? I/TLC_TZ_KEYSTORE:: creating new keystore context...
01-06 11:16:12.811 1358-1458/? I/TLC_TZ_KEYSTORE:: initializing ccm context...
01-06 11:16:12.811 1358-1458/? I/TLC_TZ_KEYSTORE:: root = /firmware/image, root_strlen = 15
01-06 11:16:12.811 1358-1458/? I/TLC_TZ_KEYSTORE:: process = tima_key, process_strlen = 8
01-06 11:16:12.811 1358-1458/? I/TZ: qc_tlc_communication: root = /firmware/image, root_len = 15
01-06 11:16:12.811 1358-1458/? I/TZ: qc_tlc_communication: process = tima_key, process_strlen = 8
01-06 11:16:12.811 1358-1458/? I/TZ: qc_tlc_communication: aligned max_sendmsg_size = 1088 = 0x440
01-06 11:16:12.811 1358-1458/? I/TZ: qc_tlc_communication: aligned max_recvmsg_size = 1088 = 0x440
01-06 11:16:12.811 1358-1458/? I/TZ: qc_tlc_communication: max_message_size = 2176 = 0x880
01-06 11:16:12.811 1358-1458/? D/QSEECOMAPI:: QSEECom_get_handle sb_length = 0x880
01-06 11:16:12.811 1358-1458/? D/QSEECOMAPI:: App is not loaded in QSEE
01-06 11:16:12.811 1358-1458/? D/QSEECOMAPI:: app_arch = 1, total_files = 8
01-06 11:16:12.851 1358-1458/? D/QSEECOMAPI:: Loaded image: APP id = 114
01-06 11:16:12.851 1358-1458/? I/TZ: qc_tlc_communication: TLC_COMM: path = /firmware/image, fname = tima_key, tzapp is loaded
01-06 11:16:12.851 1358-1458/? I/TLC_TZ_KEYSTORE:: ctx = 0x7f6b9b3de0, comm = 0x7f6bb82f00, sendmsg = 0x7f78500000, recvmsg = 0x7f78500440
01-06 11:16:12.851 1358-1458/? I/TLC_TZ_COMMON: get_filename:: TZ_COMMON: Get_filename - allow_hashing: 0
01-06 11:16:12.851 1358-1458/? I/TLC_TZ_COMMON: get_filename:: TZ GetFN : priv_data.in_filename: 1000_KS_SKEY_PersonaPwdResetToken0, len: 34
01-06 11:16:12.851 1358-1458/? I/TLC_TZ_COMMON: get_filename:: TZ CCM : priv_data.in_fn_len: 34
01-06 11:16:12.851 1358-1458/? I/TLC_TZ_COMMON: get_filename:: TZ GetFN : Starting
01-06 11:16:12.861 1358-1458/? I/TLC_TZ_COMMON: get_filename:: TZ GetFN : enc filename: 335389ABE58238C638A54552A1B1AF5FA5E59DB1D1F63972EE2A29281309D778227C7771AEA5C8928CBB979D1B1E7869BC072A1ED202FE150A0FE8C7245F0EAB
01-06 11:16:12.861 1358-1458/? D/QSEECOMAPI:: QSEECom_dealloc_memory 
01-06 11:16:12.861 1358-1458/? D/TimaService: TIMA3: FipsKeyStore3_exist
01-06 11:16:12.861 1358-1458/? D/QSEECOMAPI:: QSEECom_shutdown_app, app_id = 114
01-06 11:16:12.861 1358-1458/? D/TimaService: TIMA: in getTimaVersion
01-06 11:16:12.861 1358-1458/? E/TLC_TZ_KEYSTORE:: Count : 1, Ret : 0
                                                   
                                                   [ 01-06 11:16:12.861  1358: 1458 I/         ]
                                                   TimaKeyStore: encryptFilename : filename is: 335389ABE58238C638A54552A1B1AF5FA5E59DB1D1F63972EE2A29281309D778227C7771AEA5C8928CBB979D1B1E7869BC072A1ED202FE150A0FE8C7245F0EAB
                                                   
                                                   [ 01-06 11:16:12.861  1358: 1458 I/         ]
                                                   TimaKeyStore: /data/misc/fips_tima_keystore/user_0/335389ABE58238C638A54552A1B1AF5FA5E59DB1D1F63972EE2A29281309D778227C7771AEA5C8928CBB979D1B1E7869BC072A1ED202FE150A0FE8C7245F0EAB exists
                                                   
                                                   [ 01-06 11:16:12.861  1358: 1458 I/         ]
                                                   TimaKeyStore: tima_KeyStore3_exist_JNI
                                                   
                                                   
                                                   [ 01-06 11:16:12.861  1358: 1458 I/         ]
                                                   TimaKeyStore: callingUid is 1000
01-06 11:16:12.861 1358-1458/? E/TLC_TZ_KEYSTORE:: Inside TZ_KEYSTORE_encrypt_filename()
01-06 11:16:12.861 1358-1458/? I/TLC_TZ_KEYSTORE:: creating new keystore context...
01-06 11:16:12.861 1358-1458/? I/TLC_TZ_KEYSTORE:: initializing ccm context...
01-06 11:16:12.861 1358-1458/? I/TLC_TZ_KEYSTORE:: root = /firmware/image, root_strlen = 15
01-06 11:16:12.861 1358-1458/? I/TLC_TZ_KEYSTORE:: process = tima_key, process_strlen = 8
01-06 11:16:12.861 1358-1458/? I/TZ: qc_tlc_communication: root = /firmware/image, root_len = 15
01-06 11:16:12.861 1358-1458/? I/TZ: qc_tlc_communication: process = tima_key, process_strlen = 8
01-06 11:16:12.861 1358-1458/? I/TZ: qc_tlc_communication: aligned max_sendmsg_size = 1088 = 0x440
01-06 11:16:12.861 1358-1458/? I/TZ: qc_tlc_communication: aligned max_recvmsg_size = 1088 = 0x440
01-06 11:16:12.861 1358-1458/? I/TZ: qc_tlc_communication: max_message_size = 2176 = 0x880
01-06 11:16:12.861 1358-1458/? D/QSEECOMAPI:: QSEECom_get_handle sb_length = 0x880
01-06 11:16:12.861 1358-1458/? D/QSEECOMAPI:: App is not loaded in QSEE
01-06 11:16:12.861 1358-1458/? D/QSEECOMAPI:: app_arch = 1, total_files = 8
01-06 11:16:12.901 1358-1693/? W/System.err: remove failed: ENOENT (No such file or directory) : /data/app/vmdl685610090.tmp/lib
01-06 11:16:12.901 1358-1693/? E/NativeLibraryHelper: Failed to load assets verifier: 0
01-06 11:16:12.901 1358-1693/? D/PackageManager: remove MCS_UNBIND and Posting MCS_UNBIND
01-06 11:16:12.901 1358-1693/? D/PackageManager: [MSG] PROCESS_PENDING_INSTALL: observer{153077135}
                                                 currentStatus{1}
01-06 11:16:12.901 1358-1693/? D/PackageManager: installPackageLI: path
01-06 11:16:12.911 1358-1458/? D/QSEECOMAPI:: Loaded image: APP id = 115
01-06 11:16:12.911 1358-1458/? I/TZ: qc_tlc_communication: TLC_COMM: path = /firmware/image, fname = tima_key, tzapp is loaded
01-06 11:16:12.911 1358-1458/? I/TLC_TZ_KEYSTORE:: ctx = 0x7f6b9b3de0, comm = 0x7f6bb82f00, sendmsg = 0x7f77ed1000, recvmsg = 0x7f77ed1440
01-06 11:16:12.911 1358-1458/? I/TLC_TZ_COMMON: get_filename:: TZ_COMMON: Get_filename - allow_hashing: 0
01-06 11:16:12.911 1358-1458/? I/TLC_TZ_COMMON: get_filename:: TZ GetFN : priv_data.in_filename: 1000_KS_SKEY_PersonaPwdResetToken0, len: 34
01-06 11:16:12.911 1358-1458/? I/TLC_TZ_COMMON: get_filename:: TZ CCM : priv_data.in_fn_len: 34
01-06 11:16:12.911 1358-1458/? I/TLC_TZ_COMMON: get_filename:: TZ GetFN : Starting
01-06 11:16:12.921 1358-1458/? I/TLC_TZ_COMMON: get_filename:: TZ GetFN : enc filename: 335389ABE58238C638A54552A1B1AF5FA5E59DB1D1F63972EE2A29281309D778227C7771AEA5C8928CBB979D1B1E7869BC072A1ED202FE150A0FE8C7245F0EAB
01-06 11:16:12.921 1358-1458/? D/QSEECOMAPI:: QSEECom_dealloc_memory 
01-06 11:16:12.921 1358-1458/? D/QSEECOMAPI:: QSEECom_shutdown_app, app_id = 115
01-06 11:16:12.921 1358-1458/? E/TLC_TZ_KEYSTORE:: Count : 1, Ret : 0
01-06 11:16:12.921 1358-1458/? D/TimaService: TIMA3: FipsKeyStore3_get
                                              
                                              [ 01-06 11:16:12.921  1358: 1458 I/         ]
                                              TimaKeyStore: encryptFilename : filename is: 335389ABE58238C638A54552A1B1AF5FA5E59DB1D1F63972EE2A29281309D778227C7771AEA5C8928CBB979D1B1E7869BC072A1ED202FE150A0FE8C7245F0EAB
01-06 11:16:12.921 1358-1458/? D/TimaService: TIMA: in getTimaVersion
                                              
                                              [ 01-06 11:16:12.921  1358: 1458 I/         ]
                                              TimaKeyStore: /data/misc/fips_tima_keystore/user_0/335389ABE58238C638A54552A1B1AF5FA5E59DB1D1F63972EE2A29281309D778227C7771AEA5C8928CBB979D1B1E7869BC072A1ED202FE150A0FE8C7245F0EAB exists
                                              
                                              [ 01-06 11:16:12.921  1358: 1458 I/         ]
                                              TimaKeyStore: tima_KeyStore3_get_JNI
                                              
                                              
                                              [ 01-06 11:16:12.921  1358: 1458 I/         ]
                                              TimaKeyStore: callingUid is 1000
01-06 11:16:12.921 1358-1458/? E/TLC_TZ_KEYSTORE:: Inside TZ_KEYSTORE_encrypt_filename()
01-06 11:16:12.921 1358-1458/? I/TLC_TZ_KEYSTORE:: creating new keystore context...
01-06 11:16:12.921 1358-1458/? I/TLC_TZ_KEYSTORE:: initializing ccm context...
01-06 11:16:12.921 1358-1458/? I/TLC_TZ_KEYSTORE:: root = /firmware/image, root_strlen = 15
01-06 11:16:12.921 1358-1458/? I/TLC_TZ_KEYSTORE:: process = tima_key, process_strlen = 8
01-06 11:16:12.921 1358-1458/? I/TZ: qc_tlc_communication: root = /firmware/image, root_len = 15
01-06 11:16:12.921 1358-1458/? I/TZ: qc_tlc_communication: process = tima_key, process_strlen = 8
01-06 11:16:12.921 1358-1458/? I/TZ: qc_tlc_communication: aligned max_sendmsg_size = 1088 = 0x440
01-06 11:16:12.921 1358-1458/? I/TZ: qc_tlc_communication: aligned max_recvmsg_size = 1088 = 0x440
01-06 11:16:12.921 1358-1458/? I/TZ: qc_tlc_communication: max_message_size = 2176 = 0x880
01-06 11:16:12.921 1358-1458/? D/QSEECOMAPI:: QSEECom_get_handle sb_length = 0x880
01-06 11:16:12.921 1358-1458/? D/QSEECOMAPI:: App is not loaded in QSEE
01-06 11:16:12.921 1358-1458/? D/QSEECOMAPI:: app_arch = 1, total_files = 8
01-06 11:16:12.971 1358-1458/? D/QSEECOMAPI:: Loaded image: APP id = 116
01-06 11:16:12.971 1358-1458/? I/TZ: qc_tlc_communication: TLC_COMM: path = /firmware/image, fname = tima_key, tzapp is loaded
01-06 11:16:12.971 1358-1458/? I/TLC_TZ_KEYSTORE:: ctx = 0x7f6b9b3de0, comm = 0x7f6bb82f00, sendmsg = 0x7f77ed1000, recvmsg = 0x7f77ed1440
01-06 11:16:12.971 1358-1458/? I/TLC_TZ_COMMON: get_filename:: TZ_COMMON: Get_filename - allow_hashing: 0
01-06 11:16:12.971 1358-1458/? I/TLC_TZ_COMMON: get_filename:: TZ GetFN : priv_data.in_filename: 1000_KS_SKEY_PersonaPwdResetToken0, len: 34
01-06 11:16:12.971 1358-1458/? I/TLC_TZ_COMMON: get_filename:: TZ CCM : priv_data.in_fn_len: 34
01-06 11:16:12.971 1358-1458/? I/TLC_TZ_COMMON: get_filename:: TZ GetFN : Starting
01-06 11:16:12.981 1358-1458/? I/TLC_TZ_COMMON: get_filename:: TZ GetFN : enc filename: 335389ABE58238C638A54552A1B1AF5FA5E59DB1D1F63972EE2A29281309D778227C7771AEA5C8928CBB979D1B1E7869BC072A1ED202FE150A0FE8C7245F0EAB
01-06 11:16:12.981 1358-1458/? D/QSEECOMAPI:: QSEECom_dealloc_memory 
01-06 11:16:12.981 1358-1458/? D/QSEECOMAPI:: QSEECom_shutdown_app, app_id = 116
01-06 11:16:12.981 1358-1458/? E/TLC_TZ_KEYSTORE:: Count : 1, Ret : 0
                                                   
                                                   [ 01-06 11:16:12.981  1358: 1458 I/         ]
                                                   TimaKeyStore: encryptFilename : filename is: 335389ABE58238C638A54552A1B1AF5FA5E59DB1D1F63972EE2A29281309D778227C7771AEA5C8928CBB979D1B1E7869BC072A1ED202FE150A0FE8C7245F0EAB
01-06 11:16:12.981 1358-1458/? I/TLC_TZ_KEYSTORE:: TZ_KEYSTORE_fips_unwrap_key
01-06 11:16:12.981 1358-1458/? I/TLC_TZ_KEYSTORE:: creating new keystore context...
01-06 11:16:12.981 1358-1458/? I/TLC_TZ_KEYSTORE:: initializing ccm context...
01-06 11:16:12.981 1358-1458/? I/TLC_TZ_KEYSTORE:: root = /firmware/image, root_strlen = 15
01-06 11:16:12.981 1358-1458/? I/TLC_TZ_KEYSTORE:: process = tima_key, process_strlen = 8
01-06 11:16:12.981 1358-1458/? I/TZ: qc_tlc_communication: root = /firmware/image, root_len = 15
01-06 11:16:12.981 1358-1458/? I/TZ: qc_tlc_communication: process = tima_key, process_strlen = 8
01-06 11:16:12.981 1358-1458/? I/TZ: qc_tlc_communication: aligned max_sendmsg_size = 1088 = 0x440
01-06 11:16:12.981 1358-1458/? I/TZ: qc_tlc_communication: aligned max_recvmsg_size = 1088 = 0x440
01-06 11:16:12.981 1358-1458/? I/TZ: qc_tlc_communication: max_message_size = 2176 = 0x880
01-06 11:16:12.981 1358-1458/? D/QSEECOMAPI:: QSEECom_get_handle sb_length = 0x880
01-06 11:16:12.981 1358-1458/? D/QSEECOMAPI:: App is not loaded in QSEE
01-06 11:16:12.981 1358-1458/? D/QSEECOMAPI:: app_arch = 1, total_files = 8
01-06 11:16:13.021 1358-1458/? D/QSEECOMAPI:: Loaded image: APP id = 117
01-06 11:16:13.031 1358-1458/? I/TZ: qc_tlc_communication: TLC_COMM: path = /firmware/image, fname = tima_key, tzapp is loaded
01-06 11:16:13.031 1358-1458/? I/TLC_TZ_KEYSTORE:: ctx = 0x7f6b9b3de0, comm = 0x7f6bb82f00, sendmsg = 0x7f77ed1000, recvmsg = 0x7f77ed1440
01-06 11:16:13.031 1358-1458/? I/TLC_TZ_KEYSTORE: unwrap_key:: TZ_KEYSTORE_fips_unwrap_key_TLC...
01-06 11:16:13.031 1358-1458/? I/TLC_TZ_KEYSTORE: unwrap_key:: TZ_KEYSTORE_unwrap_key_START...
01-06 11:16:13.031 1358-1458/? I/TLC_TZ_KEYSTORE: unwrap_key:: TZ_KEYSTORE_unwrap_key_END...
01-06 11:16:13.031 1358-1458/? D/QSEECOMAPI:: QSEECom_dealloc_memory 
01-06 11:16:13.031 1358-1458/? D/QSEECOMAPI:: QSEECom_shutdown_app, app_id = 117
01-06 11:16:13.041 1358-1458/? E/TLC_TZ_KEYSTORE:: Count : 1, Ret : 0
                                                   
                                                   [ 01-06 11:16:13.041  1358: 1458 I/         ]
                                                   TimaKeyStore: returning bytearray
01-06 11:16:13.041 993-1213/? E/SDP_DAEMON_SKMM2: int __read_payload(int, void*, size_t)(size:660)
01-06 11:16:13.041 1358-1458/? D/TimaHelper: Found key : PersonaPwdResetToken0 from TIMA keystore
01-06 11:16:13.041 1358-1458/? I/KeyManagementUtil: retrieveCMK :: Inside
01-06 11:16:13.041 1358-1458/? D/KeyManagementUtil: verifyKEK :: Inside
01-06 11:16:13.041 1358-1458/? D/KeyManagementUtil: SND -> {keymanagement_cmd verify_kek}
01-06 11:16:13.041 993-1213/? D/SDP_JNI_SKMM2:  [sdp] CALL - VerifyKEK..... 
01-06 11:16:13.041 993-1213/? D/SDP_JNI_SKMM2: verifyKEK ..... 
01-06 11:16:13.041 993-1213/? D/SDP_JNI_SKMM2: verifyKEK :: id=0, type=MDM
01-06 11:16:13.041 993-1213/? D/QSEECOMAPI:: QSEECom_get_handle sb_length = 0x400
01-06 11:16:13.051 993-1213/? D/QSEECOMAPI:: App is not loaded in QSEE
01-06 11:16:13.051 993-1213/? D/QSEECOMAPI:: app_arch = 1, total_files = 8
01-06 11:16:13.091 993-1213/? D/QSEECOMAPI:: Loaded image: APP id = 118
01-06 11:16:13.091 993-1213/? I/SDP_DAEMON_SKMM2: Initialized Successfully(0)
01-06 11:16:13.091 993-1213/? I/SDP_DAEMON_SKMM2: security.mdpp(Ready)
01-06 11:16:13.091 993-1213/? I/SDP_DAEMON_SKMM2: security.mdpp.mass(skmm)
01-06 11:16:13.111 993-1213/? D/QSEECOMAPI:: QSEECom_dealloc_memory 
01-06 11:16:13.111 993-1213/? D/QSEECOMAPI:: QSEECom_shutdown_app, app_id = 118
01-06 11:16:13.111 993-1213/? D/SDP_JNI_SKMM2: verifyKEK ..... End
01-06 11:16:13.111 1358-2130/? D/KeyManagementUtil: RCV <-
01-06 11:16:13.111 1358-1458/? D/KeyManagementUtil: RMV <-
01-06 11:16:13.121 1358-1458/? D/KeyManagementUtil: event called.
01-06 11:16:13.121 1358-1458/? D/SdpManagerService: cacheMasterKey :: 0
01-06 11:16:13.121 1358-1458/? E/SDP.CRYPTO: int sdp_drv_on_unlocked(int, const char*, int)(0)
01-06 11:16:13.121 1358-1458/? E/SDP.CRYPTO: Rpri loaded
01-06 11:16:13.121 1358-1458/? E/SDP.CRYPTO: Dpri loaded
01-06 11:16:13.121 1358-1458/? E/SDP.CRYPTO: No hash for ECDH verification.. need to migrate?? 
01-06 11:16:13.121 1358-1458/? E/SDP.CRYPTO: EDpri loaded
01-06 11:16:13.121 1358-1458/? E/SDP.CRYPTO: sym loaded
01-06 11:16:13.121 1358-1458/? E/SDP.CRYPTO:     On User Unlock OK, id 0
01-06 11:16:13.121 1358-1458/? E/SdpManagerService: sendBroadcastAsUser(INTENT_SDP_STATE_CHANGED, state:2)
01-06 11:16:13.121 2266-8550/? D/KeyguardViewMediator: unlockSdp :: Unlock SDP Successful..!
01-06 11:16:13.131 1358-1529/? V/BroadcastQueue: [foreground] Process cur broadcast BroadcastRecord{13116b4 u0 com.sec.sdp.SDP_STATE_CHANGED qIdx=2}, state= (APP_RECEIVE) DELIVERED for app ProcessRecord{b82d38e 7747:com.sec.android.app.sbrowser/u0a128}
01-06 11:16:13.131 1358-2699/? E/SdpServiceKeeper: isLicensed {pid:7747 uid:10128 userid:0 doPkg:null}
01-06 11:16:13.131 1358-2699/? E/SdpServiceKeeper: White listed. Skip license activation
01-06 11:16:13.141 7747-7747/? E/SdpStateChangedReceiver: com.sec.enterprise.knox.sdp.exception.SdpEngineNotExistsException
01-06 11:16:13.531 2266-2522/? D/NetworkController.MobileSignalController(0/1): onSignalStrengthsChanged signalStrength=SignalStrength: 99 99 -120 -160 -120 -1 -1 22 -98 -9 134 -1 2147483647 0x3000 gsm|lte level=3
01-06 11:16:13.531 2266-2522/? D/NetworkController.MobileSignalController(0/1): getMobileIconGroup(): 13
01-06 11:16:13.531 2266-2522/? D/NetworkController.MobileSignalController(0/1): updateCMCCMobileIconGroup(): 13
01-06 11:16:13.601 936-1430/? D/audio_hw_primary: out_standby: enter: stream (0xef16a700) usecase(1: low-latency-playback)
01-06 11:16:13.641 936-1430/? V/audio_hw_primary: stop_output_stream: enter: usecase(1: low-latency-playback)
01-06 11:16:13.641 936-1430/? V/audio_hw_primary: disable_audio_route: enter: usecase(1)
01-06 11:16:13.641 936-1430/? D/audio_hw_primary: disable_audio_route: reset and update mixer path: low-latency-playback speaker
01-06 11:16:13.641 936-1430/? D/audio_route: Setting mixer control: PRI_MI2S_RX Audio Mixer MultiMedia5, value: 0
01-06 11:16:13.651 936-1430/? V/audio_hw_primary: disable_audio_route: exit
01-06 11:16:13.651 936-1430/? D/hardware_info: hw_info_append_hw_type : device_name = speaker
01-06 11:16:13.651 936-1430/? D/audio_hw_primary: disable_snd_device: snd_device(2: speaker)
01-06 11:16:13.651 936-1430/? V/audio_hw_primary: [MAXIM] dsm_spkr_prot_control_tx_topology() enable:0, dsm_is_enabled:1
01-06 11:16:13.671 936-1430/? D/hardware_info: hw_info_append_hw_type : device_name = vi-feedback
01-06 11:16:13.671 936-1430/? D/audio_hw_primary: disable_snd_device: snd_device(403: vi-feedback)
01-06 11:16:13.671 936-1430/? V/audio_hw_primary: disable_audio_route: enter: usecase(42)
01-06 11:16:13.671 936-1430/? D/audio_hw_primary: disable_audio_route: reset and update mixer path: spkr-vi-feedback
01-06 11:16:13.671 936-1430/? D/audio_route: Setting mixer control: MultiMedia2 Mixer PRI_MI2S_TX, value: 0
01-06 11:16:13.681 936-1430/? V/audio_hw_primary: disable_audio_route: exit
01-06 11:16:13.681 936-1430/? V/audio_hw_primary: [MAXIM] dsm_spkr_prot_control_tx_topology() dsm disabled
01-06 11:16:13.681 936-1430/? V/audio_hw_primary: stop_output_stream: exit: status(0)
01-06 11:16:13.681 936-1430/? V/audio_hw_primary: out_standby: exit
01-06 11:16:13.681 936-1430/? V/audio_hw_primary: out_get_parameters: enter: keys - isDeepStandby
01-06 11:16:13.681 936-1430/? V/audio_hw_primary: out_get_parameters: exit: returns - TRUE
01-06 11:16:13.681 936-1430/? V/audio_hw_primary: out_get_parameters: enter: keys - isActiveInput
01-06 11:16:13.681 936-1430/? V/audio_hw_primary: out_get_parameters: exit: returns - FALSE
01-06 11:16:13.801 1358-1693/? W/PackageManager: verifying app can be installed or not
01-06 11:16:13.801 1358-1693/? D/ApplicationPolicy: isApplicationInstallationEnabled
01-06 11:16:13.801 1358-1693/? I/MSTG: com.cisco.wx2.android.test is installing..
01-06 11:16:13.801 1358-1693/? D/ApplicationPolicy: isApplicationInstallationEnabled :  Checking PKG WL - false
01-06 11:16:13.801 1358-1693/? D/ApplicationPolicy: isApplicationInstallationEnabled :  Checking PKG BL - true
01-06 11:16:13.801 1358-1693/? D/ApplicationPolicy: isApplicationInstallationEnabled :  Checking PERM BL - true
01-06 11:16:13.801 1358-1693/? D/ApplicationPolicy: isApplicationInstallationEnabled :  Checking SIG BL - true
01-06 11:16:13.801 1358-1693/? D/ApplicationPolicy: isApplicationInstallationEnabled :  enabled true
01-06 11:16:13.801 1358-1693/? I/AASAInstall: ship device
01-06 11:16:13.801 1358-1693/? E/NativeLibraryHelper: Failed to load assets verifier: 0
01-06 11:16:13.811 954-954/? E/installd: Couldn't opendir /data/app/vmdl685610090.tmp/oat/arm64: No such file or directory
01-06 11:16:13.811 1358-1693/? I/PackageManager.DexOptimizer: Running dexopt (dex2oat) on: /data/app/vmdl685610090.tmp/base.apk pkg=com.cisco.wx2.android.test isa=arm64 vmSafeMode=false debuggable=true oatDir = /data/app/vmdl685610090.tmp/oat bootComplete=true
01-06 11:16:13.841 4865-8549/? D/WeChatWifiService: getWecChatAccessPoint, returnCode: 3
01-06 11:16:13.841 4865-8549/? D/WeChatWifiService: sendLogoutNotification, not send Notification
01-06 11:16:13.881 8589-8589/? I/dex2oat: /system/bin/dex2oat --debuggable
01-06 11:16:14.781 2768-2790/? D/ContactsProvider_EventLog: contents_sample_state: [ contacts(0) data(0) accounts({}) accounts deleted({}) calls([])  ]
                                                            contents_sample_state: [ agr({})  ]
01-06 11:16:16.081 2266-2522/? D/NetworkController.MobileSignalController(0/1): onSignalStrengthsChanged signalStrength=SignalStrength: 99 99 -120 -160 -120 -1 -1 23 -98 -12 98 -1 2147483647 0x3000 gsm|lte level=3
01-06 11:16:16.081 2266-2522/? D/NetworkController.MobileSignalController(0/1): getMobileIconGroup(): 13
01-06 11:16:16.081 2266-2522/? D/NetworkController.MobileSignalController(0/1): updateCMCCMobileIconGroup(): 13
01-06 11:16:16.561 1358-2121/? D/InputReader: Input event(6): value=1 when=923570283000
01-06 11:16:16.561 1358-2121/? D/InputReader: Input event(6): value=1 when=923570283000
01-06 11:16:16.561 1358-2121/? I/InputReader: Touch event's action is 0x0 (deviceType=0) [pCnt=1, s=0.86 ] when=923570283000
01-06 11:16:16.561 1358-2121/? D/InputReader: lastThreadEndTime = 918492354649, currentThreadStartTime = 918492384909, diff = 0
01-06 11:16:16.561 1358-2120/? I/InputDispatcher: Delivering touch to (2266): action: 0x4, toolType: 1
01-06 11:16:16.561 1358-2120/? I/InputDispatcher: Delivering touch to (4668): action: 0x4, toolType: 1
01-06 11:16:16.561 1358-2120/? I/InputDispatcher: Delivering touch to (8356): action: 0x0, toolType: 1
01-06 11:16:16.561 8356-8356/? D/ViewRootImpl: ViewPostImeInputStage processPointer 0
01-06 11:16:16.561 4668-4668/? D/AutoHideHelper: ###check Single invalid
01-06 11:16:16.621 1358-2121/? D/InputReader: Input event(6): value=0 when=923635543000
01-06 11:16:16.621 1358-2121/? D/InputReader: Input event(6): value=0 when=923635543000
01-06 11:16:16.621 1358-2121/? I/InputReader: Touch event's action is 0x1 (deviceType=0) [pCnt=1, s=] when=923635543000
01-06 11:16:16.621 1358-2120/? I/InputDispatcher: Delivering touch to (8356): action: 0x1, toolType: 1
01-06 11:16:16.621 8356-8356/? D/ViewRootImpl: ViewPostImeInputStage processPointer 1
01-06 11:16:16.711 8356-8356/? I/InjectionManager: dispatchOptionsItemSelected :com.android.packageinstaller.permission.ui.ManagePermissionsActivity
01-06 11:16:16.711 8356-8356/? I/InjectionManager: dispatchOptionsItemSelected :com.android.packageinstaller.permission.ui.handheld.AppPermissionsFragment
01-06 11:16:16.721 8356-8356/? I/Switch: Immediately mode attached=false laidOut=false
01-06 11:16:16.721 8356-8356/? I/Switch: Immediately mode attached=false laidOut=false
01-06 11:16:16.731 8356-8356/? I/InjectionManager: dispatchOnViewCreated > Target : com.android.packageinstaller.permission.ui.handheld.AllAppPermissionsFragment isFragment :true
01-06 11:16:16.801 8356-8356/? W/ResourcesManager: getTopLevelResources: /data/app/com.cisco.wx2.android-1/base.apk / 1.0 running in com.samsung.android.packageinstaller rsrc of package com.cisco.wx2.android
01-06 11:16:16.801 8356-8356/? D/ResourcesManager: For user 0 new overlays fetched Null
01-06 11:16:16.811 8356-8356/? I/ApplicationPackageManager: load=com.cisco.wx2.android, bg=192-192, dr=192-192
01-06 11:16:16.821 8356-8356/? I/ApplicationPackageManager: scaled rate=0.94, size=192, alpha=0, hold=26, target=192
01-06 11:16:16.831 8356-8356/? W/ResourcesManager: getTopLevelResources: /data/app/com.cisco.wx2.android-1/base.apk / 1.0 running in com.samsung.android.packageinstaller rsrc of package com.cisco.wx2.android
01-06 11:16:16.831 8356-8356/? W/ResourcesManager: getTopLevelResources: /system/framework/framework-res.apk / 1.0 running in com.samsung.android.packageinstaller rsrc of package android
01-06 11:16:16.841 8356-8356/? W/ResourcesManager: getTopLevelResources: /system/framework/framework-res.apk / 1.0 running in com.samsung.android.packageinstaller rsrc of package android
01-06 11:16:16.841 8356-8356/? W/ResourcesManager: getTopLevelResources: /system/framework/framework-res.apk / 1.0 running in com.samsung.android.packageinstaller rsrc of package android
01-06 11:16:16.841 8356-8356/? W/ResourcesManager: getTopLevelResources: /system/framework/framework-res.apk / 1.0 running in com.samsung.android.packageinstaller rsrc of package android
01-06 11:16:16.841 8356-8356/? W/ResourcesManager: getTopLevelResources: /system/framework/framework-res.apk / 1.0 running in com.samsung.android.packageinstaller rsrc of package android
01-06 11:16:16.841 8356-8356/? W/ResourcesManager: getTopLevelResources: /system/framework/framework-res.apk / 1.0 running in com.samsung.android.packageinstaller rsrc of package android
01-06 11:16:16.851 8356-8356/? W/ResourcesManager: getTopLevelResources: /system/framework/framework-res.apk / 1.0 running in com.samsung.android.packageinstaller rsrc of package android
01-06 11:16:16.851 8356-8356/? W/ResourcesManager: getTopLevelResources: /system/framework/framework-res.apk / 1.0 running in com.samsung.android.packageinstaller rsrc of package android
01-06 11:16:16.851 8356-8356/? W/ResourcesManager: getTopLevelResources: /system/framework/framework-res.apk / 1.0 running in com.samsung.android.packageinstaller rsrc of package android
01-06 11:16:16.851 8356-8356/? W/ResourcesManager: getTopLevelResources: /system/framework/framework-res.apk / 1.0 running in com.samsung.android.packageinstaller rsrc of package android
01-06 11:16:16.851 8356-8356/? W/ResourcesManager: getTopLevelResources: /system/framework/framework-res.apk / 1.0 running in com.samsung.android.packageinstaller rsrc of package android
01-06 11:16:16.851 8356-8356/? W/ResourcesManager: getTopLevelResources: /system/framework/framework-res.apk / 1.0 running in com.samsung.android.packageinstaller rsrc of package android
01-06 11:16:16.851 8356-8356/? W/ResourcesManager: getTopLevelResources: /system/framework/framework-res.apk / 1.0 running in com.samsung.android.packageinstaller rsrc of package android
01-06 11:16:16.861 8356-8356/? W/ResourcesManager: getTopLevelResources: /system/framework/framework-res.apk / 1.0 running in com.samsung.android.packageinstaller rsrc of package android
01-06 11:16:16.861 8356-8356/? W/ResourcesManager: getTopLevelResources: /system/framework/framework-res.apk / 1.0 running in com.samsung.android.packageinstaller rsrc of package android
01-06 11:16:16.861 8356-8356/? W/ResourcesManager: getTopLevelResources: /system/framework/framework-res.apk / 1.0 running in com.samsung.android.packageinstaller rsrc of package android
01-06 11:16:16.861 8356-8356/? W/ResourcesManager: getTopLevelResources: /system/framework/framework-res.apk / 1.0 running in com.samsung.android.packageinstaller rsrc of package android
01-06 11:16:16.871 8356-8356/? W/ResourcesManager: getTopLevelResources: /system/framework/framework-res.apk / 1.0 running in com.samsung.android.packageinstaller rsrc of package android
01-06 11:16:16.871 8356-8356/? W/ResourcesManager: getTopLevelResources: /system/framework/framework-res.apk / 1.0 running in com.samsung.android.packageinstaller rsrc of package android
01-06 11:16:16.871 8356-8356/? W/ResourcesManager: getTopLevelResources: /system/framework/framework-res.apk / 1.0 running in com.samsung.android.packageinstaller rsrc of package android
01-06 11:16:16.871 8356-8356/? W/ResourcesManager: getTopLevelResources: /system/framework/framework-res.apk / 1.0 running in com.samsung.android.packageinstaller rsrc of package android
01-06 11:16:16.881 8356-8356/? W/ResourcesManager: getTopLevelResources: /system/framework/framework-res.apk / 1.0 running in com.samsung.android.packageinstaller rsrc of package android
01-06 11:16:16.881 8356-8356/? W/ResourcesManager: getTopLevelResources: /system/framework/framework-res.apk / 1.0 running in com.samsung.android.packageinstaller rsrc of package android
01-06 11:16:16.881 8356-8356/? W/ResourcesManager: getTopLevelResources: /system/framework/framework-res.apk / 1.0 running in com.samsung.android.packageinstaller rsrc of package android
01-06 11:16:16.881 8356-8356/? W/ResourcesManager: getTopLevelResources: /system/framework/framework-res.apk / 1.0 running in com.samsung.android.packageinstaller rsrc of package android
01-06 11:16:16.881 8356-8356/? W/ResourcesManager: getTopLevelResources: /system/framework/framework-res.apk / 1.0 running in com.samsung.android.packageinstaller rsrc of package android
01-06 11:16:16.881 8356-8356/? W/ResourcesManager: getTopLevelResources: /system/framework/framework-res.apk / 1.0 running in com.samsung.android.packageinstaller rsrc of package android
01-06 11:16:16.891 8356-8356/? W/ResourcesManager: getTopLevelResources: /system/framework/framework-res.apk / 1.0 running in com.samsung.android.packageinstaller rsrc of package android
01-06 11:16:16.891 8356-8356/? W/ResourcesManager: getTopLevelResources: /system/framework/framework-res.apk / 1.0 running in com.samsung.android.packageinstaller rsrc of package android
01-06 11:16:16.901 8356-8356/? W/ResourcesManager: getTopLevelResources: /system/framework/framework-res.apk / 1.0 running in com.samsung.android.packageinstaller rsrc of package android
01-06 11:16:16.901 8356-8356/? W/ResourcesManager: getTopLevelResources: /system/framework/framework-res.apk / 1.0 running in com.samsung.android.packageinstaller rsrc of package android
01-06 11:16:16.911 8356-8356/? W/ResourcesManager: getTopLevelResources: /system/framework/framework-res.apk / 1.0 running in com.samsung.android.packageinstaller rsrc of package android
01-06 11:16:16.911 8356-8356/? W/ResourcesManager: getTopLevelResources: /system/framework/framework-res.apk / 1.0 running in com.samsung.android.packageinstaller rsrc of package android
01-06 11:16:16.911 8356-8356/? W/ResourcesManager: getTopLevelResources: /system/framework/framework-res.apk / 1.0 running in com.samsung.android.packageinstaller rsrc of package android
01-06 11:16:16.911 8356-8356/? W/ResourcesManager: getTopLevelResources: /system/framework/framework-res.apk / 1.0 running in com.samsung.android.packageinstaller rsrc of package android
01-06 11:16:16.911 8356-8356/? W/ResourcesManager: getTopLevelResources: /system/framework/framework-res.apk / 1.0 running in com.samsung.android.packageinstaller rsrc of package android
01-06 11:16:16.911 8356-8356/? W/ResourcesManager: getTopLevelResources: /system/framework/framework-res.apk / 1.0 running in com.samsung.android.packageinstaller rsrc of package android
01-06 11:16:16.911 8356-8356/? W/ResourcesManager: getTopLevelResources: /system/framework/framework-res.apk / 1.0 running in com.samsung.android.packageinstaller rsrc of package android
