01-06 11:03:26.161  1358  2110 I CAE     : display(ContextProvider.java:391) - Accuracy=[0], OperationMode=[0], ActivityType=[-1], TimeStamp=[1452049406000]
01-06 11:03:26.161  1358  1358 W CAE     : getContextInfo(ContextAwareService.java:511) - [getContext 02] Mutex is unlocked for ACTIVITY_TRACKER_CURRENT_INFO
01-06 11:03:26.161  1358  2113 D SContextService: updateSContext() : event = Activity Tracker
01-06 11:03:26.161  1358  1358 D SContextService: requestToUpdate() : service = Activity Tracker
01-06 11:03:26.161  1358  1358 D SContextManager:   .requestToUpdate : listener = com.android.server.wifi.WifiServiceImpl$11@4706a4d, service=Activity Tracker
01-06 11:03:26.161  1358  2149 D SecContentProvider2: query(), uri = 20 selection = getPromptCredentialsEnabled
01-06 11:03:26.171  2279  2279 I ThemeManager: Inside onReceive intent value android.intent.action.SCREEN_ON
01-06 11:03:26.191  7657  7657 E Zygote  : v2
01-06 11:03:26.191  7657  7657 W SELinux : Function: selinux_compare_spd_ram, index[1], priority [2], priority version is VE=SEPF_SECMOBILE_6.0.1_0025
01-06 11:03:26.191  7657  7657 E Zygote  : accessInfo : 0
01-06 11:03:26.191  3040  3040 D AODService: dismissWindow
01-06 11:03:26.191  7657  7657 W SELinux : SELinux: seapp_context_lookup: seinfo=release, level=s0:c512,c768, pkgname=com.sec.android.providers.chinaholiday 
01-06 11:03:26.191  3040  3040 D DefaultClockView:  dismiss
01-06 11:03:26.191   958  1170 D qti_sensorhub_hal: SNS_OEM_2_REPORT_IND index[1] number[1] total[10]
01-06 11:03:26.191   958  1170 D qti_sensorhub_hal: Activities: 1 ts: 5090434
01-06 11:03:26.201  1358  2111 D SensorHubManager: onGetSensorHubDataLocked: library(10) = 1, 1, 26, 1, 0, -89, -16, -128, 0, 2
01-06 11:03:26.201  1358  2110 D CAE     : onGetSensorHubData(SensorHubParserProvider.java:92) - onGetSensorHubData Event [event buffer len :10], AP_WAKEUP
01-06 11:03:26.201  1358  2110 I CAE     : parse(SensorHubParserProvider.java:188) - buffer size = 10
01-06 11:03:26.201  1358  2110 I CAE     : parse(SensorHubParserProvider.java:199) - 1, 1, 26, 1, 0, -89, -16, -128, 0, 2,
01-06 11:03:26.201  1358  2110 D CAE     : display(ContextProvider.java:375) - ================= ACTIVITY_TRACKER =================
01-06 11:03:26.201  1358  2110 I CAE     : display(ContextProvider.java:391) - Accuracy=[2], OperationMode=[0], ActivityType=[0], TimeStamp=[1452049406080]
01-06 11:03:26.201  1358  2113 D SContextService: updateSContext() : event = Activity Tracker
01-06 11:03:26.201  1358  1358 D WifiStateMachine: setWifiScanMove bMove = 0
01-06 11:03:26.201  1358  1358 I WifiStateMachine: not vehicle, sendMessageDelayed CMD_SET_SCAN_MOVE with 0
01-06 11:03:26.201  1358  2149 I WifiStateMachine: DriverStartedState :: CMD_SET_SCAN_MOVE(0) 
01-06 11:03:26.201   648  3322 D libEGL  : eglTerminate EGLDisplay = 0x7f84dbeea8
01-06 11:03:26.201   648  3322 D libEGL  : eglTerminate EGLDisplay = 0x7f84dbeea8
01-06 11:03:26.201  2459  2459 I wpa_supplicant: @@wpa_supplicant_set_scan_move : set [0]
01-06 11:03:26.201  3040  3040 D ViewRootImpl: #3 mView = null
01-06 11:03:26.201   648   671 I SurfaceFlinger: id=55 Removed BOD (9/11)
01-06 11:03:26.201   648   675 I SurfaceFlinger: id=55 Removed BOD (-2/11)
01-06 11:03:26.201   648   648 D libEGL  : eglTerminate EGLDisplay = 0x7fe9458218
01-06 11:03:26.221   648   648 D libEGL  : eglInitialize EGLDisplay = 0x7fe9458118
01-06 11:03:26.231  7657  7657 D TimaKeyStoreProvider: TimaSignature is unavailable
01-06 11:03:26.231  7657  7657 D ActivityThread: Added TimaKeyStore provider
01-06 11:03:26.241  7657  7657 D RelationGraph: garbageCollect()
01-06 11:03:26.241  7657  7657 I InjectionManager: Inside getClassLibPath + mLibMap{0=, 1=}
01-06 11:03:26.251  7657  7657 I InjectionManager: Inside getClassLibPath caller 
01-06 11:03:26.251  7657  7657 W System  : ClassLoader referenced unknown path: /system/app/ChinaHolidayProvider_M/lib/arm64
01-06 11:03:26.261  7657  7657 D InjectionManager: InjectionManager
01-06 11:03:26.261  7657  7657 D InjectionManager: fillFeatureStoreMap com.sec.android.providers.chinaholiday
01-06 11:03:26.261  7657  7657 I InjectionManager: Constructor com.sec.android.providers.chinaholiday, Feature store :{}
01-06 11:03:26.261  7657  7657 I InjectionManager: featureStore :{}
01-06 11:03:26.271  2279  2279 I ThemeManager:  **getChinaHolidayPeriod cursorChn  android.content.ContentResolver$CursorWrapperInner@741aa5d-->startday2457394
01-06 11:03:26.271  2279  2279 I ThemeManager:  **getChinaHolidayPeriod Inside if, with cursor size -  0
01-06 11:03:26.271  2279  2279 I ThemeManager: Inside EventBroadCastReceiver ->null-->null
01-06 11:03:26.271  2279  2279 I ThemeManager: doneDate : 2016:01:06
01-06 11:03:26.271  2279  2279 I ThemeManager: Date : 2016:01:06
01-06 11:03:26.271  1358  1523 D GpsLocationProvider: receive broadcast intent, action: android.intent.action.SCREEN_ON
01-06 11:03:26.291  2550  2550 D FusedLocationReceiver: BroadcastReceiver : ACTION_SCREEN_ON
01-06 11:03:26.291  1358  1358 D PersonaManagerService: ACTION_SCREEN_ON onReceive
01-06 11:03:26.301  1358  1705 D PersonaManagerServiceHandler: MSG_ACTION_SCREEN_ON called
01-06 11:03:26.301  1358  2782 D CoverManagerWhiteLists: isAllowedToUse : SIGNATURE_MATCH
01-06 11:03:26.301  2636  2636 I NfcService: When receiving ACTION_SCREEN_ON, S view cover is already opened. So screenState is ON_UNLOCKED by isKeyguardLocked()
01-06 11:03:26.301  2636  5056 D NfcService: call the applyRouting
01-06 11:03:26.301  2636  3805 E NxpNfcJni: getReconnectState = 0x0
01-06 11:03:26.321  2751  2751 D PdnController: handleAnyDataConnectionStateChange: state [DISCONNECTED] reason [SCREEN_ON] apnType [default] 
01-06 11:03:26.321  2751  2751 D PdnController: CONNECTIVITY_ACTION: networkType 0 isConnected false
01-06 11:03:26.321  2751  2751 D PdnController: isSuspended [false] networktype [0]
01-06 11:03:26.321  2751  2751 D PdnController: isIfaceDisconnected result [true] networkType [0] interfaceName [null] 
01-06 11:03:26.321  2751  2751 D PdnController: isPdnUp  [false] networktype [0]
01-06 11:03:26.321  2751  2751 D PdnController: isSuspended : []
01-06 11:03:26.321  2751  2751 D PdnController: Ignore Notifying Same Result to LocalIP Registrants!
01-06 11:03:26.321  2644  2644 D PhoneApp: PhoneAppBroadcastReceiver onReceive android.intent.action.ANY_DATA_STATE
01-06 11:03:26.321  2636  3805 E NxpNfcJni: getReconnectState = 0x0
01-06 11:03:26.321  2644  2644 D PhoneInterfaceManager: [PhoneIntfMgr] getDataEnabled: subId=1 phoneId=0
01-06 11:03:26.321  2644  2644 D PhoneInterfaceManager: [PhoneIntfMgr] getDataEnabled: subId=1 retVal=false
01-06 11:03:26.321  2644  2644 D TelephonyManager: getDataEnabled: retVal=false
01-06 11:03:26.321  2644  2644 D FileWriteThread_Telephony: FileWriteThread : threadType = 3
01-06 11:03:26.321  2636  3805 E NfcNfa  : UICC/ESE[0x402] is not activated
01-06 11:03:26.331  2266  2522 D NetworkController.MobileSignalController(0/1): onDataActivity: direction=0
01-06 11:03:26.331  2502  6342 D PeopleNotiListenerService: onEdgeNotificationRemoved() : pkg com.android.phone,id=5,extra=Bundle[mParcelledData.dataSize=84]
01-06 11:03:26.331  2502  2502 D PeopleNotiListenerService: removeEdgeNotification:Bundle[{samsung.notification.id=5, samsung.notification.type=normal, samsung.people.package_name=com.android.phone}]
01-06 11:03:26.331  2502  2502 I PeopleStripeService: PeopleNotificationReceiver:3
01-06 11:03:26.331  2502  2502 I PeopleStripeService: sendEdgeNotification  peopleEnabled true lightingEnabled true edgeEnabled true
01-06 11:03:26.331  2502  2502 I PeopleDataManager: removeNotification
01-06 11:03:26.331  2502  2502 I NotificationParser: getNotiType:com.android.phone,null
01-06 11:03:26.331  2502  2502 D PeopleDataManager: removeNotiInfo: id =5,packageName=com.android.phone,isEdgeNotification=false,key=null,removeAll=false
01-06 11:03:26.331  2502  2502 D PeopleDataManager: removeNotiInfo =null
01-06 11:03:26.331  2266  2522 D NetworkController.MobileSignalController(0/1): onDataActivity: direction=0
01-06 11:03:26.341  3360  3360 D BtGatt.GattService: LCD turned on
01-06 11:03:26.341  3360  3608 D BtGatt.ScanManager: handleLcdOnIntent
01-06 11:03:26.341  3360  3608 D BtGatt.ScanManager: handleLcdOnIntent
01-06 11:03:26.341  2636  5056 D NfcService: index : 0
01-06 11:03:26.341  2636  5056 D NfcService: index : 1
01-06 11:03:26.341  3975  3975 D CocktailBarUiController: ACTION_SCREEN_ON
01-06 11:03:26.341  3975  3975 D AbstractCocktailPanelView: setPanelVisible: CocktailPortraitRemotePanelViewfalse will be hiden: 5
01-06 11:03:26.341  3975  3975 D CocktailBarPanelVisibilityManager: updateActivePanelView:  vis=false screenOn=true onTransit=false -hide: 5 current Active: 5
01-06 11:03:26.341  2636  5056 D NfcService: index : 2
01-06 11:03:26.341  3975  3975 E AbstractCocktailPanelView: notifyPanelVisibilityChanged: visibility not changed 2 id: 5
01-06 11:03:26.341  3975  3975 I TrayVisibilityController: handleMessage : msg.what = 1
01-06 11:03:26.341  3975  3975 I Utils   : isCurrentUser current = 0, ownerId = 0
01-06 11:03:26.341  3975  3975 I TrayVisibilityController: getComputedTrayVisible : keyguardState = 1
01-06 11:03:26.341  3975  3975 I TrayVisibilityController: updateTrayVisible : State : 1 visible = 1 mCurrentVisible = 2
01-06 11:03:26.341  3975  3975 D TrayStateController: putInputRect mDynamicInputRegion=104801031@LastEvent=t=1452049349452Rect(8, 0 - 64, 588),Rect=Rect(0, 0 - 0, 0)
01-06 11:03:26.341  3975  3975 D TrayStateController: putInputRect mDynamicInputRegion=104801031@LastEvent=t=1452049349452Rect(8, 0 - 64, 588),Rect=Rect(8, 0 - 64, 588)
01-06 11:03:26.341  3975  3975 D TrayStateTrigger: getTriggerMaginOnTop retY=550 h=2560 t=258 trigger=292 getTriggerPosition=1
01-06 11:03:26.341  2502  2502 D PeopleStripeService: ACTION_SCREEN_ON
01-06 11:03:26.341  3975  3975 D TrayStateController: setUiState: 2 --> 0
01-06 11:03:26.341  2502  2502 D PeopleStripeManager: onVisibilityChanged : 1
01-06 11:03:26.341  2502  2502 D PeopleStripeVisibilityController: setHiddenEdgePanel enable=false
01-06 11:03:26.341  2502  2502 I PeopleStripeVisibilityController: getComputedTrayVisible : keyguardState = 1
01-06 11:03:26.341  2502  2502 I PeopleStripeVisibilityController: isVisibleByAlwaysOn : mState = 1
01-06 11:03:26.351  2502  2502 I PeopleStripeProcessMonitor: isPeopleStripeTask packageName = com.android.settings 0
01-06 11:03:26.351  2502  2502 I PeopleStripeVisibilityController: updateStripeVisible : State 1 visible = 1
01-06 11:03:26.351   648   648 I SurfaceFlinger: id=56 createSurf (64x588),1 flag=4, DocktailBar
01-06 11:03:26.351  2502  2502 I PeopleStripeManager: isExistVisibleHandler false
01-06 11:03:26.351  2502  2502 I PeopleStripeManager: showStripe Not exist noti handler.
01-06 11:03:26.351  2502  2502 D EdgeLightingScreenStatus: reset
01-06 11:03:26.371  1358  1358 I SurveyLogManager: mDeviceInfo.mScreen = true
01-06 11:03:26.371  3975  3975 D CocktailBarUiController: onCocktailBarStateChanged: flag=0x1 vis=1 bgType=0 showTimeout=-1 activate=true
01-06 11:03:26.391  5651  5651 D [WeatherWidget(1173)]  AutoRefreshReceiver: {[43EB1C024052B99D53E991930172379649066DCD71647E333617CD2172B02E4547A69946B15986BF4A90CB892D98C986CA06B6FBB39F3320D4896B1686C1745F66FE58A1B23DE04B25BF1E62D94488D4]}
01-06 11:03:26.391  5651  5651 D [WeatherWidget(1173)]  AutoRefresh: {[6C1C865D6DD0B00ECC0A075BD88FDF04CE2F6EB6F3DE44DF4AA116F65F3787A1C3EB151D5EE46B9A67483A76F92A5308]}
01-06 11:03:26.401  1358  2617 V WindowStateAnimator: Finishing drawing window Window{8486e07 u0 d0 com.samsung.android.app.cocktailbarservice/com.samsung.android.app.cocktailbarservice.CocktailBarService}: mDrawState=DRAW_PENDING
01-06 11:03:26.401   648   648 D libEGL  : eglInitialize EGLDisplay = 0x7fe9458118
01-06 11:03:26.411  5651  5651 D [WeatherWidget(1173)]  WeatherScreenReceiver: {[AE44B1CAE710C9799F38EE823B33FC6F92A9C19BB921B49D1406D02974E87163A8B0430997E393CFB1B5A95DB10763CD692CFA270B828027C4CE8C7A80781DC8]}
01-06 11:03:26.411  5651  5651 D [WeatherWidget(1173)]  WidgetCount: {[65C2FDBB08E09D2E8E78BEFE0D618279BC32024A311F60279E75A9FD2AD8BED1]}
01-06 11:03:26.411  5651  5651 D [WeatherWidget(1173)]  WidgetCount: {[51D05FFECDA2C35BD99FAAEAA7B9A301D8214A931B4DF6B931F8CE1A3AEA4B14]}
01-06 11:03:26.411  5651  5651 D [WeatherWidget(1173)]  WidgetCount: {[6CEC719F0A07787F8C223B192FCD4687C55ED1AD256D01CA79B528F9A8936DA2AEE8FCF34DEAE62C4F0012DD0AEA3C4D450DA911871FFB9B1B25866B258CE216]}
01-06 11:03:26.411  5651  5651 D [WeatherWidget(1173)]  WidgetCount: {[29F12EEF03899EE7AFF5C26031AC6881D49E2751002F9BF9065215948B126C8B67A603081AFD7572E245036EFA4646822C52CA5D0A7E6FBB74AF4A20DEEE1ADB]}
01-06 11:03:26.411  4668  4668 D AirMsgUiService: is MMS locked ::: false
01-06 11:03:26.411  4668  4668 D AirMsgUiService: is WeChat locked ::: false
01-06 11:03:26.411  4668  4668 D AirMsgUiService: is MMS Change ===== false
01-06 11:03:26.411  4668  4668 D AirMsgUiService: is WeChat Change ====== false
01-06 11:03:26.411  5651  5651 D [WeatherWidget(1173)]  WidgetCount: {[65C2FDBB08E09D2E8E78BEFE0D618279BC32024A311F60279E75A9FD2AD8BED1]}
01-06 11:03:26.411  5651  5651 D [WeatherWidget(1173)]  WidgetCount: {[51D05FFECDA2C35BD99FAAEAA7B9A301D8214A931B4DF6B931F8CE1A3AEA4B14]}
01-06 11:03:26.411  5651  5651 D [WeatherWidget(1173)]  WidgetCount: {[6CEC719F0A07787F8C223B192FCD4687C55ED1AD256D01CA79B528F9A8936DA2AEE8FCF34DEAE62C4F0012DD0AEA3C4D450DA911871FFB9B1B25866B258CE216]}
01-06 11:03:26.411  4958  4958 E SamsungIME: resetNeedToLoadHwrLibrary : 1
01-06 11:03:26.411  4958  4958 D SogouWrapper: getInputTransResult()
01-06 11:03:26.411  4958  4958 E SamsungIME: invoke(): method is null
01-06 11:03:26.421  4865  4865 D WeChatWifiService: onReceive, action: android.intent.action.SCREEN_ON
01-06 11:03:26.431  5651  5651 D [WeatherWidget(1173)]  WeatherService: {[F5837F4AEE74F4A0BE2DA219DB8493352EBD627C6D5014E0B61ACE8DC72C6D46]}
01-06 11:03:26.431  5347  5347 I BeaconManager: BeaconManager.onReceive - receive Action : android.intent.action.SCREEN_ON
01-06 11:03:26.431  5347  5347 D BeaconManager: BeaconManager.onReceive - end
01-06 11:03:26.431  5651  5651 D [WeatherWidget(1173)]  : {[3AE6950019B083611567B0F9442DB03E59646CBA355B4C260B75423E37A3701A]}
01-06 11:03:26.431  5347  5431 I BeaconManager: BeaconManager.BeaconManagerWorkHandler - BroadcastReceiver onReceive start
01-06 11:03:26.431  5347  5431 D BeaconManager: BeaconManager.mScreenObserver - action:android.intent.action.SCREEN_ON
01-06 11:03:26.431  5347  5431 D BeaconManager: AppControlManager.screenOnIntentReceived - start
01-06 11:03:26.431  5347  5431 D BeaconManager: AppControlManager.screenOnIntentReceived - end
01-06 11:03:26.431  5347  5431 D BeaconManager: EasySetupManager.screenOnIntentReceived - start
01-06 11:03:26.431  5347  5431 D BeaconManager: EasySetupManager.screenOnIntentReceived - end
01-06 11:03:26.431  5347  5431 D BeaconManager: BleScanHelper.screenOnIntentReceived - start
01-06 11:03:26.441  5347  5431 D BeaconManager: BleScanHelper.mBroadcastReceiver - Action: android.intent.action.SCREEN_ON, user: 0
01-06 11:03:26.441  5347  5431 V BeaconManager: BleScanHelper.startBleScan - startBleScan
01-06 11:03:26.441  5651  5651 D [WeatherWidget(1173)]  WeatherService: {[48CD66D4E33F43394A666804FCDC537EF944CF324D90E3FA4E2B91F4417CC8E31DCDDA779BAC33E6B3019A35271BF14B]}
01-06 11:03:26.441  5347  5431 D BluetoothAdapter: STATE_BLE_ON
01-06 11:03:26.441  5347  5431 D BeaconManager: BleScanHelper.screenOnIntentReceived - end
01-06 11:03:26.441  5347  5431 I BeaconManager: BeaconManager.BeaconManagerWorkHandler - BroadcastReceiver onReceive end
01-06 11:03:26.441  5347  5446 D BeaconManager: BleScanHelper.MSG_CALL_START_LESCAN - ($)
01-06 11:03:26.441  3975  3975 D TrayStateTrigger: showTriggerView
01-06 11:03:26.441  5651  5651 D [WeatherWidget(1173)]  WeatherAppWidget: {[9C41A2EAFAAB2EF4F8363256C22FE8ADE74F100B9CC487BE27E8F8A137E768022F3D75E4272B69C004B1ABF10C0F2210143AA65B58B0C7B8B0AA82129EA61300ACE1FEEB8AE1B3C007EB73257700FEB4C83357904C34359E6B7F99DFAFFAE5B5ED5A5635FC04D229F5EEB63A6D89559EBE95942ABBCB979FCA0BD97B1C2A838A]}
01-06 11:03:26.441  5347  5446 D BluetoothAdapter: STATE_BLE_ON
01-06 11:03:26.441  5651  5651 D [WeatherWidget(1173)]  : {[AA0F1FFBE590A9EFC37054BD5EE30C3F13AAEFB0C1D46CFF1BAA5F3C6AC68B331A2EF1B485217118DBE54FFA6A88B711AC7C94EA741B05F20DACF9DE9722647F]}
01-06 11:03:26.441  5347  5446 D BluetoothAdapter: STATE_BLE_ON
01-06 11:03:26.441  5651  5651 D [WeatherWidget(1173)]  WeatherAppWidget: {[9C41A2EAFAAB2EF4F8363256C22FE8AD8C6317AFE50825160E2C28F2FCD2E0CA4A98152E7C4C5AC58EF35E88DCCC4E4A]}
01-06 11:03:26.441  5347  5446 D BluetoothAdapter: appoCount is = 0
01-06 11:03:26.441  5347  5446 I BeaconManager: BleScanHelper.directStopLeScan - call BleScanner.stopScan()
01-06 11:03:26.441  6260  6277 I SystemBroadcastReceiver: [#CMH#] Received broadcast 
01-06 11:03:26.451  6260  6277 I PolicyManager: [#CMH#] onReceive action = EVENT_SCREEN_ON
01-06 11:03:26.451  6260  6277 I SystemBroadcastReceiver: [#CMH#] onReceive completed 
01-06 11:03:26.451  5347  5446 D BluetoothAdapter: STATE_BLE_ON
01-06 11:03:26.451  5347  5446 D BluetoothAdapter: appoCount is = 0
01-06 11:03:26.451  5347  5446 D BluetoothAdapter: STATE_BLE_ON
01-06 11:03:26.451  5347  5446 D BluetoothLeScanner: Stop Scan
01-06 11:03:26.451  5651  5651 D [WeatherWidget(1173)]  WeatherAppWidget2x1: {[9C41A2EAFAAB2EF4F8363256C22FE8ADA04FCBD72B20011CEA55C138FB3A3D66F64C504C885AD521D3CCD13C88A1CCAC789AD064D774182E9370C2BE9DB556EB2F99C00004D75F442AECE6D8039CC5189D3BD284936BF414FF83CD8A858FA4D19EEED3DC420CE7C673781F638E5D17846666D85B37C2E346C0C3312D4962453B]}
01-06 11:03:26.451  5651  5651 D [WeatherWidget(1173)]  : {[90263916D8D8F8488DAB63E20B286CA44CCF79706302EB11382DD2E99F9754C8]}
01-06 11:03:26.461  5651  5651 D [WeatherWidget(1173)]  : {[627E2F43A1379D74333A311EA83EF3AFDC6B70CC1EB18CE9E792526DC0867BB83F166EA3786B43DAD9ED75115C2558DD864392109E9B09D64A351FD69C2FCBC6F587346F2C83FA189BB7C0044E1EFC654B8B916C279973960D2D5E3F689FEA89ADBD7AB22ACA48BBA98C5224B8692624]}
01-06 11:03:26.461  3360  3381 D BtGatt.GattService: [GSIM LOG]: getCallingProcessName: com.samsung.android.beaconmanager
01-06 11:03:26.461  3360  3381 D BtGatt.GattService: [GSIM LOG]: getCallingProcessName: com.samsung.android.beaconmanager
01-06 11:03:26.461  3360  3381 D BtGatt.GattService: stopScan() - queue size =1
01-06 11:03:26.461  3360  3619 E BtGatt.GattService: [GSIM LOG]: gsimLogHandler: com.samsung.android.beaconmanager, msg: MESSAGE_STOP_SCAN
01-06 11:03:26.461  3360  3619 D BtGatt.GattService: [GSIM LOG]: gsimLogHandler: prevDate: 6, currDate: 6
01-06 11:03:26.461  3360  3619 D BtGatt.GattService: [GSIM LOG]: updateScanTime: 0
01-06 11:03:26.461  3360  3619 D BtGatt.GattService: [GSIM LOG]: com.samsung.android.beaconmanager@Custom, R time : 2 => 2
01-06 11:03:26.461  3360  3619 D BtGatt.GattService: [GSIM LOG]: com.samsung.android.beaconmanager@Custom, A time : 2 => 2
01-06 11:03:26.461  3360  3619 D BtGatt.GattService: [GSIM LOG]: remove : com.samsung.android.beaconmanager at  BLE_SCAN_ACTUAL_DB
01-06 11:03:26.461  3360  3619 D BtGatt.GattService: [GSIM LOG]: remove : com.samsung.android.beaconmanager at  BLE_SCAN_REQUESTED_DB
01-06 11:03:26.461  3360  3392 D BtGatt.GattService: unregisterClient() - clientIf=5
01-06 11:03:26.461  3360  3608 D BtGatt.ScanManager: stop scan
01-06 11:03:26.461  3360  3608 D BtGatt.ScanManager: delete FilterIndex - 9
01-06 11:03:26.461  3360  3546 D BtGatt.GattService: onScanFilterParamsConfigured() - clientIf=5, status=0, action=1, availableSpace=31
01-06 11:03:26.461  3360  3546 D BtGatt.ScanManager: callback done for clientIf - 5 status - 0
01-06 11:03:26.461  3360  3608 D BtGatt.ScanManager: delete FilterIndex - 10
01-06 11:03:26.461  3360  3546 D BtGatt.GattService: onScanFilterParamsConfigured() - clientIf=5, status=0, action=1, availableSpace=32
01-06 11:03:26.461  3360  3546 D BtGatt.ScanManager: callback done for clientIf - 5 status - 0
01-06 11:03:26.461  3360  3608 D BtGatt.ScanManager: configureRegularScanParams() - queue=0
01-06 11:03:26.461  3360  3608 D BtGatt.ScanManager: configureRegularScanParams() - ScanSetting Scan mode=-2147483648 mLastConfiguredScanSetting=100
01-06 11:03:26.461  3360  3608 D BtGatt.ScanManager: configureRegularScanParams() - queue emtpy, scan stopped
01-06 11:03:26.471   648   648 D libEGL  : eglInitialize EGLDisplay = 0x7fe9458118
01-06 11:03:26.471  5651  5651 D [WeatherWidget(1173)]  EasyWeatherAppWidget: {[48948B2BE5213A6D5B0C9B7747497512CAC38177609B2B6F1F16DB965D7D43410EDA2D444ACBA386E91E1FA6B3C38870128DD346C4D39F4B310AAEB16D5215E65B3E04A593E577F60D76D1932AD9EADD16B356DA517EF1B193C3C2443D58583FF4130EE2B5F5334C0BA0A0CCF7224CD6C07C390FD15A32A436637D0FACABFEA4]}
01-06 11:03:26.471  5651  5651 D [WeatherWidget(1173)]  : {[AA0F1FFBE590A9EFC37054BD5EE30C3F13AAEFB0C1D46CFF1BAA5F3C6AC68B331A2EF1B485217118DBE54FFA6A88B711AC7C94EA741B05F20DACF9DE9722647F]}
01-06 11:03:26.471  5651  5651 D [WeatherWidget(1173)]  EasyWeatherAppWidget: {[48948B2BE5213A6D5B0C9B7747497512D7646A5A57C4B1820BB1D39DF9F23EA3D05ADA26DF3F5FEC4FA6AFC9EED5963485B3863BE45B906B9F93E60E1BD5AC1F]}
01-06 11:03:26.511   958  1170 D qti_sensorhub_hal: SNS_OEM_2_REPORT_IND index[1] number[1] total[10]
01-06 11:03:26.511   958  1170 D qti_sensorhub_hal: Activities: 1 ts: 5100640
01-06 11:03:26.511  1358  2111 D SensorHubManager: onGetSensorHubDataLocked: library(10) = 1, 1, 26, 1, 0, -89, -15, -64, 0, 1
01-06 11:03:26.511  1358  2110 D CAE     : onGetSensorHubData(SensorHubParserProvider.java:92) - onGetSensorHubData Event [event buffer len :10], AP_WAKEUP
01-06 11:03:26.511  1358  2110 I CAE     : parse(SensorHubParserProvider.java:188) - buffer size = 10
01-06 11:03:26.511  1358  2110 I CAE     : parse(SensorHubParserProvider.java:199) - 1, 1, 26, 1, 0, -89, -15, -64, 0, 1,
01-06 11:03:26.511  1358  2110 D CAE     : display(ContextProvider.java:375) - ================= ACTIVITY_TRACKER =================
01-06 11:03:26.511  1358  2110 I CAE     : display(ContextProvider.java:391) - Accuracy=[1], OperationMode=[0], ActivityType=[0], TimeStamp=[1452049406400]
01-06 11:03:26.511  1358  2113 D SContextService: updateSContext() : event = Activity Tracker
01-06 11:03:26.571  5347  5446 I BeaconManager: BleScanHelper.startBleScan - Start filter Scan(SCREEN_ON)
01-06 11:03:26.571  5347  5446 D BluetoothLeScanner: Start Scan
01-06 11:03:26.571  5347  5446 D BluetoothAdapter: STATE_BLE_ON
01-06 11:03:26.571  5347  5446 D BluetoothAdapter: appoCount is = 0
01-06 11:03:26.571  5347  5446 D BluetoothAdapter: STATE_BLE_ON
01-06 11:03:26.571  5347  5446 D BluetoothAdapter: STATE_BLE_ON
01-06 11:03:26.571  5347  5446 D BluetoothAdapter: STATE_BLE_ON
01-06 11:03:26.571  5347  5446 D BluetoothAdapter: appoCount is = 0
01-06 11:03:26.571  3360  7622 D BtGatt.GattService: registerClient() - UUID=82e4e724-c97c-4b33-bbde-a7456da87d2f
01-06 11:03:26.621  3360  3546 D BtGatt.GattService: onClientRegistered() - UUID=82e4e724-c97c-4b33-bbde-a7456da87d2f, clientIf=5
01-06 11:03:26.621  5347  5360 D BluetoothLeScanner: onClientRegistered() - status=0 clientIf=5
01-06 11:03:26.621  3360  3381 D BtGatt.GattService: start scan with filters
01-06 11:03:26.621  3360  3381 D BluetoothAdapter: STATE_BLE_ON
01-06 11:03:26.621  3360  3381 D BluetoothAdapter: appoCount is = 0
01-06 11:03:26.621  3360  3381 D BluetoothAdapter: STATE_BLE_ON
01-06 11:03:26.621  3360  3381 D BtGatt.GattService: getScanSettings
01-06 11:03:26.621  3360  3381 D BtGatt.GattService: Is it foreground application = false
01-06 11:03:26.621  3360  3381 D BtGatt.GattService: Its a background application running with Low Power scan mode
01-06 11:03:26.621  3360  3381 D BtGatt.GattService: [GSIM LOG]: getActualScanMode (100/5 vs -2147483648/0)
01-06 11:03:26.631  3360  3381 D BtGatt.GattService: [GSIM LOG]: getCallingProcessName: com.samsung.android.beaconmanager
01-06 11:03:26.631  3360  3381 D BtGatt.GattService: [GSIM LOG]: getCallingProcessName: com.samsung.android.beaconmanager
01-06 11:03:26.631  3360  3619 E BtGatt.GattService: [GSIM LOG]: gsimLogHandler: com.samsung.android.beaconmanager, msg: MESSAGE_START_SCAN
01-06 11:03:26.631  3360  3619 D BtGatt.GattService: [GSIM LOG]: gsimLogHandler: prevDate: 6, currDate: 6
01-06 11:03:26.631  3360  3608 D BtGatt.ScanManager: handling starting scan
01-06 11:03:26.631  3360  3608 D BluetoothAdapter: STATE_BLE_ON
01-06 11:03:26.631  3360  3608 D BluetoothAdapter: STATE_BLE_ON
01-06 11:03:26.631  3360  3608 D BluetoothAdapter: appoCount is = 0
01-06 11:03:26.631  3360  3608 D BluetoothAdapter: STATE_BLE_ON
01-06 11:03:26.631  3360  3608 D BluetoothAdapter: STATE_BLE_ON
01-06 11:03:26.641  3360  3608 D BluetoothAdapter: appoCount is = 0
01-06 11:03:26.641  3360  3619 D BtGatt.GattService: [GSIM LOG]: increaseScanCount : com.samsung.android.beaconmanager : 4
01-06 11:03:26.641  3360  3619 D BtGatt.GattService: [GSIM LOG]: increaseScanCount : com.samsung.android.beaconmanager, com.samsung.android.beaconmanager
01-06 11:03:26.641  3360  3608 D BluetoothAdapter: STATE_BLE_ON
01-06 11:03:26.641  3360  3608 D BluetoothAdapter: STATE_BLE_ON
01-06 11:03:26.641  3360  3608 D BluetoothAdapter: appoCount is = 0
01-06 11:03:26.641  3360  3619 D BtGatt.GattService: [GSIM LOG]: increaseScanCount 4 Battery : com.samsung.android.beaconmanager : 5
01-06 11:03:26.641  3360  3619 D BtGatt.GattService: [GSIM LOG]: setScanTime : com.samsung.android.beaconmanager : 24200823
01-06 11:03:26.641  3360  3619 D BtGatt.GattService: [GSIM LOG]: setRequestedScanType : com.samsung.android.beaconmanager : 100
01-06 11:03:26.641  3360  3619 D BtGatt.GattService: [GSIM LOG]: setActualScanType : com.samsung.android.beaconmanager : 100
01-06 11:03:26.641  3360  3619 D BtGatt.GattService: [GSIM LOG]: updateScanTime: 0
01-06 11:03:26.641  3360  3619 D BtGatt.GattService: [GSIM LOG]: com.samsung.android.beaconmanager@Custom, R time : 2 => 2
01-06 11:03:26.641  3360  3619 D BtGatt.GattService: [GSIM LOG]: com.samsung.android.beaconmanager@Custom, A time : 2 => 2
01-06 11:03:26.641  3360  3619 D BtGatt.GattService: [GSIM LOG]: updateScanTime: 0
01-06 11:03:26.641  3360  3546 D BtGatt.GattService: onScanFilterEnableDisabled() - clientIf=5, status=0, action=1
01-06 11:03:26.641  3360  3546 D BtGatt.ScanManager: callback done for clientIf - 5 status - 0
01-06 11:03:26.641  3360  3619 D BtGatt.GattService: [GSIM LOG]: com.samsung.android.beaconmanager@Custom, R time : 2 => 2
01-06 11:03:26.641  3360  3608 D BtGatt.ScanManager: set filter index= 11 for clientIf= 5
01-06 11:03:26.641  3360  3608 D BtGatt.ScanManager: addFilterToController: 5
01-06 11:03:26.641  3360  3619 D BtGatt.GattService: [GSIM LOG]: com.samsung.android.beaconmanager@Custom, A time : 2 => 2
01-06 11:03:26.641  3360  3619 D BtGatt.GattService: [GSIM LOG]: setActualScanType : com.samsung.android.beaconmanager : 100
01-06 11:03:26.641  3360  3619 D BtGatt.GattService: [GSIM LOG]: updateScanTime: 0
01-06 11:03:26.641  3360  3619 D BtGatt.GattService: [GSIM LOG]: com.samsung.android.beaconmanager@Custom, R time : 2 => 2
01-06 11:03:26.641  3360  3619 D BtGatt.GattService: [GSIM LOG]: com.samsung.android.beaconmanager@Custom, A time : 2 => 2
01-06 11:03:26.641  3360  3619 D BtGatt.GattService: [GSIM LOG]: setScanTime : com.samsung.android.beaconmanager : 24200823
01-06 11:03:26.641  3360  3546 D BtGatt.GattService: onScanFilterConfig() - clientIf=5, action = 0 status = 0, filterType=5, availableSpace=47
01-06 11:03:26.641  3360  3546 D BtGatt.ScanManager: callback done for clientIf - 5 status - 0
01-06 11:03:26.641  3360  3608 D BtGatt.ScanManager: High Rssi Filter value is = -128
01-06 11:03:26.641  3360  3608 D BtGatt.ScanManager: Low Rssi Filter value is = -128
01-06 11:03:26.641  3360  3608 D BtGatt.ScanManager: configureFilterParamter 500 10000 1 0highRssiThreshold = -128lowRssiThreshold = -128matchmode is =1
01-06 11:03:26.651  3360  3546 D BtGatt.GattService: onScanFilterParamsConfigured() - clientIf=5, status=0, action=0, availableSpace=31
01-06 11:03:26.651  3360  3546 D BtGatt.ScanManager: callback done for clientIf - 5 status - 0
01-06 11:03:26.651  3360  3608 D BtGatt.ScanManager: set filter index= 12 for clientIf= 5
01-06 11:03:26.651  3360  3608 D BtGatt.ScanManager: addFilterToController: 5
01-06 11:03:26.651  3360  3546 D BtGatt.GattService: onScanFilterConfig() - clientIf=5, action = 0 status = 0, filterType=5, availableSpace=46
01-06 11:03:26.651  3360  3546 D BtGatt.ScanManager: callback done for clientIf - 5 status - 0
01-06 11:03:26.651  3360  3608 D BtGatt.ScanManager: High Rssi Filter value is = -128
01-06 11:03:26.651  3360  3608 D BtGatt.ScanManager: Low Rssi Filter value is = -128
01-06 11:03:26.651  3360  3608 D BtGatt.ScanManager: configureFilterParamter 500 10000 1 0highRssiThreshold = -128lowRssiThreshold = -128matchmode is =1
01-06 11:03:26.651  3360  3546 D BtGatt.GattService: onScanFilterParamsConfigured() - clientIf=5, status=0, action=0, availableSpace=30
01-06 11:03:26.651  3360  3546 D BtGatt.ScanManager: callback done for clientIf - 5 status - 0
01-06 11:03:26.651  3360  3608 D BtGatt.ScanManager: set filter index= 13 for clientIf= 5
01-06 11:03:26.651  3360  3608 D BtGatt.ScanManager: addFilterToController: 5
01-06 11:03:26.661  3360  3546 D BtGatt.GattService: onScanFilterConfig() - clientIf=5, action = 0 status = 0, filterType=5, availableSpace=45
01-06 11:03:26.661  3360  3546 D BtGatt.ScanManager: callback done for clientIf - 5 status - 0
01-06 11:03:26.661  3360  3608 D BtGatt.ScanManager: High Rssi Filter value is = -128
01-06 11:03:26.661  3360  3608 D BtGatt.ScanManager: Low Rssi Filter value is = -128
01-06 11:03:26.661  3360  3608 D BtGatt.ScanManager: configureFilterParamter 500 10000 1 0highRssiThreshold = -128lowRssiThreshold = -128matchmode is =1
01-06 11:03:26.661  3360  3546 D BtGatt.GattService: onScanFilterParamsConfigured() - clientIf=5, status=0, action=0, availableSpace=29
01-06 11:03:26.661  3360  3546 D BtGatt.ScanManager: callback done for clientIf - 5 status - 0
01-06 11:03:26.661  3360  3608 D BtGatt.ScanManager: set filter index= 14 for clientIf= 5
01-06 11:03:26.661  3360  3608 D BtGatt.ScanManager: addFilterToController: 5
01-06 11:03:26.661  3360  3546 D BtGatt.GattService: onScanFilterConfig() - clientIf=5, action = 0 status = 0, filterType=5, availableSpace=44
01-06 11:03:26.661  3360  3546 D BtGatt.ScanManager: callback done for clientIf - 5 status - 0
01-06 11:03:26.661  3360  3608 D BtGatt.ScanManager: High Rssi Filter value is = -128
01-06 11:03:26.661  3360  3608 D BtGatt.ScanManager: Low Rssi Filter value is = -128
01-06 11:03:26.661  3360  3608 D BtGatt.ScanManager: configureFilterParamter 500 10000 1 0highRssiThreshold = -128lowRssiThreshold = -128matchmode is =1
01-06 11:03:26.671  3360  3546 D BtGatt.GattService: onScanFilterParamsConfigured() - clientIf=5, status=0, action=0, availableSpace=28
01-06 11:03:26.671  3360  3546 D BtGatt.ScanManager: callback done for clientIf - 5 status - 0
01-06 11:03:26.671  3360  3608 D BtGatt.ScanManager: configureRegularScanParams() - queue=1
01-06 11:03:26.671  3360  3608 I BtGatt.ScanManager: custom scan scanMode = 100
01-06 11:03:26.671  3360  3608 I BtGatt.ScanManager: New scan mode custom scan scanInterval = 3120scanWindow = 160
01-06 11:03:26.671  3360  3608 E BtGatt.ScanManager: default value of curScanSetting 0 is choosen
01-06 11:03:26.671  3360  3608 I BtGatt.ScanManager: newScanMode = 5newcurScanSetting = 0
01-06 11:03:26.671  3360  3608 I BtGatt.ScanManager: comparing = 5 with = 0
01-06 11:03:26.671  3360  3608 D BtGatt.ScanManager: configureRegularScanParams() - ScanSetting Scan mode=100 mLastConfiguredScanSetting=-2147483648
01-06 11:03:26.671  3360  3608 D BtGatt.ScanManager: configureRegularScanParams - scanInterval = 4992configureRegularScanParams - scanWindow = 256
01-06 11:03:26.671  3360  3546 D BtGatt.GattService: onScanParamSetupCompleted() status=0, clientIf=5
01-06 11:03:26.671  3360  3546 D BtGatt.GattService: onScanParamSetupCompleted : 0
01-06 11:03:26.831   958  1170 D qti_sensorhub_hal: SNS_OEM_2_REPORT_IND index[1] number[1] total[10]
01-06 11:03:26.831   958  1170 D qti_sensorhub_hal: Activities: 1 ts: 5110844
01-06 11:03:26.831  1358  2111 D SensorHubManager: onGetSensorHubDataLocked: library(10) = 1, 1, 26, 1, 0, -89, -13, 0, 0, 0
01-06 11:03:26.831  1358  2110 D CAE     : onGetSensorHubData(SensorHubParserProvider.java:92) - onGetSensorHubData Event [event buffer len :10], AP_WAKEUP
01-06 11:03:26.831  1358  2110 I CAE     : parse(SensorHubParserProvider.java:188) - buffer size = 10
01-06 11:03:26.831  1358  2110 I CAE     : parse(SensorHubParserProvider.java:199) - 1, 1, 26, 1, 0, -89, -13, 0, 0, 0,
01-06 11:03:26.831  1358  2110 D CAE     : display(ContextProvider.java:375) - ================= ACTIVITY_TRACKER =================
01-06 11:03:26.831  1358  2110 I CAE     : display(ContextProvider.java:391) - Accuracy=[0], OperationMode=[0], ActivityType=[0], TimeStamp=[1452049406720]
01-06 11:03:26.831  1358  2113 D SContextService: updateSContext() : event = Activity Tracker
01-06 11:03:27.141   958  1170 D qti_sensorhub_hal: SNS_OEM_2_REPORT_IND index[1] number[1] total[10]
01-06 11:03:27.141   958  1170 D qti_sensorhub_hal: Activities: 1 ts: 5121051
01-06 11:03:27.141  1358  2111 D SensorHubManager: onGetSensorHubDataLocked: library(10) = 1, 1, 26, 1, 0, -89, -12, 64, 1, 0
01-06 11:03:27.141  1358  2110 D CAE     : onGetSensorHubData(SensorHubParserProvider.java:92) - onGetSensorHubData Event [event buffer len :10], AP_WAKEUP
01-06 11:03:27.141  1358  2110 I CAE     : parse(SensorHubParserProvider.java:188) - buffer size = 10
01-06 11:03:27.141  1358  2110 I CAE     : parse(SensorHubParserProvider.java:199) - 1, 1, 26, 1, 0, -89, -12, 64, 1, 0,
01-06 11:03:27.141  1358  2110 D CAE     : display(ContextProvider.java:375) - ================= ACTIVITY_TRACKER =================
01-06 11:03:27.141  1358  2110 I CAE     : display(ContextProvider.java:391) - Accuracy=[0], OperationMode=[0], ActivityType=[1], TimeStamp=[1452049407040]
01-06 11:03:27.141  1358  2113 D SContextService: updateSContext() : event = Activity Tracker
01-06 11:03:27.451  6260  6281 I ReschedulableTimer: [#CMH#] ReschedulableTimer started 
01-06 11:03:27.531  1358  2218 D lights  : button : 0 +
01-06 11:03:27.561   930  1783 D Netd    : Iface wlan0 link up
01-06 11:03:27.561  1141  1908 I QC-NETMGR-LIB: Received nl msg, recvmsg returned 64
01-06 11:03:27.561  1141  1908 I QC-NETMGR-LIB: Received command: ID=NETMGR_KIF_MSG_CMD, link=0
01-06 11:03:27.561  1141  1894 I QC-NETMGR-LIB: Process command: ID=NETMGR_KIF_MSG_CMD, link=0, state=1
01-06 11:03:27.561  1141  1894 I QC-NETMGR-LIB: Processing RTM_NEWLINK
01-06 11:03:27.561  1141  1894 I QC-NETMGR-LIB: Metainfo:  Index=6 Family=0 Type=0x1 Change=[0x0] Flags=[0x11003]UP BROADCAST MULTICAST LOWER_UP 
01-06 11:03:27.561  1141  1894 I QC-NETMGR-LIB: Rcvd Netlink msg type [16]
01-06 11:03:27.561  1141  1894 I QC-NETMGR-LIB: Received RTM_NEWLINK
01-06 11:03:27.561  1141  1894 E QC-NETMGR-LIB: unrecognized ifindex 6, disable link
01-06 11:03:27.561  1358  2218 D lights  : button : 0 -
01-06 11:03:27.561  2459  2459 I wpa_supplicant: nl80211: Received scan results (67 BSSes)
01-06 11:03:27.561  2751  6704 D PdnController: Interface Changed wlan0 link up
01-06 11:03:27.561  1358  1557 D Tethering: interfaceLinkStateChanged wlan0, true
01-06 11:03:27.561  1358  1557 D Tethering: interfaceStatusChanged wlan0, true
01-06 11:03:27.571  2459  2459 I wpa_supplicant: autoscan_samsung_exponential_notify_scan : scan_interval = 8
01-06 11:03:27.571  2459  2459 I wpa_supplicant: autoscan: autoscan_notify_scan, scan_interval = 8
01-06 11:03:27.611  1358  2149 D SecContentProvider2: query(), uri = 20 selection = getPromptCredentialsEnabled
01-06 11:03:27.621  4865  4865 D WeChatWifiService: onReceive, action: android.net.wifi.SCAN_RESULTS
01-06 11:03:27.651  4865  4865 D WeChatWifiService: getScanResults, size: 67
01-06 11:03:27.651  4865  4865 D WeChatWifiService: getScanResults, stringBuilder: [{'ssid':'internet','bssid':'74:a2:e6:c2:f0:ec','rssi':'-85'},{'ssid':'blizzard','bssid':'74:a2:e6:cd:ed:ef','rssi':'-83'},{'ssid':'internet','bssid':'00:2a:10:8d:02:b2','rssi':'-83'},{'ssid':'','bssid':'74:a2:e6:c4:fb:cd','rssi':'-82'},{'ssid':'blizzard','bssid':'74:a2:e6:c4:fb:cf','rssi':'-82'},{'ssid':'internet','bssid':'74:a2:e6:c4:fb:cc','rssi':'-82'},{'ssid':'','bssid':'74:a2:e6:cd:ed:ed','rssi':'-82'},{'ssid':'VaShare-BeiJing','bssid':'90:6c:ac:9f:d8:2d','rssi':'-82'},{'ssid':'','bssid':'00:2a:10:8d:02:b1','rssi':'-82'},{'ssid':'internet','bssid':'74:a2:e6:cd:ed:ec','rssi':'-82'},{'ssid':'internet','bssid':'74:a2:e6:c4:fb:c3','rssi':'-81'},{'ssid':'internet','bssid':'74:a2:e6:be:f6:63','rssi':'-80'},{'ssid':'blizzard','bssid':'00:2a:10:8c:b8:0f','rssi':'-80'},{'ssid':'','bssid':'00:2a:10:8c:b8:0e','rssi':'-80'},{'ssid':'','bssid':'74:a2:e6:be:f6:62','rssi':'-80'},{'ssid':'internet','bssid':'00:2a:10:8c:b8:0d','rssi':'-80'},{'ssid':'internet','bssid':'74:a2:e6:cd:ed:e3','rssi':'-80'},{'ssid':'blizzard-legacy','bssid':'74:a2:e6:c4:74:24','rssi':'-79'},{'ssid':'blizzard-legacy','bssid':'74:a2:e6:c4:fb:c4','rssi':'-79'},{'ssid':'internet','bssid':'74:a2:e6:c4:74:23','rssi':'-79'},{'ssid':'blizzard','bssid':'74:a2:e6:be:f6:6f','rssi':'-78'},{'ssid':'VaShare-BeiJing','bssid':'90:6c:ac:9f:d9:b9','rssi':'-78'},{'ssid':'blizzard-legacy','bssid':'74:a2:e6:be:f6:64','rssi':'-78'},{'ssid':'blizzard','bssid':'74:a2:e6:c5:15:bf','rssi':'-76'},{'ssid':'','bssid':'74:a2:e6:c4:74:2d','rssi':'-76'},{'ssid':'blizzard','bssid':'74:a2:e6:c4:74:2f','rssi':'-76'},{'ssid':'internet','bssid':'74:a2:e6:c5:15:bc','rssi':'-76'},{'ssid':'internet','bssid':'74:a2:e6:c4:74:2c','rssi':'-76'},{'ssid':'ChinaUnicom','bssid':'80:f6:2e:d5:99:b0','rssi':'-75'},{'ssid':'','bssid':'74:a2:e6:be:f6:6d','rssi':'-75'},{'ssid':'internet','bssid':'74:a2:e6:be:f6:6c','rssi':'-74'},{'ssid':'blizzard-legacy','bssid':'74:a2:e6:bf:0b:d3','rssi':'-71'},{'ssid':'internet','bssid':'74:a2:e6:bf:0b:d2','rssi':'-71'},{'ssid':'','bssid':'74:a2:e6:bf:0b:d1','rssi':'-71'},{'ssid':'','bssid':'64:f6:9d:89:93:cd','rssi':'-70'},{'ssid':'blizzard','bssid':'64:f6:9d:89:93:cf','rssi':'-70'},{'ssid':'internet','bssid':'64:f6:9d:89:93:cc','rssi':'-70'},{'ssid':'','bssid':'a8:9d:21:18:44:51','rssi':'-69'},{'ssid':'blizzard-legacy','bssid':'a8:9d:21:18:44:53','rssi':'-69'},{'ssid':'internet','bssid':'a8:9d:21:18:44:52','rssi':'-69'},{'ssid':'blizzard','bssid':'74:a2:e6:94:61:5f','rssi':'-69'},{'ssid':'internet','bssid':'74:a2:e6:94:61:5c','rssi':'-69'},{'ssid':'','bssid':'74:a2:e6:94:61:5d','rssi':'-69'},{'ssid':'tropo-test','bssid':'00:21:a0:00:dd:60','rssi':'-66'},{'ssid':'tropo-test','bssid':'00:21:a0:0f:6c:50','rssi':'-66'},{'ssid':'blizzard-legacy','bssid':'00:2a:10:8c:b8:03','rssi':'-63'},{'ssid':'internet','bssid':'00:2a:10:8c:b8:02','rssi':'-63'},{'ssid':'blizzard-legacy','bssid':'74:a2:e6:94:61:54','rssi':'-61'},{'ssid':'blizzard-legacy','bssid':'74:a2:e6:c5:15:b4','rssi':'-61'},{'ssid':'internet','bssid':'74:a2:e6:94:61:53','rssi':'-61'},{'ssid':'internet','bssid':'74:a2:e6:c5:15:b3','rssi':'-61'},{'ssid':'','bssid':'74:a2:e6:c5:15:b2','rssi':'-61'},{'ssid':'','bssid':'74:a2:e6:cd:ed:cd','rssi':'-54'},{'ssid':'DIRECT-QpMAGONG-EK49UmsLN','bssid':'e6:b3:18:e6:35:c0','rssi':'-52'},{'ssid':'blizzard-legacy','bssid':'74:a2:e6:cd:ed:c4','rssi':'-50'},{'ssid':'internet','bssid':'74:a2:e6:cd:ed:c3','rssi':'-50'},{'ssid':'blizzard','bssid':'74:a2:e6:cd:ed:cf','rssi':'-49'},{'ssid':'internet','bssid':'74:a2:e6:cd:ed:cc','rssi':'-49'},{'ssid':'CMCC','bssid':'00:26:7a:22:a8:02','rssi':'-41'},{'ssid':'and-Business','bssid':'00:26:7a:23:a8:02','rssi':'-41'},{'ssid':'CMCC-WEB','bssid':'00:26:7a:21:a8:02','rssi':'-41'},{'ssid':'ChinaUnicom','bssid':'80:f6:2e:19:40:90','rssi':'-37'}]
01-06 11:03:27.671   958  1170 D qti_sensorhub_hal: SNS_OEM_2_REPORT_IND index[1] number[1] total[10]
01-06 11:03:27.671   958  1170 D qti_sensorhub_hal: Activities: 1 ts: 5138912
01-06 11:03:27.681  1358  2111 D SensorHubManager: onGetSensorHubDataLocked: library(10) = 1, 1, 26, 1, 0, -89, -10, 112, 1, 1
01-06 11:03:27.681  1358  2110 D CAE     : onGetSensorHubData(SensorHubParserProvider.java:92) - onGetSensorHubData Event [event buffer len :10], AP_WAKEUP
01-06 11:03:27.681  1358  2110 I CAE     : parse(SensorHubParserProvider.java:188) - buffer size = 10
01-06 11:03:27.681  1358  2110 I CAE     : parse(SensorHubParserProvider.java:199) - 1, 1, 26, 1, 0, -89, -10, 112, 1, 1,
01-06 11:03:27.681  1358  2110 D CAE     : display(ContextProvider.java:375) - ================= ACTIVITY_TRACKER =================
01-06 11:03:27.681  1358  2110 I CAE     : display(ContextProvider.java:391) - Accuracy=[1], OperationMode=[0], ActivityType=[1], TimeStamp=[1452049407600]
01-06 11:03:27.681  1358  2113 D SContextService: updateSContext() : event = Activity Tracker
01-06 11:03:28.091  2266  2522 D NetworkController.MobileSignalController(0/1): onSignalStrengthsChanged signalStrength=SignalStrength: 99 99 -120 -160 -120 -1 -1 21 -101 -11 108 -1 2147483647 0x3000 gsm|lte level=3
01-06 11:03:28.091  2266  2522 D NetworkController.MobileSignalController(0/1): getMobileIconGroup(): 13
01-06 11:03:28.091  2266  2522 D NetworkController.MobileSignalController(0/1): updateCMCCMobileIconGroup(): 13
01-06 11:03:28.211  1358  2121 D InputReader: Input event(8): value=1 when=155219415000
01-06 11:03:28.211  1358  2218 D lights  : button : 1 +
01-06 11:03:28.211  1358  2120 I InputDispatcher: Delivering key to (7331): action: 0x0 (0)
01-06 11:03:28.221  7331  7331 D ViewRootImpl: ViewPostImeInputStage processKey 0
01-06 11:03:28.241  1358  2218 D lights  : button : 1 -
01-06 11:03:28.291  1358  2121 D InputReader: Input event(8): value=0 when=155296206000
01-06 11:03:28.291  1358  2120 I MultiPhoneWindowManager: closeMultiWindowTrayBar() failed -> mMultiWindowTrayBar =null/mMultiWindowEditMode = null
01-06 11:03:28.291  1358  2120 I InputDispatcher: Delivering key to (7331): action: 0x1 (0)
01-06 11:03:28.291  7331  7331 D ViewRootImpl: ViewPostImeInputStage processKey 1
01-06 11:03:28.291  1358  2315 W VirtualScreenManagerService: moveTaskBackToDisplayIfNeeded(): The task has more than one activity
01-06 11:03:28.301  1358  2315 D InputDispatcher: Focused application set to: xxxx
01-06 11:03:28.311  3975  3985 I TrayUsageStatesWatcher: notePauseComponent : ComponentInfo{com.android.settings/com.android.settings.SubSettings}
01-06 11:03:28.341  3975  3975 E CocktailBarPositionManager: Window direction: 0
01-06 11:03:28.341  3975  3975 I CocktailBarPositionManager: updateAlphaScreenPosition position is dirty 0
01-06 11:03:28.341  3975  3986 I TrayUsageStatesWatcher: noteResumeComponent : ComponentInfo{com.android.settings/com.android.settings.Settings} Intent { act=android.intent.action.MAIN cat=[android.intent.category.LAUNCHER] flg=0x10200000 cmp=com.android.settings/.Settings VirtualScreenParam=Params{mDisplayId=-1, null, mFlags=0x00000000)} bnds=[34,1024][374,1464] (has extras) }
01-06 11:03:28.351  7331  7331 D SettingsActivity: onResume finished
01-06 11:03:28.351  7331  7331 E AccessibilityManager: assistantMenuUpdate invoking from manager:
01-06 11:03:28.361  7344  7354 D BadgeProvider: query, [selection] : null
01-06 11:03:28.361  7331  7331 D SettingsActivity: Fota is disabled
01-06 11:03:28.371  1358  2617 D ActivityManager: post active user change for 0 fullscreen true isFloatingActivity() false isHomeActivity() false
01-06 11:03:28.371  1358  2617 D KnoxTimeoutHandler: postActiveUserChange [MsgParam] userId: 0 fullscreen is true showWhenlocked is false
01-06 11:03:28.371  1358  1358 D KnoxTimeoutHandler: handleActiveUserChange [MsgParam] userId: 0 fullscreen is true showWhenlocked is false
01-06 11:03:28.371  1358  1358 I KnoxTimeoutHandler: Shared devices show user statefalse
01-06 11:03:28.381  7331  7331 I InjectionManager: dispatchCreateOptionsMenu :com.android.settings.Settings
01-06 11:03:28.381  7331  7331 I InjectionManager: dispatchCreateOptionsMenu :com.android.settings.dashboard.DashboardSummary
01-06 11:03:28.381  7331  7331 I InjectionManager: dispatchPrepareOptionsMenu :com.android.settings.Settings
01-06 11:03:28.381  7331  7331 I InjectionManager: dispatchPrepareOptionsMenu :com.android.settings.dashboard.DashboardSummary
01-06 11:03:28.381   648   648 I SurfaceFlinger: id=57 createSurf (1440x2560),1 flag=404, Tettings
01-06 11:03:28.391  1358  1459 D InputDispatcher: Focus left window: 7331
01-06 11:03:28.391  1358  1459 D InputDispatcher: Focus entered window: 7331
01-06 11:03:28.391  1358  1626 D PointerIcon: setMouseIconStyle1 pointerType: 1001 iconType:101 flag:0 pid:1358 uid:1000
01-06 11:03:28.391  1358  1626 D PointerIcon: setMouseCustomIcon IconType is same.101
01-06 11:03:28.411  7331  7331 D SettingsActivity: loadCategoriesFromResource took: 5 ms
01-06 11:03:28.411  7331  7331 D isContainerOnlyMode: isContainerOnlyMode()
01-06 11:03:28.411  7331  7331 D isContainerOnlyMode: isContainerOnlyMode() false
01-06 11:03:28.411  7331  7331 D SettingsActivity: updateTilesList(): memoryInfo.totalMem =3588210688
01-06 11:03:28.411  7331  7331 D SettingsActivity: updateTilesList(): isMassProduct =false
01-06 11:03:28.431  7331  7331 D DashboardSummary: rebuildUI took: 25 ms
01-06 11:03:28.431  7331  7331 D SettingsActivity: loadCategoriesFromResource took: 4 ms
01-06 11:03:28.431  7331  7331 D isContainerOnlyMode: isContainerOnlyMode()
01-06 11:03:28.431  7331  7331 D isContainerOnlyMode: isContainerOnlyMode() false
01-06 11:03:28.431  7331  7331 D SettingsActivity: updateTilesList(): memoryInfo.totalMem =3588210688
01-06 11:03:28.431  7331  7331 D SettingsActivity: updateTilesList(): isMassProduct =false
01-06 11:03:28.431  7331  7331 D SettingsActivity: remove : com.android.settings.print.PrintSettingsFragment
01-06 11:03:28.431  7331  7331 D SettingsActivity: remove : com.android.settings.GlobalRoamingSettings
01-06 11:03:28.431  7331  7331 D SettingsActivity: remove : com.android.settings.TRoamingSettings
01-06 11:03:28.431  7331  7331 D SettingsActivity: remove : com.android.settings.nfc.NfcOsaifukeitaiSettings
01-06 11:03:28.431  7331  7331 D SettingsActivity: remove : null
01-06 11:03:28.441  7331  7331 D SettingsActivity: remove : com.android.settings.LteModeActivity
01-06 11:03:28.441  7331  7331 D SettingsActivity: remove : com.android.settings.WirelessSettings
01-06 11:03:28.441  7331  7331 D SettingsActivity: remove : com.android.settings.sim.SimSettings
01-06 11:03:28.441  1358  3408 D Tethering: NAP Supported and not Wifi Model
01-06 11:03:28.441  2644  2931 D TelephonyProvider: query: url=content://telephony/carriers, projectionIn=null, selection=numeric = '46001'selectionArgs=null, sort=null
01-06 11:03:28.441  2644  2931 D TelephonyProvider: query: match = 1
01-06 11:03:28.441  2644  2931 D TelephonyProvider: query: selection modified to numeric = '46001' and edited!=2 and edited!=3 and edited!=5 and edited!=6
01-06 11:03:28.451  1358  3408 W Settings: Setting tether_dun_required has moved from android.provider.Settings.System to android.provider.Settings.Global
01-06 11:03:28.451  7331  7331 D SettingsActivity: mTetheredData: -1
01-06 11:03:28.451  7331  7331 D SettingsActivity: remove : null
01-06 11:03:28.451  7331  7331 D SettingsActivity: remove : com.android.settings.DataSlotChoice
01-06 11:03:28.451  2751  2927 D ImsSettingsProvider: query Uri: content://com.sec.ims.settings/global
01-06 11:03:28.451  2751  2927 D ImsSettingsProvider: match 4
01-06 11:03:28.451  2751  2927 V ImsSettingsProvider: query Uri[content://com.sec.ims.settings/global], selection [name=?]
01-06 11:03:28.451  7331  7331 D SettingsActivity: remove : null
01-06 11:03:28.451  7331  7331 D SettingsActivity: remove : null
01-06 11:03:28.451  7331  7331 D SettingsActivity: remove : com.android.settings.applications.ManageDefaultApps
01-06 11:03:28.461  7331  7331 D SettingsActivity: remove : com.android.settings.applications.ManageApplications
01-06 11:03:28.461  7331  7331 D SettingsActivity: remove : com.android.settings.ApplicationsSettings
01-06 11:03:28.461  7331  7331 D SettingsActivity: remove : null
01-06 11:03:28.461  7331  7331 D SettingsActivity: remove : com.android.settings.WirelessSettings
01-06 11:03:28.461  7331  7331 D SettingsActivity: remove : com.android.settings.users.UserSettings
01-06 11:03:28.461  7331  7331 D SettingsActivity: remove : com.android.settings.applications.ManageDefaultApps
01-06 11:03:28.461  7331  7331 D SettingsActivity: remove : com.android.settings.applications.ManageApplications
01-06 11:03:28.461  7331  7331 D SettingsActivity: remove : null
01-06 11:03:28.461  7331  7331 D SettingsActivity: remove : com.android.settings.motion.MotionSettings2015
01-06 11:03:28.461  7331  7331 D SettingsActivity: remove : com.android.settings.spen.SPenSettingsMenu
01-06 11:03:28.461  7331  7331 D SettingsActivity: remove : com.android.settings.OneHandOperationSettings
01-06 11:03:28.461  7331  7331 D SettingsActivity: remove : null
01-06 11:03:28.461  7331  7331 D SettingsActivity: remove : com.android.settings.premiumwatch.PremiumWatchSettings
01-06 11:03:28.461  7331  7331 D SettingsActivity: remove : com.android.settings.applications.ManageApplications
01-06 11:03:28.461  7331  7331 D SettingsActivity: remove : com.android.settings.notification.ZenModeSettings
01-06 11:03:28.461  7331  7331 D SettingsActivity: remove : com.android.settings.notification.ZenModeDNDSettings
01-06 11:03:28.461  7331  7331 D SettingsActivity: remove : com.android.settings.notification.NotificationsSubSettings
01-06 11:03:28.461  7331  7331 D SettingsActivity: remove : com.android.settings.activekey.ActiveKeySettings
01-06 11:03:28.461  7331  7331 D SettingsActivity: remove : com.android.settings.BlockSettings
