02-26 14:50:32.895 2684-2684/? W/ContextImpl: Calling a method in the system process without a qualified user: android.app.ContextImpl.startService:1374 android.content.ContextWrapper.startService:614 android.content.ContextWrapper.startService:614 net.oneplus.widget.appwidget.WeatherDataReceiver.onReceive:30 android.app.ActivityThread.handleReceiver:3230 
02-26 14:50:32.911 25011-25023/? I/WeatherDataSharedProvider: wait
02-26 14:50:32.911 25011-25011/? D/WeatherDataSharedProvider: nendChangeLanguage :false
02-26 14:50:32.912 2684-2684/? D/ProcessService: ProcessService start 
02-26 14:50:32.913 25011-25011/? I/WeatherDataSharedProvider: share data: 9     city:
02-26 14:50:32.918 3357-3566/? D/WeatherProvider: [Raw Weather Data] timestamp: 201802261406, city: , code: 1001, name: , temp: 9, high: 12, low: 0, unit: 
02-26 14:50:32.919 3357-3566/? D/WeatherProvider: get weather: 1001
02-26 14:50:32.919 25011-25023/? I/WeatherDataSharedProvider: wait
02-26 14:50:32.919 25011-25011/? D/WeatherDataSharedProvider: nendChangeLanguage :false
02-26 14:50:32.920 3357-3566/? D/WeatherProvider: [timestamp] 1519625160; [cityName] ; [weatherCode] 1001; [weatherName] ; [temperature] 9; [temperatureHigh] 12; [temperatureLow] 0; [temperatureUnit] ; 
02-26 14:50:32.920 3357-3566/? D/WeatherProvider: push the weather information to the callbacks
02-26 14:50:32.922 25011-25011/? I/WeatherDataSharedProvider: share data: 9     city:
02-26 14:50:32.923 3357-3566/? D/WeatherIconDelegate: DynamicIcon putNewData weatherId = 1001, tempString = 9
02-26 14:50:32.923 3357-3566/? D/WeatherIconDelegate: DynamicIcon check needInvalidate true
02-26 14:50:32.941 2684-3091/? D/WidgetUtils: getRemoteViews weather_large_layout
02-26 14:50:32.941 2684-3091/? D/WidgetUtils: temp is : 9
02-26 14:50:32.941 2684-3091/? D/WidgetUtils: weatherName is : 
02-26 14:50:32.957 3357-3566/? D/WeatherIconDelegate: DynamicIcon check needInvalidate true
02-26 14:50:32.964 3357-3566/? D/FrequentAppsGrid: onDynamicIconChanged:ComponentInfo{net.oneplus.weather/net.oneplus.weather.app.MainActivity}
02-26 14:50:32.965 3357-3357/? D/Launcher: DynamicIcon doWorkspaceOrFolderIconAnimation be skip
02-26 14:50:32.967 1878-3092/? I/ActivityManager: pid= 1878 st.name = system_server cpuPercent = 28 st.rel_utime =450 st.rel_stime =1030
02-26 14:50:33.726 3357-3357/? D/WeatherProvider: get weather: 1001
02-26 14:50:35.387 1878-1890/? D/DeviceIdleController: handleMessage(8)
02-26 14:50:35.388 1878-1890/? D/DeviceIdleController: Exit: start=+18d0h49m34s227ms now=+18d0h49m39s289ms
02-26 14:50:35.389 1878-1890/? D/DeviceIdleController: stepLightIdleStateLocked: mLightState=6
02-26 14:50:35.389 1878-1890/? D/DeviceIdleController: scheduleLightAlarmLocked(900000)
02-26 14:50:35.392 1878-1890/? D/DeviceIdleController: Moved to LIGHT_STATE_IDLE.
02-26 14:50:35.394 1878-1890/? D/DeviceIdleController: handleMessage(3)
02-26 14:50:35.401 1878-1890/? I/chatty: uid=1000(system) android.bg expire 12 lines
02-26 14:50:35.405 1878-2580/? I/chatty: uid=1000(system) NetworkPolicy expire 10 lines
02-26 14:50:35.564 1602-22713/? I/Netd: Destroyed 1 sockets for UidRanges{ 10000-2147483647 } skip={10012 10066 10139} in 1.2 ms
02-26 14:52:02.907 735-735/? I/rmt_storage: rmt_storage_connect_cb: clnt_h=0xbc conn_h=0x7f94c2a000
02-26 14:52:02.907 735-735/? I/rmt_storage: rmt_storage_rw_iovec_cb: /boot/modem_fs1: req_h=0xbc msg_id=3: R/W request received
02-26 14:52:02.907 735-735/? I/rmt_storage: wakelock acquired: 1, error no: 42
02-26 14:52:02.907 735-1264/? I/rmt_storage: rmt_storage_client_thread: /boot/modem_fs1: Unblock worker thread (th_id: 547961734224)
02-26 14:52:02.916 1878-2461/? V/AlarmManager: Triggering alarm #0: 3 when =1558203901 package=androidoperation =*alarm*:android.intent.action.TIME_TICK
02-26 14:52:02.916 1878-2461/? V/AlarmManager: Triggering alarm #1: 3 when =1558194362 package=com.amap.android.amsoperation =*alarm*:com.amap.android.ams.nlp.ALARM_WAKEUP_LOCATOR
02-26 14:52:02.927 1878-1898/? E/BatteryStatsService: no controller energy info supplied
02-26 14:52:02.929 3623-24952/? D/FileSizeUtil: getAvailableStoragePercentValue totalBytes=56548761600,freeBytes=54670995456,availableStoragePercent=0.9667938591249362
02-26 14:52:02.929 3623-24952/? D/WidgetViewService: availableStorage has no change,availableStorage:97%
02-26 14:52:02.955 735-1264/? I/rmt_storage: rmt_storage_client_thread: /boot/modem_fs1: req_h=0xbc msg_id=3: Bytes written = 2097152
02-26 14:52:02.955 735-1264/? I/rmt_storage: rmt_storage_client_thread: /boot/modem_fs1: req_h=0xbc msg_id=3: Send response: res=0 err=0
02-26 14:52:02.955 735-1264/? I/rmt_storage: rmt_storage_client_thread: /boot/modem_fs1: About to block rmt_storage client thread (th_id: 547961734224) wakelock released: 1, error no: 0
02-26 14:52:02.958 735-735/? I/rmt_storage: rmt_storage_disconnect_cb: clnt_h=0xbc conn_h=0x7f94c2a000
02-26 15:01:17.117 736-736/? I/tftp_server: pid=736 tid=736 tftp-server : INF :[tftp_server.c, 524] rcvd request [1] [84] [1] [0] [14112]
02-26 15:01:17.139 1878-2461/? V/AlarmManager: Triggering alarm #0: 1 when =1519628401000 package=com.oneplus.deskclockoperation =*alarm*:com.android.deskclock.ON_QUARTER_HOUR
02-26 15:01:17.158 736-3099/? I/tftp_server: pid=736 tid=3099 tftp-server : INF :[tftp_server_utils.c, 113] file [readwrite/ota_firewall/ruleset] : [/system/rfs/msm/mpss/readwrite/ota_firewall/ruleset]
02-26 15:01:17.158 736-3099/? I/tftp_server: pid=736 tid=3099 tftp-server : INF :[tftp_server.c, 1044] OACK options : [7680, 200, 10, 4, 0, 0, 0, 0]
02-26 15:01:17.158 736-3099/? I/tftp_server: pid=736 tid=3099 tftp-server : INF :[tftp_os_la.c, 59] open : [-1] [-1] [384] [0] [/system/rfs/msm/mpss/readwrite/ota_firewall/ruleset]
02-26 15:01:17.159 736-3099/? E/tftp_server: pid=736 tid=3099 tftp-server : ERR :[tftp_os_la.c, 65] open failed: [2] [No such file or directory]
02-26 15:01:17.159 736-3099/? E/tftp_server: pid=736 tid=3099 tftp-server : ERR :[tftp_server.c, 1519] open failed : [-2] [Unknown error -2]
02-26 15:01:17.160 736-3099/? E/tftp_server: pid=736 tid=3099 tftp-server : ERR :[tftp_protocol.c, 1146] sending error-pkt. Code = 1, Msg = Err=2 String=No such file or directory
02-26 15:01:17.168 736-736/? I/tftp_server: pid=736 tid=736 tftp-server : INF :[tftp_server.c, 524] rcvd request [1] [84] [1] [0] [14113]
02-26 15:01:17.169 736-3100/? I/tftp_server: pid=736 tid=3100 tftp-server : INF :[tftp_server_utils.c, 113] file [readwrite/ota_firewall/ruleset] : [/system/rfs/msm/mpss/readwrite/ota_firewall/ruleset]
02-26 15:01:17.169 736-3100/? I/tftp_server: pid=736 tid=3100 tftp-server : INF :[tftp_server.c, 1044] OACK options : [7680, 200, 0, 10, 0, 0, 0, 0]
02-26 15:01:17.169 736-3100/? I/tftp_server: pid=736 tid=3100 tftp-server : INF :[tftp_os_la.c, 59] open : [-1] [-1] [384] [0] [/system/rfs/msm/mpss/readwrite/ota_firewall/ruleset]
02-26 15:01:17.169 736-3100/? E/tftp_server: pid=736 tid=3100 tftp-server : ERR :[tftp_os_la.c, 65] open failed: [2] [No such file or directory]
02-26 15:01:17.170 736-3100/? E/tftp_server: pid=736 tid=3100 tftp-server : ERR :[tftp_server.c, 1519] open failed : [-2] [Unknown error -2]
02-26 15:01:17.170 736-3100/? E/tftp_server: pid=736 tid=3100 tftp-server : ERR :[tftp_protocol.c, 1146] sending error-pkt. Code = 1, Msg = Err=2 String=No such file or directory
02-26 15:08:18.364 1878-2461/? V/AlarmManager: Triggering alarm #0: 3 when =1558836604 package=androidoperation =*alarm*:com.android.server.action.NETWORK_STATS_POLL
02-26 15:08:18.364 1878-2461/? V/AlarmManager: Triggering alarm #1: 2 when =1559079289 package=androidoperation = null listenTag =DeviceIdleController.light
02-26 15:08:18.364 1878-2461/? V/AlarmManager: Triggering alarm #2: 2 when =1559241702 package=androidoperation = null listenTag =*job.delay*
02-26 15:08:18.366 1878-1890/? D/DeviceIdleController: stepLightIdleStateLocked: mLightState=4
02-26 15:08:18.367 1878-2578/? D/NetworkStats: performPollLocked(flags=0x3)
02-26 15:08:18.367 1878-2578/? I/chatty: uid=1000(system) NetworkStats expire 11 lines
02-26 15:08:18.373 1878-1898/? E/BatteryStatsService: no controller energy info supplied
02-26 15:08:18.373 1878-1890/? D/DeviceIdleController: scheduleLightAlarmLocked(300000)
02-26 15:08:18.378 1878-1890/? D/DeviceIdleController: Moved from LIGHT_STATE_IDLE to LIGHT_STATE_IDLE_MAINTENANCE.
02-26 15:08:18.385 2812-2824/? D/QtiTetherService/IpaWrapper: getStats(false)
02-26 15:08:18.389 1878-1890/? D/DeviceIdleController: handleMessage(4)
02-26 15:08:18.393 1878-1892/? D/DeviceIdleController: Adding AppId 10009 to temp whitelist. New entry: true
02-26 15:08:18.393 1878-1892/? D/DeviceIdleController: postTempActiveTimeoutMessage: uid=10009, delay=10000
02-26 15:08:18.393 1878-1892/? D/DeviceIdleController: Setting wakelock temp whitelist to [10009]
02-26 15:08:18.398 1878-1898/? E/BatteryStatsService: no controller energy info supplied
02-26 15:08:18.399 3304-3455/? I/amsnl: ar
02-26 15:08:18.399 3304-3455/? I/amsnl: t:false, fl: false, p: 86400000, ce: true, we: true
02-26 15:08:18.401 3304-3455/? I/amsnl: m1: false
02-26 15:08:18.401 3304-3455/? I/amsnl: c: false, w: false, t: true, l: false
02-26 15:08:18.402 3304-3455/? I/amsnl: crs
02-26 15:08:18.402 3304-3455/? I/amsnl: wrs
02-26 15:08:18.404 3158-3158/? I/DigitalAppWidgetProvider: onReceive: com.android.deskclock.ON_QUARTER_HOUR
02-26 15:08:18.406 3158-3158/? I/WidgetUtils: getScaleRatio minWidth == 0
02-26 15:08:18.408 1878-2781/? I/chatty: uid=1000(system) Thread-7 expire 16 lines
02-26 15:08:18.439 3304-3455/? I/amsnl: csr
02-26 15:08:18.439 3304-3455/? I/amsnl: t:false, fl: false, p: 86400000, ce: true, we: true
02-26 15:08:18.441 3304-3455/? I/amsnl: m1: false
02-26 15:08:18.441 3304-3455/? I/amsnl: c: false, w: false, t: false, l: false
02-26 15:08:18.542 1878-1890/? D/DeviceIdleController: handleMessage(7)
02-26 15:08:18.567 4808-4808/? V/LogParserJobService: Start
02-26 15:08:18.588 4808-3122/? V/LogParserJobService: mdm: ring buffer is 3Mb (0b consumed), max entry is 5120b, max payload is 4068b
02-26 15:08:18.588 4808-3122/? V/LogParserJobService: start getMDMLog
02-26 15:08:18.612 4808-3122/? V/LogParserJobService: end getMDMLog:24
02-26 15:08:18.613 4808-3122/? V/LogParserJobService: mdmLogFile exists
02-26 15:08:18.613 4808-3136/? V/LogParserJobService: Parse file
02-26 15:08:18.613 4808-3136/? V/LogParserJobService: Add Event:0
02-26 15:08:18.614 4808-3136/? V/LogParserJobService: mdm log file delete
02-26 15:08:18.614 4808-3115/? V/LogParserJobService: Finish service
02-26 15:08:18.617 4808-3122/? V/LogParserJobService: no task, close service
02-26 15:08:18.617 4808-3115/? V/LogParserJobService: Finish service
02-26 15:08:18.618 1878-1890/? D/DeviceIdleController: handleMessage(7)
02-26 15:08:19.319 1878-1898/? E/BatteryStatsService: no controller energy info supplied
02-26 15:08:19.975 1021-2782/? I/LOWI-8.1.1.0.g: [LOWI-Scan] lowi_close_record:Scan completed in 1559207066ms and Recieved 54 APs scan results
02-26 15:08:20.059 1878-2583/? I/chatty: uid=1000(system) WifiStateMachin expire 10 lines
02-26 15:08:20.069 3304-3455/? I/amsnl: wsr
02-26 15:08:20.080 3304-3455/? I/amsnl: t:false, fl: false, p: 86400000, ce: true, we: true
02-26 15:08:20.082 1878-13494/? D/ConnectivityService: Returning unblocked NetworkInfo to uid=10009
02-26 15:08:20.083 3304-3455/? I/amsnl: m1: false
02-26 15:08:20.085 3304-3455/? I/amsnl: m2: false, m3: false
02-26 15:08:20.086 3304-3455/? I/amsnl: rl
02-26 15:08:20.086 3304-3455/? I/amsnl: c: false, w: true, t: false, l: false
02-26 15:08:20.086 3304-3455/? I/amsnl: qg
02-26 15:08:20.098 3304-3455/? I/amsc: same acc
02-26 15:08:20.099 3304-3455/? I/amsc: gt2
02-26 15:08:20.099 3304-3455/? I/amsc: found: wx4g6ev, 1519614632116
02-26 15:08:21.431 1878-3139/? I/ActivityManager: pid= 1878 st.name = system_server cpuPercent = 14 st.rel_utime =430 st.rel_stime =690
02-26 15:08:22.202 3623-24952/? D/FileSizeUtil: getAvailableStoragePercentValue totalBytes=56548761600,freeBytes=54670995456,availableStoragePercent=0.9667938591249362
02-26 15:08:22.203 3623-24952/? D/WidgetViewService: availableStorage has no change,availableStorage:97%
02-26 15:08:23.583 1878-1890/? D/DeviceIdleController: handleMessage(8)
02-26 15:08:23.585 1878-1890/? D/DeviceIdleController: Exit: start=+18d1h7m22s273ms now=+18d1h7m27s485ms
02-26 15:08:23.585 1878-1890/? D/DeviceIdleController: stepLightIdleStateLocked: mLightState=6
02-26 15:08:23.586 1878-1890/? D/DeviceIdleController: scheduleLightAlarmLocked(900000)
02-26 15:08:23.589 1878-1890/? D/DeviceIdleController: Moved to LIGHT_STATE_IDLE.
02-26 15:08:23.591 1878-1890/? D/DeviceIdleController: handleMessage(3)
02-26 15:22:28.553 1878-2461/? V/AlarmManager: Triggering alarm #0: 3 when =1559283900 package=androidoperation =*alarm*:android.intent.action.TIME_TICK
02-26 15:22:28.553 1878-2461/? V/AlarmManager: Triggering alarm #1: 1 when =1519629301000 package=com.oneplus.deskclockoperation =*alarm*:com.android.deskclock.ON_QUARTER_HOUR
02-26 15:22:28.568 1878-1898/? E/BatteryStatsService: no controller energy info supplied
02-26 15:22:28.587 1878-1898/? E/BatteryStatsService: no controller energy info supplied
02-26 15:22:29.128 1878-1878/? I/EntropyMixer: Writing entropy...
02-26 15:29:23.895 1878-2461/? V/AlarmManager: Triggering alarm #0: 2 when =1560507093 package=androidoperation = null listenTag =DhcpClient.wlan0.RENEW
02-26 15:29:23.919 3158-3158/? I/DigitalAppWidgetProvider: onReceive: com.android.deskclock.ON_QUARTER_HOUR
02-26 15:29:23.928 1878-1898/? E/BatteryStatsService: no controller energy info supplied
02-26 15:29:23.928 1878-2477/? I/chatty: uid=1000 system_server expire 6 lines
02-26 15:29:23.934 3158-3158/? I/WidgetUtils: getScaleRatio minWidth == 0
02-26 15:29:23.948 1878-1898/? E/BatteryStatsService: no controller energy info supplied
02-26 15:29:24.002 1878-2479/? I/chatty: uid=1000 system_server expire 2 lines
02-26 15:29:24.004 1878-2584/? D/AvoidBadWifiTracker: force disable bad wifi tracker
02-26 15:29:24.015 1878-2588/? I/Nat464Xlat: Android Xlat enabled is doXlat=true
02-26 15:29:24.019 1029-1029/? E/Parcel: Reading a NULL string not supported here.
02-26 15:29:24.019 1029-1029/? E/Parcel: Reading a NULL string not supported here.
02-26 15:31:33.221 1878-2461/? V/AlarmManager: Triggering alarm #0: 2 when =1560147486 package=androidoperation = null listenTag =DeviceIdleController.light
02-26 15:31:33.221 1878-2461/? V/AlarmManager: Triggering alarm #1: 3 when =1560543900 package=androidoperation =*alarm*:android.intent.action.TIME_TICK
02-26 15:31:33.221 1878-2461/? V/AlarmManager: Triggering alarm #2: 3 when =1560636604 package=androidoperation =*alarm*:com.android.server.action.NETWORK_STATS_POLL
02-26 15:31:33.221 1878-2461/? V/AlarmManager: Triggering alarm #3: 1 when =1519630201000 package=com.oneplus.deskclockoperation =*alarm*:com.android.deskclock.ON_QUARTER_HOUR
02-26 15:31:33.224 1878-1890/? D/DeviceIdleController: stepLightIdleStateLocked: mLightState=4
02-26 15:31:33.226 1878-1890/? D/DeviceIdleController: scheduleLightAlarmLocked(300000)
02-26 15:31:33.230 1878-2578/? D/NetworkStats: performPollLocked(flags=0x3)
02-26 15:31:33.231 1878-1890/? D/DeviceIdleController: Moved from LIGHT_STATE_IDLE to LIGHT_STATE_IDLE_MAINTENANCE.
02-26 15:31:33.241 1878-1890/? D/DeviceIdleController: handleMessage(4)
02-26 15:31:33.242 1878-1890/? I/chatty: uid=1000(system) android.bg expire 12 lines
02-26 15:31:33.249 1878-1898/? E/BatteryStatsService: no controller energy info supplied
02-26 15:31:33.257 2812-3796/? D/QtiTetherService/IpaWrapper: getStats(false)
02-26 15:31:33.282 1878-1890/? D/DeviceIdleController: handleMessage(7)
02-26 15:31:33.284 1878-1890/? D/DeviceIdleController: handleMessage(7)
02-26 15:31:33.328 3158-3158/? I/DigitalAppWidgetProvider: onReceive: com.android.deskclock.ON_QUARTER_HOUR
02-26 15:31:33.329 3158-3158/? I/WidgetUtils: getScaleRatio minWidth == 0
02-26 15:31:34.994 1878-1890/? D/DeviceIdleController: handleMessage(6)
02-26 15:31:34.995 1878-1890/? D/DeviceIdleController: checkTempAppWhitelistTimeout: uid=10009, timeNow=1560638895
02-26 15:31:34.995 1878-1890/? D/DeviceIdleController: Removing UID 10009 from temp whitelist
02-26 15:31:34.995 1878-1890/? D/DeviceIdleController: Setting wakelock temp whitelist to []
02-26 15:31:35.256 1878-3161/? I/ActivityManager: pid= 1878 st.name = system_server cpuPercent = 18 st.rel_utime =370 st.rel_stime =950
02-26 15:31:38.289 1878-1890/? D/DeviceIdleController: handleMessage(8)
02-26 15:31:38.290 1878-1890/? D/DeviceIdleController: Exit: start=+18d1h30m37s126ms now=+18d1h30m42s190ms
02-26 15:31:38.290 1878-1890/? D/DeviceIdleController: stepLightIdleStateLocked: mLightState=6
02-26 15:31:38.290 1878-1890/? D/DeviceIdleController: scheduleLightAlarmLocked(900000)
02-26 15:31:38.294 1878-1890/? D/DeviceIdleController: Moved to LIGHT_STATE_IDLE.
02-26 15:31:38.296 1878-1890/? D/DeviceIdleController: handleMessage(3)
02-26 15:46:38.680 1878-2461/? V/AlarmManager: Triggering alarm #0: 3 when =1560663901 package=androidoperation =*alarm*:android.intent.action.TIME_TICK
02-26 15:46:38.680 1878-2461/? V/AlarmManager: Triggering alarm #1: 2 when =1561542191 package=androidoperation = null listenTag =DeviceIdleController.light
02-26 15:46:38.680 1878-2461/? V/AlarmManager: Triggering alarm #2: 1 when =1519631101000 package=com.oneplus.deskclockoperation =*alarm*:com.android.deskclock.ON_QUARTER_HOUR
02-26 15:46:38.686 1878-1890/? D/DeviceIdleController: stepLightIdleStateLocked: mLightState=4
02-26 15:46:38.687 1878-1890/? D/DeviceIdleController: scheduleLightAlarmLocked(300000)
02-26 15:46:38.690 3158-3158/? I/DigitalAppWidgetProvider: onReceive: com.android.deskclock.ON_QUARTER_HOUR
02-26 15:46:38.700 1878-1892/? I/ProcessStatsService: Prepared write state in 11ms
02-26 15:46:38.700 1878-1890/? D/DeviceIdleController: Moved from LIGHT_STATE_IDLE to LIGHT_STATE_IDLE_MAINTENANCE.
02-26 15:46:38.703 1878-1892/? I/ProcessStatsService: Prepared write state in 2ms
02-26 15:46:38.707 3158-3158/? I/WidgetUtils: getScaleRatio minWidth == 0
02-26 15:46:38.718 1878-1890/? I/ProcessStatsService: Pruning old procstats: /data/system/procstats/state-2018-02-12-06-55-00.bin
02-26 15:46:38.718 1878-1890/? D/DeviceIdleController: handleMessage(4)
02-26 15:46:38.733 1878-1890/? D/DeviceIdleController: handleMessage(7)
02-26 15:46:38.733 1878-1890/? D/DeviceIdleController: handleMessage(7)
02-26 15:46:39.684 1878-1898/? I/chatty: uid=1000(system) batterystats-sy expire 1 line
02-26 15:46:39.698 1878-1898/? E/BatteryStatsService: no controller energy info supplied
02-26 15:46:39.699 1878-1898/? E/BatteryStatsService: no controller energy info supplied
02-26 15:46:39.711 1878-1878/? I/DeviceIdleController: updateChargingLocked: charging=false
02-26 15:46:39.714 14364-14364/? D/BatteryWatcher: BatteryWatcher--BatteryIsLow:true BatteryPercent:11
02-26 15:46:39.715 3623-3623/? D/WidgetViewService: ------BatteryReceiver------power=11
02-26 15:46:39.715 14364-14364/? D/AbstractProcessor: onBatteryChange Percent:11 State:3 
02-26 15:46:39.717 2825-2825/? E/QtiImsExtUtils: getConfigForPhoneId subId is invalid
02-26 15:46:39.717 2825-2825/? E/QtiImsExtUtils: isCarrierConfigEnabled bundle is null
02-26 15:46:39.717 2825-2825/? D/VideoCall_LowBattery: disconnectVideoCalls on low battery
02-26 15:46:39.717 2825-2825/? D/VideoCall_LowBattery: disconnectVideoCalls 
02-26 15:46:39.725 2713-2713/? I/BatteryController:  fireBatteryLevelChanged mLevel:11 PluggedIn:false Charging:false Fastcharge:false show:false style:0
02-26 15:46:39.726 2713-2713/? D/KeyguardIndication: onRefreshBatteryInfo: plugged:false, charged:false, level:11, speed:-1, last speed:-1, visible:true
02-26 15:46:39.774 2713-2713/? D/PhoneStatusBar: updateMediaMetaData: hasArtwork = true, 1, true, true, 0, false, false, false, 0, false
02-26 15:46:39.774 2713-2713/? D/StatusBarWindowManager: applyFocusableFlag: true, true, true, 81860040
02-26 15:46:40.728 3623-3623/? D/WidgetViewService: --------updateRemoteViews widgetDataItems={1=WidgetData [type=1, value=97, units=%], 0=WidgetData [type=0, value=-, units=], 2=WidgetData [type=2, value=11, units=%]},widgets.length:1
02-26 15:46:43.754 1878-1890/? D/DeviceIdleController: handleMessage(8)
02-26 15:46:43.754 1878-1890/? D/DeviceIdleController: Exit: start=+18d1h45m42s587ms now=+18d1h45m47s655ms
02-26 15:46:43.755 1878-1890/? D/DeviceIdleController: stepLightIdleStateLocked: mLightState=6
02-26 15:46:43.755 1878-1890/? D/DeviceIdleController: scheduleLightAlarmLocked(900000)
02-26 15:46:43.758 1878-1890/? D/DeviceIdleController: Moved to LIGHT_STATE_IDLE.
02-26 15:46:43.760 1878-1890/? D/DeviceIdleController: handleMessage(3)
02-26 15:46:43.761 1878-1890/? I/chatty: uid=1000(system) android.bg expire 12 lines
02-26 15:52:53.056 1878-2461/? V/AlarmManager: Triggering alarm #0: 3 when =1561563900 package=androidoperation =*alarm*:android.intent.action.TIME_TICK
02-26 15:52:53.058 1878-1898/? E/BatteryStatsService: no controller energy info supplied
02-26 15:52:53.075 1878-1898/? E/BatteryStatsService: no controller energy info supplied
02-26 15:52:54.390 1878-1898/? E/BatteryStatsService: no controller energy info supplied
02-26 16:01:17.121 736-736/? I/tftp_server: pid=736 tid=736 tftp-server : INF :[tftp_server.c, 524] rcvd request [1] [84] [1] [0] [14143]
02-26 16:01:17.146 1878-2461/? V/AlarmManager: Triggering alarm #0: 1 when =1519632001000 package=com.oneplus.deskclockoperation =*alarm*:com.android.deskclock.ON_QUARTER_HOUR
02-26 16:01:17.163 736-3220/? I/tftp_server: pid=736 tid=3220 tftp-server : INF :[tftp_server_utils.c, 113] file [readwrite/ota_firewall/ruleset] : [/system/rfs/msm/mpss/readwrite/ota_firewall/ruleset]
02-26 16:01:17.163 736-3220/? I/tftp_server: pid=736 tid=3220 tftp-server : INF :[tftp_server.c, 1044] OACK options : [7680, 200, 10, 4, 0, 0, 0, 0]
02-26 16:01:17.163 736-3220/? I/tftp_server: pid=736 tid=3220 tftp-server : INF :[tftp_os_la.c, 59] open : [-1] [-1] [384] [0] [/system/rfs/msm/mpss/readwrite/ota_firewall/ruleset]
02-26 16:01:17.163 736-3220/? E/tftp_server: pid=736 tid=3220 tftp-server : ERR :[tftp_os_la.c, 65] open failed: [2] [No such file or directory]
02-26 16:01:17.163 736-3220/? E/tftp_server: pid=736 tid=3220 tftp-server : ERR :[tftp_server.c, 1519] open failed : [-2] [Unknown error -2]
02-26 16:01:17.163 736-3220/? E/tftp_server: pid=736 tid=3220 tftp-server : ERR :[tftp_protocol.c, 1146] sending error-pkt. Code = 1, Msg = Err=2 String=No such file or directory
02-26 16:01:17.166 736-736/? I/tftp_server: pid=736 tid=736 tftp-server : INF :[tftp_server.c, 524] rcvd request [1] [84] [1] [0] [14144]
02-26 16:01:17.166 736-3221/? I/tftp_server: pid=736 tid=3221 tftp-server : INF :[tftp_server_utils.c, 113] file [readwrite/ota_firewall/ruleset] : [/system/rfs/msm/mpss/readwrite/ota_firewall/ruleset]
02-26 16:01:17.166 736-3221/? I/tftp_server: pid=736 tid=3221 tftp-server : INF :[tftp_server.c, 1044] OACK options : [7680, 200, 0, 10, 0, 0, 0, 0]
02-26 16:01:17.166 736-3221/? I/tftp_server: pid=736 tid=3221 tftp-server : INF :[tftp_os_la.c, 59] open : [-1] [-1] [384] [0] [/system/rfs/msm/mpss/readwrite/ota_firewall/ruleset]
02-26 16:01:17.166 736-3221/? E/tftp_server: pid=736 tid=3221 tftp-server : ERR :[tftp_os_la.c, 65] open failed: [2] [No such file or directory]
02-26 16:01:17.166 1878-1898/? E/BatteryStatsService: no controller energy info supplied
02-26 16:01:17.166 736-3221/? E/tftp_server: pid=736 tid=3221 tftp-server : ERR :[tftp_server.c, 1519] open failed : [-2] [Unknown error -2]
02-26 16:01:17.166 736-3221/? E/tftp_server: pid=736 tid=3221 tftp-server : ERR :[tftp_protocol.c, 1146] sending error-pkt. Code = 1, Msg = Err=2 String=No such file or directory
02-26 16:01:17.940 1878-1892/? I/OHPD: [BgDetect]chkExcessCpu level: 3 doKills: true critical false uptime: 1200009
02-26 16:01:44.436 1878-2461/? V/AlarmManager: Triggering alarm #0: 3 when =1562436604 package=androidoperation =*alarm*:com.android.server.action.NETWORK_STATS_POLL
02-26 16:01:44.436 1878-2461/? V/AlarmManager: Triggering alarm #1: 2 when =1562447655 package=androidoperation = null listenTag =DeviceIdleController.light
02-26 16:01:44.446 1878-1890/? D/DeviceIdleController: stepLightIdleStateLocked: mLightState=4
02-26 16:01:44.447 1878-2578/? D/NetworkStats: performPollLocked(flags=0x3)
02-26 16:01:44.448 1878-1890/? D/DeviceIdleController: scheduleLightAlarmLocked(300000)
02-26 16:01:44.455 1878-1890/? D/DeviceIdleController: Moved from LIGHT_STATE_IDLE to LIGHT_STATE_IDLE_MAINTENANCE.
02-26 16:01:44.455 1878-1890/? D/DeviceIdleController: handleMessage(4)
02-26 16:01:44.465 2812-2823/? D/QtiTetherService/IpaWrapper: getStats(false)
02-26 16:01:44.474 1878-1890/? D/DeviceIdleController: handleMessage(7)
02-26 16:01:44.476 1878-1890/? D/DeviceIdleController: handleMessage(7)
02-26 16:01:44.550 3158-3158/? I/DigitalAppWidgetProvider: onReceive: com.android.deskclock.ON_QUARTER_HOUR
02-26 16:01:44.551 3158-3158/? I/WidgetUtils: getScaleRatio minWidth == 0
02-26 16:01:45.561 873-998/? I/ThermalEngine: Monitor : quiet_therm = 27, msm_therm = 27, ufs_therm = -40, battery_therm = 194,current_now = 91000 
02-26 16:01:46.006 3623-24952/? D/FileSizeUtil: getAvailableStoragePercentValue totalBytes=56548761600,freeBytes=54670995456,availableStoragePercent=0.9667938591249362
02-26 16:01:46.007 3623-24952/? D/WidgetViewService: availableStorage has no change,availableStorage:97%
02-26 16:01:46.608 1878-2644/? D/OnePlusProcessManager: checkWhitePackageUid fail 10090
02-26 16:01:47.636 1878-1892/? I/ActivityManager: pid= 1878 st.name = system_server cpuPercent = 20 st.rel_utime =130 st.rel_stime =1030
02-26 16:01:47.637 1878-1892/? I/OHPD: [BgDetect]chkExcessCpu level: 2 doKills: true critical false uptime: 600076
02-26 16:01:49.506 1878-1890/? D/DeviceIdleController: handleMessage(8)
02-26 16:01:49.507 1878-1890/? D/DeviceIdleController: Exit: start=+18d2h0m48s348ms now=+18d2h0m53s407ms
02-26 16:01:49.507 1878-1890/? D/DeviceIdleController: stepLightIdleStateLocked: mLightState=6
02-26 16:01:49.507 1878-1890/? D/DeviceIdleController: scheduleLightAlarmLocked(900000)
02-26 16:01:49.511 1878-1890/? D/DeviceIdleController: Moved to LIGHT_STATE_IDLE.
02-26 16:01:49.513 1878-1890/? D/DeviceIdleController: handleMessage(3)
02-26 16:01:49.518 1878-2580/? I/chatty: uid=1000(system) NetworkPolicy expire 12 lines
02-26 16:16:49.941 1878-2461/? V/AlarmManager: Triggering alarm #0: 3 when =1562463900 package=androidoperation =*alarm*:android.intent.action.TIME_TICK
02-26 16:16:49.941 1878-2461/? V/AlarmManager: Triggering alarm #1: 2 when =1563353408 package=androidoperation = null listenTag =DeviceIdleController.light
02-26 16:16:49.941 1878-2461/? V/AlarmManager: Triggering alarm #2: 1 when =1519632901000 package=com.oneplus.deskclockoperation =*alarm*:com.android.deskclock.ON_QUARTER_HOUR
02-26 16:16:49.948 1878-1890/? D/DeviceIdleController: stepLightIdleStateLocked: mLightState=4
02-26 16:16:49.949 3158-3158/? I/DigitalAppWidgetProvider: onReceive: com.android.deskclock.ON_QUARTER_HOUR
02-26 16:16:49.951 1878-1890/? D/DeviceIdleController: scheduleLightAlarmLocked(300000)
02-26 16:16:49.953 1878-2580/? E/NetdConnector: NDC Command {4409 firewall enable_chain dozable} took too long (900340ms)
02-26 16:16:49.956 1878-1890/? D/DeviceIdleController: Moved from LIGHT_STATE_IDLE to LIGHT_STATE_IDLE_MAINTENANCE.
02-26 16:16:49.961 3158-3158/? I/WidgetUtils: getScaleRatio minWidth == 0
02-26 16:16:49.964 1878-1890/? I/UsageStatsService: User[0] Rolling over usage stats
02-26 16:16:49.964 1878-1890/? I/UsageStatsService: User[0] Flushing usage stats to disk
02-26 16:16:49.989 1878-1898/? E/BatteryStatsService: no controller energy info supplied
02-26 16:16:50.006 1878-1890/? I/UsageStatsService: User[0] Rollover scheduled @ 2018-02-27 16:16:49(1519719409946)
02-26 16:16:50.006 1878-1890/? I/UsageStatsService: User[0] Rolling over usage stats complete. Took 42 milliseconds
02-26 16:16:50.018 1878-1890/? D/DeviceIdleController: handleMessage(4)
02-26 16:16:50.018 1878-1890/? I/chatty: uid=1000(system) android.bg expire 12 lines
02-26 16:16:50.036 1878-1890/? D/DeviceIdleController: handleMessage(7)
02-26 16:16:50.095 1878-1890/? D/DeviceIdleController: handleMessage(7)
02-26 16:16:55.038 1878-1890/? D/DeviceIdleController: handleMessage(8)
02-26 16:16:55.042 1878-1890/? D/DeviceIdleController: Exit: start=+18d2h15m53s851ms now=+18d2h15m58s942ms
02-26 16:16:55.042 1878-1890/? D/DeviceIdleController: stepLightIdleStateLocked: mLightState=6
02-26 16:16:55.043 1878-1890/? D/DeviceIdleController: scheduleLightAlarmLocked(900000)
02-26 16:16:55.046 1878-1890/? D/DeviceIdleController: Moved to LIGHT_STATE_IDLE.
02-26 16:16:55.048 1878-1890/? D/DeviceIdleController: handleMessage(3)
02-26 16:20:34.619 1878-2461/? V/AlarmManager: Triggering alarm #0: 3 when =1563363901 package=androidoperation =*alarm*:android.intent.action.TIME_TICK
02-26 16:20:34.627 1878-1898/? E/BatteryStatsService: no controller energy info supplied
02-26 16:20:34.645 1878-2580/? E/NetdConnector: NDC Command {4411 firewall enable_chain dozable} took too long (219426ms)
02-26 16:31:55.933 1878-2461/? V/AlarmManager: Triggering alarm #0: 2 when =1564258943 package=androidoperation = null listenTag =DeviceIdleController.light
02-26 16:31:55.933 1878-2461/? V/AlarmManager: Triggering alarm #1: 1 when =1519633801000 package=com.oneplus.deskclockoperation =*alarm*:com.android.deskclock.ON_QUARTER_HOUR
02-26 16:31:55.961 3158-3158/? I/DigitalAppWidgetProvider: onReceive: com.android.deskclock.ON_QUARTER_HOUR
02-26 16:31:55.963 1878-1890/? D/DeviceIdleController: stepLightIdleStateLocked: mLightState=4
02-26 16:31:55.964 1878-1890/? D/DeviceIdleController: scheduleLightAlarmLocked(300000)
02-26 16:31:55.967 1878-1890/? D/DeviceIdleController: Moved from LIGHT_STATE_IDLE to LIGHT_STATE_IDLE_MAINTENANCE.
02-26 16:31:55.968 1878-1890/? D/DeviceIdleController: handleMessage(4)
02-26 16:31:55.984 1878-1898/? E/BatteryStatsService: no controller energy info supplied
02-26 16:31:56.004 3158-3158/? I/WidgetUtils: getScaleRatio minWidth == 0
02-26 16:31:56.017 1878-1890/? D/DeviceIdleController: handleMessage(7)
02-26 16:31:56.017 1878-1890/? D/DeviceIdleController: handleMessage(7)
02-26 16:31:59.316 1878-3325/? I/ActivityManager: pid= 1878 st.name = system_server cpuPercent = 13 st.rel_utime =180 st.rel_stime =540
02-26 16:32:00.952 1878-2461/? V/AlarmManager: Triggering alarm #0: 3 when =1564263901 package=androidoperation =*alarm*:android.intent.action.TIME_TICK
02-26 16:32:01.043 1878-1890/? D/DeviceIdleController: handleMessage(8)
02-26 16:32:01.044 1878-1890/? D/DeviceIdleController: Exit: start=+18d2h30m59s864ms now=+18d2h31m4s944ms
02-26 16:32:01.044 1878-1890/? D/DeviceIdleController: stepLightIdleStateLocked: mLightState=6
02-26 16:32:01.045 1878-1890/? D/DeviceIdleController: scheduleLightAlarmLocked(900000)
02-26 16:32:01.049 1878-1890/? D/DeviceIdleController: Moved to LIGHT_STATE_IDLE.
02-26 16:32:01.051 1878-1890/? D/DeviceIdleController: handleMessage(3)
02-26 16:32:01.052 1878-1890/? I/chatty: uid=1000(system) android.bg expire 12 lines
02-26 16:50:31.457 1878-2461/? V/AlarmManager: Triggering alarm #0: 3 when =1564236604 package=androidoperation =*alarm*:com.android.server.action.NETWORK_STATS_POLL
02-26 16:50:31.457 1878-2461/? V/AlarmManager: Triggering alarm #1: 2 when =1565164945 package=androidoperation = null listenTag =DeviceIdleController.light
02-26 16:50:31.457 1878-2461/? V/AlarmManager: Triggering alarm #2: 1 when =1519634701000 package=com.oneplus.deskclockoperation =*alarm*:com.android.deskclock.ON_QUARTER_HOUR
02-26 16:50:31.457 1878-2461/? V/AlarmManager: Triggering alarm #3: 3 when =1565374340 package=net.oneplus.weatheroperation =*alarm*:net.oneplus.weather.receiver.BootReceiver.ACTION_ALARM
02-26 16:50:31.459 1878-2578/? D/NetworkStats: performPollLocked(flags=0x3)
02-26 16:50:31.462 1878-1890/? D/DeviceIdleController: stepLightIdleStateLocked: mLightState=4
02-26 16:50:31.463 1878-1890/? D/DeviceIdleController: scheduleLightAlarmLocked(300000)
02-26 16:50:31.464 1878-1890/? D/DeviceIdleController: Moved from LIGHT_STATE_IDLE to LIGHT_STATE_IDLE_MAINTENANCE.
02-26 16:50:31.465 1878-1890/? D/DeviceIdleController: handleMessage(4)
02-26 16:50:31.466 2812-2824/? D/QtiTetherService/IpaWrapper: getStats(false)
02-26 16:50:31.469 1878-2578/? I/chatty: uid=1000(system) NetworkStats expire 1 line
02-26 16:50:31.473 1878-1898/? E/BatteryStatsService: no controller energy info supplied
02-26 16:50:31.489 1878-1890/? D/DeviceIdleController: handleMessage(7)
02-26 16:50:31.492 1878-1890/? D/DeviceIdleController: handleMessage(7)
02-26 16:50:31.546 3158-3158/? I/DigitalAppWidgetProvider: onReceive: com.android.deskclock.ON_QUARTER_HOUR
02-26 16:50:31.548 3158-3158/? I/WidgetUtils: getScaleRatio minWidth == 0
02-26 16:50:31.557 25011-25011/? D/LocationManager: requestLocationUpdates listener=com.amap.api.location.e@d61ca81 packageName= net.oneplus.weather
02-26 16:50:31.558 1878-13493/? I/chatty: uid=1000(system) Binder:1878_12 expire 2 lines
02-26 16:50:31.560 1878-2789/? I/chatty: uid=1000(system) LocationThread expire 2 lines
02-26 16:50:31.565 1878-13974/? I/chatty: uid=1000(system) Binder:1878_17 expire 1 line
02-26 16:50:31.571 3304-3319/? D/amsnlp: request mUserAgree true
02-26 16:50:31.571 3304-3319/? I/amsnlp: onSetRequest nlp used by: []
02-26 16:50:31.571 3304-3319/? I/amsnlp: onSetRequest: ProviderRequestUnbundled, reportLocation is true and interval is 3500
02-26 16:50:31.572 3304-3304/? I/amsnlp: in Handler: ProviderRequestUnbundled, reportLocation is true and interval is 20000
02-26 16:50:31.572 3304-3304/? I/amsmgrnlp: [1.9.2.17-1-2-l6a2g2p0f0v0ofalse(r)]add listener by key:amsnlp time:20
02-26 16:50:31.572 3304-3304/? I/amsst: adding listener com.amap.android.ams.k.f$1@74d5057 with period 20 and trigger true
02-26 16:50:31.572 3304-3304/? I/amsl: adll
02-26 16:50:31.573 3304-3304/? I/amsst: period: 20 enabled: true
02-26 16:50:31.573 3304-3304/? I/amsro: p=20, t=true
02-26 16:50:31.573 3304-3455/? I/amsnl: p=20, t=true
02-26 16:50:31.573 3304-3455/? I/amsnl: t:false, fl: true, p: 20000, ce: true, we: true
02-26 16:50:31.574 1878-1889/? D/ConnectivityService: Returning blocked NetworkInfo to uid=10009
02-26 16:50:31.575 3304-3455/? I/amsnl: m1: false
02-26 16:50:31.576 3304-3455/? I/amsnl: rl
02-26 16:50:31.576 3304-3455/? I/amsnl: c: false, w: false, t: true, l: false
02-26 16:50:31.576 3304-3455/? I/amsnl: crs
02-26 16:50:31.576 3304-3455/? I/amsnl: wrs
02-26 16:50:31.580 3304-3455/? I/amsnl: qg
02-26 16:50:31.580 3304-3455/? I/amsnl: gc
02-26 16:50:31.592 1878-1898/? E/BatteryStatsService: no controller energy info supplied
02-26 16:50:31.601 25011-3339/? I/DpmTcmClient: RegisterTcmMonitor from: org.apache.http.impl.conn.TcmIdleTimerMonitor
02-26 16:50:31.617 3304-3455/? I/amsnl: gw
02-26 16:50:31.625 3304-3455/? I/amsnl: size: 54
02-26 16:50:31.630 3304-3455/? I/amsnl: wa: 6133
02-26 16:50:31.632 3304-3455/? E/amsnlp: error -2
02-26 16:50:31.642 3304-3455/? I/amsnl: csr
02-26 16:50:31.642 3304-3455/? I/amsnl: t:false, fl: false, p: 20000, ce: true, we: true
02-26 16:50:31.644 3304-3455/? I/amsnl: m1: false
02-26 16:50:31.644 3304-3455/? I/amsnl: c: false, w: false, t: false, l: false
02-26 16:50:31.653 3304-3455/? I/amsnl: csr
02-26 16:50:31.653 3304-3455/? I/amsnl: t:false, fl: false, p: 20000, ce: true, we: true
02-26 16:50:31.655 3304-3455/? I/amsnl: m1: false
02-26 16:50:31.655 3304-3455/? I/amsnl: c: false, w: false, t: false, l: false
02-26 16:50:31.655 3304-3455/? I/amsnl: wsr
02-26 16:50:31.661 3304-3455/? I/amsnl: t:false, fl: false, p: 20000, ce: true, we: true
02-26 16:50:31.663 3304-3455/? I/amsnl: m1: false
02-26 16:50:31.663 3304-3455/? I/amsnl: c: false, w: true, t: false, l: false
02-26 16:50:31.663 3304-3455/? I/amsnl: qg
02-26 16:50:31.674 3304-3455/? I/amsc: same acc
02-26 16:50:31.674 3304-3455/? I/amsc: gt2
02-26 16:50:31.674 3304-3455/? I/amsc: found: wx4g6ev, 1519614632116
02-26 16:50:31.693 3304-3455/? I/amsnlp: isConnected, isIdle: false isIgnoreBatOpt: false
02-26 16:50:31.701 3304-3455/? E/amsnlp: error -3
02-26 16:50:32.152 2713-2713/? D/PhoneStatusBar: updateMediaMetaData: hasArtwork = true, 1, true, true, 0, false, false, false, 0, false
02-26 16:50:32.152 2713-2713/? D/StatusBarWindowManager: applyFocusableFlag: true, true, true, 81860040
02-26 16:50:32.169 2713-2713/? W/StatusBarIconView: No iconnull
02-26 16:50:33.214 1021-2782/? I/LOWI-8.1.1.0.g: [LOWI-Scan] lowi_close_record:Scan completed in 1565340305ms and Recieved 54 APs scan results
02-26 16:50:33.296 1878-2802/? I/chatty: uid=1000(system) FLP Service Cal expire 3 lines
02-26 16:50:33.313 3304-3455/? I/amsnl: wsr
02-26 16:50:33.319 3304-3455/? I/amsnl: t:false, fl: false, p: 20000, ce: true, we: true
02-26 16:50:33.321 3304-3455/? I/amsnl: m1: false
02-26 16:50:33.322 3304-3455/? I/amsnl: c: false, w: true, t: false, l: false
02-26 16:50:36.152 1878-3366/? I/ActivityManager: pid= 1878 st.name = system_server cpuPercent = 10 st.rel_utime =350 st.rel_stime =340
02-26 16:50:36.519 1878-1890/? D/DeviceIdleController: handleMessage(8)
02-26 16:50:36.519 1878-1890/? D/DeviceIdleController: Exit: start=+18d2h49m35s363ms now=+18d2h49m40s420ms
02-26 16:50:36.519 1878-1890/? D/DeviceIdleController: stepLightIdleStateLocked: mLightState=6
02-26 16:50:36.520 1878-1890/? D/DeviceIdleController: scheduleLightAlarmLocked(900000)
02-26 16:50:36.523 1878-1890/? D/DeviceIdleController: Moved to LIGHT_STATE_IDLE.
02-26 16:50:36.525 1878-1890/? D/DeviceIdleController: handleMessage(3)
02-26 16:50:36.672 1878-2800/? I/chatty: uid=1000(system) LocTime expire 1 line
02-26 16:50:37.355 3623-24952/? D/FileSizeUtil: getAvailableStoragePercentValue totalBytes=56548761600,freeBytes=54670995456,availableStoragePercent=0.9667938591249362
02-26 16:50:37.355 3623-24952/? D/WidgetViewService: availableStorage has no change,availableStorage:97%
02-26 16:50:37.358 1878-2580/? E/NetdConnector: NDC Command {4417 firewall enable_chain dozable} took too long (748ms)
02-26 16:50:37.361 1602-1869/? I/Netd: Destroyed 1 sockets for UidRanges{ 10000-2147483647 } skip={10012 10066 10139} in 1.2 ms
02-26 16:50:37.364 25011-25011/? D/LocationProvider: 2nd time to get location data from AccuWeather
02-26 16:50:37.364 25011-25011/? D/LocationProvider: location.getLatitude(): 39.968668
02-26 16:50:37.364 25011-25011/? D/LocationProvider: location.getLongitude(): 116.490835
02-26 16:50:37.364 25011-25011/? D/LocationProvider: country is china
02-26 16:50:37.364 25011-25011/? I/ChinaCityDB: getCity:select * from region left join area on region.search_code = area.city_code where region_code = 110105
02-26 16:50:37.371 25011-25011/? D/LocationProvider: locale: zh_CN
02-26 16:50:37.372 25011-25011/? D/WeatherRequestExecuter: Request url: http://i1.weather.oppomobile.com/chinaWeather/smChinaWeathersGz/2018022616/101010300-2018022616.json.gz
02-26 16:50:37.372 25011-25011/? D/LocationManager: removeUpdates listener=com.amap.api.location.e@d61ca81 packageName=  net.oneplus.weather
02-26 16:50:37.373 1878-1889/? I/chatty: uid=1000(system) Binder:1878_2 expire 2 lines
02-26 16:50:37.376 3304-3319/? D/amsnlp: request mUserAgree true
02-26 16:50:37.376 3304-3319/? I/amsnlp: onSetRequest nlp used by: []
02-26 16:50:37.376 3304-3319/? I/amsnlp: onSetRequest: ProviderRequestUnbundled, reportLocation is false and interval is 9223372036854775807
02-26 16:50:37.377 3304-3304/? I/amsnlp: in Handler: ProviderRequestUnbundled, reportLocation is false and interval is 86400000
02-26 16:50:37.377 3304-3304/? I/amsmgrnlp: [1.9.2.17-1-2-l6a2g2p0f0v0ofalse(r)]add listener by key:amsnlp time:86400
02-26 16:50:37.377 3304-3304/? I/amsst: adding listener com.amap.android.ams.k.f$1@74d5057 with period 86400 and trigger true
02-26 16:50:37.377 3304-3304/? I/amsl: adll
02-26 16:50:37.377 3304-3304/? I/amsst: period: 86400 enabled: true
02-26 16:50:37.377 3304-3304/? I/amsro: p=86400, t=true
02-26 16:50:37.378 3304-3455/? I/amsnl: p=86400, t=true
02-26 16:50:37.378 3304-3455/? I/amsnl: t:false, fl: false, p: 86400000, ce: true, we: true
02-26 16:50:37.379 3304-3455/? I/amsnl: m1: false
02-26 16:50:37.380 3304-3455/? I/amsnl: c: false, w: true, t: false, l: false
02-26 16:52:09.097 735-735/? I/rmt_storage: rmt_storage_connect_cb: clnt_h=0xbd conn_h=0x7f94c2a000
02-26 16:52:09.097 735-735/? I/rmt_storage: rmt_storage_rw_iovec_cb: /boot/modem_fs2: req_h=0xbd msg_id=3: R/W request received
02-26 16:52:09.098 735-735/? I/rmt_storage: wakelock acquired: 1, error no: 42
02-26 16:52:09.098 735-1266/? I/rmt_storage: rmt_storage_client_thread: /boot/modem_fs2: Unblock worker thread (th_id: 547954357328)
02-26 16:52:09.123 1878-2461/? V/AlarmManager: Triggering alarm #0: 3 when =1565403901 package=androidoperation =*alarm*:android.intent.action.TIME_TICK
02-26 16:52:09.123 1878-2461/? V/AlarmManager: Triggering alarm #1: 3 when =1565395474 package=com.amap.android.amsoperation =*alarm*:com.amap.android.ams.nlp.ALARM_WAKEUP_LOCATOR
02-26 16:52:09.153 1878-1898/? E/BatteryStatsService: no controller energy info supplied
02-26 16:52:09.167 2713-2713/? D/PhoneStatusBar: updateMediaMetaData: hasArtwork = true, 1, true, true, 0, false, false, false, 0, false
02-26 16:52:09.167 2713-2713/? D/StatusBarWindowManager: applyFocusableFlag: true, true, true, 81860040
02-26 16:52:09.196 735-1266/? I/rmt_storage: rmt_storage_client_thread: /boot/modem_fs2: req_h=0xbd msg_id=3: Bytes written = 2097152
02-26 16:52:09.196 735-1266/? I/rmt_storage: rmt_storage_client_thread: /boot/modem_fs2: req_h=0xbd msg_id=3: Send response: res=0 err=0
02-26 16:52:09.197 735-1266/? I/rmt_storage: rmt_storage_client_thread: /boot/modem_fs2: About to block rmt_storage client thread (th_id: 547954357328) wakelock released: 1, error no: 0
02-26 16:52:09.200 735-735/? I/rmt_storage: rmt_storage_disconnect_cb: clnt_h=0xbd conn_h=0x7f94c2a000
02-26 17:01:17.067 736-736/? I/tftp_server: pid=736 tid=736 tftp-server : INF :[tftp_server.c, 524] rcvd request [1] [84] [1] [0] [14175]
02-26 17:01:17.091 1878-2461/? V/AlarmManager: Triggering alarm #0: 1 when =1519635601000 package=com.oneplus.deskclockoperation =*alarm*:com.android.deskclock.ON_QUARTER_HOUR
02-26 17:01:17.110 736-3387/? I/tftp_server: pid=736 tid=3387 tftp-server : INF :[tftp_server_utils.c, 113] file [readwrite/ota_firewall/ruleset] : [/system/rfs/msm/mpss/readwrite/ota_firewall/ruleset]
02-26 17:01:17.111 736-3387/? I/tftp_server: pid=736 tid=3387 tftp-server : INF :[tftp_server.c, 1044] OACK options : [7680, 200, 10, 4, 0, 0, 0, 0]
02-26 17:01:17.111 736-3387/? I/tftp_server: pid=736 tid=3387 tftp-server : INF :[tftp_os_la.c, 59] open : [-1] [-1] [384] [0] [/system/rfs/msm/mpss/readwrite/ota_firewall/ruleset]
02-26 17:01:17.111 736-3387/? E/tftp_server: pid=736 tid=3387 tftp-server : ERR :[tftp_os_la.c, 65] open failed: [2] [No such file or directory]
02-26 17:01:17.111 736-3387/? E/tftp_server: pid=736 tid=3387 tftp-server : ERR :[tftp_server.c, 1519] open failed : [-2] [Unknown error -2]
02-26 17:01:17.111 736-3387/? E/tftp_server: pid=736 tid=3387 tftp-server : ERR :[tftp_protocol.c, 1146] sending error-pkt. Code = 1, Msg = Err=2 String=No such file or directory
02-26 17:01:17.118 736-736/? I/tftp_server: pid=736 tid=736 tftp-server : INF :[tftp_server.c, 524] rcvd request [1] [84] [1] [0] [14176]
02-26 17:01:17.119 736-3389/? I/tftp_server: pid=736 tid=3389 tftp-server : INF :[tftp_server_utils.c, 113] file [readwrite/ota_firewall/ruleset] : [/system/rfs/msm/mpss/readwrite/ota_firewall/ruleset]
02-26 17:01:17.119 736-3389/? I/tftp_server: pid=736 tid=3389 tftp-server : INF :[tftp_server.c, 1044] OACK options : [7680, 200, 0, 10, 0, 0, 0, 0]
02-26 17:01:17.120 736-3389/? I/tftp_server: pid=736 tid=3389 tftp-server : INF :[tftp_os_la.c, 59] open : [-1] [-1] [384] [0] [/system/rfs/msm/mpss/readwrite/ota_firewall/ruleset]
02-26 17:01:17.120 736-3389/? E/tftp_server: pid=736 tid=3389 tftp-server : ERR :[tftp_os_la.c, 65] open failed: [2] [No such file or directory]
02-26 17:01:17.120 736-3389/? E/tftp_server: pid=736 tid=3389 tftp-server : ERR :[tftp_server.c, 1519] open failed : [-2] [Unknown error -2]
02-26 17:01:17.120 736-3389/? E/tftp_server: pid=736 tid=3389 tftp-server : ERR :[tftp_protocol.c, 1146] sending error-pkt. Code = 1, Msg = Err=2 String=No such file or directory
02-26 17:01:17.120 1878-1898/? E/BatteryStatsService: no controller energy info supplied
02-26 17:06:26.927 2785-2785/? I/wpa_supplicant: wlan0: CTRL-EVENT-EAP-STARTED EAP authentication started
02-26 17:06:26.934 1878-1898/? E/BatteryStatsService: no controller energy info supplied
02-26 17:06:26.987 1878-1898/? E/BatteryStatsService: no controller energy info supplied
02-26 17:06:27.000 2785-2785/? I/wpa_supplicant: wlan0: CTRL-EVENT-EAP-PROPOSED-METHOD vendor=0 method=25
02-26 17:06:27.000 2785-2785/? I/wpa_supplicant: wlan0: CTRL-EVENT-EAP-METHOD EAP vendor 0 method 25 (PEAP) selected
02-26 17:06:27.449 2785-2785/? I/wpa_supplicant: wlan0: CTRL-EVENT-EAP-PEER-CERT depth=2 subject='/C=BM/O=QuoVadis Limited/CN=QuoVadis Root CA 2' hash=85a0dd7dd720adb7ff05f83d542b209dc7ff4528f7d677b18389fea5e5c49e86
02-26 17:06:27.453 1878-2781/? I/chatty: uid=1000(system) Thread-7 expire 13 lines
02-26 17:06:27.460 2785-2785/? I/wpa_supplicant: wlan0: CTRL-EVENT-EAP-PEER-CERT depth=2 subject='/C=BM/O=QuoVadis Limited/CN=QuoVadis Root CA 2' hash=85a0dd7dd720adb7ff05f83d542b209dc7ff4528f7d677b18389fea5e5c49e86
02-26 17:06:27.470 2785-2785/? I/wpa_supplicant: wlan0: CTRL-EVENT-EAP-PEER-CERT depth=1 subject='/C=US/O=HydrantID (Avalanche Cloud Corporation)/CN=HydrantID SSL ICA G2' hash=9c6d08933201407fbf2b12540b67cc0e4c9666f132e1504762a717cbae8f3fd6
02-26 17:06:27.474 2785-2785/? I/wpa_supplicant: wlan0: CTRL-EVENT-EAP-PEER-CERT depth=0 subject='/C=US/ST=CA/L=San Jose/O=Cisco Systems, Inc./CN=ise-trustsec-prod-apac.cisco.com' hash=757ba3310fe29cc2ca3385b6965d3d9e666b9ad155581e9cc697fe79b8a8e97c
02-26 17:06:27.477 2785-2785/? I/wpa_supplicant: wlan0: CTRL-EVENT-EAP-PEER-ALT depth=0 DNS:ise-trustsec-prod-apac.cisco.com
02-26 17:06:27.478 2785-2785/? I/wpa_supplicant: wlan0: CTRL-EVENT-EAP-PEER-ALT depth=0 DNS:isebgl-prd-01.cisco.com
02-26 17:06:27.479 2785-2785/? I/wpa_supplicant: wlan0: CTRL-EVENT-EAP-PEER-ALT depth=0 DNS:isebgl-prd-03.cisco.com
02-26 17:06:27.479 2785-2785/? I/wpa_supplicant: wlan0: CTRL-EVENT-EAP-PEER-ALT depth=0 DNS:isebgl-prd-04.cisco.com
02-26 17:06:27.479 2785-2785/? I/wpa_supplicant: wlan0: CTRL-EVENT-EAP-PEER-ALT depth=0 DNS:isebgl-prd-05.cisco.com
02-26 17:06:27.480 2785-2785/? I/wpa_supplicant: wlan0: CTRL-EVENT-EAP-PEER-ALT depth=0 DNS:isebgl-prd-06.cisco.com
02-26 17:06:27.480 2785-2785/? I/wpa_supplicant: wlan0: CTRL-EVENT-EAP-PEER-ALT depth=0 DNS:isehkg-prd-06.cisco.com
02-26 17:06:27.481 2785-2785/? I/wpa_supplicant: wlan0: CTRL-EVENT-EAP-PEER-ALT depth=0 DNS:isehkg-prd-05.cisco.com
02-26 17:06:27.481 2785-2785/? I/wpa_supplicant: wlan0: CTRL-EVENT-EAP-PEER-ALT depth=0 DNS:isehkg-prd-04.cisco.com
02-26 17:06:27.482 2785-2785/? I/wpa_supplicant: wlan0: CTRL-EVENT-EAP-PEER-ALT depth=0 DNS:isehkg-prd-03.cisco.com
02-26 17:06:27.782 2785-2785/? I/wpa_supplicant: EAP-MSCHAPV2: Authentication succeeded
02-26 17:06:31.193 2785-2785/? I/wpa_supplicant: wlan0: CTRL-EVENT-DISCONNECTED bssid=74:a2:e6:cd:ed:cf reason=15
02-26 17:06:31.194 1878-1900/? I/chatty: uid=1000(system) android.fg expire 10 lines
02-26 17:06:31.196 2785-2785/? E/wpa_supplicant: eap_proxy: eap_proxy_notify_config
02-26 17:06:31.218 1878-2588/? D/ConnectivityService: NetworkAgentInfo [WIFI () - 112] EVENT_NETWORK_INFO_CHANGED, going from CONNECTED to DISCONNECTED
02-26 17:06:31.219 1878-2588/? D/ConnectivityService: NetworkAgentInfo [WIFI () - 112] got DISCONNECTED, was satisfying 7
02-26 17:06:31.219 1878-2588/? D/NetworkStats: forceUpdateIfaces()
02-26 17:06:31.220 1878-2588/? D/NetworkStats: performPollLocked(flags=0x1)
02-26 17:06:31.220 1878-2588/? I/chatty: uid=1000(system) ConnectivitySer expire 9 lines
02-26 17:06:31.220 1878-2584/? I/chatty: uid=1000(system) IpManager.wlan0 expire 1 line
02-26 17:06:31.230 1602-1870/? D/CommandListener: Setting iface cfg
02-26 17:06:31.231 1878-2583/? I/chatty: uid=1000(system) WifiStateMachin expire 41 lines
02-26 17:06:31.231 1029-1029/? E/Parcel: Reading a NULL string not supported here.
02-26 17:06:31.231 1029-1029/? E/Parcel: Reading a NULL string not supported here.
02-26 17:06:31.238 1602-1863/? I/Netd: Destroyed 7 sockets on 10.140.254.24 in 1.6 ms
02-26 17:06:31.238 1029-1029/? E/Parcel: Reading a NULL string not supported here.
02-26 17:06:31.238 1029-1029/? E/Parcel: Reading a NULL string not supported here.
02-26 17:06:31.240 2812-2823/? D/QtiTetherService/IpaWrapper: getStats(false)
02-26 17:06:31.243 1878-2619/? I/chatty: uid=1000(system) ConnectivityMan expire 1 line
02-26 17:06:31.244 1878-2588/? I/Nat464Xlat: Android Xlat enabled is doXlat=true
02-26 17:06:31.244 2812-2861/? W/QCNEJ: |CORE| network lost: 112
02-26 17:06:31.244 1878-2476/? I/chatty: uid=1000 system_server expire 2 lines
02-26 17:06:31.244 2812-2861/? W/QCNEJ: |CORE| onLost: unbind the process to WIFI
02-26 17:06:31.244 2825-2825/? D/PhoneSwitcherNetworkRequstListener: new score 0 for exisiting request NetworkRequest [ REQUEST id=1, [ Capabilities: INTERNET&NOT_RESTRICTED&TRUSTED&NOT_VPN] ]
02-26 17:06:31.244 2825-2825/? D/PhoneSwitcherNetworkRequstListener:   my score=101, my filter=[ Transports: CELLULAR Capabilities: MMS&SUPL&DUN&FOTA&IMS&CBS&IA&RCS&XCAP&EIMS&INTERNET&NOT_RESTRICTED&TRUSTED&NOT_VPN Specifier: <*>]
02-26 17:06:31.244 2825-2825/? D/PhoneSwitcherNetworkRequstListener: evalRequest
02-26 17:06:31.245 2825-2825/? D/PhoneSwitcherNetworkRequstListener:   done
02-26 17:06:31.245 1878-2621/? I/chatty: uid=1000(system) EthernetService expire 8 lines
02-26 17:06:31.246 1878-2586/? I/chatty: uid=1000(system) WifiScanningSer expire 3 lines
