02-26 08:06:33.196 4808-4808/? W/ContextImpl: Calling a method in the system process without a qualified user: android.app.ContextImpl.bindService:1438 android.content.ContextWrapper.bindService:637 com.loc.aA.qA:-1 com.loc.aA.<init>:-1 java.lang.reflect.Constructor.newInstance0:-2 
02-26 08:06:33.200 1878-3285/? W/ActivityManager: Unable to start service Intent { cmp=net.oneplus.odm/com.amap.api.location.g (has extras) } U=0: not found
02-26 08:06:38.190 1878-2461/? V/AlarmManager: Triggering alarm #0: 2 when =1533942089 package=androidoperation = null listenTag =SupplicantWifiScannerImplPno Monitor
02-26 08:06:38.381 1878-2156/? I/ActivityManager: pid= 1878 st.name = system_server cpuPercent = 13 st.rel_utime =310 st.rel_stime =1040
02-26 08:08:08.817 1878-2461/? V/AlarmManager: Triggering alarm #0: 3 when =1533963901 package=androidoperation =*alarm*:android.intent.action.TIME_TICK
02-26 08:08:08.818 1878-2461/? V/AlarmManager: Triggering alarm #1: 3 when =1533957124 package=com.amap.android.amsoperation =*alarm*:com.amap.android.ams.nlp.ALARM_WAKEUP_LOCATOR
02-26 08:31:33.145 1878-2461/? V/AlarmManager: Triggering alarm #0: 2 when =1534837063 package=androidoperation = null listenTag =DeviceIdleController.light
02-26 08:31:33.145 1878-2461/? V/AlarmManager: Triggering alarm #1: 3 when =1535436604 package=androidoperation =*alarm*:com.android.server.action.NETWORK_STATS_POLL
02-26 08:31:33.145 1878-2461/? V/AlarmManager: Triggering alarm #2: 1 when =1519604101000 package=com.oneplus.deskclockoperation =*alarm*:com.android.deskclock.ON_QUARTER_HOUR
02-26 08:31:33.147 1878-1890/? D/DeviceIdleController: stepLightIdleStateLocked: mLightState=5
02-26 08:31:33.148 1878-1890/? D/DeviceIdleController: scheduleLightAlarmLocked(300000)
02-26 08:31:33.148 1878-2578/? D/NetworkStats: performPollLocked(flags=0x3)
02-26 08:31:33.154 1878-1890/? D/DeviceIdleController: Moved from LIGHT_STATE_IDLE to LIGHT_STATE_IDLE_MAINTENANCE.
02-26 08:31:33.165 1878-1892/? D/DeviceIdleController: Adding AppId 10009 to temp whitelist. New entry: true
02-26 08:31:33.165 1878-1892/? D/DeviceIdleController: postTempActiveTimeoutMessage: uid=10009, delay=10000
02-26 08:31:33.165 1878-1892/? D/DeviceIdleController: Setting wakelock temp whitelist to [10009]
02-26 08:31:33.197 1878-1890/? D/DeviceIdleController: handleMessage(4)
02-26 08:31:33.251 1878-1890/? D/DeviceIdleController: handleMessage(7)
02-26 08:31:33.254 1878-1890/? D/DeviceIdleController: handleMessage(7)
02-26 08:31:38.230 1878-2168/? I/ActivityManager: pid= 1878 st.name = system_server cpuPercent = 11 st.rel_utime =300 st.rel_stime =520
02-26 08:31:38.267 1878-1890/? D/DeviceIdleController: handleMessage(8)
02-26 08:31:38.268 1878-1890/? D/DeviceIdleController: Exit: start=+17d18h30m37s48ms now=+17d18h30m42s168ms
02-26 08:31:38.268 1878-1890/? D/DeviceIdleController: stepLightIdleStateLocked: mLightState=6
02-26 08:31:38.268 1878-1890/? D/DeviceIdleController: scheduleLightAlarmLocked(900000)
02-26 08:31:38.270 1878-1890/? D/DeviceIdleController: Moved to LIGHT_STATE_IDLE.
02-26 08:31:38.271 1878-2461/? V/AlarmManager: Triggering alarm #0: 2 when =1535442080 package=androidoperation = null listenTag =SupplicantWifiScannerImplPno Monitor
02-26 08:31:38.271 1878-1890/? D/DeviceIdleController: handleMessage(3)
02-26 08:38:29.309 1878-2461/? V/AlarmManager: Triggering alarm #0: 3 when =1535463900 package=androidoperation =*alarm*:android.intent.action.TIME_TICK
02-26 08:38:31.038 1878-2583/? D/AvoidBadWifiTracker: force disable bad wifi tracker
02-26 08:38:31.039 1878-2583/? D/ConnectivityService: registerNetworkAgent NetworkAgentInfo{ ni{[type: WIFI[], state: CONNECTING/CONNECTING, reason: (unspecified), extra: "blizzard", failover: false, available: true, roaming: false, metered: false]}  network{111}  nethandle{476757805790}  lp{{LinkAddresses: []  Routes: [] DnsAddresses: [] Domains: null MTU: 0}}  nc{[ Transports: WIFI Capabilities: NOT_METERED&INTERNET&NOT_RESTRICTED&TRUSTED&NOT_VPN LinkUpBandwidth>=1048576Kbps LinkDnBandwidth>=1048576Kbps]}  Score{20}  everValidated{false}  lastValidated{false}  created{false} lingering{false} explicitlySelected{false} acceptUnvalidated{false} everCaptivePortalDetected{false} lastCaptivePortalDetected{false} }
02-26 08:38:31.039 1878-2588/? D/AvoidBadWifiTracker: force disable bad wifi tracker
02-26 08:38:31.039 1878-2588/? D/ConnectivityService: NetworkAgentInfo [WIFI () - 111] EVENT_NETWORK_INFO_CHANGED, going from null to CONNECTING
02-26 08:38:31.053 1878-2584/? D/AvoidBadWifiTracker: force disable bad wifi tracker
02-26 08:38:31.055 1878-2588/? D/AvoidBadWifiTracker: force disable bad wifi tracker
02-26 08:38:31.064 1878-2584/? D/AvoidBadWifiTracker: force disable bad wifi tracker
02-26 08:38:35.343 1878-2461/? V/AlarmManager: Triggering alarm #0: 2 when =1535858632 package=androidoperation = null listenTag =SupplicantWifiScannerImplPno Monitor
02-26 08:38:36.072 1878-2461/? V/AlarmManager: Triggering alarm #0: 2 when =1535857022 package=androidoperation = null listenTag =DhcpClient.wlan0.KICK
02-26 08:38:36.231 1878-2584/? D/AvoidBadWifiTracker: force disable bad wifi tracker
02-26 08:38:36.239 1878-2588/? D/AvoidBadWifiTracker: force disable bad wifi tracker
02-26 08:38:36.239 1878-2588/? D/AvoidBadWifiTracker: force disable bad wifi tracker
02-26 08:38:36.247 1878-2584/? D/AvoidBadWifiTracker: force disable bad wifi tracker
02-26 08:38:36.252 1878-2588/? D/AvoidBadWifiTracker: force disable bad wifi tracker
02-26 08:38:36.257 1878-2588/? D/AvoidBadWifiTracker: force disable bad wifi tracker
02-26 08:38:36.258 1878-2588/? D/ConnectivityService: NetworkAgentInfo [WIFI () - 111] EVENT_NETWORK_INFO_CHANGED, going from CONNECTING to CONNECTED
02-26 08:38:36.262 1878-2588/? D/ConnectivityService: Adding iface wlan0 to network 111
02-26 08:38:36.324 1878-2588/? D/ConnectivityService: Setting DNS servers for network 111 to [/64.104.123.144, /171.70.168.183]
02-26 08:38:36.326 1878-2588/? I/Nat464Xlat: Android Xlat enabled is doXlat=true
02-26 08:38:36.326 1878-2588/? D/NetworkStats: forceUpdateIfaces()
02-26 08:38:36.326 1878-2588/? D/NetworkStats: performPollLocked(flags=0x1)
02-26 08:38:36.334 1878-2588/? D/NetworkStats: forceUpdateIfaces()
02-26 08:38:36.334 1878-2588/? D/NetworkStats: performPollLocked(flags=0x1)
02-26 08:38:36.341 1878-2588/? D/AvoidBadWifiTracker: force disable bad wifi tracker
02-26 08:38:36.342 1878-2588/? D/AvoidBadWifiTracker: force disable bad wifi tracker
02-26 08:38:36.343 1878-2588/? D/ConnectivityService: Switching to new default network: NetworkAgentInfo{ ni{[type: WIFI[], state: CONNECTED/CONNECTED, reason: (unspecified), extra: "blizzard", failover: false, available: true, roaming: false, metered: false]}  network{111}  nethandle{476757805790}  lp{{InterfaceName: wlan0 LinkAddresses: [fe80::9665:2dff:fe36:e35a/64,10.140.254.24/23,]  Routes: [fe80::/64 -> :: wlan0,10.140.254.0/23 -> 0.0.0.0 wlan0,0.0.0.0/0 -> 10.140.254.1 wlan0,] DnsAddresses: [64.104.123.144,171.70.168.183,] Domains: cisco.com MTU: 1430 TcpBufferSizes: 524288,1048576,4194304,524288,1048576,4194304}}  nc{[ Transports: WIFI Capabilities: NOT_METERED&INTERNET&NOT_RESTRICTED&TRUSTED&NOT_VPN&FOREGROUND LinkUpBandwidth>=1048576Kbps LinkDnBandwidth>=1048576Kbps]}  Score{20}  everValidated{false}  lastValidated{false}  created{true} lingering{false} explicitlySelected{false} acceptUnvalidated{false} everCaptivePortalDetected{false} lastCaptivePortalDetected{false} }
02-26 08:38:36.427 1878-1898/? E/BatteryStatsService: no controller energy info supplied
02-26 08:38:36.429 1878-2588/? D/AvoidBadWifiTracker: force disable bad wifi tracker
02-26 08:38:36.431 1878-2588/? D/ConnectivityService: Sending CONNECTED broadcast for type 1 NetworkAgentInfo [WIFI () - 111] isDefaultNetwork=true
02-26 08:38:36.456 1878-2588/? D/AvoidBadWifiTracker: force disable bad wifi tracker
02-26 08:38:36.456 1878-2588/? D/AvoidBadWifiTracker: force disable bad wifi tracker
02-26 08:38:36.457 1878-2588/? D/ConnectivityService: NetworkAgentInfo [WIFI () - 111] validation passed
02-26 08:38:36.457 1878-2588/? D/AvoidBadWifiTracker: force disable bad wifi tracker
02-26 08:38:36.469 1878-13293/? D/ConnectivityService: Returning blocked NetworkInfo to uid=10096
02-26 08:38:36.470 1878-3285/? D/ConnectivityService: Returning blocked NetworkInfo to uid=10060
02-26 08:38:36.470 1878-13265/? D/ConnectivityService: Returning blocked NetworkInfo to uid=10031
02-26 08:38:36.471 1878-13374/? D/ConnectivityService: Returning unblocked NetworkInfo to uid=10009
02-26 08:38:36.471 1878-13494/? D/ConnectivityService: Returning blocked NetworkInfo to uid=10080
02-26 08:38:36.487 14364-14364/? W/ContextImpl: Calling a method in the system process without a qualified user: android.app.ContextImpl.startService:1374 android.content.ContextWrapper.startService:614 com.oneplus.opbackup.service.BackupService.startService:44 com.oneplus.opbackup.receiver.CheckUpdateReceiver.startOTAService:144 com.oneplus.opbackup.receiver.NetworkListenerService$NetworkChangeReceive.onReceive:46 
02-26 08:38:36.543 24927-24945/? W/FileUtils: Failed to chmod(/storage/emulated/0/.mcs/mcs.db): android.system.ErrnoException: chmod failed: EPERM (Operation not permitted)
02-26 08:38:36.565 1878-3285/? I/ActivityManager: Process com.oneplus.market:mcs (pid 24927) has died
02-26 08:38:36.565 1878-3285/? D/ActivityManager: cleanUpApplicationRecord -- 24927
02-26 08:38:36.565 1878-3285/? W/ActivityManager: Scheduling restart of crashed service com.oneplus.market/com.nearme.mcs.service.ProtectService in 1000ms
02-26 08:38:36.727 1878-2588/? D/NetworkNotificationManager: clearNotification id=111
02-26 08:38:36.727 1878-2588/? D/ConnectivityService: NetworkAgentInfo [WIFI () - 111] validation passed
02-26 08:38:37.007 1878-1890/? D/DeviceIdleController: handleMessage(6)
02-26 08:38:37.008 1878-1890/? D/DeviceIdleController: checkTempAppWhitelistTimeout: uid=10009, timeNow=1535860908
02-26 08:38:37.008 1878-1890/? D/DeviceIdleController: Removing UID 10009 from temp whitelist
02-26 08:38:37.008 1878-1890/? D/DeviceIdleController: Setting wakelock temp whitelist to []
02-26 08:38:37.155 1878-2212/? I/ActivityManager: pid= 1878 st.name = system_server cpuPercent = 30 st.rel_utime =510 st.rel_stime =1040
02-26 08:38:37.486 3623-3938/? W/ContextImpl: Calling a method in the system process without a qualified user: android.app.ContextImpl.startService:1374 android.content.ContextWrapper.startService:614 com.oneplus.security.firewall.NetworkRestrictService.applyRules:154 com.oneplus.security.receiver.NetworkStateUtils.onReceiveNetWorkStateChanged:127 com.oneplus.security.SecureService$AsynHandler.handleMessage:74 
02-26 08:39:46.882 1878-2461/? V/AlarmManager: Triggering alarm #0: 3 when =1535883901 package=androidoperation =*alarm*:android.intent.action.TIME_TICK
02-26 08:39:46.894 1878-1898/? E/BatteryStatsService: no controller energy info supplied
02-26 08:39:46.914 1878-1898/? E/BatteryStatsService: no controller energy info supplied
02-26 08:42:37.006 1878-1898/? E/BatteryStatsService: no controller energy info supplied
02-26 08:42:37.022 1878-1898/? E/BatteryStatsService: no controller energy info supplied
02-26 08:42:38.099 1878-2584/? D/AvoidBadWifiTracker: force disable bad wifi tracker
02-26 08:42:38.107 1878-2588/? I/Nat464Xlat: Android Xlat enabled is doXlat=true
02-26 08:42:38.107 1878-2588/? D/NetworkStats: forceUpdateIfaces()
02-26 08:42:38.108 1878-2588/? D/NetworkStats: performPollLocked(flags=0x1)
02-26 08:43:37.360 1878-1898/? E/BatteryStatsService: no controller energy info supplied
02-26 08:46:38.591 1878-2461/? V/AlarmManager: Triggering alarm #0: 2 when =1536342168 package=androidoperation = null listenTag =DeviceIdleController.light
02-26 08:46:38.592 1878-2461/? V/AlarmManager: Triggering alarm #1: 1 when =1519605516484 package=com.oneplus.opbackupoperation =*alarm*:com.oneplus.opbackup.action.CHECK
02-26 08:46:38.592 1878-2461/? V/AlarmManager: Triggering alarm #2: 1 when =1519605901000 package=com.oneplus.deskclockoperation =*alarm*:com.android.deskclock.ON_QUARTER_HOUR
02-26 08:46:38.593 1878-1890/? D/DeviceIdleController: stepLightIdleStateLocked: mLightState=4
02-26 08:46:38.593 1878-1890/? D/DeviceIdleController: scheduleLightAlarmLocked(300000)
02-26 08:46:38.599 1878-1890/? D/DeviceIdleController: Moved from LIGHT_STATE_IDLE to LIGHT_STATE_IDLE_MAINTENANCE.
02-26 08:46:38.600 1878-1890/? D/DeviceIdleController: handleMessage(4)
02-26 08:46:38.609 1878-1898/? E/BatteryStatsService: no controller energy info supplied
02-26 08:46:38.621 1878-1890/? D/DeviceIdleController: handleMessage(7)
02-26 08:46:38.632 2628-2628/? W/ContextImpl: Calling a method in the system process without a qualified user: android.app.ContextImpl.startService:1374 android.content.ContextWrapper.startService:614 com.oneplus.config.ConfigJobService.onStartJob:24 android.app.job.JobService$JobHandler.handleMessage:143 android.os.Handler.dispatchMessage:102 
02-26 08:46:38.636 1878-1890/? D/DeviceIdleController: handleMessage(7)
02-26 08:46:38.679 1878-1890/? D/DeviceIdleController: handleMessage(7)
02-26 08:46:38.701 1878-1890/? D/DeviceIdleController: handleMessage(7)
02-26 08:46:39.583 1878-1892/? V/OHPD: [OnlineConfig]BG_DETECTION_CPU_USAGE_THRESHOLD_MIN[0]:20
02-26 08:46:39.583 1878-1892/? V/OHPD: [OnlineConfig]BG_DETECTION_CPU_USAGE_THRESHOLD_MIN[1]:15
02-26 08:46:39.583 1878-1892/? V/OHPD: [OnlineConfig]BG_DETECTION_CPU_USAGE_THRESHOLD_MIN[2]:10
02-26 08:46:39.583 1878-1892/? V/OHPD: [OnlineConfig]BG_DETECTION_CPU_USAGE_THRESHOLD_MIN[3]:20
02-26 08:46:39.583 1878-1892/? V/OHPD: [OnlineConfig]BG_DETECTION_CPU_USAGE_THRESHOLD_MAX[0]:1000
02-26 08:46:39.583 1878-1892/? V/OHPD: [OnlineConfig]BG_DETECTION_CPU_USAGE_THRESHOLD_MAX[1]:20
02-26 08:46:39.583 1878-1892/? V/OHPD: [OnlineConfig]BG_DETECTION_CPU_USAGE_THRESHOLD_MAX[2]:15
02-26 08:46:39.583 1878-1892/? V/OHPD: [OnlineConfig]BG_DETECTION_CPU_USAGE_THRESHOLD_MAX[3]:1000
02-26 08:46:39.584 1878-1892/? V/OHPD: [OnlineConfig]BG_DETECTION_NETWORK_USAGE_THRESHOLD:20971520
02-26 08:46:39.584 1878-1892/? V/OHPD: [OnlineConfig]CPU_CHECK_DELAY[0]:300000
02-26 08:46:39.584 1878-1892/? V/OHPD: [OnlineConfig]CPU_CHECK_DELAY[1]:300000
02-26 08:46:39.584 1878-1892/? V/OHPD: [OnlineConfig]CPU_CHECK_DELAY[2]:600000
02-26 08:46:39.584 1878-1892/? V/OHPD: [OnlineConfig]CPU_CHECK_DELAY[3]:1200000
02-26 08:46:39.584 1878-1892/? V/OHPD: [OnlineConfig]CPU_MIN_CHECK_DURATION:180000
02-26 08:46:39.584 1878-1892/? V/OHPD: [OnlineConfig]APP_LAST_FOREGROUND_TIME_THRESHOLD: 300000
02-26 08:46:39.584 1878-1892/? V/OHPD: [OnlineConfig]APP_LAST_CONTACT_PROVIDER_TIME_THRESHOLD: 300000
02-26 08:46:39.584 1878-1892/? V/OHPD: [OnlineConfig] BackgroundDetection updated complete
02-26 08:46:39.593 1878-1892/? V/BroadcastQueue: [OnlineConfig] Add to mBroadcastOptimizeIncludeList: android.intent.action.BOOT_COMPLETED
02-26 08:46:39.593 1878-1892/? V/BroadcastQueue: [OnlineConfig] Add to mBroadcastOptimizeIncludeList: android.intent.action.ANY_DATA_STATE
02-26 08:46:39.593 1878-1892/? V/BroadcastQueue: [OnlineConfig] Add to mBroadcastOptimizeIncludeList: android.media.AUDIO_BECOMING_NOISY
02-26 08:46:39.593 1878-1892/? V/BroadcastQueue: [OnlineConfig] Add to mBroadcastOptimizeIncludeList: android.os.storage.action.VOLUME_STATE_CHANGED
02-26 08:46:39.593 1878-1892/? V/BroadcastQueue: [OnlineConfig] Add to mBroadcastOptimizeIncludeList: android.net.wifi.WIFI_STATE_CHANGED
02-26 08:46:39.593 1878-1892/? V/BroadcastQueue: [OnlineConfig] Add to mBroadcastOptimizeIncludeList: android.net.wifi.STATE_CHANGE
02-26 08:46:39.593 1878-1892/? V/BroadcastQueue: [OnlineConfig] Add to mBroadcastOptimizeIncludeList: android.intent.action.MEDIA_MOUNTED
02-26 08:46:39.593 1878-1892/? V/BroadcastQueue: [OnlineConfig] Add to mBroadcastOptimizeIncludeList: android.settings.OEM_THEME_MODE.init
02-26 08:46:39.593 1878-1892/? V/BroadcastQueue: [OnlineConfig] Add to mBroadcastOptimizeIncludeList: android.appwidget.action.APPWIDGET_UPDATE
02-26 08:46:39.593 1878-1892/? V/BroadcastQueue: [OnlineConfig] Add to mBroadcastOptimizeIncludeList: android.appwidget.action.APPWIDGET_ENABLED
02-26 08:46:39.593 1878-1892/? V/BroadcastQueue: [OnlineConfig] Add to mBroadcastOptimizeIncludeList: android.intent.action.SIM_STATE_CHANGED
02-26 08:46:39.593 1878-1892/? V/BroadcastQueue: [OnlineConfig] Add to mBroadcastOptimizeIncludeList: android.intent.action.PROVIDER_CHANGED
02-26 08:46:39.593 1878-1892/? V/BroadcastQueue: [OnlineConfig] Add to mBroadcastOptimizeIncludeList: android.intent.action.SERVICE_STATE
02-26 08:46:39.593 1878-1892/? V/BroadcastQueue: [OnlineConfig] Add to mBroadcastOptimizeIncludeList: android.net.wifi.supplicant.STATE_CHANGE
02-26 08:46:39.593 1878-1892/? V/BroadcastQueue: [OnlineConfig] Add to mBroadcastOptimizeIncludeList: android.intent.action.MEDIA_SCANNER_STARTED
02-26 08:46:39.593 1878-1892/? V/BroadcastQueue: [OnlineConfig] Add to mBroadcastOptimizeIncludeList: android.hardware.usb.action.USB_STATE
02-26 08:46:39.593 1878-1892/? V/BroadcastQueue: [OnlineConfig] Add to mBroadcastOptimizeIncludeList: android.media.SCO_AUDIO_STATE_CHANGED
02-26 08:46:39.593 1878-1892/? V/BroadcastQueue: [OnlineConfig] Add to mBroadcastOptimizeIncludeList: android.media.RINGER_MODE_CHANGED
02-26 08:46:39.593 1878-1892/? V/BroadcastQueue: [OnlineConfig] BroadcastOptimization updated complete
02-26 08:46:39.604 1878-1892/? V/BroadcastQueue: [OnlineConfig] Add to mBroadcastOptimizeIncludeList: android.intent.action.BOOT_COMPLETED
02-26 08:46:39.604 1878-1892/? V/BroadcastQueue: [OnlineConfig] Add to mBroadcastOptimizeIncludeList: android.intent.action.ANY_DATA_STATE
02-26 08:46:39.604 1878-1892/? V/BroadcastQueue: [OnlineConfig] Add to mBroadcastOptimizeIncludeList: android.media.AUDIO_BECOMING_NOISY
02-26 08:46:39.604 1878-1892/? V/BroadcastQueue: [OnlineConfig] Add to mBroadcastOptimizeIncludeList: android.os.storage.action.VOLUME_STATE_CHANGED
02-26 08:46:39.604 1878-1892/? V/BroadcastQueue: [OnlineConfig] Add to mBroadcastOptimizeIncludeList: android.net.wifi.WIFI_STATE_CHANGED
02-26 08:46:39.604 1878-1892/? V/BroadcastQueue: [OnlineConfig] Add to mBroadcastOptimizeIncludeList: android.net.wifi.STATE_CHANGE
02-26 08:46:39.604 1878-1892/? V/BroadcastQueue: [OnlineConfig] Add to mBroadcastOptimizeIncludeList: android.intent.action.MEDIA_MOUNTED
02-26 08:46:39.604 1878-1892/? V/BroadcastQueue: [OnlineConfig] Add to mBroadcastOptimizeIncludeList: android.settings.OEM_THEME_MODE.init
02-26 08:46:39.604 1878-1892/? V/BroadcastQueue: [OnlineConfig] Add to mBroadcastOptimizeIncludeList: android.appwidget.action.APPWIDGET_UPDATE
02-26 08:46:39.604 1878-1892/? V/BroadcastQueue: [OnlineConfig] Add to mBroadcastOptimizeIncludeList: android.appwidget.action.APPWIDGET_ENABLED
02-26 08:46:39.604 1878-1892/? V/BroadcastQueue: [OnlineConfig] Add to mBroadcastOptimizeIncludeList: android.intent.action.SIM_STATE_CHANGED
02-26 08:46:39.604 1878-1892/? V/BroadcastQueue: [OnlineConfig] Add to mBroadcastOptimizeIncludeList: android.intent.action.PROVIDER_CHANGED
02-26 08:46:39.604 1878-1892/? V/BroadcastQueue: [OnlineConfig] Add to mBroadcastOptimizeIncludeList: android.intent.action.SERVICE_STATE
02-26 08:46:39.604 1878-1892/? V/BroadcastQueue: [OnlineConfig] Add to mBroadcastOptimizeIncludeList: android.net.wifi.supplicant.STATE_CHANGE
02-26 08:46:39.604 1878-1892/? V/BroadcastQueue: [OnlineConfig] Add to mBroadcastOptimizeIncludeList: android.intent.action.MEDIA_SCANNER_STARTED
02-26 08:46:39.604 1878-1892/? V/BroadcastQueue: [OnlineConfig] Add to mBroadcastOptimizeIncludeList: android.hardware.usb.action.USB_STATE
02-26 08:46:39.604 1878-1892/? V/BroadcastQueue: [OnlineConfig] Add to mBroadcastOptimizeIncludeList: android.media.SCO_AUDIO_STATE_CHANGED
02-26 08:46:39.604 1878-1892/? V/BroadcastQueue: [OnlineConfig] Add to mBroadcastOptimizeIncludeList: android.media.RINGER_MODE_CHANGED
02-26 08:46:39.604 1878-1892/? V/BroadcastQueue: [OnlineConfig] BroadcastOptimization updated complete
02-26 08:46:39.622 1878-1904/? V/PowerManagerService: [OnlineConfig] DozeBlackForAudioConfigUpdater updated complete mDozeBlackForAudioList = [com.netease.my.nearme.gamecenter, com.tencent.feiji, com.netease.dhxy.nearme.gamecenter, com.tencent.tmgp.RunGame, com.popcap.pvz2wdj, com.racergame.cityracing3d, com.skytouch.templerun2.hk, com.feamber.elementdef.nearme.gamecenter, com.soulgame.bubble, com.supercell.clashroyale, com.ea.games.r3_row, com.gameloft.android.ANMP.GloftA8HM, com.kiloo.subwaysurf, shoot.extreme, qyg.project.ttfx.nearme.gamecenter, com.yinhan.hunter.oppo.nearme.gamecenter, com.bitmango.go.fruitsmaniamatch3, bwebmedia.cookbakedlasagna, cn.nimostudio.chengyu.two.android, com.GF.sweetcard.nearme.gamecenter, bwebmedia.cookbakedlasagna, air.com.martian.RoomEscape1.oppo, com.imba.frontieranimals, com.wb.goog.mkx, np.idreamsky.horizonchase.nearme.gamecenter, com.boyaa.nearme.gamecenter, com.imba.frontieranimals, com.youmusic.magictiles, com.hulu.plus, com.tencent.tmgp.sgame, com.flgame.fknyj.nearme.gamecenter, com.zengame.zrttddz.nearme.gamecenter, com.zhiliaoapp.musically]
02-26 08:46:39.623 1878-1878/? V/AlarmManager: [OnlineConfig] FrequentBlackListConfigUpdater updated complete mFrequentBlackList = [300000,com.cmplay.tiles2,com.cmplay.tiles2/com.cmplay.tile2.ui.ReportService]
02-26 08:46:39.627 1878-2626/? V/OnePlusAppBootManager: [OnlineConfig] AppBoot updated complete
02-26 08:46:39.639 1878-1904/? V/PowerManagerService: [OnlineConfig] DozeBlackForLongWakelockConfigUpdater updated complete mLightIdleBlackList = [com.bjjpsk.jpskb,cn, io.wifimap.wifimap,com.commonsware.cwac.locpoll.LocationPoller, com.yaya.mmbang,p, com.hungama.myplay.activity,com.hungama.myplay.activity.player.PlayerService, com.latininput.keyboard,]
02-26 08:46:39.639 1878-1929/? V/PackageManager: [OnlineConfig] DozeWhitelist updated complete
02-26 08:46:39.673 1878-1889/? D/OnePlusProcessManager: saveXmlLocked():path=/data/data_bpm/cfg.xml
02-26 08:46:39.673 1878-1889/? D/OnePlusProcessManager: prepareConfigStatus()
02-26 08:46:39.673 1878-1889/? D/OnePlusProcessManager: loadXmlLocked():path=/data/data_bpm/cfg.xml
02-26 08:46:39.674 1878-1889/? D/OnePlusProcessManager: [FO]loadXmlLocked():path=/data/data_bpm/cfg.xml data size=2
02-26 08:46:39.674 1878-1889/? D/OnePlusProcessManager: loadXmlLocked():path=/system/bpm/cfg.xml
02-26 08:46:39.675 1878-1889/? D/OnePlusProcessManager: [FO]loadXmlLocked():path=/system/bpm/cfg.xml data size=2
02-26 08:46:39.789 1878-2461/? V/AlarmManager: Triggering alarm #0: 2 when =1536342536 package=androidoperation = null listenTag =*job.delay*
02-26 08:46:39.797 1878-1890/? D/DeviceIdleController: handleMessage(7)
02-26 08:46:39.800 2628-2628/? W/ContextImpl: Calling a method in the system process without a qualified user: android.app.ContextImpl.startService:1374 android.content.ContextWrapper.startService:614 com.oneplus.config.ConfigJobService.onStartJob:24 android.app.job.JobService$JobHandler.handleMessage:143 android.os.Handler.dispatchMessage:102 
02-26 08:46:39.809 1878-1890/? D/DeviceIdleController: handleMessage(7)
02-26 08:46:39.858 1878-1892/? V/AppOps: [OnlineConfig] ScreenCompat: update config start
02-26 08:46:39.859 1878-1892/? V/AppOps: [OnlineConfig] ScreenCompat: update config complete
02-26 08:46:40.687 1878-13459/? W/ActivityManager: Unbind failed: could not find connection for android.os.BinderProxy@250d69d
02-26 08:46:41.355 1878-2238/? I/ActivityManager: pid= 1878 st.name = system_server cpuPercent = 25 st.rel_utime =430 st.rel_stime =930
02-26 08:46:41.687 1878-2643/? D/OnePlusProcessManager: [FO]UPDATE_STS: after: mBrdList=[android.net.wifi.WIFI_STATE_CHANGED, android.net.conn.CONNECTIVITY_CHANGE, android.net.wifi.RSSI_CHANGED, android.intent.action.USER_PRESENT, android.net.wifi.SCAN_RESULTS]
02-26 08:46:43.146 1878-2588/? D/ConnectivityService: handlePromptUnvalidated mIsCaptivePortalCheckEnabled false
02-26 08:46:43.652 1878-1890/? D/DeviceIdleController: handleMessage(8)
02-26 08:46:43.654 1878-1890/? D/DeviceIdleController: Exit: start=+17d18h45m42s493ms now=+17d18h45m47s554ms
02-26 08:46:43.654 1878-1890/? D/DeviceIdleController: stepLightIdleStateLocked: mLightState=6
02-26 08:46:43.654 1878-1890/? D/DeviceIdleController: scheduleLightAlarmLocked(900000)
02-26 08:46:43.659 1878-1890/? D/DeviceIdleController: Moved to LIGHT_STATE_IDLE.
02-26 08:46:43.664 1878-1890/? D/DeviceIdleController: handleMessage(3)
02-26 08:47:40.734 1878-2461/? V/AlarmManager: Triggering alarm #0: 3 when =1536363901 package=androidoperation =*alarm*:android.intent.action.TIME_TICK
02-26 08:47:40.746 1878-1898/? E/BatteryStatsService: no controller energy info supplied
02-26 08:47:45.758 1878-1898/? E/BatteryStatsService: no controller energy info supplied
02-26 08:51:40.250 1878-1898/? E/BatteryStatsService: no controller energy info supplied
02-26 08:51:40.268 1878-1898/? E/BatteryStatsService: no controller energy info supplied
02-26 09:01:17.058 1878-2461/? V/AlarmManager: Triggering alarm #0: 1 when =1519606801000 package=com.oneplus.deskclockoperation =*alarm*:com.android.deskclock.ON_QUARTER_HOUR
02-26 09:01:17.092 1878-1898/? E/BatteryStatsService: no controller energy info supplied
02-26 09:01:17.123 1878-1898/? E/BatteryStatsService: no controller energy info supplied
02-26 09:08:18.382 1878-2461/? V/AlarmManager: Triggering alarm #0: 3 when =1537236604 package=androidoperation =*alarm*:com.android.server.action.NETWORK_STATS_POLL
02-26 09:08:18.383 1878-2461/? V/AlarmManager: Triggering alarm #1: 2 when =1537247555 package=androidoperation = null listenTag =DeviceIdleController.light
02-26 09:08:18.383 1878-2461/? V/AlarmManager: Triggering alarm #2: 0 when =1519607147111 package=com.oneplus.securityoperation =*walarm*:com.tencent.tmsdk.HeartBeatPlot.ACTION_HEARTBEAT_PLOT_ALARM_CYCLE
02-26 09:08:18.383 1878-2461/? V/AlarmManager: Triggering alarm #3: 0 when =1519607177114 package=com.oneplus.securityoperation =*walarm*:action_keep_alive_after_send_end
02-26 09:08:18.383 1878-2461/? V/AlarmManager: Triggering alarm #4: 2 when =1537641702 package=androidoperation = null listenTag =*job.delay*
02-26 09:08:18.392 1878-1890/? D/DeviceIdleController: stepLightIdleStateLocked: mLightState=4
02-26 09:08:18.394 1878-1890/? D/DeviceIdleController: scheduleLightAlarmLocked(300000)
02-26 09:08:18.400 1878-1898/? E/BatteryStatsService: no controller energy info supplied
02-26 09:08:18.400 1878-2578/? D/NetworkStats: performPollLocked(flags=0x3)
02-26 09:08:18.422 1878-1890/? D/DeviceIdleController: Moved from LIGHT_STATE_IDLE to LIGHT_STATE_IDLE_MAINTENANCE.
02-26 09:08:18.428 1878-1890/? D/DeviceIdleController: handleMessage(4)
02-26 09:08:18.439 1878-1890/? D/DeviceIdleController: handleMessage(7)
02-26 09:08:18.503 1878-1898/? E/BatteryStatsService: no controller energy info supplied
02-26 09:08:18.521 1878-1890/? D/DeviceIdleController: handleMessage(7)
02-26 09:08:19.812 1878-2277/? I/ActivityManager: pid= 1878 st.name = system_server cpuPercent = 21 st.rel_utime =420 st.rel_stime =1160
02-26 09:08:20.564 1878-2461/? V/AlarmManager: Triggering alarm #0: 2 when =1537644461 package=androidoperation = null listenTag =*job.delay*
02-26 09:08:20.575 1878-1890/? D/DeviceIdleController: handleMessage(7)
02-26 09:08:23.468 1878-1890/? D/DeviceIdleController: handleMessage(8)
02-26 09:08:25.642 1878-2280/? I/ActivityManager: pid= 4808 st.name = net.oneplus.odm cpuPercent = 10 st.rel_utime =530 st.rel_stime =80
02-26 09:08:36.242 1878-2461/? V/AlarmManager: Triggering alarm #0: 2 when =1537660140 package=androidoperation = null listenTag =DhcpClient.wlan0.RENEW
02-26 09:08:36.345 1878-2584/? D/AvoidBadWifiTracker: force disable bad wifi tracker
02-26 09:08:36.366 1878-2588/? I/Nat464Xlat: Android Xlat enabled is doXlat=true
02-26 09:08:37.139 1878-1878/? D/DeviceIdleController: Exit: start=+17d19h7m22s294ms now=+17d19h7m41s39ms
02-26 09:08:37.139 1878-1878/? D/DeviceIdleController: stepLightIdleStateLocked: mLightState=6
02-26 09:08:37.140 1878-1878/? D/DeviceIdleController: scheduleLightAlarmLocked(900000)
02-26 09:08:37.140 1878-1890/? D/DeviceIdleController: handleMessage(7)
02-26 09:08:37.141 1878-1878/? D/DeviceIdleController: Moved to LIGHT_STATE_IDLE.
02-26 09:08:37.142 1878-1890/? D/DeviceIdleController: handleMessage(3)
02-26 09:09:37.204 1878-2461/? V/AlarmManager: Triggering alarm #0: 3 when =1537683900 package=androidoperation =*alarm*:android.intent.action.TIME_TICK
02-26 09:09:37.216 1878-1898/? E/BatteryStatsService: no controller energy info supplied
02-26 09:09:37.229 1878-1898/? E/BatteryStatsService: no controller energy info supplied
02-26 09:10:38.122 1878-1898/? E/BatteryStatsService: no controller energy info supplied
02-26 09:10:38.140 1878-1898/? E/BatteryStatsService: no controller energy info supplied
02-26 09:10:40.982 1878-2328/? I/ActivityManager: pid= 1878 st.name = system_server cpuPercent = 18 st.rel_utime =470 st.rel_stime =2400
02-26 09:10:40.982 1878-2328/? I/ActivityManager: pid= 4808 st.name = net.oneplus.odm cpuPercent = 12 st.rel_utime =1730 st.rel_stime =210
02-26 09:11:47.440 1878-1898/? E/BatteryStatsService: no controller energy info supplied
02-26 09:11:47.503 1878-1898/? E/BatteryStatsService: no controller energy info supplied
02-26 09:31:33.783 1878-2461/? V/AlarmManager: Triggering alarm #0: 2 when =1538561040 package=androidoperation = null listenTag =DeviceIdleController.light
02-26 09:31:33.783 1878-2461/? V/AlarmManager: Triggering alarm #1: 3 when =1539036604 package=androidoperation =*alarm*:com.android.server.action.NETWORK_STATS_POLL
02-26 09:31:33.783 1878-2461/? V/AlarmManager: Triggering alarm #2: 1 when =1519607701000 package=com.oneplus.deskclockoperation =*alarm*:com.android.deskclock.ON_QUARTER_HOUR
02-26 09:31:33.789 1878-1890/? D/DeviceIdleController: stepLightIdleStateLocked: mLightState=4
02-26 09:31:33.790 1878-1890/? D/DeviceIdleController: scheduleLightAlarmLocked(300000)
02-26 09:31:33.791 1878-2578/? D/NetworkStats: performPollLocked(flags=0x3)
02-26 09:31:33.798 1878-1898/? E/BatteryStatsService: no controller energy info supplied
02-26 09:31:33.810 1878-1890/? D/DeviceIdleController: Moved from LIGHT_STATE_IDLE to LIGHT_STATE_IDLE_MAINTENANCE.
02-26 09:31:33.823 1878-1890/? D/DeviceIdleController: handleMessage(4)
02-26 09:31:33.825 1878-1898/? E/BatteryStatsService: no controller energy info supplied
02-26 09:31:33.843 1878-1890/? D/DeviceIdleController: handleMessage(7)
02-26 09:31:33.845 1878-1890/? D/DeviceIdleController: handleMessage(7)
02-26 09:31:38.851 1878-1890/? D/DeviceIdleController: handleMessage(8)
02-26 09:31:38.852 1878-1890/? D/DeviceIdleController: Exit: start=+17d19h30m37s690ms now=+17d19h30m42s752ms
02-26 09:31:38.852 1878-1890/? D/DeviceIdleController: stepLightIdleStateLocked: mLightState=6
02-26 09:31:38.852 1878-1890/? D/DeviceIdleController: scheduleLightAlarmLocked(900000)
02-26 09:31:38.854 1878-1890/? D/DeviceIdleController: Moved to LIGHT_STATE_IDLE.
02-26 09:31:38.855 1878-1890/? D/DeviceIdleController: handleMessage(3)
02-26 09:31:38.883 1878-2334/? I/ActivityManager: pid= 1878 st.name = system_server cpuPercent = 35 st.rel_utime =350 st.rel_stime =4220
02-26 09:46:39.199 1878-2461/? V/AlarmManager: Triggering alarm #0: 3 when =1539063900 package=androidoperation =*alarm*:android.intent.action.TIME_TICK
02-26 09:46:39.199 1878-2461/? V/AlarmManager: Triggering alarm #1: 2 when =1539942752 package=androidoperation = null listenTag =DeviceIdleController.light
02-26 09:46:39.199 1878-2461/? V/AlarmManager: Triggering alarm #2: 1 when =1519609501000 package=com.oneplus.deskclockoperation =*alarm*:com.android.deskclock.ON_QUARTER_HOUR
02-26 09:46:39.202 1878-1890/? D/DeviceIdleController: stepLightIdleStateLocked: mLightState=4
02-26 09:46:39.203 1878-1890/? D/DeviceIdleController: scheduleLightAlarmLocked(300000)
02-26 09:46:39.206 1878-1890/? D/DeviceIdleController: Moved from LIGHT_STATE_IDLE to LIGHT_STATE_IDLE_MAINTENANCE.
02-26 09:46:39.206 1878-1890/? D/DeviceIdleController: handleMessage(4)
02-26 09:46:39.208 1878-1898/? E/BatteryStatsService: no controller energy info supplied
02-26 09:46:39.208 1878-2580/? E/NetdConnector: NDC Command {4304 firewall enable_chain dozable} took too long (900307ms)
02-26 09:46:39.225 1878-1890/? D/DeviceIdleController: handleMessage(7)
02-26 09:46:39.225 1878-1898/? E/BatteryStatsService: no controller energy info supplied
02-26 09:46:39.229 1878-1890/? D/DeviceIdleController: handleMessage(7)
02-26 09:46:40.225 1878-1898/? E/BatteryStatsService: no controller energy info supplied
02-26 09:46:40.225 1878-1898/? E/BatteryStatsService: no controller energy info supplied
02-26 09:46:40.241 1878-1878/? I/DeviceIdleController: updateChargingLocked: charging=false
02-26 09:46:44.256 1878-1890/? D/DeviceIdleController: handleMessage(8)
02-26 09:46:44.257 1878-1890/? D/DeviceIdleController: Exit: start=+17d19h45m43s103ms now=+17d19h45m48s157ms
02-26 09:46:44.257 1878-1890/? D/DeviceIdleController: stepLightIdleStateLocked: mLightState=6
02-26 09:46:44.257 1878-1890/? D/DeviceIdleController: scheduleLightAlarmLocked(900000)
02-26 09:46:44.261 1878-1890/? D/DeviceIdleController: Moved to LIGHT_STATE_IDLE.
02-26 09:46:44.263 1878-1890/? D/DeviceIdleController: handleMessage(3)
02-26 09:48:35.419 1878-2461/? V/AlarmManager: Triggering alarm #0: 3 when =1539963901 package=androidoperation =*alarm*:android.intent.action.TIME_TICK
02-26 09:48:35.429 1878-1898/? E/BatteryStatsService: no controller energy info supplied
02-26 09:49:07.623 1878-2354/? I/ActivityManager: pid= 1878 st.name = system_server cpuPercent = 13 st.rel_utime =220 st.rel_stime =690
02-26 09:50:05.410 1878-2588/? D/ConnectivityService: NetworkAgentInfo [WIFI () - 111] EVENT_NETWORK_INFO_CHANGED, going from CONNECTED to DISCONNECTED
02-26 09:50:05.410 1878-2588/? D/ConnectivityService: NetworkAgentInfo [WIFI () - 111] got DISCONNECTED, was satisfying 7
02-26 09:50:05.410 1878-2588/? D/NetworkStats: forceUpdateIfaces()
02-26 09:50:05.410 1878-2588/? D/NetworkStats: performPollLocked(flags=0x1)
02-26 09:50:05.434 1878-2588/? I/Nat464Xlat: Android Xlat enabled is doXlat=true
02-26 09:50:05.496 1878-2588/? D/ConnectivityService: Sending DISCONNECTED broadcast for type 1 NetworkAgentInfo [WIFI () - 111] isDefaultNetwork=true
02-26 09:50:05.515 1878-2855/? I/ActivityManager: Start proc 2362:com.oneplus.market:mcs/u0a32 for broadcast for android.net.conn.CONNECTIVITY_CHANGE to com.oneplus.market/com.nearme.mcs.reciever.AlarmEventReceiver
02-26 09:50:06.510 3623-3938/? W/ContextImpl: Calling a method in the system process without a qualified user: android.app.ContextImpl.startService:1374 android.content.ContextWrapper.startService:614 com.oneplus.security.firewall.NetworkRestrictService.applyRules:154 com.oneplus.security.receiver.NetworkStateUtils.onReceiveNetWorkStateChanged:127 com.oneplus.security.SecureService$AsynHandler.handleMessage:74 
02-26 09:50:06.766 1878-2583/? D/AvoidBadWifiTracker: force disable bad wifi tracker
02-26 09:50:06.767 1878-2583/? D/ConnectivityService: registerNetworkAgent NetworkAgentInfo{ ni{[type: WIFI[], state: CONNECTING/CONNECTING, reason: (unspecified), extra: "blizzard", failover: false, available: true, roaming: false, metered: false]}  network{112}  nethandle{481052773086}  lp{{LinkAddresses: []  Routes: [] DnsAddresses: [] Domains: null MTU: 0}}  nc{[ Transports: WIFI Capabilities: NOT_METERED&INTERNET&NOT_RESTRICTED&TRUSTED&NOT_VPN LinkUpBandwidth>=1048576Kbps LinkDnBandwidth>=1048576Kbps]}  Score{20}  everValidated{false}  lastValidated{false}  created{false} lingering{false} explicitlySelected{false} acceptUnvalidated{false} everCaptivePortalDetected{false} lastCaptivePortalDetected{false} }
02-26 09:50:06.767 1878-2588/? D/AvoidBadWifiTracker: force disable bad wifi tracker
02-26 09:50:06.767 1878-2588/? D/ConnectivityService: NetworkAgentInfo [WIFI () - 112] EVENT_NETWORK_INFO_CHANGED, going from null to CONNECTING
02-26 09:50:06.777 1878-2584/? D/AvoidBadWifiTracker: force disable bad wifi tracker
02-26 09:50:06.779 1878-2588/? D/AvoidBadWifiTracker: force disable bad wifi tracker
02-26 09:50:06.787 1878-2584/? D/AvoidBadWifiTracker: force disable bad wifi tracker
02-26 09:50:06.949 1878-2584/? D/AvoidBadWifiTracker: force disable bad wifi tracker
02-26 09:50:06.956 1878-2588/? D/AvoidBadWifiTracker: force disable bad wifi tracker
02-26 09:50:06.956 1878-2588/? D/AvoidBadWifiTracker: force disable bad wifi tracker
02-26 09:50:06.970 1878-2584/? D/AvoidBadWifiTracker: force disable bad wifi tracker
02-26 09:50:06.971 1878-2588/? D/AvoidBadWifiTracker: force disable bad wifi tracker
02-26 09:50:06.974 1878-2588/? D/AvoidBadWifiTracker: force disable bad wifi tracker
02-26 09:50:06.974 1878-2588/? D/ConnectivityService: NetworkAgentInfo [WIFI () - 112] EVENT_NETWORK_INFO_CHANGED, going from CONNECTING to CONNECTED
02-26 09:50:06.976 1878-2588/? D/ConnectivityService: Adding iface wlan0 to network 112
02-26 09:50:07.035 1878-2588/? D/ConnectivityService: Setting DNS servers for network 112 to [/64.104.123.144, /171.70.168.183]
02-26 09:50:07.036 1878-2588/? I/Nat464Xlat: Android Xlat enabled is doXlat=true
02-26 09:50:07.036 1878-2588/? D/NetworkStats: forceUpdateIfaces()
02-26 09:50:07.037 1878-2588/? D/NetworkStats: performPollLocked(flags=0x1)
02-26 09:50:07.045 1878-2588/? D/NetworkStats: forceUpdateIfaces()
02-26 09:50:07.045 1878-2588/? D/NetworkStats: performPollLocked(flags=0x1)
02-26 09:50:07.053 1878-2588/? D/AvoidBadWifiTracker: force disable bad wifi tracker
02-26 09:50:07.055 1878-2588/? D/AvoidBadWifiTracker: force disable bad wifi tracker
02-26 09:50:07.055 1878-2588/? D/ConnectivityService: Switching to new default network: NetworkAgentInfo{ ni{[type: WIFI[], state: CONNECTED/CONNECTED, reason: (unspecified), extra: "blizzard", failover: false, available: true, roaming: false, metered: false]}  network{112}  nethandle{481052773086}  lp{{InterfaceName: wlan0 LinkAddresses: [fe80::9665:2dff:fe36:e35a/64,10.140.254.24/23,]  Routes: [fe80::/64 -> :: wlan0,10.140.254.0/23 -> 0.0.0.0 wlan0,0.0.0.0/0 -> 10.140.254.1 wlan0,] DnsAddresses: [64.104.123.144,171.70.168.183,] Domains: cisco.com MTU: 1430 TcpBufferSizes: 524288,1048576,4194304,524288,1048576,4194304}}  nc{[ Transports: WIFI Capabilities: NOT_METERED&INTERNET&NOT_RESTRICTED&TRUSTED&NOT_VPN&FOREGROUND LinkUpBandwidth>=1048576Kbps LinkDnBandwidth>=1048576Kbps]}  Score{20}  everValidated{false}  lastValidated{false}  created{true} lingering{false} explicitlySelected{false} acceptUnvalidated{false} everCaptivePortalDetected{false} lastCaptivePortalDetected{false} }
02-26 09:50:07.148 1878-1898/? E/BatteryStatsService: no controller energy info supplied
02-26 09:50:07.150 1878-2588/? D/AvoidBadWifiTracker: force disable bad wifi tracker
02-26 09:50:07.151 1878-2588/? D/ConnectivityService: Sending CONNECTED broadcast for type 1 NetworkAgentInfo [WIFI () - 112] isDefaultNetwork=true
02-26 09:50:07.164 1878-2588/? D/AvoidBadWifiTracker: force disable bad wifi tracker
02-26 09:50:07.164 1878-2588/? D/AvoidBadWifiTracker: force disable bad wifi tracker
02-26 09:50:07.164 1878-2588/? D/ConnectivityService: NetworkAgentInfo [WIFI () - 112] validation passed
02-26 09:50:07.164 1878-2588/? D/AvoidBadWifiTracker: force disable bad wifi tracker
02-26 09:50:07.178 1878-13494/? D/ConnectivityService: Returning blocked NetworkInfo to uid=10009
02-26 09:50:07.188 14364-14364/? W/ContextImpl: Calling a method in the system process without a qualified user: android.app.ContextImpl.startService:1374 android.content.ContextWrapper.startService:614 com.oneplus.opbackup.service.BackupService.startService:44 com.oneplus.opbackup.receiver.CheckUpdateReceiver.startOTAService:144 com.oneplus.opbackup.receiver.NetworkListenerService$NetworkChangeReceive.onReceive:46 
02-26 09:50:07.239 2362-2467/? W/FileUtils: Failed to chmod(/storage/emulated/0/.mcs/mcs.db): android.system.ErrnoException: chmod failed: EPERM (Operation not permitted)
02-26 09:50:07.268 1878-13292/? I/ActivityManager: Process com.oneplus.market:mcs (pid 2362) has died
02-26 09:50:07.268 1878-13292/? D/ActivityManager: cleanUpApplicationRecord -- 2362
02-26 09:50:07.268 1878-13292/? W/ActivityManager: Scheduling restart of crashed service com.oneplus.market/com.nearme.mcs.service.ProtectService in 1000ms
02-26 09:50:07.453 1878-2588/? D/NetworkNotificationManager: clearNotification id=112
02-26 09:50:07.453 1878-2588/? D/ConnectivityService: NetworkAgentInfo [WIFI () - 112] validation passed
02-26 09:50:07.792 1878-2584/? D/AvoidBadWifiTracker: force disable bad wifi tracker
02-26 09:50:07.800 1878-2588/? I/Nat464Xlat: Android Xlat enabled is doXlat=true
02-26 09:50:07.801 1878-2588/? D/NetworkStats: forceUpdateIfaces()
02-26 09:50:07.802 1878-2588/? D/NetworkStats: performPollLocked(flags=0x1)
02-26 09:50:08.190 3623-3938/? W/ContextImpl: Calling a method in the system process without a qualified user: android.app.ContextImpl.startService:1374 android.content.ContextWrapper.startService:614 com.oneplus.security.firewall.NetworkRestrictService.applyRules:154 com.oneplus.security.receiver.NetworkStateUtils.onReceiveNetWorkStateChanged:127 com.oneplus.security.SecureService$AsynHandler.handleMessage:74 
02-26 09:50:10.543 1878-2501/? I/ActivityManager: pid= 1878 st.name = system_server cpuPercent = 21 st.rel_utime =680 st.rel_stime =500
02-26 09:50:10.929 1878-2461/? V/AlarmManager: Triggering alarm #0: 2 when =1540154825 package=androidoperation = null listenTag =SupplicantWifiScannerImplPno Monitor
02-26 09:50:33.739 1878-2588/? D/ConnectivityService: handlePromptUnvalidated mIsCaptivePortalCheckEnabled false
02-26 09:50:51.929 1878-1898/? E/BatteryStatsService: no controller energy info supplied
02-26 09:50:52.071 1878-1898/? E/BatteryStatsService: no controller energy info supplied
02-26 09:51:28.009 1878-2461/? V/AlarmManager: Triggering alarm #0: 3 when =1540203900 package=androidoperation =*alarm*:android.intent.action.TIME_TICK
02-26 09:51:28.045 1878-1898/? E/BatteryStatsService: no controller energy info supplied
02-26 09:51:28.073 1878-2505/? I/ActivityManager: pid= 536 st.name = ueventd cpuPercent = 17 st.rel_utime =510 st.rel_stime =470
02-26 09:51:28.073 1878-2505/? I/ActivityManager: pid= 1878 st.name = system_server cpuPercent = 36 st.rel_utime =180 st.rel_stime =1900
02-26 09:52:31.875 1878-1898/? E/BatteryStatsService: no controller energy info supplied
02-26 09:52:31.900 1878-1898/? E/BatteryStatsService: no controller energy info supplied
02-26 09:52:48.452 1878-1898/? E/BatteryStatsService: no controller energy info supplied
02-26 09:52:48.499 1878-1898/? E/BatteryStatsService: no controller energy info supplied
02-26 09:52:48.912 1878-1898/? E/BatteryStatsService: no controller energy info supplied
02-26 09:53:36.085 1878-1898/? E/BatteryStatsService: no controller energy info supplied
02-26 09:54:07.865 1878-1898/? E/BatteryStatsService: no controller energy info supplied
02-26 09:54:07.885 1878-1898/? E/BatteryStatsService: no controller energy info supplied
02-26 09:54:07.902 1878-1898/? E/BatteryStatsService: no controller energy info supplied
02-26 09:54:40.008 1878-1898/? E/BatteryStatsService: no controller energy info supplied
02-26 09:55:08.293 1878-1898/? E/BatteryStatsService: no controller energy info supplied
02-26 09:55:08.331 1878-1898/? E/BatteryStatsService: no controller energy info supplied
02-26 09:55:08.372 1878-1898/? E/BatteryStatsService: no controller energy info supplied
02-26 09:55:43.973 1878-1898/? E/BatteryStatsService: no controller energy info supplied
02-26 09:55:44.535 1878-1898/? E/BatteryStatsService: no controller energy info supplied
02-26 09:55:45.730 3623-2512/? W/ContextImpl: Calling a method in the system process without a qualified user: android.app.ContextImpl.sendBroadcast:894 android.content.ContextWrapper.sendBroadcast:422 tmsdkobf.mb.a:-1 tmsdkobf.mh$4$2$1.a:-1 tmsdkobf.mb$1.a:-1 
02-26 09:56:28.567 1878-1898/? E/BatteryStatsService: no controller energy info supplied
02-26 09:57:07.205 1878-1898/? E/BatteryStatsService: no controller energy info supplied
02-26 09:57:07.224 1878-1898/? E/BatteryStatsService: no controller energy info supplied
02-26 09:57:07.417 1878-1898/? E/BatteryStatsService: no controller energy info supplied
02-26 09:58:11.212 1878-1898/? E/BatteryStatsService: no controller energy info supplied
02-26 09:59:15.150 1878-1898/? E/BatteryStatsService: no controller energy info supplied
02-26 09:59:15.167 1878-1898/? E/BatteryStatsService: no controller energy info supplied
02-26 09:59:15.183 1878-1898/? E/BatteryStatsService: no controller energy info supplied
02-26 10:00:19.217 1878-2461/? V/AlarmManager: Triggering alarm #0: 1 when =1519610401000 package=com.oneplus.deskclockoperation =*alarm*:com.android.deskclock.ON_QUARTER_HOUR
02-26 10:00:19.246 1878-1898/? E/BatteryStatsService: no controller energy info supplied
02-26 10:01:16.374 1878-1898/? E/BatteryStatsService: no controller energy info supplied
02-26 10:01:44.575 1878-2461/? V/AlarmManager: Triggering alarm #0: 0 when =1519610416072 package=com.oneplus.securityoperation =*walarm*:com.tencent.tmsdk.HeartBeatPlot.ACTION_HEARTBEAT_PLOT_ALARM_CYCLE
02-26 10:01:44.575 1878-2461/? V/AlarmManager: Triggering alarm #1: 0 when =1519610445766 package=com.oneplus.securityoperation =*walarm*:action_keep_alive_after_send_end
02-26 10:01:44.575 1878-2461/? V/AlarmManager: Triggering alarm #2: 3 when =1540836604 package=androidoperation =*alarm*:com.android.server.action.NETWORK_STATS_POLL
02-26 10:01:44.575 1878-2461/? V/AlarmManager: Triggering alarm #3: 2 when =1540848158 package=androidoperation = null listenTag =DeviceIdleController.light
02-26 10:01:44.578 1878-1890/? D/DeviceIdleController: stepLightIdleStateLocked: mLightState=4
02-26 10:01:44.578 1878-1890/? D/DeviceIdleController: scheduleLightAlarmLocked(300000)
02-26 10:01:44.581 1878-2578/? D/NetworkStats: performPollLocked(flags=0x3)
02-26 10:01:44.582 1878-1898/? E/BatteryStatsService: no controller energy info supplied
02-26 10:01:44.587 1878-1890/? D/DeviceIdleController: Moved from LIGHT_STATE_IDLE to LIGHT_STATE_IDLE_MAINTENANCE.
02-26 10:01:44.598 1878-1890/? D/DeviceIdleController: handleMessage(4)
02-26 10:01:44.620 1878-1890/? D/DeviceIdleController: handleMessage(7)
02-26 10:01:44.625 1878-1890/? D/DeviceIdleController: handleMessage(7)
02-26 10:01:44.629 1878-1898/? E/BatteryStatsService: no controller energy info supplied
02-26 10:01:49.649 1878-1890/? D/DeviceIdleController: handleMessage(8)
02-26 10:01:49.650 1878-1890/? D/DeviceIdleController: Exit: start=+17d20h0m48s479ms now=+17d20h0m53s550ms
02-26 10:01:49.650 1878-1890/? D/DeviceIdleController: stepLightIdleStateLocked: mLightState=6
02-26 10:01:49.650 1878-1890/? D/DeviceIdleController: scheduleLightAlarmLocked(900000)
02-26 10:01:49.650 1878-1890/? D/DeviceIdleController: Moved to LIGHT_STATE_IDLE.
02-26 10:01:49.651 1878-1890/? D/DeviceIdleController: handleMessage(3)
02-26 10:01:49.652 1878-2525/? I/ActivityManager: pid= 536 st.name = ueventd cpuPercent = 15 st.rel_utime =1670 st.rel_stime =1080
02-26 10:01:49.652 1878-2525/? I/ActivityManager: pid= 1878 st.name = system_server cpuPercent = 36 st.rel_utime =870 st.rel_stime =5480
02-26 10:06:46.819 1878-2461/? V/AlarmManager: Triggering alarm #0: 3 when =1540863901 package=androidoperation =*alarm*:android.intent.action.TIME_TICK
02-26 10:06:46.819 1878-2461/? V/AlarmManager: Triggering alarm #1: 0 when =1519610776650 package=com.oneplus.securityoperation =*walarm*:com.tencent.tmsdk.HeartBeatPlot.ACTION_HEARTBEAT_PLOT_ALARM_CYCLE
02-26 10:06:46.819 1878-2461/? V/AlarmManager: Triggering alarm #2: 0 when =1519610806659 package=com.oneplus.securityoperation =*walarm*:action_keep_alive_after_send_end
02-26 10:06:46.826 1878-1898/? E/BatteryStatsService: no controller energy info supplied
02-26 10:10:45.976 1878-2461/? V/AlarmManager: Triggering alarm #0: 3 when =1541163901 package=androidoperation =*alarm*:android.intent.action.TIME_TICK
02-26 10:10:45.980 1878-1898/? E/BatteryStatsService: no controller energy info supplied
02-26 10:10:46.003 1878-1898/? E/BatteryStatsService: no controller energy info supplied
02-26 10:10:48.693 1878-1898/? E/BatteryStatsService: no controller energy info supplied
02-26 10:16:50.143 1878-2461/? V/AlarmManager: Triggering alarm #0: 2 when =1541753550 package=androidoperation = null listenTag =DeviceIdleController.light
02-26 10:16:50.143 1878-2461/? V/AlarmManager: Triggering alarm #1: 1 when =1519611301000 package=com.oneplus.deskclockoperation =*alarm*:com.android.deskclock.ON_QUARTER_HOUR
02-26 10:16:50.166 1878-1890/? D/DeviceIdleController: stepLightIdleStateLocked: mLightState=4
02-26 10:16:50.167 1878-1890/? D/DeviceIdleController: scheduleLightAlarmLocked(300000)
02-26 10:16:50.175 1878-1890/? D/DeviceIdleController: Moved from LIGHT_STATE_IDLE to LIGHT_STATE_IDLE_MAINTENANCE.
02-26 10:16:50.176 1878-1890/? D/DeviceIdleController: handleMessage(4)
02-26 10:16:50.204 1878-1898/? E/BatteryStatsService: no controller energy info supplied
02-26 10:16:50.247 1878-1890/? D/DeviceIdleController: handleMessage(7)
02-26 10:16:50.249 1878-1890/? D/DeviceIdleController: handleMessage(7)
02-26 10:16:51.125 1878-1898/? E/BatteryStatsService: no controller energy info supplied
02-26 10:16:52.173 1878-2537/? I/ActivityManager: pid= 1878 st.name = system_server cpuPercent = 22 st.rel_utime =250 st.rel_stime =870
02-26 10:16:55.274 1878-1890/? D/DeviceIdleController: handleMessage(8)
02-26 10:16:55.275 1878-1890/? D/DeviceIdleController: Exit: start=+17d20h15m54s67ms now=+17d20h15m59s175ms
02-26 10:16:55.275 1878-1890/? D/DeviceIdleController: stepLightIdleStateLocked: mLightState=6
02-26 10:16:55.276 1878-1890/? D/DeviceIdleController: scheduleLightAlarmLocked(900000)
02-26 10:16:55.280 1878-1890/? D/DeviceIdleController: Moved to LIGHT_STATE_IDLE.
