02-26 21:08:19.398 1878-2461/? V/AlarmManager: Triggering alarm #0: 3 when =1580436604 package=androidoperation =*alarm*:com.android.server.action.NETWORK_STATS_POLL
02-26 21:08:19.398 1878-2461/? V/AlarmManager: Triggering alarm #1: 2 when =1580501850 package=androidoperation = null listenTag =DeviceIdleController.light
02-26 21:08:19.398 1878-2461/? V/AlarmManager: Triggering alarm #2: 2 when =1580841702 package=androidoperation = null listenTag =*job.delay*
02-26 21:08:19.398 1878-2461/? V/AlarmManager: Triggering alarm #3: 3 when =1580842777 package=net.oneplus.weatheroperation =*alarm*:net.oneplus.weather.receiver.BootReceiver.ACTION_ALARM
02-26 21:08:19.406 1878-1890/? D/DeviceIdleController: stepLightIdleStateLocked: mLightState=4
02-26 21:08:19.407 1878-1890/? D/DeviceIdleController: scheduleLightAlarmLocked(300000)
02-26 21:08:19.409 1878-2578/? D/NetworkStats: performPollLocked(flags=0x3)
02-26 21:08:19.421 2812-2824/? D/QtiTetherService/IpaWrapper: getStats(false)
02-26 21:08:19.422 1878-1890/? D/DeviceIdleController: Moved from LIGHT_STATE_IDLE to LIGHT_STATE_IDLE_MAINTENANCE.
02-26 21:08:19.430 1878-1890/? D/DeviceIdleController: handleMessage(4)
02-26 21:08:19.446 3158-3158/? I/DigitalAppWidgetProvider: onReceive: com.android.deskclock.ON_QUARTER_HOUR
02-26 21:08:19.453 3158-3158/? I/WidgetUtils: getScaleRatio minWidth == 0
02-26 21:08:19.455 1878-1890/? I/chatty: uid=1000(system) android.bg expire 13 lines
02-26 21:08:19.460 1878-1890/? D/DeviceIdleController: handleMessage(7)
02-26 21:08:19.486 4808-4808/? V/LogParserJobService: Start
02-26 21:08:19.500 4808-3846/? V/LogParserJobService: mdm: ring buffer is 3Mb (0b consumed), max entry is 5120b, max payload is 4068b
02-26 21:08:19.501 4808-3846/? V/LogParserJobService: start getMDMLog
02-26 21:08:19.531 4808-3846/? V/LogParserJobService: end getMDMLog:30
02-26 21:08:19.531 4808-3846/? V/LogParserJobService: mdmLogFile exists
02-26 21:08:19.532 4808-3852/? V/LogParserJobService: Parse file
02-26 21:08:19.532 4808-3852/? V/LogParserJobService: Add Event:0
02-26 21:08:19.533 4808-3852/? V/LogParserJobService: mdm log file delete
02-26 21:08:19.533 4808-3844/? V/LogParserJobService: Finish service
02-26 21:08:19.535 4808-3846/? V/LogParserJobService: no task, close service
02-26 21:08:19.535 4808-3844/? V/LogParserJobService: Finish service
02-26 21:08:19.536 25011-25011/? D/JobSchedulerService: JobService task running
02-26 21:08:19.538 1878-1890/? D/DeviceIdleController: handleMessage(7)
02-26 21:08:20.562 1878-2461/? V/AlarmManager: Triggering alarm #0: 2 when =1580844461 package=androidoperation = null listenTag =*job.delay*
02-26 21:08:20.573 1878-1890/? D/DeviceIdleController: handleMessage(7)
02-26 21:08:20.576 4808-4808/? V/MDMJob: Start upload job
02-26 21:08:20.592 4808-4808/? V/MDMJob: Wifi connected
02-26 21:08:20.618 1878-1898/? E/BatteryStatsService: no controller energy info supplied
02-26 21:08:21.643 1878-3855/? I/ActivityManager: pid= 1878 st.name = system_server cpuPercent = 18 st.rel_utime =290 st.rel_stime =700
02-26 21:08:21.962 4808-4932/? V/DeviceInfoDatabaseHelper: get cursor
02-26 21:08:21.986 4808-4932/? V/CustomClient: Encrypt data
02-26 21:08:22.192 4808-4932/? V/MDMJob: Success
02-26 21:08:22.223 4808-4932/? V/DeviceInfoDatabaseHelper: remove payloads
02-26 21:08:22.223 4808-4932/? V/MDMJob: Task:138
02-26 21:08:22.223 4808-4932/? V/MDMJob: Job finish
02-26 21:08:22.230 1878-1890/? D/DeviceIdleController: handleMessage(7)
02-26 21:08:22.260 4808-4932/? V/CustomClient: Encrypt data
02-26 21:08:22.474 4808-4932/? V/MDMJob: Success
02-26 21:08:22.497 4808-4932/? V/DeviceInfoDatabaseHelper: remove payloads
02-26 21:08:22.497 4808-4932/? V/MDMJob: Task:139
02-26 21:08:22.497 4808-4932/? V/MDMJob: Job finish
02-26 21:08:22.507 4808-4932/? V/MDMJob: Complete info
02-26 21:08:24.489 1878-1890/? D/DeviceIdleController: handleMessage(8)
02-26 21:08:24.491 1878-1890/? D/DeviceIdleController: Exit: start=+18d7h7m23s307ms now=+18d7h7m28s391ms
02-26 21:08:24.491 1878-1890/? D/DeviceIdleController: stepLightIdleStateLocked: mLightState=6
02-26 21:08:24.491 1878-1890/? D/DeviceIdleController: scheduleLightAlarmLocked(900000)
02-26 21:08:24.495 1878-1890/? D/DeviceIdleController: Moved to LIGHT_STATE_IDLE.
02-26 21:08:24.501 1878-1890/? D/DeviceIdleController: handleMessage(3)
02-26 21:09:22.560 1878-2461/? V/AlarmManager: Triggering alarm #0: 3 when =1580883900 package=androidoperation =*alarm*:android.intent.action.TIME_TICK
02-26 21:09:22.572 1878-1898/? E/BatteryStatsService: no controller energy info supplied
02-26 21:09:22.590 1878-1898/? E/BatteryStatsService: no controller energy info supplied
02-26 21:31:33.002 1878-2461/? V/AlarmManager: Triggering alarm #0: 2 when =1581748392 package=androidoperation = null listenTag =DeviceIdleController.light
02-26 21:31:33.002 1878-2461/? V/AlarmManager: Triggering alarm #1: 3 when =1582236604 package=androidoperation =*alarm*:com.android.server.action.NETWORK_STATS_POLL
02-26 21:31:33.003 1878-2461/? V/AlarmManager: Triggering alarm #2: 1 when =1519650901000 package=com.oneplus.deskclockoperation =*alarm*:com.android.deskclock.ON_QUARTER_HOUR
02-26 21:31:33.009 1878-1890/? D/DeviceIdleController: stepLightIdleStateLocked: mLightState=4
02-26 21:31:33.015 1878-2578/? D/NetworkStats: performPollLocked(flags=0x3)
02-26 21:31:33.020 1878-1890/? D/DeviceIdleController: scheduleLightAlarmLocked(300000)
02-26 21:31:33.021 1878-1890/? D/DeviceIdleController: Moved from LIGHT_STATE_IDLE to LIGHT_STATE_IDLE_MAINTENANCE.
02-26 21:31:33.022 1878-1890/? D/DeviceIdleController: handleMessage(4)
02-26 21:31:33.023 1878-1898/? E/BatteryStatsService: no controller energy info supplied
02-26 21:31:33.039 2812-2824/? D/QtiTetherService/IpaWrapper: getStats(false)
02-26 21:31:33.068 1878-1890/? D/DeviceIdleController: handleMessage(7)
02-26 21:31:33.070 1878-1898/? E/BatteryStatsService: no controller energy info supplied
02-26 21:31:33.082 1878-1890/? D/DeviceIdleController: handleMessage(7)
02-26 21:31:33.145 3158-3158/? I/DigitalAppWidgetProvider: onReceive: com.android.deskclock.ON_QUARTER_HOUR
02-26 21:31:33.148 3158-3158/? I/WidgetUtils: getScaleRatio minWidth == 0
02-26 21:31:34.990 1878-3871/? I/ActivityManager: pid= 1878 st.name = system_server cpuPercent = 14 st.rel_utime =260 st.rel_stime =560
02-26 21:31:38.108 1878-1890/? D/DeviceIdleController: handleMessage(8)
02-26 21:31:38.109 1878-1890/? D/DeviceIdleController: Exit: start=+18d7h30m36s914ms now=+18d7h30m42s9ms
02-26 21:31:38.109 1878-1890/? D/DeviceIdleController: stepLightIdleStateLocked: mLightState=6
02-26 21:31:38.109 1878-1890/? D/DeviceIdleController: scheduleLightAlarmLocked(900000)
02-26 21:31:38.113 1878-1890/? D/DeviceIdleController: Moved to LIGHT_STATE_IDLE.
02-26 21:31:38.115 1878-1890/? D/DeviceIdleController: handleMessage(3)
02-26 21:46:38.574 1878-2461/? V/AlarmManager: Triggering alarm #0: 3 when =1582263901 package=androidoperation =*alarm*:android.intent.action.TIME_TICK
02-26 21:46:38.574 1878-2461/? V/AlarmManager: Triggering alarm #1: 2 when =1583142010 package=androidoperation = null listenTag =DeviceIdleController.light
02-26 21:46:38.574 1878-2461/? V/AlarmManager: Triggering alarm #2: 1 when =1519652701000 package=com.oneplus.deskclockoperation =*alarm*:com.android.deskclock.ON_QUARTER_HOUR
02-26 21:46:38.578 1878-1890/? D/DeviceIdleController: stepLightIdleStateLocked: mLightState=4
02-26 21:46:38.579 1878-1890/? D/DeviceIdleController: scheduleLightAlarmLocked(300000)
02-26 21:46:38.582 1878-2580/? E/NetdConnector: NDC Command {4501 firewall enable_chain dozable} took too long (900326ms)
02-26 21:46:38.587 3158-3158/? I/DigitalAppWidgetProvider: onReceive: com.android.deskclock.ON_QUARTER_HOUR
02-26 21:46:38.588 1878-1890/? D/DeviceIdleController: Moved from LIGHT_STATE_IDLE to LIGHT_STATE_IDLE_MAINTENANCE.
02-26 21:46:38.588 1878-1898/? E/BatteryStatsService: no controller energy info supplied
02-26 21:46:38.588 1878-1890/? D/DeviceIdleController: handleMessage(4)
02-26 21:46:38.593 3158-3158/? I/WidgetUtils: getScaleRatio minWidth == 0
02-26 21:46:38.601 1878-1890/? I/chatty: uid=1000(system) android.bg expire 11 lines
02-26 21:46:38.611 1878-1890/? D/DeviceIdleController: handleMessage(7)
02-26 21:46:38.613 1878-1890/? D/DeviceIdleController: handleMessage(7)
02-26 21:46:39.574 1878-1898/? I/chatty: uid=1000(system) batterystats-sy expire 6 lines
02-26 21:46:39.582 1878-1898/? E/BatteryStatsService: no controller energy info supplied
02-26 21:46:39.583 1878-1898/? E/BatteryStatsService: no controller energy info supplied
02-26 21:46:39.590 1878-1878/? I/DeviceIdleController: updateChargingLocked: charging=false
02-26 21:46:39.592 14364-14364/? D/BatteryWatcher: BatteryWatcher--BatteryIsLow:true BatteryPercent:8
02-26 21:46:39.593 14364-14364/? D/AbstractProcessor: onBatteryChange Percent:8 State:3 
02-26 21:46:39.593 3623-3623/? D/WidgetViewService: ------BatteryReceiver------power=8
02-26 21:46:39.595 2825-2825/? E/QtiImsExtUtils: getConfigForPhoneId subId is invalid
02-26 21:46:39.595 2825-2825/? E/QtiImsExtUtils: isCarrierConfigEnabled bundle is null
02-26 21:46:39.595 2825-2825/? D/VideoCall_LowBattery: disconnectVideoCalls on low battery
02-26 21:46:39.595 2825-2825/? D/VideoCall_LowBattery: disconnectVideoCalls 
02-26 21:46:39.598 2713-2713/? I/BatteryController:  fireBatteryLevelChanged mLevel:8 PluggedIn:false Charging:false Fastcharge:false show:false style:0
02-26 21:46:39.599 2713-2713/? D/KeyguardIndication: onRefreshBatteryInfo: plugged:false, charged:false, level:8, speed:-1, last speed:-1, visible:true
02-26 21:46:39.608 1878-2594/? I/chatty: uid=1000(system) notification-sq expire 2 lines
02-26 21:46:39.649 2713-2713/? D/PhoneStatusBar: updateMediaMetaData: hasArtwork = true, 1, true, true, 0, false, false, false, 0, false
02-26 21:46:39.649 2713-2713/? D/StatusBarWindowManager: applyFocusableFlag: true, true, true, 81860040
02-26 21:46:40.611 3623-3623/? D/WidgetViewService: --------updateRemoteViews widgetDataItems={1=WidgetData [type=1, value=97, units=%], 0=WidgetData [type=0, value=-, units=], 2=WidgetData [type=2, value=8, units=%]},widgets.length:1
02-26 21:46:43.644 1878-1890/? D/DeviceIdleController: handleMessage(8)
02-26 21:46:43.645 1878-1890/? D/DeviceIdleController: Exit: start=+18d7h45m42s479ms now=+18d7h45m47s545ms
02-26 21:46:43.645 1878-1890/? D/DeviceIdleController: stepLightIdleStateLocked: mLightState=6
02-26 21:46:43.645 1878-1890/? D/DeviceIdleController: scheduleLightAlarmLocked(900000)
02-26 21:46:43.649 1878-1890/? D/DeviceIdleController: Moved to LIGHT_STATE_IDLE.
02-26 21:46:43.651 1878-1890/? D/DeviceIdleController: handleMessage(3)
02-26 21:46:43.657 1878-2580/? I/chatty: uid=1000(system) NetworkPolicy expire 14 lines
02-26 22:01:16.417 736-736/? I/tftp_server: pid=736 tid=736 tftp-server : INF :[tftp_server.c, 524] rcvd request [1] [84] [1] [0] [14335]
02-26 22:01:16.428 1878-2461/? V/AlarmManager: Triggering alarm #0: 3 when =1583163901 package=androidoperation =*alarm*:android.intent.action.TIME_TICK
02-26 22:01:16.428 1878-2461/? V/AlarmManager: Triggering alarm #1: 1 when =1519653601000 package=com.oneplus.deskclockoperation =*alarm*:com.android.deskclock.ON_QUARTER_HOUR
02-26 22:01:16.428 1878-2580/? E/NetdConnector: NDC Command {4503 firewall enable_chain dozable} took too long (872682ms)
02-26 22:01:16.439 736-3889/? I/tftp_server: pid=736 tid=3889 tftp-server : INF :[tftp_server_utils.c, 113] file [readwrite/ota_firewall/ruleset] : [/system/rfs/msm/mpss/readwrite/ota_firewall/ruleset]
02-26 22:01:16.439 736-3889/? I/tftp_server: pid=736 tid=3889 tftp-server : INF :[tftp_server.c, 1044] OACK options : [7680, 200, 10, 4, 0, 0, 0, 0]
02-26 22:01:16.439 736-3889/? I/tftp_server: pid=736 tid=3889 tftp-server : INF :[tftp_os_la.c, 59] open : [-1] [-1] [384] [0] [/system/rfs/msm/mpss/readwrite/ota_firewall/ruleset]
02-26 22:01:16.439 736-3889/? E/tftp_server: pid=736 tid=3889 tftp-server : ERR :[tftp_os_la.c, 65] open failed: [2] [No such file or directory]
02-26 22:01:16.439 736-3889/? E/tftp_server: pid=736 tid=3889 tftp-server : ERR :[tftp_server.c, 1519] open failed : [-2] [Unknown error -2]
02-26 22:01:16.439 736-3889/? E/tftp_server: pid=736 tid=3889 tftp-server : ERR :[tftp_protocol.c, 1146] sending error-pkt. Code = 1, Msg = Err=2 String=No such file or directory
02-26 22:01:16.442 736-736/? I/tftp_server: pid=736 tid=736 tftp-server : INF :[tftp_server.c, 524] rcvd request [1] [84] [1] [0] [14336]
02-26 22:01:16.443 736-3890/? I/tftp_server: pid=736 tid=3890 tftp-server : INF :[tftp_server_utils.c, 113] file [readwrite/ota_firewall/ruleset] : [/system/rfs/msm/mpss/readwrite/ota_firewall/ruleset]
02-26 22:01:16.443 736-3890/? I/tftp_server: pid=736 tid=3890 tftp-server : INF :[tftp_server.c, 1044] OACK options : [7680, 200, 0, 10, 0, 0, 0, 0]
02-26 22:01:16.443 736-3890/? I/tftp_server: pid=736 tid=3890 tftp-server : INF :[tftp_os_la.c, 59] open : [-1] [-1] [384] [0] [/system/rfs/msm/mpss/readwrite/ota_firewall/ruleset]
02-26 22:01:16.443 736-3890/? E/tftp_server: pid=736 tid=3890 tftp-server : ERR :[tftp_os_la.c, 65] open failed: [2] [No such file or directory]
02-26 22:01:16.443 736-3890/? E/tftp_server: pid=736 tid=3890 tftp-server : ERR :[tftp_server.c, 1519] open failed : [-2] [Unknown error -2]
02-26 22:01:16.443 736-3890/? E/tftp_server: pid=736 tid=3890 tftp-server : ERR :[tftp_protocol.c, 1146] sending error-pkt. Code = 1, Msg = Err=2 String=No such file or directory
02-26 22:01:44.720 1878-2461/? V/AlarmManager: Triggering alarm #0: 3 when =1584036604 package=androidoperation =*alarm*:com.android.server.action.NETWORK_STATS_POLL
02-26 22:01:44.720 1878-2461/? V/AlarmManager: Triggering alarm #1: 2 when =1584047546 package=androidoperation = null listenTag =DeviceIdleController.light
02-26 22:01:44.729 1878-2578/? D/NetworkStats: performPollLocked(flags=0x3)
02-26 22:01:44.734 1878-1890/? D/DeviceIdleController: stepLightIdleStateLocked: mLightState=4
02-26 22:01:44.735 1878-1890/? D/DeviceIdleController: scheduleLightAlarmLocked(300000)
02-26 22:01:44.741 1878-1890/? D/DeviceIdleController: Moved from LIGHT_STATE_IDLE to LIGHT_STATE_IDLE_MAINTENANCE.
02-26 22:01:44.742 1878-1890/? D/DeviceIdleController: handleMessage(4)
02-26 22:01:44.755 2812-2823/? D/QtiTetherService/IpaWrapper: getStats(false)
02-26 22:01:44.758 1878-2578/? I/chatty: uid=1000(system) NetworkStats expire 10 lines
02-26 22:01:44.764 1878-1890/? I/chatty: uid=1000(system) android.bg expire 17 lines
02-26 22:01:44.768 1878-1890/? D/DeviceIdleController: handleMessage(7)
02-26 22:01:44.770 1878-1890/? D/DeviceIdleController: handleMessage(7)
02-26 22:01:44.850 3158-3158/? I/DigitalAppWidgetProvider: onReceive: com.android.deskclock.ON_QUARTER_HOUR
02-26 22:01:44.852 3158-3158/? I/WidgetUtils: getScaleRatio minWidth == 0
02-26 22:01:49.796 1878-1890/? D/DeviceIdleController: handleMessage(8)
02-26 22:01:49.797 1878-1890/? D/DeviceIdleController: Exit: start=+18d8h0m48s635ms now=+18d8h0m53s697ms
02-26 22:01:49.797 1878-1890/? D/DeviceIdleController: stepLightIdleStateLocked: mLightState=6
02-26 22:01:49.797 1878-1890/? D/DeviceIdleController: scheduleLightAlarmLocked(900000)
02-26 22:01:49.798 1878-1890/? D/DeviceIdleController: Moved to LIGHT_STATE_IDLE.
02-26 22:01:49.798 1878-1890/? D/DeviceIdleController: handleMessage(3)
02-26 22:01:49.799 1878-1905/? I/chatty: uid=1000 system_server expire 1 line
02-26 22:16:50.117 1878-2461/? V/AlarmManager: Triggering alarm #0: 3 when =1584063900 package=androidoperation =*alarm*:android.intent.action.TIME_TICK
02-26 22:16:50.117 1878-2461/? V/AlarmManager: Triggering alarm #1: 2 when =1584953697 package=androidoperation = null listenTag =DeviceIdleController.light
02-26 22:16:50.117 1878-2461/? V/AlarmManager: Triggering alarm #2: 1 when =1519654501000 package=com.oneplus.deskclockoperation =*alarm*:com.android.deskclock.ON_QUARTER_HOUR
02-26 22:16:50.122 1878-1890/? D/DeviceIdleController: stepLightIdleStateLocked: mLightState=4
02-26 22:16:50.123 1878-1890/? D/DeviceIdleController: scheduleLightAlarmLocked(300000)
02-26 22:16:50.127 1878-2580/? E/NetdConnector: NDC Command {4507 firewall enable_chain dozable} took too long (900278ms)
02-26 22:16:50.129 3158-3158/? I/DigitalAppWidgetProvider: onReceive: com.android.deskclock.ON_QUARTER_HOUR
02-26 22:16:50.132 1878-1890/? D/DeviceIdleController: Moved from LIGHT_STATE_IDLE to LIGHT_STATE_IDLE_MAINTENANCE.
02-26 22:16:50.142 3158-3158/? I/WidgetUtils: getScaleRatio minWidth == 0
02-26 22:16:50.142 1878-1890/? D/DeviceIdleController: handleMessage(4)
02-26 22:16:50.155 1878-1890/? D/DeviceIdleController: handleMessage(7)
02-26 22:16:50.158 1878-1890/? D/DeviceIdleController: handleMessage(7)
02-26 22:16:55.184 1878-1890/? D/DeviceIdleController: handleMessage(8)
02-26 22:16:55.184 1878-1890/? D/DeviceIdleController: Exit: start=+18d8h15m54s24ms now=+18d8h15m59s84ms
02-26 22:16:55.184 1878-1890/? D/DeviceIdleController: stepLightIdleStateLocked: mLightState=6
02-26 22:16:55.184 1878-1890/? D/DeviceIdleController: scheduleLightAlarmLocked(900000)
02-26 22:16:55.185 1878-1890/? D/DeviceIdleController: Moved to LIGHT_STATE_IDLE.
02-26 22:16:55.186 1878-1890/? D/DeviceIdleController: handleMessage(3)
02-26 22:18:00.539 1878-2461/? V/AlarmManager: Triggering alarm #0: 3 when =1584963901 package=androidoperation =*alarm*:android.intent.action.TIME_TICK
02-26 22:18:00.539 1878-2461/? V/AlarmManager: Triggering alarm #1: 2 when =1585023759 package=androidoperation = null listenTag =DhcpClient.wlan0.RENEW
02-26 22:18:00.564 1878-1898/? E/BatteryStatsService: no controller energy info supplied
02-26 22:18:00.630 1878-2584/? D/AvoidBadWifiTracker: force disable bad wifi tracker
02-26 22:18:00.636 1878-2588/? I/Nat464Xlat: Android Xlat enabled is doXlat=true
02-26 22:18:00.639 1029-1029/? E/Parcel: Reading a NULL string not supported here.
02-26 22:18:00.639 1029-1029/? E/Parcel: Reading a NULL string not supported here.
02-26 22:31:55.935 1878-2461/? V/AlarmManager: Triggering alarm #0: 3 when =1585083900 package=androidoperation =*alarm*:android.intent.action.TIME_TICK
02-26 22:31:55.935 1878-2461/? V/AlarmManager: Triggering alarm #1: 3 when =1585836604 package=androidoperation =*alarm*:com.android.server.action.NETWORK_STATS_POLL
02-26 22:31:55.936 1878-2461/? V/AlarmManager: Triggering alarm #2: 2 when =1585859085 package=androidoperation = null listenTag =DeviceIdleController.light
02-26 22:31:55.936 1878-2461/? V/AlarmManager: Triggering alarm #3: 1 when =1519655401000 package=com.oneplus.deskclockoperation =*alarm*:com.android.deskclock.ON_QUARTER_HOUR
02-26 22:31:55.939 1878-1890/? D/DeviceIdleController: stepLightIdleStateLocked: mLightState=4
02-26 22:31:55.939 1878-2578/? D/NetworkStats: performPollLocked(flags=0x3)
02-26 22:31:55.940 1878-1890/? D/DeviceIdleController: scheduleLightAlarmLocked(300000)
02-26 22:31:55.944 1878-1890/? D/DeviceIdleController: Moved from LIGHT_STATE_IDLE to LIGHT_STATE_IDLE_MAINTENANCE.
02-26 22:31:55.944 1878-1890/? D/DeviceIdleController: handleMessage(4)
02-26 22:31:55.953 1878-1898/? E/BatteryStatsService: no controller energy info supplied
02-26 22:31:55.968 2812-2824/? D/QtiTetherService/IpaWrapper: getStats(false)
02-26 22:31:55.975 1878-1890/? D/DeviceIdleController: handleMessage(7)
02-26 22:31:55.978 1878-1890/? D/DeviceIdleController: handleMessage(7)
02-26 22:31:56.031 3158-3158/? I/DigitalAppWidgetProvider: onReceive: com.android.deskclock.ON_QUARTER_HOUR
02-26 22:31:56.034 3158-3158/? I/WidgetUtils: getScaleRatio minWidth == 0
02-26 22:32:00.640 1878-3935/? I/ActivityManager: pid= 1878 st.name = system_server cpuPercent = 10 st.rel_utime =150 st.rel_stime =410
02-26 22:32:00.779 1878-1898/? E/BatteryStatsService: no controller energy info supplied
02-26 22:32:00.940 1878-2461/? V/AlarmManager: Triggering alarm #0: 3 when =1585863901 package=androidoperation =*alarm*:android.intent.action.TIME_TICK
02-26 22:32:00.982 1878-1890/? D/DeviceIdleController: handleMessage(8)
02-26 22:32:00.983 1878-1890/? D/DeviceIdleController: Exit: start=+18d8h30m59s840ms now=+18d8h31m4s883ms
02-26 22:32:00.983 1878-1890/? D/DeviceIdleController: stepLightIdleStateLocked: mLightState=6
02-26 22:32:00.983 1878-1890/? D/DeviceIdleController: scheduleLightAlarmLocked(900000)
02-26 22:32:00.987 1878-1890/? D/DeviceIdleController: Moved to LIGHT_STATE_IDLE.
02-26 22:32:00.989 1878-1890/? D/DeviceIdleController: handleMessage(3)
02-26 22:32:00.991 1878-1890/? I/chatty: uid=1000(system) android.bg expire 12 lines
02-26 22:47:01.395 1878-2461/? V/AlarmManager: Triggering alarm #0: 2 when =1586764884 package=androidoperation = null listenTag =DeviceIdleController.light
02-26 22:47:01.395 1878-2461/? V/AlarmManager: Triggering alarm #1: 1 when =1519656301000 package=com.oneplus.deskclockoperation =*alarm*:com.android.deskclock.ON_QUARTER_HOUR
02-26 22:47:01.398 1878-1890/? D/DeviceIdleController: stepLightIdleStateLocked: mLightState=4
02-26 22:47:01.402 1878-1890/? D/DeviceIdleController: scheduleLightAlarmLocked(300000)
02-26 22:47:01.404 3158-3158/? I/DigitalAppWidgetProvider: onReceive: com.android.deskclock.ON_QUARTER_HOUR
02-26 22:47:01.404 1878-1898/? E/BatteryStatsService: no controller energy info supplied
02-26 22:47:01.409 3158-3158/? I/WidgetUtils: getScaleRatio minWidth == 0
02-26 22:47:01.418 1878-1890/? D/DeviceIdleController: Moved from LIGHT_STATE_IDLE to LIGHT_STATE_IDLE_MAINTENANCE.
02-26 22:47:01.418 1878-1890/? D/DeviceIdleController: handleMessage(4)
02-26 22:47:01.427 1878-1890/? D/DeviceIdleController: handleMessage(7)
02-26 22:47:01.430 1878-1890/? D/DeviceIdleController: handleMessage(7)
02-26 22:47:06.433 1878-1890/? D/DeviceIdleController: handleMessage(8)
02-26 22:47:06.433 1878-1890/? D/DeviceIdleController: Exit: start=+18d8h46m5s299ms now=+18d8h46m10s334ms
02-26 22:47:06.434 1878-1890/? D/DeviceIdleController: stepLightIdleStateLocked: mLightState=6
02-26 22:47:06.434 1878-1890/? D/DeviceIdleController: scheduleLightAlarmLocked(900000)
02-26 22:47:06.438 1878-1890/? D/DeviceIdleController: Moved to LIGHT_STATE_IDLE.
02-26 22:47:06.440 1878-1890/? D/DeviceIdleController: handleMessage(3)
02-26 23:01:16.599 736-736/? I/tftp_server: pid=736 tid=736 tftp-server : INF :[tftp_server.c, 524] rcvd request [1] [84] [1] [0] [14366]
02-26 23:01:16.606 1878-2461/? V/AlarmManager: Triggering alarm #0: 3 when =1586823901 package=androidoperation =*alarm*:android.intent.action.TIME_TICK
02-26 23:01:16.606 1878-2461/? V/AlarmManager: Triggering alarm #1: 1 when =1519657201000 package=com.oneplus.deskclockoperation =*alarm*:com.android.deskclock.ON_QUARTER_HOUR
02-26 23:01:16.614 736-3960/? I/tftp_server: pid=736 tid=3960 tftp-server : INF :[tftp_server_utils.c, 113] file [readwrite/ota_firewall/ruleset] : [/system/rfs/msm/mpss/readwrite/ota_firewall/ruleset]
02-26 23:01:16.614 736-3960/? I/tftp_server: pid=736 tid=3960 tftp-server : INF :[tftp_server.c, 1044] OACK options : [7680, 200, 10, 4, 0, 0, 0, 0]
02-26 23:01:16.614 736-3960/? I/tftp_server: pid=736 tid=3960 tftp-server : INF :[tftp_os_la.c, 59] open : [-1] [-1] [384] [0] [/system/rfs/msm/mpss/readwrite/ota_firewall/ruleset]
02-26 23:01:16.614 736-3960/? E/tftp_server: pid=736 tid=3960 tftp-server : ERR :[tftp_os_la.c, 65] open failed: [2] [No such file or directory]
02-26 23:01:16.614 736-3960/? E/tftp_server: pid=736 tid=3960 tftp-server : ERR :[tftp_server.c, 1519] open failed : [-2] [Unknown error -2]
02-26 23:01:16.614 736-3960/? E/tftp_server: pid=736 tid=3960 tftp-server : ERR :[tftp_protocol.c, 1146] sending error-pkt. Code = 1, Msg = Err=2 String=No such file or directory
02-26 23:01:16.616 736-736/? I/tftp_server: pid=736 tid=736 tftp-server : INF :[tftp_server.c, 524] rcvd request [1] [84] [1] [0] [14367]
02-26 23:01:16.616 736-3961/? I/tftp_server: pid=736 tid=3961 tftp-server : INF :[tftp_server_utils.c, 113] file [readwrite/ota_firewall/ruleset] : [/system/rfs/msm/mpss/readwrite/ota_firewall/ruleset]
02-26 23:01:16.616 736-3961/? I/tftp_server: pid=736 tid=3961 tftp-server : INF :[tftp_server.c, 1044] OACK options : [7680, 200, 0, 10, 0, 0, 0, 0]
02-26 23:01:16.616 736-3961/? I/tftp_server: pid=736 tid=3961 tftp-server : INF :[tftp_os_la.c, 59] open : [-1] [-1] [384] [0] [/system/rfs/msm/mpss/readwrite/ota_firewall/ruleset]
02-26 23:01:16.616 736-3961/? E/tftp_server: pid=736 tid=3961 tftp-server : ERR :[tftp_os_la.c, 65] open failed: [2] [No such file or directory]
02-26 23:01:16.616 736-3961/? E/tftp_server: pid=736 tid=3961 tftp-server : ERR :[tftp_server.c, 1519] open failed : [-2] [Unknown error -2]
02-26 23:01:16.617 736-3961/? E/tftp_server: pid=736 tid=3961 tftp-server : ERR :[tftp_protocol.c, 1146] sending error-pkt. Code = 1, Msg = Err=2 String=No such file or directory
02-26 23:08:19.944 1878-2461/? V/AlarmManager: Triggering alarm #0: 3 when =1587636604 package=androidoperation =*alarm*:com.android.server.action.NETWORK_STATS_POLL
02-26 23:08:19.945 1878-2461/? V/AlarmManager: Triggering alarm #1: 2 when =1587670334 package=androidoperation = null listenTag =DeviceIdleController.light
02-26 23:08:19.945 1878-2461/? V/AlarmManager: Triggering alarm #2: 2 when =1587678586 package=net.oneplus.odmoperation =*walarm*:intent_local_schedule
02-26 23:08:19.945 1878-2461/? V/AlarmManager: Triggering alarm #3: 2 when =1588041702 package=androidoperation = null listenTag =*job.delay*
02-26 23:08:19.945 1878-2461/? V/AlarmManager: Triggering alarm #4: 3 when =1588043426 package=net.oneplus.weatheroperation =*alarm*:net.oneplus.weather.receiver.BootReceiver.ACTION_ALARM
02-26 23:08:19.952 1878-1890/? D/DeviceIdleController: stepLightIdleStateLocked: mLightState=4
02-26 23:08:19.959 1878-1890/? D/DeviceIdleController: scheduleLightAlarmLocked(300000)
02-26 23:08:19.959 1878-2578/? D/NetworkStats: performPollLocked(flags=0x3)
02-26 23:08:19.966 2812-2823/? D/QtiTetherService/IpaWrapper: getStats(false)
02-26 23:08:19.973 4808-4808/? I/LocationProvider: startLocation
02-26 23:08:19.974 1878-1890/? D/DeviceIdleController: Moved from LIGHT_STATE_IDLE to LIGHT_STATE_IDLE_MAINTENANCE.
02-26 23:08:19.974 1878-1890/? D/DeviceIdleController: handleMessage(4)
02-26 23:08:19.975 1878-1890/? I/chatty: uid=1000(system) android.bg expire 11 lines
02-26 23:08:19.980 4808-4808/? W/ContextImpl: Calling a method in the system process without a qualified user: android.app.ContextImpl.bindService:1438 android.content.ContextWrapper.bindService:637 com.loc.aA.qA:-1 com.loc.aA.<init>:-1 java.lang.reflect.Constructor.newInstance0:-2 
02-26 23:08:19.981 1878-3275/? W/ActivityManager: Unable to start service Intent { cmp=net.oneplus.odm/com.amap.api.location.g (has extras) } U=0: not found
02-26 23:08:19.996 1878-1890/? D/DeviceIdleController: handleMessage(7)
02-26 23:08:19.999 4808-4808/? V/LocationProvider: use Hight_Accuracy
02-26 23:08:20.008 3158-3158/? I/DigitalAppWidgetProvider: onReceive: com.android.deskclock.ON_QUARTER_HOUR
02-26 23:08:20.011 3158-3158/? I/WidgetUtils: getScaleRatio minWidth == 0
02-26 23:08:20.028 4808-4808/? D/LocationManager: requestLocationUpdates listener=com.loc.bM@72c919d packageName= net.oneplus.odm
02-26 23:08:20.028 1878-13292/? I/chatty: uid=1000(system) Binder:1878_E expire 4 lines
02-26 23:08:20.029 4808-4808/? V/LogParserJobService: Start
02-26 23:08:20.029 1878-2789/? I/chatty: uid=1000(system) LocationThread expire 12 lines
02-26 23:08:20.040 1878-2792/? I/chatty: uid=1000(system) FLP Service Cal expire 10 lines
02-26 23:08:20.040 3304-3319/? D/amsnlp: request mUserAgree true
02-26 23:08:20.040 3304-3319/? I/amsnlp: onSetRequest nlp used by: []
02-26 23:08:20.040 3304-3319/? I/amsnlp: onSetRequest: ProviderRequestUnbundled, reportLocation is true and interval is 3500
02-26 23:08:20.041 3304-3304/? I/amsnlp: in Handler: ProviderRequestUnbundled, reportLocation is true and interval is 20000
02-26 23:08:20.041 3304-3304/? I/amsmgrnlp: [1.9.2.17-1-2-l6a2g2p0f0v0ofalse(r)]add listener by key:amsnlp time:20
02-26 23:08:20.041 3304-3304/? I/amsst: adding listener com.amap.android.ams.k.f$1@74d5057 with period 20 and trigger true
02-26 23:08:20.041 3304-3304/? I/amsl: adll
02-26 23:08:20.041 3304-3304/? I/amsst: period: 20 enabled: true
02-26 23:08:20.041 3304-3304/? I/amsro: p=20, t=true
02-26 23:08:20.042 3304-3455/? I/amsnl: p=20, t=true
02-26 23:08:20.042 3304-3455/? I/amsnl: t:false, fl: true, p: 20000, ce: true, we: true
02-26 23:08:20.043 1878-1898/? E/BatteryStatsService: no controller energy info supplied
02-26 23:08:20.043 1878-13493/? D/ConnectivityService: Returning blocked NetworkInfo to uid=10009
02-26 23:08:20.046 4808-3970/? V/LogParserJobService: mdm: ring buffer is 3Mb (0b consumed), max entry is 5120b, max payload is 4068b
02-26 23:08:20.046 4808-3970/? V/LogParserJobService: start getMDMLog
02-26 23:08:20.048 3304-3455/? I/amsnl: m1: false
02-26 23:08:20.048 3304-3455/? I/amsnl: rl
02-26 23:08:20.049 3304-3455/? I/amsnl: c: false, w: false, t: true, l: false
02-26 23:08:20.049 3304-3455/? I/amsnl: crs
02-26 23:08:20.049 3304-3455/? I/amsnl: wrs
02-26 23:08:20.058 3304-3455/? I/amsnl: qg
02-26 23:08:20.058 3304-3455/? I/amsnl: gc
02-26 23:08:20.059 1878-2781/? I/chatty: uid=1000(system) Thread-7 expire 12 lines
02-26 23:08:20.076 4808-3970/? V/LogParserJobService: end getMDMLog:30
02-26 23:08:20.076 4808-3970/? V/LogParserJobService: mdmLogFile exists
02-26 23:08:20.076 4808-3978/? V/LogParserJobService: Parse file
02-26 23:08:20.077 4808-3978/? V/LogParserJobService: Add Event:0
02-26 23:08:20.077 4808-3978/? V/LogParserJobService: mdm log file delete
02-26 23:08:20.078 4808-3965/? V/LogParserJobService: Finish service
02-26 23:08:20.081 25011-25011/? D/JobSchedulerService: JobService task running
02-26 23:08:20.082 4808-3970/? V/LogParserJobService: no task, close service
02-26 23:08:20.083 3304-3455/? I/amsnl: gw
02-26 23:08:20.083 4808-3965/? V/LogParserJobService: Finish service
02-26 23:08:20.084 1878-1890/? D/DeviceIdleController: handleMessage(7)
02-26 23:08:20.091 3304-3455/? I/amsnl: size: 54
02-26 23:08:20.096 3304-3455/? I/amsnl: wa: 10258
02-26 23:08:20.098 3304-3455/? E/amsnlp: error -2
02-26 23:08:20.107 3304-3455/? I/amsnl: csr
02-26 23:08:20.107 3304-3455/? I/amsnl: t:false, fl: false, p: 20000, ce: true, we: true
02-26 23:08:20.109 3304-3455/? I/amsnl: m1: false
02-26 23:08:20.109 3304-3455/? I/amsnl: c: false, w: false, t: false, l: false
02-26 23:08:21.595 1021-2782/? I/LOWI-8.1.1.0.g: [LOWI-Scan] lowi_close_record:Scan completed in 1588008686ms and Recieved 44 APs scan results
02-26 23:08:21.662 3304-3455/? I/amsnl: wsr
02-26 23:08:21.668 3304-3455/? I/amsnl: t:false, fl: false, p: 20000, ce: true, we: true
02-26 23:08:21.670 3304-3455/? I/amsnl: m1: false
02-26 23:08:21.671 3304-3455/? I/amsnl: c: false, w: true, t: false, l: false
02-26 23:08:21.671 3304-3455/? I/amsnl: qg
02-26 23:08:21.684 3304-3455/? I/amsnlp: isConnected, isIdle: false isIgnoreBatOpt: false
02-26 23:08:21.694 3304-3455/? E/amsnlp: error -3
02-26 23:08:22.067 4808-4808/? E/LocationProvider: error, code: 10, msg: 
02-26 23:08:22.068 4808-4808/? D/LocationManager: removeUpdates listener=com.loc.bM@72c919d packageName=  net.oneplus.odm
02-26 23:08:22.079 3304-6099/? D/amsnlp: request mUserAgree true
02-26 23:08:22.079 3304-6099/? I/amsnlp: onSetRequest nlp used by: []
02-26 23:08:22.080 3304-6099/? I/amsnlp: onSetRequest: ProviderRequestUnbundled, reportLocation is false and interval is 9223372036854775807
02-26 23:08:22.080 3304-3304/? I/amsnlp: in Handler: ProviderRequestUnbundled, reportLocation is false and interval is 86400000
02-26 23:08:22.081 3304-3304/? I/amsmgrnlp: [1.9.2.17-1-2-l6a2g2p0f0v0ofalse(r)]add listener by key:amsnlp time:86400
02-26 23:08:22.082 3304-3304/? I/amsst: adding listener com.amap.android.ams.k.f$1@74d5057 with period 86400 and trigger true
02-26 23:08:22.083 3304-3304/? I/amsl: adll
02-26 23:08:22.083 3304-3304/? I/amsst: period: 86400 enabled: true
02-26 23:08:22.084 3304-3304/? I/amsro: p=86400, t=true
02-26 23:08:22.085 3304-3455/? I/amsnl: p=86400, t=true
02-26 23:08:22.085 3304-3455/? I/amsnl: t:false, fl: false, p: 86400000, ce: true, we: true
02-26 23:08:22.090 3304-3455/? I/amsnl: m1: false
02-26 23:08:22.091 3304-3455/? I/amsnl: c: false, w: true, t: false, l: false
02-26 23:08:23.324 1878-3980/? I/ActivityManager: pid= 1878 st.name = system_server cpuPercent = 17 st.rel_utime =300 st.rel_stime =670
02-26 23:08:25.008 1878-1890/? D/DeviceIdleController: handleMessage(8)
02-26 23:08:25.009 1878-1890/? D/DeviceIdleController: Exit: start=+18d9h7m23s859ms now=+18d9h7m28s909ms
02-26 23:08:25.009 1878-1890/? D/DeviceIdleController: stepLightIdleStateLocked: mLightState=6
02-26 23:08:25.010 1878-1890/? D/DeviceIdleController: scheduleLightAlarmLocked(900000)
02-26 23:08:25.013 1878-1890/? D/DeviceIdleController: Moved to LIGHT_STATE_IDLE.
02-26 23:08:25.015 1878-1890/? D/DeviceIdleController: handleMessage(3)
02-26 23:09:53.029 735-735/? I/rmt_storage: rmt_storage_connect_cb: clnt_h=0xc0 conn_h=0x7f94c2a000
02-26 23:09:53.029 735-735/? I/rmt_storage: rmt_storage_rw_iovec_cb: /boot/modem_fs1: req_h=0xc0 msg_id=3: R/W request received
02-26 23:09:53.029 735-735/? I/rmt_storage: wakelock acquired: 1, error no: 42
02-26 23:09:53.029 735-1264/? I/rmt_storage: rmt_storage_client_thread: /boot/modem_fs1: Unblock worker thread (th_id: 547961734224)
02-26 23:09:53.039 1878-2461/? V/AlarmManager: Triggering alarm #0: 3 when =1588083901 package=androidoperation =*alarm*:android.intent.action.TIME_TICK
02-26 23:09:53.039 1878-2461/? V/AlarmManager: Triggering alarm #1: 3 when =1588063942 package=com.amap.android.amsoperation =*alarm*:com.amap.android.ams.nlp.ALARM_WAKEUP_LOCATOR
02-26 23:09:53.051 1878-1898/? E/BatteryStatsService: no controller energy info supplied
02-26 23:09:53.078 735-1264/? I/rmt_storage: rmt_storage_client_thread: /boot/modem_fs1: req_h=0xc0 msg_id=3: Bytes written = 2097152
02-26 23:09:53.079 735-1264/? I/rmt_storage: rmt_storage_client_thread: /boot/modem_fs1: req_h=0xc0 msg_id=3: Send response: res=0 err=0
02-26 23:09:53.079 735-1264/? I/rmt_storage: rmt_storage_client_thread: /boot/modem_fs1: About to block rmt_storage client thread (th_id: 547961734224) wakelock released: 1, error no: 0
02-26 23:09:53.083 735-735/? I/rmt_storage: rmt_storage_disconnect_cb: clnt_h=0xc0 conn_h=0x7f94c2a000
02-26 23:31:33.380 1878-2461/? V/AlarmManager: Triggering alarm #0: 2 when =1588948910 package=androidoperation = null listenTag =DeviceIdleController.light
02-26 23:31:33.380 1878-2461/? V/AlarmManager: Triggering alarm #1: 3 when =1589436604 package=androidoperation =*alarm*:com.android.server.action.NETWORK_STATS_POLL
02-26 23:31:33.380 1878-2461/? V/AlarmManager: Triggering alarm #2: 1 when =1519658101000 package=com.oneplus.deskclockoperation =*alarm*:com.android.deskclock.ON_QUARTER_HOUR
02-26 23:31:33.384 1878-1890/? D/DeviceIdleController: stepLightIdleStateLocked: mLightState=4
02-26 23:31:33.385 1878-1890/? D/DeviceIdleController: scheduleLightAlarmLocked(300000)
02-26 23:31:33.388 1878-2578/? D/NetworkStats: performPollLocked(flags=0x3)
02-26 23:31:33.392 1878-1890/? D/DeviceIdleController: Moved from LIGHT_STATE_IDLE to LIGHT_STATE_IDLE_MAINTENANCE.
02-26 23:31:33.393 1878-1898/? E/BatteryStatsService: no controller energy info supplied
02-26 23:31:33.394 2812-2824/? D/QtiTetherService/IpaWrapper: getStats(false)
02-26 23:31:33.409 1878-1890/? D/DeviceIdleController: handleMessage(4)
02-26 23:31:33.411 1878-1892/? D/DeviceIdleController: Adding AppId 10009 to temp whitelist. New entry: true
02-26 23:31:33.411 1878-1892/? D/DeviceIdleController: postTempActiveTimeoutMessage: uid=10009, delay=10000
02-26 23:31:33.411 1878-1892/? D/DeviceIdleController: Setting wakelock temp whitelist to [10009]
02-26 23:31:33.412 3304-3455/? I/amsnl: ar
02-26 23:31:33.412 3304-3455/? I/amsnl: t:false, fl: false, p: 86400000, ce: true, we: true
02-26 23:31:33.414 3304-3455/? I/amsnl: m1: false
02-26 23:31:33.415 3304-3455/? I/amsnl: c: false, w: false, t: true, l: false
02-26 23:31:33.415 3304-3455/? I/amsnl: crs
02-26 23:31:33.415 3304-3455/? I/amsnl: wrs
02-26 23:31:33.417 3158-3158/? I/DigitalAppWidgetProvider: onReceive: com.android.deskclock.ON_QUARTER_HOUR
02-26 23:31:33.431 1878-1890/? I/chatty: uid=1000(system) android.bg expire 16 lines
02-26 23:31:33.434 3158-3158/? I/WidgetUtils: getScaleRatio minWidth == 0
02-26 23:31:33.445 3304-3455/? I/amsnl: csr
02-26 23:31:33.446 3304-3455/? I/amsnl: t:false, fl: false, p: 86400000, ce: true, we: true
02-26 23:31:33.447 3304-3455/? I/amsnl: m1: false
02-26 23:31:33.448 3304-3455/? I/amsnl: c: false, w: false, t: false, l: false
02-26 23:31:33.558 1878-1890/? D/DeviceIdleController: handleMessage(7)
02-26 23:31:33.561 1878-1890/? D/DeviceIdleController: handleMessage(7)
02-26 23:31:35.013 873-998/? I/ThermalEngine: Monitor : quiet_therm = 22, msm_therm = 23, ufs_therm = -40, battery_therm = 194,current_now = 79000 
02-26 23:31:35.062 3623-3997/? D/FileSizeUtil: getAvailableStoragePercentValue totalBytes=56548761600,freeBytes=54670983168,availableStoragePercent=0.9667936418257478
02-26 23:31:35.063 3623-3997/? D/WidgetViewService: availableStorage has no change,availableStorage:97%
02-26 23:31:35.063 1021-2782/? I/LOWI-8.1.1.0.g: [LOWI-Scan] lowi_close_record:Scan completed in 1589402154ms and Recieved 51 APs scan results
02-26 23:31:35.175 3304-3455/? I/amsnl: wsr
02-26 23:31:35.183 3304-3455/? I/amsnl: t:false, fl: false, p: 86400000, ce: true, we: true
02-26 23:31:35.185 1878-3137/? D/ConnectivityService: Returning unblocked NetworkInfo to uid=10009
02-26 23:31:35.186 3304-3455/? I/amsnl: m1: false
02-26 23:31:35.188 3304-3455/? I/amsnl: m2: false, m3: false
02-26 23:31:35.188 3304-3455/? I/amsnl: rl
02-26 23:31:35.188 3304-3455/? I/amsnl: c: false, w: true, t: false, l: false
02-26 23:31:35.188 3304-3455/? I/amsnl: qg
02-26 23:31:37.731 1878-4000/? I/ActivityManager: pid= 1878 st.name = system_server cpuPercent = 11 st.rel_utime =370 st.rel_stime =400
02-26 23:31:38.586 1878-1890/? D/DeviceIdleController: handleMessage(8)
02-26 23:31:38.587 1878-1890/? D/DeviceIdleController: Exit: start=+18d9h30m37s285ms now=+18d9h30m42s487ms
02-26 23:31:38.587 1878-1890/? D/DeviceIdleController: stepLightIdleStateLocked: mLightState=6
02-26 23:31:38.587 1878-1890/? D/DeviceIdleController: scheduleLightAlarmLocked(900000)
02-26 23:31:38.590 1878-1890/? D/DeviceIdleController: Moved to LIGHT_STATE_IDLE.
02-26 23:31:38.592 1878-1890/? D/DeviceIdleController: handleMessage(3)
02-26 23:31:38.596 1878-2580/? I/chatty: uid=1000(system) NetworkPolicy expire 10 lines
02-26 23:46:39.046 1878-2461/? V/AlarmManager: Triggering alarm #0: 3 when =1589463900 package=androidoperation =*alarm*:android.intent.action.TIME_TICK
02-26 23:46:39.047 1878-2461/? V/AlarmManager: Triggering alarm #1: 2 when =1590342488 package=androidoperation = null listenTag =DeviceIdleController.light
02-26 23:46:39.047 1878-2461/? V/AlarmManager: Triggering alarm #2: 1 when =1519659901000 package=com.oneplus.deskclockoperation =*alarm*:com.android.deskclock.ON_QUARTER_HOUR
02-26 23:46:39.056 1878-1890/? D/DeviceIdleController: stepLightIdleStateLocked: mLightState=4
02-26 23:46:39.056 1878-1898/? E/BatteryStatsService: no controller energy info supplied
02-26 23:46:39.057 1878-1890/? D/DeviceIdleController: scheduleLightAlarmLocked(300000)
02-26 23:46:39.065 1878-1890/? D/DeviceIdleController: Moved from LIGHT_STATE_IDLE to LIGHT_STATE_IDLE_MAINTENANCE.
02-26 23:46:39.071 1878-1898/? E/BatteryStatsService: no controller energy info supplied
02-26 23:46:39.083 1878-1890/? D/DeviceIdleController: handleMessage(4)
02-26 23:46:39.084 3158-3158/? I/DigitalAppWidgetProvider: onReceive: com.android.deskclock.ON_QUARTER_HOUR
02-26 23:46:39.087 3158-3158/? I/WidgetUtils: getScaleRatio minWidth == 0
02-26 23:46:39.089 1878-2580/? E/NetdConnector: NDC Command {4524 firewall enable_chain dozable} took too long (900333ms)
02-26 23:46:39.096 1878-1890/? D/DeviceIdleController: handleMessage(7)
02-26 23:46:39.101 1878-1890/? D/DeviceIdleController: handleMessage(7)
02-26 23:46:43.453 1878-1890/? D/DeviceIdleController: handleMessage(6)
02-26 23:46:43.454 1878-1890/? D/DeviceIdleController: checkTempAppWhitelistTimeout: uid=10009, timeNow=1590347354
02-26 23:46:43.454 1878-1890/? D/DeviceIdleController: Removing UID 10009 from temp whitelist
02-26 23:46:43.454 1878-1890/? D/DeviceIdleController: Setting wakelock temp whitelist to []
02-26 23:46:44.107 1878-1890/? D/DeviceIdleController: handleMessage(8)
02-26 23:46:44.108 1878-1890/? D/DeviceIdleController: Exit: start=+18d9h45m42s957ms now=+18d9h45m48s8ms
02-26 23:46:44.108 1878-1890/? D/DeviceIdleController: stepLightIdleStateLocked: mLightState=6
02-26 23:46:44.108 1878-1890/? D/DeviceIdleController: scheduleLightAlarmLocked(900000)
02-26 23:46:44.112 1878-1890/? D/DeviceIdleController: Moved to LIGHT_STATE_IDLE.
02-26 23:46:44.114 1878-1890/? D/DeviceIdleController: handleMessage(3)
02-27 00:01:17.072 736-736/? I/tftp_server: pid=736 tid=736 tftp-server : INF :[tftp_server.c, 524] rcvd request [1] [84] [1] [0] [14399]
02-27 00:01:17.082 1878-2461/? V/AlarmManager: Triggering alarm #0: 3 when =1590363901 package=androidoperation =*alarm*:android.intent.action.TIME_TICK
02-27 00:01:17.082 1878-2461/? V/AlarmManager: Triggering alarm #1: 1 when =1519660800000 package=androidoperation =*alarm*:android.intent.action.DATE_CHANGED
02-27 00:01:17.082 1878-2461/? V/AlarmManager: Triggering alarm #2: 1 when =1519660801000 package=com.oneplus.deskclockoperation =*alarm*:com.android.deskclock.ON_QUARTER_HOUR
02-27 00:01:17.088 736-4022/? I/tftp_server: pid=736 tid=4022 tftp-server : INF :[tftp_server_utils.c, 113] file [readwrite/ota_firewall/ruleset] : [/system/rfs/msm/mpss/readwrite/ota_firewall/ruleset]
02-27 00:01:17.089 736-4022/? I/tftp_server: pid=736 tid=4022 tftp-server : INF :[tftp_server.c, 1044] OACK options : [7680, 200, 10, 4, 0, 0, 0, 0]
02-27 00:01:17.089 736-4022/? I/tftp_server: pid=736 tid=4022 tftp-server : INF :[tftp_os_la.c, 59] open : [-1] [-1] [384] [0] [/system/rfs/msm/mpss/readwrite/ota_firewall/ruleset]
02-27 00:01:17.089 736-4022/? E/tftp_server: pid=736 tid=4022 tftp-server : ERR :[tftp_os_la.c, 65] open failed: [2] [No such file or directory]
02-27 00:01:17.089 736-4022/? E/tftp_server: pid=736 tid=4022 tftp-server : ERR :[tftp_server.c, 1519] open failed : [-2] [Unknown error -2]
02-27 00:01:17.091 1878-2580/? E/NetdConnector: NDC Command {4527 firewall enable_chain dozable} took too long (872824ms)
02-27 00:01:17.092 736-736/? I/tftp_server: pid=736 tid=736 tftp-server : INF :[tftp_server.c, 524] rcvd request [1] [84] [1] [0] [14400]
02-27 00:01:17.094 736-4024/? I/tftp_server: pid=736 tid=4024 tftp-server : INF :[tftp_server_utils.c, 113] file [readwrite/ota_firewall/ruleset] : [/system/rfs/msm/mpss/readwrite/ota_firewall/ruleset]
02-27 00:01:17.094 736-4024/? I/tftp_server: pid=736 tid=4024 tftp-server : INF :[tftp_server.c, 1044] OACK options : [7680, 200, 0, 10, 0, 0, 0, 0]
02-27 00:01:17.094 736-4024/? I/tftp_server: pid=736 tid=4024 tftp-server : INF :[tftp_os_la.c, 59] open : [-1] [-1] [384] [0] [/system/rfs/msm/mpss/readwrite/ota_firewall/ruleset]
02-27 00:01:17.094 736-4024/? E/tftp_server: pid=736 tid=4024 tftp-server : ERR :[tftp_os_la.c, 65] open failed: [2] [No such file or directory]
02-27 00:01:17.094 736-4024/? E/tftp_server: pid=736 tid=4024 tftp-server : ERR :[tftp_server.c, 1519] open failed : [-2] [Unknown error -2]
02-27 00:01:17.094 736-4024/? E/tftp_server: pid=736 tid=4024 tftp-server : ERR :[tftp_protocol.c, 1146] sending error-pkt. Code = 1, Msg = Err=2 String=No such file or directory
02-27 00:01:17.095 1878-1898/? E/BatteryStatsService: no controller energy info supplied
02-27 00:01:17.096 736-4022/? E/tftp_server: pid=736 tid=4022 tftp-server : ERR :[tftp_protocol.c, 1146] sending error-pkt. Code = 1, Msg = Err=2 String=No such file or directory
02-27 00:01:17.109 1878-1898/? E/BatteryStatsService: no controller energy info supplied
02-27 00:01:18.104 1878-1898/? E/BatteryStatsService: no controller energy info supplied
02-27 00:01:18.104 1878-1898/? E/BatteryStatsService: no controller energy info supplied
02-27 00:01:18.119 1878-1878/? I/DeviceIdleController: updateChargingLocked: charging=false
02-27 00:01:18.123 3623-3623/? D/WidgetViewService: ------BatteryReceiver------power=7
02-27 00:01:18.126 2825-2825/? E/QtiImsExtUtils: getConfigForPhoneId subId is invalid
02-27 00:01:18.126 2825-2825/? E/QtiImsExtUtils: isCarrierConfigEnabled bundle is null
02-27 00:01:18.127 2825-2825/? D/VideoCall_LowBattery: disconnectVideoCalls on low battery
02-27 00:01:18.127 2825-2825/? D/VideoCall_LowBattery: disconnectVideoCalls 
02-27 00:01:18.162 14364-14364/? D/BatteryWatcher: BatteryWatcher--BatteryIsLow:true BatteryPercent:7
02-27 00:01:18.162 14364-14364/? D/AbstractProcessor: onBatteryChange Percent:7 State:3 
02-27 00:01:18.166 2713-2713/? I/BatteryController:  fireBatteryLevelChanged mLevel:7 PluggedIn:false Charging:false Fastcharge:false show:false style:0
02-27 00:01:18.167 2713-2713/? D/KeyguardIndication: onRefreshBatteryInfo: plugged:false, charged:false, level:7, speed:-1, last speed:-1, visible:true
02-27 00:01:18.192 1878-1878/? I/chatty: uid=1000 system_server expire 6 lines
02-27 00:01:18.221 2713-2713/? D/PhoneStatusBar: updateMediaMetaData: hasArtwork = true, 1, true, true, 0, false, false, false, 0, false
02-27 00:01:18.221 2713-2713/? D/StatusBarWindowManager: applyFocusableFlag: true, true, true, 81860040
02-27 00:04:44.485 1878-2461/? V/AlarmManager: Triggering alarm #0: 3 when =1591236604 package=androidoperation =*alarm*:com.android.server.action.NETWORK_STATS_POLL
02-27 00:04:44.485 1878-2461/? V/AlarmManager: Triggering alarm #1: 2 when =1591248009 package=androidoperation = null listenTag =DeviceIdleController.light
02-27 00:04:44.485 1878-2461/? V/AlarmManager: Triggering alarm #2: 2 when =1591427537 package=androidoperation = null listenTag =*job.delay*
02-27 00:04:44.485 1878-2461/? V/AlarmManager: Triggering alarm #3: 1 when =1519660800000 package=com.oneplus.calendaroperation =*alarm*:com.oneplus.calendar.APPWIDGET_SCHEDULED_UPDATE
02-27 00:04:44.492 1878-1890/? D/DeviceIdleController: stepLightIdleStateLocked: mLightState=4
02-27 00:04:44.493 1878-1898/? E/BatteryStatsService: no controller energy info supplied
02-27 00:04:44.493 1878-1890/? D/DeviceIdleController: scheduleLightAlarmLocked(300000)
02-27 00:04:44.513 1878-1890/? D/DeviceIdleController: Moved from LIGHT_STATE_IDLE to LIGHT_STATE_IDLE_MAINTENANCE.
02-27 00:04:44.514 1878-1890/? D/DeviceIdleController: handleMessage(4)
02-27 00:04:44.516 3357-3357/? D/CalendarDateProvider: receive Calender intent, action = android.intent.action.DATE_CHANGED
02-27 00:04:44.520 1878-1890/? I/chatty: uid=1000(system) android.bg expire 13 lines
02-27 00:04:44.522 3684-3684/? D/OPCardpackage: OnePlusCardReminder [onReceive act = android.intent.action.DATE_CHANGED]
02-27 00:04:44.525 3357-3566/? D/CalendarIconDelegate: updateCalendarData day = 27, newDay = 27, oldDay = 11, obj = net.oneplus.launcher.dynamicicon.calendar.CalendarIconDelegate@11a4265
02-27 00:04:44.525 3357-3566/? D/CalendarIconDelegate: DynamicIcon check needInvalidate true, oldDay = 11, newDay = 27, obj = net.oneplus.launcher.dynamicicon.calendar.CalendarIconDelegate@11a4265
02-27 00:04:44.527 1878-1890/? D/DeviceIdleController: handleMessage(7)
02-27 00:04:44.528 3684-3684/? D/OPCardpackage: OnePlusCardReminder [readCardDatabase begin]
02-27 00:04:44.528 3684-3684/? D/OPCardpackage: readCardDatabase where : (event_time>1519574684528 and event_time<1519833884528) or (type=9 and order_by_time>1519661084528 and order_by_time<1519833884528)
02-27 00:04:44.541 15588-15588/? D/OPPhotos: PhotosJobService -> onStartJob
02-27 00:04:44.548 3684-3684/? D/OPCardpackage: OnePlusCardReminder [readCardDatabase end]
02-27 00:04:44.548 3684-3684/? D/OPCardpackage: OnePlusCardReminder [setAlarm begin]
02-27 00:04:44.548 3684-3684/? D/OPCardpackage: OnePlusCardReminder [setAlarm end]
02-27 00:04:44.552 3684-4031/? D/OPCardpackage: CardWidgetProvider [header_flag = unexpired]
02-27 00:04:44.555 3684-4031/? D/OPCardpackage: CardWidgetProvider [viewType = 0]
02-27 00:04:44.558 3357-3566/? D/CalendarIconDelegate: DynamicIcon check needInvalidate true, oldDay = 11, newDay = 27, obj = net.oneplus.launcher.dynamicicon.calendar.CalendarIconDelegate@11a4265
02-27 00:04:44.574 3357-3566/? D/FrequentAppsGrid: onDynamicIconChanged:ComponentInfo{com.oneplus.calendar/com.android.calendar.AllInOneActivity}
02-27 00:04:44.576 3357-3357/? D/Launcher: DynamicIcon doWorkspaceOrFolderIconAnimation be skip
02-27 00:04:44.605 15588-15588/? D/NetworkSecurityConfig: No Network Security Config specified, using platform default
02-27 00:04:44.637 15588-15588/? D/OPPhotos: PhotosLoadReceiver scheduleOrUpdatePlan, Action: android.intent.action.DATE_CHANGED
02-27 00:04:44.637 15588-15588/? D/OPPhotos: scheduleOrUpdatePlan cancel, settings not enable.
02-27 00:04:44.637 15588-15588/? D/OPPhotos: scheduleOrUpdatePlan executePlanB to update daily picture
02-27 00:04:44.637 15588-15588/? D/OPPhotos: job plan 'b' be called.
02-27 00:04:44.638 15588-15588/? D/OPPhotos: Schedule job, start time: 2018-02-28 00:02:35.156
02-27 00:04:44.638 15588-15588/? D/OPPhotos: Schedule job, end time: 2018-02-28 01:00:00.000
02-27 00:04:44.639 15588-4034/? D/OkHttp: --> POST https://open.oneplus.cn/service/router?queryType=1&count=1&timeZoneId=Asia/Shanghai http/1.1
02-27 00:04:44.639 15588-4034/? D/OkHttp: Content-Length: 0
02-27 00:04:44.645 1878-1890/? D/DeviceIdleController: handleMessage(7)
02-27 00:04:44.646 15588-4034/? D/OkHttp: --> END POST (0-byte body)
02-27 00:04:44.667 1878-1898/? E/BatteryStatsService: no controller energy info supplied
02-27 00:04:44.670 15621-15621/? I/OPCalendarAppWidgetProvider: onReceive:android.intent.action.DATE_CHANGED
