02-26 17:46:43.767 1878-1890/? D/DeviceIdleController: handleMessage(8)
02-26 17:46:43.767 1878-1890/? D/DeviceIdleController: Exit: start=+18d3h45m42s615ms now=+18d3h45m47s667ms
02-26 17:46:43.767 1878-1890/? D/DeviceIdleController: stepLightIdleStateLocked: mLightState=6
02-26 17:46:43.767 1878-1890/? D/DeviceIdleController: scheduleLightAlarmLocked(900000)
02-26 17:46:43.768 1878-1890/? D/DeviceIdleController: Moved to LIGHT_STATE_IDLE.
02-26 17:46:43.769 1878-1890/? D/DeviceIdleController: handleMessage(3)
02-26 17:46:43.814 1878-3616/? I/ActivityManager: pid= 1878 st.name = system_server cpuPercent = 13 st.rel_utime =260 st.rel_stime =690
02-26 17:46:43.894 873-998/? I/ThermalEngine: Monitor : quiet_therm = 26, msm_therm = 26, ufs_therm = -40, battery_therm = 194,current_now = 60000 
02-26 17:57:13.292 1878-2461/? V/AlarmManager: Triggering alarm #0: 3 when =1568763900 package=androidoperation =*alarm*:android.intent.action.TIME_TICK
02-26 17:57:13.303 1878-1898/? E/BatteryStatsService: no controller energy info supplied
02-26 17:57:13.337 3623-24952/? D/FileSizeUtil: getAvailableStoragePercentValue totalBytes=56548761600,freeBytes=54670995456,availableStoragePercent=0.9667938591249362
02-26 17:57:13.337 3623-24952/? D/WidgetViewService: availableStorage has no change,availableStorage:97%
02-26 17:57:15.331 1878-1898/? E/BatteryStatsService: no controller energy info supplied
02-26 18:01:16.447 736-736/? I/tftp_server: pid=736 tid=736 tftp-server : INF :[tftp_server.c, 524] rcvd request [1] [84] [1] [0] [14208]
02-26 18:01:16.468 1878-2461/? V/AlarmManager: Triggering alarm #0: 1 when =1519639201000 package=com.oneplus.deskclockoperation =*alarm*:com.android.deskclock.ON_QUARTER_HOUR
02-26 18:01:16.485 736-3624/? I/tftp_server: pid=736 tid=3624 tftp-server : INF :[tftp_server_utils.c, 113] file [readwrite/ota_firewall/ruleset] : [/system/rfs/msm/mpss/readwrite/ota_firewall/ruleset]
02-26 18:01:16.486 736-3624/? I/tftp_server: pid=736 tid=3624 tftp-server : INF :[tftp_server.c, 1044] OACK options : [7680, 200, 10, 4, 0, 0, 0, 0]
02-26 18:01:16.486 736-3624/? I/tftp_server: pid=736 tid=3624 tftp-server : INF :[tftp_os_la.c, 59] open : [-1] [-1] [384] [0] [/system/rfs/msm/mpss/readwrite/ota_firewall/ruleset]
02-26 18:01:16.486 736-3624/? E/tftp_server: pid=736 tid=3624 tftp-server : ERR :[tftp_os_la.c, 65] open failed: [2] [No such file or directory]
02-26 18:01:16.486 736-3624/? E/tftp_server: pid=736 tid=3624 tftp-server : ERR :[tftp_server.c, 1519] open failed : [-2] [Unknown error -2]
02-26 18:01:16.486 736-3624/? E/tftp_server: pid=736 tid=3624 tftp-server : ERR :[tftp_protocol.c, 1146] sending error-pkt. Code = 1, Msg = Err=2 String=No such file or directory
02-26 18:01:16.495 1878-1898/? E/BatteryStatsService: no controller energy info supplied
02-26 18:01:16.499 736-736/? I/tftp_server: pid=736 tid=736 tftp-server : INF :[tftp_server.c, 524] rcvd request [1] [84] [1] [0] [14209]
02-26 18:01:16.501 736-3626/? I/tftp_server: pid=736 tid=3626 tftp-server : INF :[tftp_server_utils.c, 113] file [readwrite/ota_firewall/ruleset] : [/system/rfs/msm/mpss/readwrite/ota_firewall/ruleset]
02-26 18:01:16.501 736-3626/? I/tftp_server: pid=736 tid=3626 tftp-server : INF :[tftp_server.c, 1044] OACK options : [7680, 200, 0, 10, 0, 0, 0, 0]
02-26 18:01:16.501 736-3626/? I/tftp_server: pid=736 tid=3626 tftp-server : INF :[tftp_os_la.c, 59] open : [-1] [-1] [384] [0] [/system/rfs/msm/mpss/readwrite/ota_firewall/ruleset]
02-26 18:01:16.501 736-3626/? E/tftp_server: pid=736 tid=3626 tftp-server : ERR :[tftp_os_la.c, 65] open failed: [2] [No such file or directory]
02-26 18:01:16.501 736-3626/? E/tftp_server: pid=736 tid=3626 tftp-server : ERR :[tftp_server.c, 1519] open failed : [-2] [Unknown error -2]
02-26 18:01:16.501 736-3626/? E/tftp_server: pid=736 tid=3626 tftp-server : ERR :[tftp_protocol.c, 1146] sending error-pkt. Code = 1, Msg = Err=2 String=No such file or directory
02-26 18:01:16.515 1878-1898/? E/BatteryStatsService: no controller energy info supplied
02-26 18:01:44.765 1878-2461/? V/AlarmManager: Triggering alarm #0: 3 when =1569636604 package=androidoperation =*alarm*:com.android.server.action.NETWORK_STATS_POLL
02-26 18:01:44.765 1878-2461/? V/AlarmManager: Triggering alarm #1: 2 when =1569647668 package=androidoperation = null listenTag =DeviceIdleController.light
02-26 18:01:44.776 1878-2578/? D/NetworkStats: performPollLocked(flags=0x3)
02-26 18:01:44.778 1878-1890/? D/DeviceIdleController: stepLightIdleStateLocked: mLightState=4
02-26 18:01:44.780 1878-1890/? D/DeviceIdleController: scheduleLightAlarmLocked(300000)
02-26 18:01:44.785 1878-1890/? D/DeviceIdleController: Moved from LIGHT_STATE_IDLE to LIGHT_STATE_IDLE_MAINTENANCE.
02-26 18:01:44.785 1878-1890/? D/DeviceIdleController: handleMessage(4)
02-26 18:01:44.790 1878-1890/? I/chatty: uid=1000(system) android.bg expire 16 lines
02-26 18:01:44.792 1878-1898/? E/BatteryStatsService: no controller energy info supplied
02-26 18:01:44.805 2812-2824/? D/QtiTetherService/IpaWrapper: getStats(false)
02-26 18:01:44.818 1878-1890/? D/DeviceIdleController: handleMessage(7)
02-26 18:01:44.822 1878-1890/? D/DeviceIdleController: handleMessage(7)
02-26 18:01:44.882 3158-3158/? I/DigitalAppWidgetProvider: onReceive: com.android.deskclock.ON_QUARTER_HOUR
02-26 18:01:44.884 3158-3158/? I/WidgetUtils: getScaleRatio minWidth == 0
02-26 18:01:49.847 1878-1890/? D/DeviceIdleController: handleMessage(8)
02-26 18:01:49.847 1878-1890/? D/DeviceIdleController: Exit: start=+18d4h0m48s681ms now=+18d4h0m53s748ms
02-26 18:01:49.847 1878-1890/? D/DeviceIdleController: stepLightIdleStateLocked: mLightState=6
02-26 18:01:49.847 1878-1890/? D/DeviceIdleController: scheduleLightAlarmLocked(900000)
02-26 18:01:49.848 1878-1890/? D/DeviceIdleController: Moved to LIGHT_STATE_IDLE.
02-26 18:01:49.848 1878-1890/? D/DeviceIdleController: handleMessage(3)
02-26 18:01:49.862 1878-3632/? I/ActivityManager: pid= 1878 st.name = system_server cpuPercent = 18 st.rel_utime =140 st.rel_stime =1520
02-26 18:16:50.036 1878-2461/? V/AlarmManager: Triggering alarm #0: 3 when =1569663900 package=androidoperation =*alarm*:android.intent.action.TIME_TICK
02-26 18:16:50.036 1878-2461/? V/AlarmManager: Triggering alarm #1: 2 when =1570553748 package=androidoperation = null listenTag =DeviceIdleController.light
02-26 18:16:50.036 1878-2461/? V/AlarmManager: Triggering alarm #2: 1 when =1519640101000 package=com.oneplus.deskclockoperation =*alarm*:com.android.deskclock.ON_QUARTER_HOUR
02-26 18:16:50.039 1878-1890/? D/DeviceIdleController: stepLightIdleStateLocked: mLightState=4
02-26 18:16:50.040 1878-1890/? D/DeviceIdleController: scheduleLightAlarmLocked(300000)
02-26 18:16:50.042 3158-3158/? I/DigitalAppWidgetProvider: onReceive: com.android.deskclock.ON_QUARTER_HOUR
02-26 18:16:50.044 1878-1890/? D/DeviceIdleController: Moved from LIGHT_STATE_IDLE to LIGHT_STATE_IDLE_MAINTENANCE.
02-26 18:16:50.051 3158-3158/? I/WidgetUtils: getScaleRatio minWidth == 0
02-26 18:16:50.055 1878-1890/? D/DeviceIdleController: handleMessage(4)
02-26 18:16:50.061 1878-1890/? D/DeviceIdleController: handleMessage(7)
02-26 18:16:50.063 1878-1890/? D/DeviceIdleController: handleMessage(7)
02-26 18:16:55.083 1878-1890/? D/DeviceIdleController: handleMessage(8)
02-26 18:16:55.084 1878-1890/? D/DeviceIdleController: Exit: start=+18d4h15m53s941ms now=+18d4h15m58s984ms
02-26 18:16:55.084 1878-1890/? D/DeviceIdleController: stepLightIdleStateLocked: mLightState=6
02-26 18:16:55.084 1878-1890/? D/DeviceIdleController: scheduleLightAlarmLocked(900000)
02-26 18:16:55.086 1878-1890/? D/DeviceIdleController: Moved to LIGHT_STATE_IDLE.
02-26 18:16:55.086 1878-1890/? D/DeviceIdleController: handleMessage(3)
02-26 18:17:59.472 1878-2461/? V/AlarmManager: Triggering alarm #0: 3 when =1570563901 package=androidoperation =*alarm*:android.intent.action.TIME_TICK
02-26 18:17:59.472 1878-2461/? V/AlarmManager: Triggering alarm #1: 2 when =1570622708 package=androidoperation = null listenTag =DhcpClient.wlan0.RENEW
02-26 18:17:59.488 1878-3457/? I/chatty: uid=1000 system_server expire 5 lines
02-26 18:17:59.493 1878-1898/? E/BatteryStatsService: no controller energy info supplied
02-26 18:17:59.562 1878-3459/? I/chatty: uid=1000 system_server expire 1 line
02-26 18:17:59.565 1878-2584/? D/AvoidBadWifiTracker: force disable bad wifi tracker
02-26 18:17:59.572 1878-2588/? I/Nat464Xlat: Android Xlat enabled is doXlat=true
02-26 18:17:59.577 1029-1029/? E/Parcel: Reading a NULL string not supported here.
02-26 18:17:59.578 1029-1029/? E/Parcel: Reading a NULL string not supported here.
02-26 18:31:55.961 1878-2461/? V/AlarmManager: Triggering alarm #0: 3 when =1570623901 package=androidoperation =*alarm*:android.intent.action.TIME_TICK
02-26 18:31:55.961 1878-2461/? V/AlarmManager: Triggering alarm #1: 3 when =1571436604 package=androidoperation =*alarm*:com.android.server.action.NETWORK_STATS_POLL
02-26 18:31:55.961 1878-2461/? V/AlarmManager: Triggering alarm #2: 2 when =1571458984 package=androidoperation = null listenTag =DeviceIdleController.light
02-26 18:31:55.962 1878-2461/? V/AlarmManager: Triggering alarm #3: 1 when =1519641001000 package=com.oneplus.deskclockoperation =*alarm*:com.android.deskclock.ON_QUARTER_HOUR
02-26 18:31:55.969 1878-2578/? D/NetworkStats: performPollLocked(flags=0x3)
02-26 18:31:55.977 1878-1890/? D/DeviceIdleController: stepLightIdleStateLocked: mLightState=4
02-26 18:31:55.979 1878-1890/? D/DeviceIdleController: scheduleLightAlarmLocked(300000)
02-26 18:31:55.981 1878-1898/? E/BatteryStatsService: no controller energy info supplied
02-26 18:31:55.990 2812-2824/? D/QtiTetherService/IpaWrapper: getStats(false)
02-26 18:31:55.993 1878-2578/? I/chatty: uid=1000(system) NetworkStats expire 10 lines
02-26 18:31:55.995 1878-1890/? D/DeviceIdleController: Moved from LIGHT_STATE_IDLE to LIGHT_STATE_IDLE_MAINTENANCE.
02-26 18:31:56.006 1878-1890/? D/DeviceIdleController: handleMessage(4)
02-26 18:31:56.006 1878-1890/? I/chatty: uid=1000(system) android.bg expire 11 lines
02-26 18:31:56.016 3158-3158/? I/DigitalAppWidgetProvider: onReceive: com.android.deskclock.ON_QUARTER_HOUR
02-26 18:31:56.020 1878-1890/? D/DeviceIdleController: handleMessage(7)
02-26 18:31:56.021 1878-1890/? D/DeviceIdleController: handleMessage(7)
02-26 18:31:56.025 3158-3158/? I/WidgetUtils: getScaleRatio minWidth == 0
02-26 18:31:56.595 1878-1890/? I/UsageStatsService: User[0] Flushing usage stats to disk
02-26 18:32:00.536 895-895/? E/cnss-daemon: Invalid mac address
02-26 18:32:00.576 1878-3663/? I/ActivityManager: pid= 1878 st.name = system_server cpuPercent = 14 st.rel_utime =270 st.rel_stime =540
02-26 18:32:00.968 1878-2461/? V/AlarmManager: Triggering alarm #0: 3 when =1571463900 package=androidoperation =*alarm*:android.intent.action.TIME_TICK
02-26 18:32:01.048 1878-1890/? D/DeviceIdleController: handleMessage(8)
02-26 18:32:01.048 1878-1890/? D/DeviceIdleController: Exit: start=+18d4h30m59s879ms now=+18d4h31m4s949ms
02-26 18:32:01.049 1878-1890/? D/DeviceIdleController: stepLightIdleStateLocked: mLightState=6
02-26 18:32:01.049 1878-1890/? D/DeviceIdleController: scheduleLightAlarmLocked(900000)
02-26 18:32:01.052 1878-1890/? D/DeviceIdleController: Moved to LIGHT_STATE_IDLE.
02-26 18:32:01.055 1878-1890/? D/DeviceIdleController: handleMessage(3)
02-26 18:32:01.060 1878-2580/? I/chatty: uid=1000(system) NetworkPolicy expire 11 lines
02-26 18:47:01.483 1878-2461/? V/AlarmManager: Triggering alarm #0: 2 when =1572364949 package=androidoperation = null listenTag =DeviceIdleController.light
02-26 18:47:01.483 1878-2461/? V/AlarmManager: Triggering alarm #1: 1 when =1519641901000 package=com.oneplus.deskclockoperation =*alarm*:com.android.deskclock.ON_QUARTER_HOUR
02-26 18:47:01.487 1878-1890/? D/DeviceIdleController: stepLightIdleStateLocked: mLightState=4
02-26 18:47:01.490 1878-1890/? D/DeviceIdleController: scheduleLightAlarmLocked(300000)
02-26 18:47:01.490 1878-2580/? E/NetdConnector: NDC Command {4467 firewall enable_chain dozable} took too long (900353ms)
02-26 18:47:01.491 3158-3158/? I/DigitalAppWidgetProvider: onReceive: com.android.deskclock.ON_QUARTER_HOUR
02-26 18:47:01.493 1878-1890/? D/DeviceIdleController: Moved from LIGHT_STATE_IDLE to LIGHT_STATE_IDLE_MAINTENANCE.
02-26 18:47:01.494 1878-1890/? D/DeviceIdleController: handleMessage(4)
02-26 18:47:01.496 3158-3158/? I/WidgetUtils: getScaleRatio minWidth == 0
02-26 18:47:01.506 1878-1898/? E/BatteryStatsService: no controller energy info supplied
02-26 18:47:01.513 1878-1890/? I/chatty: uid=1000(system) android.bg expire 17 lines
02-26 18:47:01.526 1878-1890/? D/DeviceIdleController: handleMessage(7)
02-26 18:47:01.532 1878-1890/? D/DeviceIdleController: handleMessage(7)
02-26 18:47:06.558 1878-1890/? D/DeviceIdleController: handleMessage(8)
02-26 18:47:06.559 1878-1890/? D/DeviceIdleController: Exit: start=+18d4h46m5s390ms now=+18d4h46m10s459ms
02-26 18:47:06.559 1878-1890/? D/DeviceIdleController: stepLightIdleStateLocked: mLightState=6
02-26 18:47:06.559 1878-1890/? D/DeviceIdleController: scheduleLightAlarmLocked(900000)
02-26 18:47:06.562 1878-1890/? D/DeviceIdleController: Moved to LIGHT_STATE_IDLE.
02-26 18:47:06.563 1878-1890/? D/DeviceIdleController: handleMessage(3)
02-26 19:01:16.365 736-736/? I/tftp_server: pid=736 tid=736 tftp-server : INF :[tftp_server.c, 524] rcvd request [1] [84] [1] [0] [14239]
02-26 19:01:16.367 1878-2461/? V/AlarmManager: Triggering alarm #0: 3 when =1572423901 package=androidoperation =*alarm*:android.intent.action.TIME_TICK
02-26 19:01:16.367 1878-2461/? V/AlarmManager: Triggering alarm #1: 1 when =1519642801000 package=com.oneplus.deskclockoperation =*alarm*:com.android.deskclock.ON_QUARTER_HOUR
02-26 19:01:16.374 736-3681/? I/tftp_server: pid=736 tid=3681 tftp-server : INF :[tftp_server_utils.c, 113] file [readwrite/ota_firewall/ruleset] : [/system/rfs/msm/mpss/readwrite/ota_firewall/ruleset]
02-26 19:01:16.374 736-3681/? I/tftp_server: pid=736 tid=3681 tftp-server : INF :[tftp_server.c, 1044] OACK options : [7680, 200, 10, 4, 0, 0, 0, 0]
02-26 19:01:16.374 736-3681/? I/tftp_server: pid=736 tid=3681 tftp-server : INF :[tftp_os_la.c, 59] open : [-1] [-1] [384] [0] [/system/rfs/msm/mpss/readwrite/ota_firewall/ruleset]
02-26 19:01:16.374 736-3681/? E/tftp_server: pid=736 tid=3681 tftp-server : ERR :[tftp_os_la.c, 65] open failed: [2] [No such file or directory]
02-26 19:01:16.374 736-3681/? E/tftp_server: pid=736 tid=3681 tftp-server : ERR :[tftp_server.c, 1519] open failed : [-2] [Unknown error -2]
02-26 19:01:16.375 736-3681/? E/tftp_server: pid=736 tid=3681 tftp-server : ERR :[tftp_protocol.c, 1146] sending error-pkt. Code = 1, Msg = Err=2 String=No such file or directory
02-26 19:01:16.377 1878-1898/? E/BatteryStatsService: no controller energy info supplied
02-26 19:01:16.377 736-736/? I/tftp_server: pid=736 tid=736 tftp-server : INF :[tftp_server.c, 524] rcvd request [1] [84] [1] [0] [14240]
02-26 19:01:16.377 736-3682/? I/tftp_server: pid=736 tid=3682 tftp-server : INF :[tftp_server_utils.c, 113] file [readwrite/ota_firewall/ruleset] : [/system/rfs/msm/mpss/readwrite/ota_firewall/ruleset]
02-26 19:01:16.377 736-3682/? I/tftp_server: pid=736 tid=3682 tftp-server : INF :[tftp_server.c, 1044] OACK options : [7680, 200, 0, 10, 0, 0, 0, 0]
02-26 19:01:16.377 736-3682/? I/tftp_server: pid=736 tid=3682 tftp-server : INF :[tftp_os_la.c, 59] open : [-1] [-1] [384] [0] [/system/rfs/msm/mpss/readwrite/ota_firewall/ruleset]
02-26 19:01:16.377 736-3682/? E/tftp_server: pid=736 tid=3682 tftp-server : ERR :[tftp_os_la.c, 65] open failed: [2] [No such file or directory]
02-26 19:01:16.377 736-3682/? E/tftp_server: pid=736 tid=3682 tftp-server : ERR :[tftp_server.c, 1519] open failed : [-2] [Unknown error -2]
02-26 19:01:16.378 736-3682/? E/tftp_server: pid=736 tid=3682 tftp-server : ERR :[tftp_protocol.c, 1146] sending error-pkt. Code = 1, Msg = Err=2 String=No such file or directory
02-26 19:01:16.633 1878-1898/? E/BatteryStatsService: no controller energy info supplied
02-26 19:08:18.713 1878-2461/? V/AlarmManager: Triggering alarm #0: 3 when =1573236604 package=androidoperation =*alarm*:com.android.server.action.NETWORK_STATS_POLL
02-26 19:08:18.714 1878-2461/? V/AlarmManager: Triggering alarm #1: 2 when =1573270460 package=androidoperation = null listenTag =DeviceIdleController.light
02-26 19:08:18.714 1878-2461/? V/AlarmManager: Triggering alarm #2: 2 when =1573535131 package=androidoperation = null listenTag =WifiConnectivityManager Schedule Watchdog Timer
02-26 19:08:18.714 1878-2461/? V/AlarmManager: Triggering alarm #3: 2 when =1573641702 package=androidoperation = null listenTag =*job.delay*
02-26 19:08:18.714 1878-2461/? V/AlarmManager: Triggering alarm #4: 3 when =1572575456 package=net.oneplus.weatheroperation =*alarm*:net.oneplus.weather.receiver.BootReceiver.ACTION_ALARM
02-26 19:08:18.724 1878-2578/? D/NetworkStats: performPollLocked(flags=0x3)
02-26 19:08:18.733 1878-1890/? D/DeviceIdleController: stepLightIdleStateLocked: mLightState=4
02-26 19:08:18.734 1878-1890/? D/DeviceIdleController: scheduleLightAlarmLocked(300000)
02-26 19:08:18.746 1878-1898/? E/BatteryStatsService: no controller energy info supplied
02-26 19:08:18.747 1878-1890/? D/DeviceIdleController: Moved from LIGHT_STATE_IDLE to LIGHT_STATE_IDLE_MAINTENANCE.
02-26 19:08:18.755 2812-3796/? D/QtiTetherService/IpaWrapper: getStats(false)
02-26 19:08:18.780 1878-1890/? D/DeviceIdleController: handleMessage(4)
02-26 19:08:18.798 1878-1890/? D/DeviceIdleController: handleMessage(7)
02-26 19:08:18.815 3158-3158/? I/DigitalAppWidgetProvider: onReceive: com.android.deskclock.ON_QUARTER_HOUR
02-26 19:08:18.817 3158-3158/? I/WidgetUtils: getScaleRatio minWidth == 0
02-26 19:08:18.828 4808-4808/? V/LogParserJobService: Start
02-26 19:08:18.844 4808-3689/? V/LogParserJobService: mdm: ring buffer is 3Mb (0b consumed), max entry is 5120b, max payload is 4068b
02-26 19:08:18.845 4808-3689/? V/LogParserJobService: start getMDMLog
02-26 19:08:18.867 4808-3689/? V/LogParserJobService: end getMDMLog:22
02-26 19:08:18.868 4808-3689/? V/LogParserJobService: mdmLogFile exists
02-26 19:08:18.868 4808-3703/? V/LogParserJobService: Parse file
02-26 19:08:18.869 4808-3703/? V/LogParserJobService: Add Event:0
02-26 19:08:18.869 4808-3703/? V/LogParserJobService: mdm log file delete
02-26 19:08:18.870 4808-3686/? V/LogParserJobService: Finish service
02-26 19:08:18.871 4808-3689/? V/LogParserJobService: no task, close service
02-26 19:08:18.873 4808-3686/? V/LogParserJobService: Finish service
02-26 19:08:18.888 25011-25011/? D/JobSchedulerService: JobService task running
02-26 19:08:18.893 1878-1890/? D/DeviceIdleController: handleMessage(7)
02-26 19:08:22.087 1878-3705/? I/ActivityManager: pid= 1878 st.name = system_server cpuPercent = 15 st.rel_utime =200 st.rel_stime =630
02-26 19:08:23.842 1878-1890/? D/DeviceIdleController: handleMessage(8)
02-26 19:08:23.843 1878-1890/? D/DeviceIdleController: Exit: start=+18d5h7m22s634ms now=+18d5h7m27s743ms
02-26 19:08:23.843 1878-1890/? D/DeviceIdleController: stepLightIdleStateLocked: mLightState=6
02-26 19:08:23.843 1878-1890/? D/DeviceIdleController: scheduleLightAlarmLocked(900000)
02-26 19:08:23.848 1878-1890/? D/DeviceIdleController: Moved to LIGHT_STATE_IDLE.
02-26 19:08:23.850 1878-1890/? D/DeviceIdleController: handleMessage(3)
02-26 19:31:33.271 1878-2461/? V/AlarmManager: Triggering alarm #0: 3 when =1573683900 package=androidoperation =*alarm*:android.intent.action.TIME_TICK
02-26 19:31:33.271 1878-2461/? V/AlarmManager: Triggering alarm #1: 2 when =1574547744 package=androidoperation = null listenTag =DeviceIdleController.light
02-26 19:31:33.271 1878-2461/? V/AlarmManager: Triggering alarm #2: 3 when =1575036604 package=androidoperation =*alarm*:com.android.server.action.NETWORK_STATS_POLL
02-26 19:31:33.271 1878-2461/? V/AlarmManager: Triggering alarm #3: 1 when =1519643701000 package=com.oneplus.deskclockoperation =*alarm*:com.android.deskclock.ON_QUARTER_HOUR
02-26 19:31:33.273 1878-1890/? D/DeviceIdleController: stepLightIdleStateLocked: mLightState=4
02-26 19:31:33.277 1878-2578/? D/NetworkStats: performPollLocked(flags=0x3)
02-26 19:31:33.277 1878-1890/? D/DeviceIdleController: scheduleLightAlarmLocked(300000)
02-26 19:31:33.278 1878-1890/? D/DeviceIdleController: Moved from LIGHT_STATE_IDLE to LIGHT_STATE_IDLE_MAINTENANCE.
02-26 19:31:33.279 1878-1890/? D/DeviceIdleController: handleMessage(4)
02-26 19:31:33.289 2812-2823/? D/QtiTetherService/IpaWrapper: getStats(false)
02-26 19:31:33.290 1878-1890/? D/DeviceIdleController: handleMessage(7)
02-26 19:31:33.295 1878-1890/? D/DeviceIdleController: handleMessage(7)
02-26 19:31:33.373 3158-3158/? I/DigitalAppWidgetProvider: onReceive: com.android.deskclock.ON_QUARTER_HOUR
02-26 19:31:33.376 3158-3158/? I/WidgetUtils: getScaleRatio minWidth == 0
02-26 19:31:38.297 1878-1890/? D/DeviceIdleController: handleMessage(8)
02-26 19:31:38.297 1878-1890/? D/DeviceIdleController: Exit: start=+18d5h30m37s177ms now=+18d5h30m42s198ms
02-26 19:31:38.298 1878-1890/? D/DeviceIdleController: stepLightIdleStateLocked: mLightState=6
02-26 19:31:38.298 1878-1890/? D/DeviceIdleController: scheduleLightAlarmLocked(900000)
02-26 19:31:38.302 1878-1890/? D/DeviceIdleController: Moved to LIGHT_STATE_IDLE.
02-26 19:31:38.304 1878-1890/? D/DeviceIdleController: handleMessage(3)
02-26 19:31:38.306 1878-1890/? I/chatty: uid=1000(system) android.bg expire 12 lines
02-26 19:46:38.741 1878-2461/? V/AlarmManager: Triggering alarm #0: 3 when =1575063900 package=androidoperation =*alarm*:android.intent.action.TIME_TICK
02-26 19:46:38.741 1878-2461/? V/AlarmManager: Triggering alarm #1: 2 when =1575942198 package=androidoperation = null listenTag =DeviceIdleController.light
02-26 19:46:38.741 1878-2461/? V/AlarmManager: Triggering alarm #2: 1 when =1519645501000 package=com.oneplus.deskclockoperation =*alarm*:com.android.deskclock.ON_QUARTER_HOUR
02-26 19:46:38.749 3158-3158/? I/DigitalAppWidgetProvider: onReceive: com.android.deskclock.ON_QUARTER_HOUR
02-26 19:46:38.749 1878-1890/? D/DeviceIdleController: stepLightIdleStateLocked: mLightState=4
02-26 19:46:38.750 1878-1890/? D/DeviceIdleController: scheduleLightAlarmLocked(300000)
02-26 19:46:38.752 1878-2580/? E/NetdConnector: NDC Command {4477 firewall enable_chain dozable} took too long (900351ms)
02-26 19:46:38.754 1878-1890/? D/DeviceIdleController: Moved from LIGHT_STATE_IDLE to LIGHT_STATE_IDLE_MAINTENANCE.
02-26 19:46:38.754 1878-1890/? D/DeviceIdleController: handleMessage(4)
02-26 19:46:38.754 3158-3158/? I/WidgetUtils: getScaleRatio minWidth == 0
02-26 19:46:38.778 1878-1890/? D/DeviceIdleController: handleMessage(7)
02-26 19:46:38.782 1878-1890/? D/DeviceIdleController: handleMessage(7)
02-26 19:46:39.753 1878-1898/? E/BatteryStatsService: no controller energy info supplied
02-26 19:46:39.753 1878-1898/? E/BatteryStatsService: no controller energy info supplied
02-26 19:46:39.765 1878-1878/? I/DeviceIdleController: updateChargingLocked: charging=false
02-26 19:46:39.767 3623-3623/? D/WidgetViewService: ------BatteryReceiver------power=9
02-26 19:46:39.768 14364-14364/? D/BatteryWatcher: BatteryWatcher--BatteryIsLow:true BatteryPercent:9
02-26 19:46:39.768 14364-14364/? D/AbstractProcessor: onBatteryChange Percent:9 State:3 
02-26 19:46:39.772 2825-2825/? E/QtiImsExtUtils: getConfigForPhoneId subId is invalid
02-26 19:46:39.772 2825-2825/? E/QtiImsExtUtils: isCarrierConfigEnabled bundle is null
02-26 19:46:39.773 2825-2825/? D/VideoCall_LowBattery: disconnectVideoCalls on low battery
02-26 19:46:39.773 2825-2825/? D/VideoCall_LowBattery: disconnectVideoCalls 
02-26 19:46:39.775 2713-2713/? D/KeyguardIndication: onRefreshBatteryInfo: plugged:false, charged:false, level:9, speed:-1, last speed:-1, visible:true
02-26 19:46:39.780 2713-2713/? I/BatteryController:  fireBatteryLevelChanged mLevel:9 PluggedIn:false Charging:false Fastcharge:false show:false style:0
02-26 19:46:39.802 2713-2713/? D/PhoneStatusBar: updateMediaMetaData: hasArtwork = true, 1, true, true, 0, false, false, false, 0, false
02-26 19:46:39.802 2713-2713/? D/StatusBarWindowManager: applyFocusableFlag: true, true, true, 81860040
02-26 19:46:40.784 3623-3623/? D/WidgetViewService: --------updateRemoteViews widgetDataItems={1=WidgetData [type=1, value=97, units=%], 0=WidgetData [type=0, value=-, units=], 2=WidgetData [type=2, value=9, units=%]},widgets.length:1
02-26 19:46:43.808 1878-1890/? D/DeviceIdleController: handleMessage(8)
02-26 19:46:43.809 1878-1890/? D/DeviceIdleController: Exit: start=+18d5h45m42s650ms now=+18d5h45m47s709ms
02-26 19:46:43.809 1878-1890/? D/DeviceIdleController: stepLightIdleStateLocked: mLightState=6
02-26 19:46:43.809 1878-1890/? D/DeviceIdleController: scheduleLightAlarmLocked(900000)
02-26 19:46:43.813 1878-1890/? D/DeviceIdleController: Moved to LIGHT_STATE_IDLE.
02-26 19:46:43.814 1878-1890/? D/DeviceIdleController: handleMessage(3)
02-26 20:01:17.069 736-736/? I/tftp_server: pid=736 tid=736 tftp-server : INF :[tftp_server.c, 524] rcvd request [1] [84] [1] [0] [14271]
02-26 20:01:17.078 1878-2461/? V/AlarmManager: Triggering alarm #0: 3 when =1575963900 package=androidoperation =*alarm*:android.intent.action.TIME_TICK
02-26 20:01:17.078 1878-2461/? V/AlarmManager: Triggering alarm #1: 1 when =1519646401000 package=com.oneplus.deskclockoperation =*alarm*:com.android.deskclock.ON_QUARTER_HOUR
02-26 20:01:17.087 736-3738/? I/tftp_server: pid=736 tid=3738 tftp-server : INF :[tftp_server_utils.c, 113] file [readwrite/ota_firewall/ruleset] : [/system/rfs/msm/mpss/readwrite/ota_firewall/ruleset]
02-26 20:01:17.088 736-3738/? I/tftp_server: pid=736 tid=3738 tftp-server : INF :[tftp_server.c, 1044] OACK options : [7680, 200, 10, 4, 0, 0, 0, 0]
02-26 20:01:17.088 736-3738/? I/tftp_server: pid=736 tid=3738 tftp-server : INF :[tftp_os_la.c, 59] open : [-1] [-1] [384] [0] [/system/rfs/msm/mpss/readwrite/ota_firewall/ruleset]
02-26 20:01:17.088 736-3738/? E/tftp_server: pid=736 tid=3738 tftp-server : ERR :[tftp_os_la.c, 65] open failed: [2] [No such file or directory]
02-26 20:01:17.088 736-3738/? E/tftp_server: pid=736 tid=3738 tftp-server : ERR :[tftp_server.c, 1519] open failed : [-2] [Unknown error -2]
02-26 20:01:17.088 736-3738/? E/tftp_server: pid=736 tid=3738 tftp-server : ERR :[tftp_protocol.c, 1146] sending error-pkt. Code = 1, Msg = Err=2 String=No such file or directory
02-26 20:01:17.090 736-736/? I/tftp_server: pid=736 tid=736 tftp-server : INF :[tftp_server.c, 524] rcvd request [1] [84] [1] [0] [14272]
02-26 20:01:17.091 736-3739/? I/tftp_server: pid=736 tid=3739 tftp-server : INF :[tftp_server_utils.c, 113] file [readwrite/ota_firewall/ruleset] : [/system/rfs/msm/mpss/readwrite/ota_firewall/ruleset]
02-26 20:01:17.091 736-3739/? I/tftp_server: pid=736 tid=3739 tftp-server : INF :[tftp_server.c, 1044] OACK options : [7680, 200, 0, 10, 0, 0, 0, 0]
02-26 20:01:17.091 736-3739/? I/tftp_server: pid=736 tid=3739 tftp-server : INF :[tftp_os_la.c, 59] open : [-1] [-1] [384] [0] [/system/rfs/msm/mpss/readwrite/ota_firewall/ruleset]
02-26 20:01:17.091 736-3739/? E/tftp_server: pid=736 tid=3739 tftp-server : ERR :[tftp_os_la.c, 65] open failed: [2] [No such file or directory]
02-26 20:01:17.092 736-3739/? E/tftp_server: pid=736 tid=3739 tftp-server : ERR :[tftp_server.c, 1519] open failed : [-2] [Unknown error -2]
02-26 20:01:17.092 736-3739/? E/tftp_server: pid=736 tid=3739 tftp-server : ERR :[tftp_protocol.c, 1146] sending error-pkt. Code = 1, Msg = Err=2 String=No such file or directory
02-26 20:02:15.424 1878-2461/? V/AlarmManager: Triggering alarm #0: 3 when =1576836604 package=androidoperation =*alarm*:com.android.server.action.NETWORK_STATS_POLL
02-26 20:02:15.424 1878-2461/? V/AlarmManager: Triggering alarm #1: 2 when =1576847710 package=androidoperation = null listenTag =DeviceIdleController.light
02-26 20:02:15.424 1878-2461/? V/AlarmManager: Triggering alarm #2: 2 when =1576878586 package=net.oneplus.odmoperation =*walarm*:intent_local_schedule
02-26 20:02:15.432 1878-2578/? D/NetworkStats: performPollLocked(flags=0x3)
02-26 20:02:15.434 1878-1890/? D/DeviceIdleController: stepLightIdleStateLocked: mLightState=4
02-26 20:02:15.435 1878-1890/? D/DeviceIdleController: scheduleLightAlarmLocked(300000)
02-26 20:02:15.452 2812-2823/? D/QtiTetherService/IpaWrapper: getStats(false)
02-26 20:02:15.455 1878-1890/? D/DeviceIdleController: Moved from LIGHT_STATE_IDLE to LIGHT_STATE_IDLE_MAINTENANCE.
02-26 20:02:15.455 1878-1890/? D/DeviceIdleController: handleMessage(4)
02-26 20:02:15.455 1878-1890/? I/chatty: uid=1000(system) android.bg expire 11 lines
02-26 20:02:15.464 4808-4808/? I/LocationProvider: startLocation
02-26 20:02:15.467 1878-1890/? D/DeviceIdleController: handleMessage(7)
02-26 20:02:15.469 1878-1890/? D/DeviceIdleController: handleMessage(7)
02-26 20:02:15.472 4808-4808/? W/ContextImpl: Calling a method in the system process without a qualified user: android.app.ContextImpl.bindService:1438 android.content.ContextWrapper.bindService:637 com.loc.aA.qA:-1 com.loc.aA.<init>:-1 java.lang.reflect.Constructor.newInstance0:-2 
02-26 20:02:15.474 1878-3135/? W/ActivityManager: Unable to start service Intent { cmp=net.oneplus.odm/com.amap.api.location.g (has extras) } U=0: not found
02-26 20:02:15.476 4808-4808/? V/LocationProvider: use Hight_Accuracy
02-26 20:02:15.477 4808-4808/? D/LocationManager: requestLocationUpdates listener=com.loc.bM@f91f2b0 packageName= net.oneplus.odm
02-26 20:02:15.478 1878-3294/? I/chatty: uid=1000(system) Binder:1878_C expire 2 lines
02-26 20:02:15.481 1878-2789/? I/chatty: uid=1000(system) LocationThread expire 2 lines
02-26 20:02:15.483 3158-3158/? I/DigitalAppWidgetProvider: onReceive: com.android.deskclock.ON_QUARTER_HOUR
02-26 20:02:15.486 3158-3158/? I/WidgetUtils: getScaleRatio minWidth == 0
02-26 20:02:15.489 1878-2792/? I/chatty: uid=1000(system) FLP Service Cal expire 6 lines
02-26 20:02:15.489 3304-3319/? D/amsnlp: request mUserAgree true
02-26 20:02:15.489 3304-3319/? I/amsnlp: onSetRequest nlp used by: []
02-26 20:02:15.490 3304-3319/? I/amsnlp: onSetRequest: ProviderRequestUnbundled, reportLocation is true and interval is 3500
02-26 20:02:15.492 3304-3304/? I/amsnlp: in Handler: ProviderRequestUnbundled, reportLocation is true and interval is 20000
02-26 20:02:15.492 3304-3304/? I/amsmgrnlp: [1.9.2.17-1-2-l6a2g2p0f0v0ofalse(r)]add listener by key:amsnlp time:20
02-26 20:02:15.492 3304-3304/? I/amsst: adding listener com.amap.android.ams.k.f$1@74d5057 with period 20 and trigger true
02-26 20:02:15.492 3304-3304/? I/amsl: adll
02-26 20:02:15.493 3304-3304/? I/amsst: period: 20 enabled: true
02-26 20:02:15.493 3304-3304/? I/amsro: p=20, t=true
02-26 20:02:15.493 3304-3455/? I/amsnl: p=20, t=true
02-26 20:02:15.493 3304-3455/? I/amsnl: t:false, fl: true, p: 20000, ce: true, we: true
02-26 20:02:15.494 1878-1898/? E/BatteryStatsService: no controller energy info supplied
02-26 20:02:15.513 3304-3455/? I/amsnl: m1: false
02-26 20:02:15.514 3304-3455/? I/amsnl: rl
02-26 20:02:15.514 3304-3455/? I/amsnl: c: false, w: false, t: true, l: false
02-26 20:02:15.514 3304-3455/? I/amsnl: crs
02-26 20:02:15.514 3304-3455/? I/amsnl: wrs
02-26 20:02:15.515 3304-3455/? I/amsnl: qg
02-26 20:02:15.515 3304-3455/? I/amsnl: gc
02-26 20:02:15.518 1878-2781/? I/chatty: uid=1000(system) Thread-7 expire 4 lines
02-26 20:02:15.530 3304-3455/? I/amsnl: gw
02-26 20:02:15.539 3304-3455/? I/amsnl: size: 73
02-26 20:02:15.546 3304-3455/? I/amsnl: wa: 10477
02-26 20:02:15.548 3304-3455/? E/amsnlp: error -2
02-26 20:02:15.558 3304-3455/? I/amsnl: csr
02-26 20:02:15.558 3304-3455/? I/amsnl: t:false, fl: false, p: 20000, ce: true, we: true
02-26 20:02:15.560 3304-3455/? I/amsnl: m1: false
02-26 20:02:15.560 3304-3455/? I/amsnl: c: false, w: false, t: false, l: false
02-26 20:02:17.103 1021-2782/? I/LOWI-8.1.1.0.g: [LOWI-Scan] lowi_close_record:Scan completed in 1576844193ms and Recieved 41 APs scan results
02-26 20:02:17.180 1878-2583/? I/chatty: uid=1000(system) WifiStateMachin expire 6 lines
02-26 20:02:17.182 3304-3455/? I/amsnl: wsr
02-26 20:02:17.187 3304-3455/? I/amsnl: t:false, fl: false, p: 20000, ce: true, we: true
02-26 20:02:17.189 3304-3455/? I/amsnl: m1: false
02-26 20:02:17.189 3304-3455/? I/amsnl: c: false, w: true, t: false, l: false
02-26 20:02:17.189 3304-3455/? I/amsnl: qg
02-26 20:02:17.196 3304-3455/? I/amsc: same acc
02-26 20:02:17.197 3304-3455/? I/amsc: gt2
02-26 20:02:17.197 3304-3455/? I/amsc: found: wx4g6ev, 1519614632116
02-26 20:02:17.213 3304-3455/? I/amsnlp: isConnected, isIdle: false isIgnoreBatOpt: false
02-26 20:02:17.217 3304-3455/? E/amsnlp: error -3
02-26 20:02:17.263 1878-1887/? I/chatty: uid=1000(system) HeapTaskDaemon expire 1 line
02-26 20:02:17.299 1878-2802/? I/chatty: uid=1000(system) FLP Service Cal expire 1 line
02-26 20:02:17.516 4808-4808/? E/LocationProvider: error, code: 10, msg: 
02-26 20:02:17.516 4808-4808/? D/LocationManager: removeUpdates listener=com.loc.bM@f91f2b0 packageName=  net.oneplus.odm
02-26 20:02:17.518 1878-14000/? I/chatty: uid=1000(system) Binder:1878_1A expire 2 lines
02-26 20:02:17.526 3304-6099/? D/amsnlp: request mUserAgree true
02-26 20:02:17.527 3304-6099/? I/amsnlp: onSetRequest nlp used by: []
02-26 20:02:17.527 3304-6099/? I/amsnlp: onSetRequest: ProviderRequestUnbundled, reportLocation is false and interval is 9223372036854775807
02-26 20:02:17.528 3304-3304/? I/amsnlp: in Handler: ProviderRequestUnbundled, reportLocation is false and interval is 86400000
02-26 20:02:17.529 3304-3304/? I/amsmgrnlp: [1.9.2.17-1-2-l6a2g2p0f0v0ofalse(r)]add listener by key:amsnlp time:86400
02-26 20:02:17.530 3304-3304/? I/amsst: adding listener com.amap.android.ams.k.f$1@74d5057 with period 86400 and trigger true
02-26 20:02:17.532 3304-3304/? I/amsl: adll
02-26 20:02:17.533 3304-3304/? I/amsst: period: 86400 enabled: true
02-26 20:02:17.533 3304-3304/? I/amsro: p=86400, t=true
02-26 20:02:17.535 3304-3455/? I/amsnl: p=86400, t=true
02-26 20:02:17.536 3304-3455/? I/amsnl: t:false, fl: false, p: 86400000, ce: true, we: true
02-26 20:02:17.542 3304-3455/? I/amsnl: m1: false
02-26 20:02:17.543 3304-3455/? I/amsnl: c: false, w: true, t: false, l: false
02-26 20:02:20.475 1878-1890/? D/DeviceIdleController: handleMessage(8)
02-26 20:02:20.475 1878-1890/? D/DeviceIdleController: Exit: start=+18d6h1m19s335ms now=+18d6h1m24s375ms
02-26 20:02:20.475 1878-1890/? D/DeviceIdleController: stepLightIdleStateLocked: mLightState=6
02-26 20:02:20.475 1878-1890/? D/DeviceIdleController: scheduleLightAlarmLocked(900000)
02-26 20:02:20.476 1878-1890/? D/DeviceIdleController: Moved to LIGHT_STATE_IDLE.
02-26 20:02:20.477 1878-1890/? D/DeviceIdleController: handleMessage(3)
02-26 20:02:20.478 1878-2580/? I/chatty: uid=1000(system) NetworkPolicy expire 2 lines
02-26 20:02:20.523 1878-3761/? I/ActivityManager: pid= 1878 st.name = system_server cpuPercent = 14 st.rel_utime =350 st.rel_stime =460
02-26 20:03:48.855 735-735/? I/rmt_storage: rmt_storage_connect_cb: clnt_h=0xbf conn_h=0x7f94c2a000
02-26 20:03:48.856 735-735/? I/rmt_storage: rmt_storage_rw_iovec_cb: /boot/modem_fs2: req_h=0xbf msg_id=3: R/W request received
02-26 20:03:48.856 735-735/? I/rmt_storage: wakelock acquired: 1, error no: 42
02-26 20:03:48.856 735-1266/? I/rmt_storage: rmt_storage_client_thread: /boot/modem_fs2: Unblock worker thread (th_id: 547954357328)
02-26 20:03:48.862 1878-2461/? V/AlarmManager: Triggering alarm #0: 3 when =1576923901 package=androidoperation =*alarm*:android.intent.action.TIME_TICK
02-26 20:03:48.862 1878-2461/? V/AlarmManager: Triggering alarm #1: 3 when =1576899393 package=com.amap.android.amsoperation =*alarm*:com.amap.android.ams.nlp.ALARM_WAKEUP_LOCATOR
02-26 20:03:48.872 1878-1898/? E/BatteryStatsService: no controller energy info supplied
02-26 20:03:48.901 735-1266/? I/rmt_storage: rmt_storage_client_thread: /boot/modem_fs2: req_h=0xbf msg_id=3: Bytes written = 2097152
02-26 20:03:48.901 735-1266/? I/rmt_storage: rmt_storage_client_thread: /boot/modem_fs2: req_h=0xbf msg_id=3: Send response: res=0 err=0
02-26 20:03:48.901 735-1266/? I/rmt_storage: rmt_storage_client_thread: /boot/modem_fs2: About to block rmt_storage client thread (th_id: 547954357328) wakelock released: 1, error no: 0
02-26 20:03:48.901 735-735/? I/rmt_storage: rmt_storage_disconnect_cb: clnt_h=0xbf conn_h=0x7f94c2a000
02-26 20:03:49.011 1878-2800/? I/chatty: uid=1000(system) LocTime expire 2 lines
02-26 20:17:21.159 1878-2461/? V/AlarmManager: Triggering alarm #0: 2 when =1577784376 package=androidoperation = null listenTag =DeviceIdleController.light
02-26 20:17:21.159 1878-2461/? V/AlarmManager: Triggering alarm #1: 1 when =1519647301000 package=com.oneplus.deskclockoperation =*alarm*:com.android.deskclock.ON_QUARTER_HOUR
02-26 20:17:21.163 1878-1890/? D/DeviceIdleController: stepLightIdleStateLocked: mLightState=4
02-26 20:17:21.164 1878-1890/? D/DeviceIdleController: scheduleLightAlarmLocked(300000)
02-26 20:17:21.188 3304-3455/? I/amsnl: ar
02-26 20:17:21.189 3304-3455/? I/amsnl: t:false, fl: false, p: 86400000, ce: true, we: true
02-26 20:17:21.190 1878-1898/? E/BatteryStatsService: no controller energy info supplied
02-26 20:17:21.193 3304-3455/? I/amsnl: m1: false
02-26 20:17:21.193 3304-3455/? I/amsnl: c: false, w: false, t: true, l: false
02-26 20:17:21.194 3304-3455/? I/amsnl: crs
02-26 20:17:21.194 3304-3455/? I/amsnl: wrs
02-26 20:17:21.227 3158-3158/? I/DigitalAppWidgetProvider: onReceive: com.android.deskclock.ON_QUARTER_HOUR
02-26 20:17:21.228 1878-1890/? D/DeviceIdleController: Moved from LIGHT_STATE_IDLE to LIGHT_STATE_IDLE_MAINTENANCE.
02-26 20:17:21.228 1878-1892/? D/DeviceIdleController: Adding AppId 10009 to temp whitelist. New entry: true
02-26 20:17:21.228 1878-1890/? D/DeviceIdleController: handleMessage(4)
02-26 20:17:21.228 1878-1892/? D/DeviceIdleController: postTempActiveTimeoutMessage: uid=10009, delay=10000
02-26 20:17:21.228 1878-1892/? D/DeviceIdleController: Setting wakelock temp whitelist to [10009]
02-26 20:17:21.238 3158-3158/? I/WidgetUtils: getScaleRatio minWidth == 0
02-26 20:17:21.250 1878-1890/? I/chatty: uid=1000(system) android.bg expire 13 lines
02-26 20:17:21.267 3304-3455/? I/amsnl: csr
02-26 20:17:21.267 3304-3455/? I/amsnl: t:false, fl: false, p: 86400000, ce: true, we: true
02-26 20:17:21.268 3304-3455/? I/amsnl: m1: false
02-26 20:17:21.269 3304-3455/? I/amsnl: c: false, w: false, t: false, l: false
02-26 20:17:21.293 3623-24952/? D/FileSizeUtil: getAvailableStoragePercentValue totalBytes=56548761600,freeBytes=54670987264,availableStoragePercent=0.9667937142588106
02-26 20:17:21.293 3623-24952/? D/WidgetViewService: availableStorage has no change,availableStorage:97%
02-26 20:17:21.366 1878-1890/? D/DeviceIdleController: handleMessage(7)
02-26 20:17:21.370 1878-1890/? D/DeviceIdleController: handleMessage(7)
02-26 20:17:22.854 1021-2782/? I/LOWI-8.1.1.0.g: [LOWI-Scan] lowi_close_record:Scan completed in 1577749945ms and Recieved 54 APs scan results
02-26 20:17:22.947 3304-3455/? I/amsnl: wsr
02-26 20:17:22.955 3304-3455/? I/amsnl: t:false, fl: false, p: 86400000, ce: true, we: true
02-26 20:17:22.956 1878-2647/? D/ConnectivityService: Returning unblocked NetworkInfo to uid=10009
02-26 20:17:22.958 3304-3455/? I/amsnl: m1: false
02-26 20:17:22.960 3304-3455/? I/amsnl: m2: false, m3: false
02-26 20:17:22.960 3304-3455/? I/amsnl: rl
02-26 20:17:22.960 3304-3455/? I/amsnl: c: false, w: true, t: false, l: false
02-26 20:17:22.960 3304-3455/? I/amsnl: qg
02-26 20:17:22.973 3304-3455/? I/amsc: same acc
02-26 20:17:22.974 3304-3455/? I/amsc: gt2
02-26 20:17:22.975 3304-3455/? I/amsc: found: wx4g6ev, 1519614632116
02-26 20:17:26.253 1878-3798/? I/ActivityManager: pid= 1878 st.name = system_server cpuPercent = 13 st.rel_utime =280 st.rel_stime =600
02-26 20:17:26.398 1878-1890/? D/DeviceIdleController: handleMessage(8)
02-26 20:17:26.399 1878-1890/? D/DeviceIdleController: Exit: start=+18d6h16m25s65ms now=+18d6h16m30s299ms
02-26 20:17:26.399 1878-1890/? D/DeviceIdleController: stepLightIdleStateLocked: mLightState=6
02-26 20:17:26.399 1878-1890/? D/DeviceIdleController: scheduleLightAlarmLocked(900000)
02-26 20:17:26.403 1878-1890/? D/DeviceIdleController: Moved to LIGHT_STATE_IDLE.
02-26 20:17:26.405 1878-1890/? D/DeviceIdleController: handleMessage(3)
02-26 20:17:59.775 1878-2461/? V/AlarmManager: Triggering alarm #0: 2 when =1577823465 package=androidoperation = null listenTag =DhcpClient.wlan0.RENEW
02-26 20:17:59.783 1878-3457/? I/chatty: uid=1000 system_server expire 10 lines
02-26 20:17:59.786 1878-1898/? E/BatteryStatsService: no controller energy info supplied
02-26 20:17:59.800 1878-1898/? E/BatteryStatsService: no controller energy info supplied
02-26 20:17:59.857 1878-3459/? I/chatty: uid=1000 system_server expire 8 lines
02-26 20:17:59.859 1878-2584/? D/AvoidBadWifiTracker: force disable bad wifi tracker
02-26 20:17:59.862 1878-2583/? I/chatty: uid=1000(system) WifiStateMachin expire 12 lines
02-26 20:17:59.867 1878-2588/? I/Nat464Xlat: Android Xlat enabled is doXlat=true
02-26 20:17:59.871 1029-1029/? E/Parcel: Reading a NULL string not supported here.
02-26 20:17:59.871 1029-1029/? E/Parcel: Reading a NULL string not supported here.
02-26 20:18:00.049 1878-2461/? V/AlarmManager: Triggering alarm #0: 3 when =1577823901 package=androidoperation =*alarm*:android.intent.action.TIME_TICK
02-26 20:32:27.425 1878-2461/? V/AlarmManager: Triggering alarm #0: 3 when =1578636604 package=androidoperation =*alarm*:com.android.server.action.NETWORK_STATS_POLL
02-26 20:32:27.425 1878-2461/? V/AlarmManager: Triggering alarm #1: 2 when =1578690300 package=androidoperation = null listenTag =DeviceIdleController.light
02-26 20:32:27.425 1878-2461/? V/AlarmManager: Triggering alarm #2: 1 when =1519648201000 package=com.oneplus.deskclockoperation =*alarm*:com.android.deskclock.ON_QUARTER_HOUR
02-26 20:32:27.427 1878-1898/? E/BatteryStatsService: no controller energy info supplied
02-26 20:32:27.446 1878-1890/? D/DeviceIdleController: stepLightIdleStateLocked: mLightState=4
02-26 20:32:27.447 1878-1890/? D/DeviceIdleController: scheduleLightAlarmLocked(300000)
02-26 20:32:27.447 1878-2578/? D/NetworkStats: performPollLocked(flags=0x3)
02-26 20:32:27.447 1878-2578/? I/chatty: uid=1000(system) NetworkStats expire 11 lines
02-26 20:32:27.448 1878-1898/? E/BatteryStatsService: no controller energy info supplied
02-26 20:32:27.449 1878-1890/? D/DeviceIdleController: Moved from LIGHT_STATE_IDLE to LIGHT_STATE_IDLE_MAINTENANCE.
02-26 20:32:27.453 2812-3796/? D/QtiTetherService/IpaWrapper: getStats(false)
02-26 20:32:27.456 1878-2580/? I/chatty: uid=1000(system) NetworkPolicy expire 10 lines
02-26 20:32:27.465 1878-1890/? D/DeviceIdleController: handleMessage(4)
02-26 20:32:27.471 3158-3158/? I/DigitalAppWidgetProvider: onReceive: com.android.deskclock.ON_QUARTER_HOUR
02-26 20:32:27.474 3158-3158/? I/WidgetUtils: getScaleRatio minWidth == 0
02-26 20:32:27.485 1878-1890/? D/DeviceIdleController: handleMessage(7)
02-26 20:32:27.488 1878-1890/? D/DeviceIdleController: handleMessage(7)
02-26 20:32:29.622 873-998/? I/ThermalEngine: Monitor : quiet_therm = 24, msm_therm = 24, ufs_therm = -40, battery_therm = 194,current_now = 25000 
02-26 20:32:29.850 3623-24952/? D/FileSizeUtil: getAvailableStoragePercentValue totalBytes=56548761600,freeBytes=54670987264,availableStoragePercent=0.9667937142588106
02-26 20:32:29.851 3623-24952/? D/WidgetViewService: availableStorage has no change,availableStorage:97%
02-26 20:32:31.266 1878-1890/? D/DeviceIdleController: handleMessage(6)
02-26 20:32:31.267 1878-1890/? D/DeviceIdleController: checkTempAppWhitelistTimeout: uid=10009, timeNow=1578695167
02-26 20:32:31.267 1878-1890/? D/DeviceIdleController: Removing UID 10009 from temp whitelist
02-26 20:32:31.267 1878-1890/? D/DeviceIdleController: Setting wakelock temp whitelist to []
02-26 20:32:31.513 1878-3817/? I/ActivityManager: pid= 1878 st.name = system_server cpuPercent = 15 st.rel_utime =210 st.rel_stime =590
02-26 20:32:32.498 1878-1890/? D/DeviceIdleController: handleMessage(8)
02-26 20:32:32.498 1878-1890/? D/DeviceIdleController: Exit: start=+18d6h31m31s347ms now=+18d6h31m36s399ms
02-26 20:32:32.499 1878-1890/? D/DeviceIdleController: stepLightIdleStateLocked: mLightState=6
02-26 20:32:32.499 1878-1890/? D/DeviceIdleController: scheduleLightAlarmLocked(900000)
02-26 20:32:32.503 1878-1890/? D/DeviceIdleController: Moved to LIGHT_STATE_IDLE.
02-26 20:32:32.506 1878-1890/? D/DeviceIdleController: handleMessage(3)
02-26 20:32:32.508 1878-2800/? I/chatty: uid=1000(system) LocTime expire 10 lines
02-26 20:47:32.886 1878-2461/? V/AlarmManager: Triggering alarm #0: 3 when =1578723900 package=androidoperation =*alarm*:android.intent.action.TIME_TICK
02-26 20:47:32.886 1878-2461/? V/AlarmManager: Triggering alarm #1: 2 when =1579596399 package=androidoperation = null listenTag =DeviceIdleController.light
02-26 20:47:32.886 1878-2461/? V/AlarmManager: Triggering alarm #2: 1 when =1519649101000 package=com.oneplus.deskclockoperation =*alarm*:com.android.deskclock.ON_QUARTER_HOUR
02-26 20:47:32.891 1878-1890/? D/DeviceIdleController: stepLightIdleStateLocked: mLightState=4
02-26 20:47:32.892 1878-1890/? D/DeviceIdleController: scheduleLightAlarmLocked(300000)
02-26 20:47:32.894 3158-3158/? I/DigitalAppWidgetProvider: onReceive: com.android.deskclock.ON_QUARTER_HOUR
02-26 20:47:32.897 1878-1890/? D/DeviceIdleController: Moved from LIGHT_STATE_IDLE to LIGHT_STATE_IDLE_MAINTENANCE.
02-26 20:47:32.898 1878-1890/? D/DeviceIdleController: handleMessage(4)
02-26 20:47:32.898 1878-1898/? E/BatteryStatsService: no controller energy info supplied
02-26 20:47:32.900 3158-3158/? I/WidgetUtils: getScaleRatio minWidth == 0
02-26 20:47:32.910 1878-1890/? I/chatty: uid=1000(system) android.bg expire 11 lines
02-26 20:47:32.920 1878-1890/? D/DeviceIdleController: handleMessage(7)
02-26 20:47:32.921 1878-1890/? D/DeviceIdleController: handleMessage(7)
02-26 20:47:32.971 1878-1898/? E/BatteryStatsService: no controller energy info supplied
02-26 20:47:34.606 4808-4808/? I/LocationProvider: stopLocation
02-26 20:47:34.607 4808-4808/? D/LocationManager: removeUpdates listener=com.loc.bM@f91f2b0 packageName=  net.oneplus.odm
02-26 20:47:34.607 4808-4808/? D/LocationManager: removeUpdates listener=com.loc.bM@f91f2b0 packageName=  net.oneplus.odm
02-26 20:47:34.607 4808-4808/? D/LocationManager: removeUpdates listener=com.loc.bM@f91f2b0 packageName=  net.oneplus.odm
02-26 20:47:34.612 1878-2647/? W/ActivityManager: Unbind failed: could not find connection for android.os.BinderProxy@bb23d9e
02-26 20:47:34.769 4808-4833/? I/LocationProvider: stopLocation
02-26 20:47:37.948 1878-1890/? D/DeviceIdleController: handleMessage(8)
02-26 20:47:37.949 1878-1890/? D/DeviceIdleController: Exit: start=+18d6h46m36s792ms now=+18d6h46m41s849ms
02-26 20:47:37.949 1878-1890/? D/DeviceIdleController: stepLightIdleStateLocked: mLightState=6
02-26 20:47:37.949 1878-1890/? D/DeviceIdleController: scheduleLightAlarmLocked(900000)
02-26 20:47:37.951 1878-1890/? D/DeviceIdleController: Moved to LIGHT_STATE_IDLE.
02-26 20:47:37.952 1878-1890/? D/DeviceIdleController: handleMessage(3)
02-26 20:56:14.386 1878-2461/? V/AlarmManager: Triggering alarm #0: 3 when =1579623901 package=androidoperation =*alarm*:android.intent.action.TIME_TICK
02-26 20:56:14.398 1878-1898/? E/BatteryStatsService: no controller energy info supplied
02-26 21:01:17.089 736-736/? I/tftp_server: pid=736 tid=736 tftp-server : INF :[tftp_server.c, 524] rcvd request [1] [84] [1] [0] [14304]
02-26 21:01:17.108 1878-2461/? V/AlarmManager: Triggering alarm #0: 1 when =1519650001000 package=com.oneplus.deskclockoperation =*alarm*:com.android.deskclock.ON_QUARTER_HOUR
02-26 21:01:17.127 736-3840/? I/tftp_server: pid=736 tid=3840 tftp-server : INF :[tftp_server_utils.c, 113] file [readwrite/ota_firewall/ruleset] : [/system/rfs/msm/mpss/readwrite/ota_firewall/ruleset]
02-26 21:01:17.127 736-3840/? I/tftp_server: pid=736 tid=3840 tftp-server : INF :[tftp_server.c, 1044] OACK options : [7680, 200, 10, 4, 0, 0, 0, 0]
02-26 21:01:17.127 736-3840/? I/tftp_server: pid=736 tid=3840 tftp-server : INF :[tftp_os_la.c, 59] open : [-1] [-1] [384] [0] [/system/rfs/msm/mpss/readwrite/ota_firewall/ruleset]
02-26 21:01:17.127 736-3840/? E/tftp_server: pid=736 tid=3840 tftp-server : ERR :[tftp_os_la.c, 65] open failed: [2] [No such file or directory]
02-26 21:01:17.128 736-3840/? E/tftp_server: pid=736 tid=3840 tftp-server : ERR :[tftp_server.c, 1519] open failed : [-2] [Unknown error -2]
02-26 21:01:17.128 736-3840/? E/tftp_server: pid=736 tid=3840 tftp-server : ERR :[tftp_protocol.c, 1146] sending error-pkt. Code = 1, Msg = Err=2 String=No such file or directory
02-26 21:01:17.135 736-736/? I/tftp_server: pid=736 tid=736 tftp-server : INF :[tftp_server.c, 524] rcvd request [1] [84] [1] [0] [14305]
02-26 21:01:17.135 736-3841/? I/tftp_server: pid=736 tid=3841 tftp-server : INF :[tftp_server_utils.c, 113] file [readwrite/ota_firewall/ruleset] : [/system/rfs/msm/mpss/readwrite/ota_firewall/ruleset]
02-26 21:01:17.136 736-3841/? I/tftp_server: pid=736 tid=3841 tftp-server : INF :[tftp_server.c, 1044] OACK options : [7680, 200, 0, 10, 0, 0, 0, 0]
02-26 21:01:17.136 736-3841/? I/tftp_server: pid=736 tid=3841 tftp-server : INF :[tftp_os_la.c, 59] open : [-1] [-1] [384] [0] [/system/rfs/msm/mpss/readwrite/ota_firewall/ruleset]
02-26 21:01:17.136 736-3841/? E/tftp_server: pid=736 tid=3841 tftp-server : ERR :[tftp_os_la.c, 65] open failed: [2] [No such file or directory]
02-26 21:01:17.136 736-3841/? E/tftp_server: pid=736 tid=3841 tftp-server : ERR :[tftp_server.c, 1519] open failed : [-2] [Unknown error -2]
02-26 21:01:17.136 736-3841/? E/tftp_server: pid=736 tid=3841 tftp-server : ERR :[tftp_protocol.c, 1146] sending error-pkt. Code = 1, Msg = Err=2 String=No such file or directory
